Component: Arm Compiler for Embedded 6.24 Tool: armlink [5f371500]

==============================================================================

Small function inlining results

Inlined function __aeabi_idiv0 from idiv0.o at offset 0x160 in aeabi_sdiv.o(.text).
Inlined Instruction: BX       lr
Inlined function __aeabi_idiv0 from idiv0.o at offset 0xc in aeabi_sdiv_div0.o(.text).
Inlined Instruction: BX       lr
Inlined function __aeabi_idiv0 from idiv0.o at offset 0x176 in aeabi_sdiv_div0.o(.text).
Inlined Instruction: BX       lr
Inlined function __aeabi_idiv0 from idiv0.o at offset 0x18 in uidiv_div0.o(.text).
Inlined Instruction: BX       lr
Inlined function __aeabi_idiv0 from idiv0.o at offset 0x42 in idiv_div0.o(.text).
Inlined Instruction: BX       lr
Inlined total of 5 calls.

==============================================================================

Image Symbol Table

    Local Symbols

    Symbol Name                              Value     Ov Type        Size  Object(Section)

    ../clib/division.s                       0x00000000   Number         0  aeabi_sdiv.o ABSOLUTE
    ../clib/division.s                       0x00000000   Number         0  aeabi_sdiv_div0.o ABSOLUTE
    ../clib/longlong.c                       0x00000000   Number         0  llmul.o ABSOLUTE
    ../clib/microlib/ctype/ctype.c           0x00000000   Number         0  ctype_o.o ABSOLUTE
    ../clib/microlib/ctype/ctype.c           0x00000000   Number         0  isalnum_o.o ABSOLUTE
    ../clib/microlib/ctype/ctype.c           0x00000000   Number         0  isalpha_o.o ABSOLUTE
    ../clib/microlib/ctype/ctype.c           0x00000000   Number         0  isblank_o.o ABSOLUTE
    ../clib/microlib/ctype/ctype.c           0x00000000   Number         0  iscntrl_o.o ABSOLUTE
    ../clib/microlib/ctype/ctype.c           0x00000000   Number         0  isdigit_o.o ABSOLUTE
    ../clib/microlib/ctype/ctype.c           0x00000000   Number         0  isgraph_o.o ABSOLUTE
    ../clib/microlib/ctype/ctype.c           0x00000000   Number         0  islower_o.o ABSOLUTE
    ../clib/microlib/ctype/ctype.c           0x00000000   Number         0  isprint_o.o ABSOLUTE
    ../clib/microlib/ctype/ctype.c           0x00000000   Number         0  ispunct_o.o ABSOLUTE
    ../clib/microlib/ctype/ctype.c           0x00000000   Number         0  isspace_o.o ABSOLUTE
    ../clib/microlib/ctype/ctype.c           0x00000000   Number         0  isupper_o.o ABSOLUTE
    ../clib/microlib/ctype/ctype.c           0x00000000   Number         0  isxdigit_o.o ABSOLUTE
    ../clib/microlib/ctype/tolower.c         0x00000000   Number         0  tolower.o ABSOLUTE
    ../clib/microlib/division.c              0x00000000   Number         0  uldiv.o ABSOLUTE
    ../clib/microlib/division.c              0x00000000   Number         0  ldiv.o ABSOLUTE
    ../clib/microlib/division.c              0x00000000   Number         0  uidiv.o ABSOLUTE
    ../clib/microlib/division.c              0x00000000   Number         0  uidiv_div0.o ABSOLUTE
    ../clib/microlib/division.c              0x00000000   Number         0  idiv_div0.o ABSOLUTE
    ../clib/microlib/division.c              0x00000000   Number         0  idiv0.o ABSOLUTE
    ../clib/microlib/errno.c                 0x00000000   Number         0  errno.o ABSOLUTE
    ../clib/microlib/init/entry.s            0x00000000   Number         0  entry.o ABSOLUTE
    ../clib/microlib/init/entry.s            0x00000000   Number         0  entry2.o ABSOLUTE
    ../clib/microlib/init/entry.s            0x00000000   Number         0  entry5.o ABSOLUTE
    ../clib/microlib/init/entry.s            0x00000000   Number         0  entry7a.o ABSOLUTE
    ../clib/microlib/init/entry.s            0x00000000   Number         0  entry7b.o ABSOLUTE
    ../clib/microlib/init/entry.s            0x00000000   Number         0  entry8a.o ABSOLUTE
    ../clib/microlib/init/entry.s            0x00000000   Number         0  entry8b.o ABSOLUTE
    ../clib/microlib/init/entry.s            0x00000000   Number         0  entry9a.o ABSOLUTE
    ../clib/microlib/init/entry.s            0x00000000   Number         0  entry9b.o ABSOLUTE
    ../clib/microlib/init/entry.s            0x00000000   Number         0  entry10a.o ABSOLUTE
    ../clib/microlib/init/entry.s            0x00000000   Number         0  entry10b.o ABSOLUTE
    ../clib/microlib/init/entry.s            0x00000000   Number         0  entry11a.o ABSOLUTE
    ../clib/microlib/init/entry.s            0x00000000   Number         0  entry11b.o ABSOLUTE
    ../clib/microlib/longlong.c              0x00000000   Number         0  llshl.o ABSOLUTE
    ../clib/microlib/longlong.c              0x00000000   Number         0  llushr.o ABSOLUTE
    ../clib/microlib/longlong.c              0x00000000   Number         0  llsshr.o ABSOLUTE
    ../clib/microlib/printf/printf.c         0x00000000   Number         0  printfa.o ABSOLUTE
[...]
    __arm_cp.15_1                            0x000089ac   Number         4  read_cpu.o(.text.write_oe_relay_state)
    __arm_cp.15_2                            0x000089b0   Number         4  read_cpu.o(.text.write_oe_relay_state)
    i.__0printf                              0x000089b4   Section        0  printfa.o(i.__0printf)
    i.__0sprintf                             0x000089d4   Section        0  printfa.o(i.__0sprintf)
    i.__ARM_clz                              0x000089fc   Section        0  depilogue.o(i.__ARM_clz)
    i.__aeabi_errno_addr                     0x00008a2c   Section        0  errno.o(i.__aeabi_errno_addr)
    i.__scatterload_copy                     0x00008a34   Section       14  handlers.o(i.__scatterload_copy)
    i.__scatterload_null                     0x00008a42   Section        2  handlers.o(i.__scatterload_null)
    i.__scatterload_zeroinit                 0x00008a44   Section       14  handlers.o(i.__scatterload_zeroinit)
    _fp_digits                               0x00008a55   Thumb Code   344  printfa.o(i._fp_digits)
    i._fp_digits                             0x00008a54   Section        0  printfa.o(i._fp_digits)
    _printf_core                             0x00008bc9   Thumb Code  1754  printfa.o(i._printf_core)
    i._printf_core                           0x00008bc8   Section        0  printfa.o(i._printf_core)
    _printf_post_padding                     0x000092b5   Thumb Code    32  printfa.o(i._printf_post_padding)
    i._printf_post_padding                   0x000092b4   Section        0  printfa.o(i._printf_post_padding)
    _printf_pre_padding                      0x000092d5   Thumb Code    44  printfa.o(i._printf_pre_padding)
    i._printf_pre_padding                    0x000092d4   Section        0  printfa.o(i._printf_pre_padding)
    _sputc                                   0x00009301   Thumb Code    10  printfa.o(i._sputc)
    i._sputc                                 0x00009300   Section        0  printfa.o(i._sputc)
    .constdata                               0x0000930a   Section      129  ctype_o.o(.constdata)
    table                                    0x0000938c   Data           4  ctype_o.o(.constdata)
    .constdata                               0x0000938c   Section        4  ctype_o.o(.constdata)
    [Anonymous Symbol]                       0x00009afc   Section        0  clk.o(.rodata.cst32)
    [Anonymous Symbol]                       0x00009b1c   Section        0  timer.o(.rodata.cst32)
    [Anonymous Symbol]                       0x00009b3c   Section        0  retarget.o(.rodata.str1.1)
    [Anonymous Symbol]                       0x00009bab   Section        0  main.o(.rodata.str1.1)
    [Anonymous Symbol]                       0x00009bc6   Section        0  app.o(.rodata.str1.1)
    [Anonymous Symbol]                       0x00009d76   Section        0  cmds.o(.rodata.str1.1)
    [Anonymous Symbol]                       0x0000a432   Section        0  cli.o(.rodata.str1.1)
    [Anonymous Symbol]                       0x0000a4a8   Section        0  uart_pkts.o(.rodata.str1.1)
    [Anonymous Symbol]                       0x0000a4e9   Section        0  event_log.o(.rodata.str1.1)
    [Anonymous Symbol]                       0x0000a5c9   Section        0  read_cpu.o(.rodata.str1.1)
    _errno                                   0x20000000   Data           4  errno.o(.data)
    .data                                    0x20000000   Section        4  errno.o(.data)
    b_inReset                                0x2000001c   Data           1  app.o(.data.b_inReset)
    [Anonymous Symbol]                       0x2000001c   Section        0  app.o(.data.b_inReset)
    check_faults.state_fault                 0x20000027   Data           1  app.o(.data.check_faults.state_fault)
    [Anonymous Symbol]                       0x20000027   Section        0  app.o(.data.check_faults.state_fault)
    check_if_reset_initiated.state_reset_seq 0x20000028   Data           1  app.o(.data.check_if_reset_initiated.state_reset_seq)
    [Anonymous Symbol]                       0x20000028   Section        0  app.o(.data.check_if_reset_initiated.state_reset_seq)
    checksum_print_flag                      0x20000029   Data           1  app.o(.data.checksum_print_flag)
    [Anonymous Symbol]                       0x20000029   Section        0  app.o(.data.checksum_print_flag)
    cliUART.first                            0x2000002a   Data           1  cli.o(.data.cliUART.first)
    [Anonymous Symbol]                       0x2000002a   Section        0  cli.o(.data.cliUART.first)
    cliUART.lastchar                         0x2000002b   Data           1  cli.o(.data.cliUART.lastchar)
    [Anonymous Symbol]                       0x2000002b   Section        0  cli.o(.data.cliUART.lastchar)
    daysofmonth                              0x20000735   Data          12  utils.o(.data.daysofmonth)
    [Anonymous Symbol]                       0x20000735   Section        0  utils.o(.data.daysofmonth)
    LINE_COM_read_packet.cksum               0x2000074a   Data           4  uart_pkts.o(.bss.LINE_COM_read_packet.cksum)
    [Anonymous Symbol]                       0x2000074a   Section        0  uart_pkts.o(.bss.LINE_COM_read_packet.cksum)
    LINE_COM_read_packet.indx                0x2000074e   Data           4  uart_pkts.o(.bss.LINE_COM_read_packet.indx)
    [Anonymous Symbol]                       0x2000074e   Section        0  uart_pkts.o(.bss.LINE_COM_read_packet.indx)
    LINE_COM_read_packet.sof_rcvd            0x20000752   Data           2  uart_pkts.o(.bss.LINE_COM_read_packet.sof_rcvd)
    [Anonymous Symbol]                       0x20000752   Section        0  uart_pkts.o(.bss.LINE_COM_read_packet.sof_rcvd)
    SH1106                                   0x20000754   Data           6  sh1106.o(.bss.SH1106)
    [Anonymous Symbol]                       0x20000754   Section        0  sh1106.o(.bss.SH1106)
    buf_rx_cli                               0x20000c00   Data         100  bsp.o(.bss.buf_rx_cli)
    [Anonymous Symbol]                       0x20000c00   Section        0  bsp.o(.bss.buf_rx_cli)
    buf_rx_com0                              0x20000c64   Data         100  bsp.o(.bss.buf_rx_com0)
    [Anonymous Symbol]                       0x20000c64   Section        0  bsp.o(.bss.buf_rx_com0)
    buf_rx_com1                              0x20000cc8   Data         100  bsp.o(.bss.buf_rx_com1)
    [Anonymous Symbol]                       0x20000cc8   Section        0  bsp.o(.bss.buf_rx_com1)
    buf_rx_cpux                              0x20000d2c   Data         100  bsp.o(.bss.buf_rx_cpux)
    [Anonymous Symbol]                       0x20000d2c   Section        0  bsp.o(.bss.buf_rx_cpux)
    buf_rx_el                                0x20000d90   Data         100  bsp.o(.bss.buf_rx_el)
    [Anonymous Symbol]                       0x20000d90   Section        0  bsp.o(.bss.buf_rx_el)
    buf_rx_fpga                              0x20000df4   Data         100  bsp.o(.bss.buf_rx_fpga)
    [Anonymous Symbol]                       0x20000df4   Section        0  bsp.o(.bss.buf_rx_fpga)
    buf_rx_gps                               0x20000e58   Data         100  bsp.o(.bss.buf_rx_gps)
    [Anonymous Symbol]                       0x20000e58   Section        0  bsp.o(.bss.buf_rx_gps)
    buf_tx_cli                               0x20000f20   Data         100  bsp.o(.bss.buf_tx_cli)
    [Anonymous Symbol]                       0x20000f20   Section        0  bsp.o(.bss.buf_tx_cli)
    buf_tx_com0                              0x20000f84   Data         100  bsp.o(.bss.buf_tx_com0)
    [Anonymous Symbol]                       0x20000f84   Section        0  bsp.o(.bss.buf_tx_com0)
    buf_tx_com1                              0x20000fe8   Data         100  bsp.o(.bss.buf_tx_com1)
    [Anonymous Symbol]                       0x20000fe8   Section        0  bsp.o(.bss.buf_tx_com1)
    buf_tx_cpux                              0x2000104c   Data         100  bsp.o(.bss.buf_tx_cpux)
    [Anonymous Symbol]                       0x2000104c   Section        0  bsp.o(.bss.buf_tx_cpux)
    buf_tx_el                                0x200010b0   Data         100  bsp.o(.bss.buf_tx_el)
    [Anonymous Symbol]                       0x200010b0   Section        0  bsp.o(.bss.buf_tx_el)
    buf_tx_fpga                              0x20001114   Data         100  bsp.o(.bss.buf_tx_fpga)
    [Anonymous Symbol]                       0x20001114   Section        0  bsp.o(.bss.buf_tx_fpga)
    buf_tx_gps                               0x20001178   Data         100  bsp.o(.bss.buf_tx_gps)
    [Anonymous Symbol]                       0x20001178   Section        0  bsp.o(.bss.buf_tx_gps)
    check_faults.am_i_ready                  0x20001228   Data           1  app.o(.bss.check_faults.am_i_ready)
    [Anonymous Symbol]                       0x20001228   Section        0  app.o(.bss.check_faults.am_i_ready)
    check_faults.interlock_mode_pwrup        0x20001229   Data           1  app.o(.bss.check_faults.interlock_mode_pwrup)
    [Anonymous Symbol]                       0x20001229   Section        0  app.o(.bss.check_faults.interlock_mode_pwrup)
    check_faults.local_addr_pwrup            0x2000122a   Data           1  app.o(.bss.check_faults.local_addr_pwrup)
    [Anonymous Symbol]                       0x2000122a   Section        0  app.o(.bss.check_faults.local_addr_pwrup)
    check_faults.remote_addr_pwrup           0x2000122b   Data           1  app.o(.bss.check_faults.remote_addr_pwrup)
    [Anonymous Symbol]                       0x2000122b   Section        0  app.o(.bss.check_faults.remote_addr_pwrup)
    cliUART.k_local                          0x2000122c   Data           1  cli.o(.bss.cliUART.k_local)
    [Anonymous Symbol]                       0x2000122c   Section        0  cli.o(.bss.cliUART.k_local)
    cpu_read_write.ch                        0x20001285   Data           1  app.o(.bss.cpu_read_write.ch)
    [Anonymous Symbol]                       0x20001285   Section        0  app.o(.bss.cpu_read_write.ch)
    cpu_read_write.en_cpu_resp_chk           0x20001286   Data           1  app.o(.bss.cpu_read_write.en_cpu_resp_chk)
    [Anonymous Symbol]                       0x20001286   Section        0  app.o(.bss.cpu_read_write.en_cpu_resp_chk)
    cpu_read_write.state                     0x20001287   Data           1  app.o(.bss.cpu_read_write.state)
    [Anonymous Symbol]                       0x20001287   Section        0  app.o(.bss.cpu_read_write.state)
    fault_debug                              0x20001294   Data           1  app.o(.bss.fault_debug)
    [Anonymous Symbol]                       0x20001294   Section        0  app.o(.bss.fault_debug)
    fifo_rx_cli                              0x20001298   Data          20  bsp.o(.bss.fifo_rx_cli)
    [Anonymous Symbol]                       0x20001298   Section        0  bsp.o(.bss.fifo_rx_cli)
    fifo_rx_com0                             0x200012ac   Data          20  bsp.o(.bss.fifo_rx_com0)
    [Anonymous Symbol]                       0x200012ac   Section        0  bsp.o(.bss.fifo_rx_com0)
    fifo_rx_com1                             0x200012c0   Data          20  bsp.o(.bss.fifo_rx_com1)
    [Anonymous Symbol]                       0x200012c0   Section        0  bsp.o(.bss.fifo_rx_com1)
    fifo_rx_el                               0x200012e8   Data          20  bsp.o(.bss.fifo_rx_el)
    [Anonymous Symbol]                       0x200012e8   Section        0  bsp.o(.bss.fifo_rx_el)
    fifo_rx_gps                              0x20001310   Data          20  bsp.o(.bss.fifo_rx_gps)
    [Anonymous Symbol]                       0x20001310   Section        0  bsp.o(.bss.fifo_rx_gps)
    fifo_tx_cli                              0x20001324   Data          20  bsp.o(.bss.fifo_tx_cli)
    [Anonymous Symbol]                       0x20001324   Section        0  bsp.o(.bss.fifo_tx_cli)
    fifo_tx_com0                             0x20001338   Data          20  bsp.o(.bss.fifo_tx_com0)
    [Anonymous Symbol]                       0x20001338   Section        0  bsp.o(.bss.fifo_tx_com0)
    fifo_tx_com1                             0x2000134c   Data          20  bsp.o(.bss.fifo_tx_com1)
    [Anonymous Symbol]                       0x2000134c   Section        0  bsp.o(.bss.fifo_tx_com1)
    fifo_tx_el                               0x20001374   Data          20  bsp.o(.bss.fifo_tx_el)
    [Anonymous Symbol]                       0x20001374   Section        0  bsp.o(.bss.fifo_tx_el)
    fifo_tx_gps                              0x2000139c   Data          20  bsp.o(.bss.fifo_tx_gps)
    [Anonymous Symbol]                       0x2000139c   Section        0  bsp.o(.bss.fifo_tx_gps)
    fpga_read_write.en_fpga_resp_chk         0x200013b0   Data           1  app.o(.bss.fpga_read_write.en_fpga_resp_chk)
    [Anonymous Symbol]                       0x200013b0   Section        0  app.o(.bss.fpga_read_write.en_fpga_resp_chk)
    fpga_read_write.state                    0x200013b1   Data           1  app.o(.bss.fpga_read_write.state)
    [Anonymous Symbol]                       0x200013b1   Section        0  app.o(.bss.fpga_read_write.state)
    g_u32WakeupCounts                        0x200013d4   Data           4  watchdog.o(.bss.g_u32WakeupCounts)
    [Anonymous Symbol]                       0x200013d4   Section        0  watchdog.o(.bss.g_u32WakeupCounts)
    g_u8IsINTEvent                           0x200013d8   Data           1  watchdog.o(.bss.g_u8IsINTEvent)
    [Anonymous Symbol]                       0x200013d8   Section        0  watchdog.o(.bss.g_u8IsINTEvent)
    is_enabled_check_faults                  0x20001401   Data           1  app.o(.bss.is_enabled_check_faults)
    [Anonymous Symbol]                       0x20001401   Section        0  app.o(.bss.is_enabled_check_faults)
    my_strtok.s                              0x20001404   Data           4  cli.o(.bss.my_strtok.s)
    [Anonymous Symbol]                       0x20001404   Section        0  cli.o(.bss.my_strtok.s)
    poll_gps.k                               0x20002fc7   Data           1  app.o(.bss.poll_gps.k)
    [Anonymous Symbol]                       0x20002fc7   Section        0  app.o(.bss.poll_gps.k)
    rcv_com_pkt.p_com                        0x20002fc8   Data           1  app.o(.bss.rcv_com_pkt.p_com)
    [Anonymous Symbol]                       0x20002fc8   Section        0  app.o(.bss.rcv_com_pkt.p_com)
    rcv_com_pkt.s_com                        0x20002fc9   Data           1  app.o(.bss.rcv_com_pkt.s_com)
    [Anonymous Symbol]                       0x20002fc9   Section        0  app.o(.bss.rcv_com_pkt.s_com)
    respbuf_cpu                              0x20002fcb   Data          10  read_cpu.o(.bss.respbuf_cpu)
    [Anonymous Symbol]                       0x20002fcb   Section        0  read_cpu.o(.bss.respbuf_cpu)
    respbuf_fpga                             0x20002fd5   Data          10  read_cpu.o(.bss.respbuf_fpga)
    [Anonymous Symbol]                       0x20002fd5   Section        0  read_cpu.o(.bss.respbuf_fpga)
    spi_com_cpu_sm.state                     0x20003008   Data           1  read_cpu.o(.bss.spi_com_cpu_sm.state)
    [Anonymous Symbol]                       0x20003008   Section        0  read_cpu.o(.bss.spi_com_cpu_sm.state)
    spi_com_fpga_sm.state                    0x20003030   Data           1  read_cpu.o(.bss.spi_com_fpga_sm.state)
    [Anonymous Symbol]                       0x20003030   Section        0  read_cpu.o(.bss.spi_com_fpga_sm.state)
    STACK                                    0x200031c0   Section     2048  startup_m261.o(STACK)

    Global Symbols

    Symbol Name                              Value     Ov Type        Size  Object(Section)

    BuildAttributes$$THM_ISAv3M$S$8M$PE$A:L22$X:L11$S22$IEEE1$IW$~IW$USESV6$~STKCKD$USESV7$WCHAR32$ENUMINT$~SHL$OSPACE$ROPI$EBA8$MICROLIB$REQ8$PRES8$EABIv2 0x00000000   Number         0  anon$$obj.o ABSOLUTE
    __Vectors                                0x00000000   Data           4  startup_m261.o(RESET)
    __cpp_initialize__aeabi_                  - Undefined Weak Reference
    __cxa_finalize                            - Undefined Weak Reference
    __decompress                              - Undefined Weak Reference
    _clock_init                               - Undefined Weak Reference
    _microlib_exit                            - Undefined Weak Reference
    __Vectors_End                            0x000001d8   Data           0  startup_m261.o(RESET)
    __Vectors_Size                           0x000001d8   Number         0  startup_m261.o ABSOLUTE
    __main                                   0x000001d9   Thumb Code     0  entry.o(.ARM.Collect$$$$00000000)
    _main_stk                                0x000001d9   Thumb Code     0  entry2.o(.ARM.Collect$$$$00000001)
    _main_scatterload                        0x000001dd   Thumb Code     0  entry5.o(.ARM.Collect$$$$00000004)
    __main_after_scatterload                 0x000001e1   Thumb Code     0  entry5.o(.ARM.Collect$$$$00000004)
    _main_clock                              0x000001e1   Thumb Code     0  entry7b.o(.ARM.Collect$$$$00000008)
    _main_cpp_init                           0x000001e1   Thumb Code     0  entry8b.o(.ARM.Collect$$$$0000000A)
    _main_init                               0x000001e1   Thumb Code     0  entry9a.o(.ARM.Collect$$$$0000000B)
    __rt_final_cpp                           0x000001e9   Thumb Code     0  entry10a.o(.ARM.Collect$$$$0000000D)
    __rt_final_exit                          0x000001e9   Thumb Code     0  entry11a.o(.ARM.Collect$$$$0000000F)
    Reset_Handler                            0x000001ed   Thumb Code     8  startup_m261.o(.text)
    NMI_Handler                              0x000001f5   Thumb Code     2  startup_m261.o(.text)
    HardFault_Handler                        0x000001f7   Thumb Code    16  startup_m261.o(.text)
    SVC_Handler                              0x00000207   Thumb Code     2  startup_m261.o(.text)
    PendSV_Handler                           0x00000209   Thumb Code     2  startup_m261.o(.text)
    SysTick_Handler                          0x0000020b   Thumb Code     2  startup_m261.o(.text)
    ACMP01_IRQHandler                        0x0000020d   Thumb Code     0  startup_m261.o(.text)
    BOD_IRQHandler                           0x0000020d   Thumb Code     0  startup_m261.o(.text)
    BPWM0_IRQHandler                         0x0000020d   Thumb Code     0  startup_m261.o(.text)
    BPWM1_IRQHandler                         0x0000020d   Thumb Code     0  startup_m261.o(.text)
    BRAKE0_IRQHandler                        0x0000020d   Thumb Code     0  startup_m261.o(.text)
    BRAKE1_IRQHandler                        0x0000020d   Thumb Code     0  startup_m261.o(.text)
    CAN0_IRQHandler                          0x0000020d   Thumb Code     0  startup_m261.o(.text)
    CAN1_IRQHandler                          0x0000020d   Thumb Code     0  startup_m261.o(.text)
    CLKFAIL_IRQHandler                       0x0000020d   Thumb Code     0  startup_m261.o(.text)
    CRPT_IRQHandler                          0x0000020d   Thumb Code     0  startup_m261.o(.text)
    DAC_IRQHandler                           0x0000020d   Thumb Code     0  startup_m261.o(.text)
    DEFAULT_IRQHandler                       0x0000020d   Thumb Code     0  startup_m261.o(.text)
    EADC0_IRQHandler                         0x0000020d   Thumb Code     0  startup_m261.o(.text)
    EADC1_IRQHandler                         0x0000020d   Thumb Code     0  startup_m261.o(.text)
    EADC2_IRQHandler                         0x0000020d   Thumb Code     0  startup_m261.o(.text)
    EADC3_IRQHandler                         0x0000020d   Thumb Code     0  startup_m261.o(.text)
    ECAP0_IRQHandler                         0x0000020d   Thumb Code     0  startup_m261.o(.text)
    ECAP1_IRQHandler                         0x0000020d   Thumb Code     0  startup_m261.o(.text)
    EINT0_IRQHandler                         0x0000020d   Thumb Code     0  startup_m261.o(.text)
    EINT1_IRQHandler                         0x0000020d   Thumb Code     0  startup_m261.o(.text)
    EINT2_IRQHandler                         0x0000020d   Thumb Code     0  startup_m261.o(.text)
    EINT3_IRQHandler                         0x0000020d   Thumb Code     0  startup_m261.o(.text)
    EINT4_IRQHandler                         0x0000020d   Thumb Code     0  startup_m261.o(.text)
    EINT5_IRQHandler                         0x0000020d   Thumb Code     0  startup_m261.o(.text)
    EINT6_IRQHandler                         0x0000020d   Thumb Code     0  startup_m261.o(.text)
    EINT7_IRQHandler                         0x0000020d   Thumb Code     0  startup_m261.o(.text)
    EPWM0_P0_IRQHandler                      0x0000020d   Thumb Code     0  startup_m261.o(.text)
    EPWM0_P1_IRQHandler                      0x0000020d   Thumb Code     0  startup_m261.o(.text)
    EPWM0_P2_IRQHandler                      0x0000020d   Thumb Code     0  startup_m261.o(.text)
    EPWM1_P0_IRQHandler                      0x0000020d   Thumb Code     0  startup_m261.o(.text)
    EPWM1_P1_IRQHandler                      0x0000020d   Thumb Code     0  startup_m261.o(.text)
    EPWM1_P2_IRQHandler                      0x0000020d   Thumb Code     0  startup_m261.o(.text)
    GPA_IRQHandler                           0x0000020d   Thumb Code     0  startup_m261.o(.text)
    GPB_IRQHandler                           0x0000020d   Thumb Code     0  startup_m261.o(.text)
    GPC_IRQHandler                           0x0000020d   Thumb Code     0  startup_m261.o(.text)
    GPD_IRQHandler                           0x0000020d   Thumb Code     0  startup_m261.o(.text)
    GPE_IRQHandler                           0x0000020d   Thumb Code     0  startup_m261.o(.text)
    GPF_IRQHandler                           0x0000020d   Thumb Code     0  startup_m261.o(.text)
    GPG_IRQHandler                           0x0000020d   Thumb Code     0  startup_m261.o(.text)
    GPH_IRQHandler                           0x0000020d   Thumb Code     0  startup_m261.o(.text)
    I2C1_IRQHandler                          0x0000020d   Thumb Code     0  startup_m261.o(.text)
    I2C2_IRQHandler                          0x0000020d   Thumb Code     0  startup_m261.o(.text)
    I2S0_IRQHandler                          0x0000020d   Thumb Code     0  startup_m261.o(.text)
    IRC_IRQHandler                           0x0000020d   Thumb Code     0  startup_m261.o(.text)
    OPA0_IRQHandler                          0x0000020d   Thumb Code     0  startup_m261.o(.text)
    PDMA0_IRQHandler                         0x0000020d   Thumb Code     0  startup_m261.o(.text)
    PDMA1_IRQHandler                         0x0000020d   Thumb Code     0  startup_m261.o(.text)
    PWRWU_IRQHandler                         0x0000020d   Thumb Code     0  startup_m261.o(.text)
    QEI0_IRQHandler                          0x0000020d   Thumb Code     0  startup_m261.o(.text)
    QEI1_IRQHandler                          0x0000020d   Thumb Code     0  startup_m261.o(.text)
    QSPI0_IRQHandler                         0x0000020d   Thumb Code     0  startup_m261.o(.text)
    RTC_IRQHandler                           0x0000020d   Thumb Code     0  startup_m261.o(.text)
    SC0_IRQHandler                           0x0000020d   Thumb Code     0  startup_m261.o(.text)
    SC1_IRQHandler                           0x0000020d   Thumb Code     0  startup_m261.o(.text)
    SC2_IRQHandler                           0x0000020d   Thumb Code     0  startup_m261.o(.text)
    SC3_IRQHandler                           0x0000020d   Thumb Code     0  startup_m261.o(.text)
    SCU_IRQHandler                           0x0000020d   Thumb Code     0  startup_m261.o(.text)
    SDH0_IRQHandler                          0x0000020d   Thumb Code     0  startup_m261.o(.text)
    SDH1_IRQHandler                          0x0000020d   Thumb Code     0  startup_m261.o(.text)
    SPI0_IRQHandler                          0x0000020d   Thumb Code     0  startup_m261.o(.text)
    SPI1_IRQHandler                          0x0000020d   Thumb Code     0  startup_m261.o(.text)
    SPI2_IRQHandler                          0x0000020d   Thumb Code     0  startup_m261.o(.text)
    SPI3_IRQHandler                          0x0000020d   Thumb Code     0  startup_m261.o(.text)
    SRAM_IRQHandler                          0x0000020d   Thumb Code     0  startup_m261.o(.text)
    TAMPER_IRQHandler                        0x0000020d   Thumb Code     0  startup_m261.o(.text)
    TMR0_IRQHandler                          0x0000020d   Thumb Code     0  startup_m261.o(.text)
    TMR1_IRQHandler                          0x0000020d   Thumb Code     0  startup_m261.o(.text)
    TMR2_IRQHandler                          0x0000020d   Thumb Code     0  startup_m261.o(.text)
    TRNG_IRQHandler                          0x0000020d   Thumb Code     0  startup_m261.o(.text)
    UART0_IRQHandler                         0x0000020d   Thumb Code     0  startup_m261.o(.text)
    UART1_IRQHandler                         0x0000020d   Thumb Code     0  startup_m261.o(.text)
    UART2_IRQHandler                         0x0000020d   Thumb Code     0  startup_m261.o(.text)
    UART3_IRQHandler                         0x0000020d   Thumb Code     0  startup_m261.o(.text)
    UART4_IRQHandler                         0x0000020d   Thumb Code     0  startup_m261.o(.text)
    UART5_IRQHandler                         0x0000020d   Thumb Code     0  startup_m261.o(.text)
    USBD_IRQHandler                          0x0000020d   Thumb Code     0  startup_m261.o(.text)
    USBH_IRQHandler                          0x0000020d   Thumb Code     0  startup_m261.o(.text)
    USBOTG_IRQHandler                        0x0000020d   Thumb Code     0  startup_m261.o(.text)
    USCI0_IRQHandler                         0x0000020d   Thumb Code     0  startup_m261.o(.text)
    USCI1_IRQHandler                         0x0000020d   Thumb Code     0  startup_m261.o(.text)
    WWDT_IRQHandler                          0x0000020d   Thumb Code     0  startup_m261.o(.text)
    SH_DoCommand                             0x00000211   Thumb Code    10  startup_m261.o(.text)
    __PC                                     0x0000021b   Thumb Code     6  startup_m261.o(.text)
    __aeabi_uldivmod                         0x00000231   Thumb Code    96  uldiv.o(.text)
    tolower                                  0x00000291   Thumb Code    12  tolower.o(.text)
    __aeabi_memset                           0x0000029d   Thumb Code    14  memseta.o(.text)
    __aeabi_memset4                          0x0000029d   Thumb Code     0  memseta.o(.text)
    __aeabi_memset8                          0x0000029d   Thumb Code     0  memseta.o(.text)
    __aeabi_memclr                           0x000002ab   Thumb Code     4  memseta.o(.text)
    __aeabi_memclr4                          0x000002ab   Thumb Code     0  memseta.o(.text)
    __aeabi_memclr8                          0x000002ab   Thumb Code     0  memseta.o(.text)
    _memset$wrapper                          0x000002af   Thumb Code    18  memseta.o(.text)
    strlen                                   0x000002c1   Thumb Code    14  strlen.o(.text)
    strcmp                                   0x000002cf   Thumb Code    28  strcmp.o(.text)
    strcpy                                   0x000002eb   Thumb Code    18  strcpy.o(.text)
    atoi                                     0x000002fd   Thumb Code    26  atoi.o(.text)
    __aeabi_llsl                             0x00000317   Thumb Code    32  llshl.o(.text)
    _ll_shift_l                              0x00000317   Thumb Code     0  llshl.o(.text)
    __aeabi_llsr                             0x00000337   Thumb Code    34  llushr.o(.text)
    _ll_ushift_r                             0x00000337   Thumb Code     0  llushr.o(.text)
    strtol                                   0x00000359   Thumb Code   108  strtol.o(.text)
    __I$use$fp                               0x000003c9   Thumb Code     0  iusefp.o(.text)
    __aeabi_dadd                             0x000003c9   Thumb Code   328  dadd.o(.text)
    __aeabi_dsub                             0x00000511   Thumb Code    12  dadd.o(.text)
    __aeabi_drsub                            0x0000051d   Thumb Code    12  dadd.o(.text)
    __aeabi_dmul                             0x0000052d   Thumb Code   202  dmul.o(.text)
    __aeabi_ddiv                             0x000005fd   Thumb Code   234  ddiv.o(.text)
    __aeabi_d2ulz                            0x000006ed   Thumb Code    54  dfixul.o(.text)
    __aeabi_cdrcmple                         0x0000072d   Thumb Code    38  cdrcmple.o(.text)
    __scatterload                            0x00000755   Thumb Code    38  init.o(.text)
    __scatterload_rt2                        0x00000755   Thumb Code     0  init.o(.text)
    __aeabi_uidiv$div0                       0x00000785   Thumb Code     0  uidiv_div0.o(.text)
    __aeabi_uidivmod                         0x00000785   Thumb Code    62  uidiv_div0.o(.text)
    __aeabi_lasr                             0x000007c3   Thumb Code    38  llsshr.o(.text)
    _ll_sshift_r                             0x000007c3   Thumb Code     0  llsshr.o(.text)
    __rt_ctype_table                         0x000007e9   Thumb Code     4  ctype_o.o(.text)
    _strtoul                                 0x000007f1   Thumb Code   166  _strtoul.o(.text)
    _double_round                            0x00000897   Thumb Code    26  depilogue.o(.text)
    _double_epilogue                         0x000008b1   Thumb Code   164  depilogue.o(.text)
    _chval                                   0x00000955   Thumb Code    30  _chval.o(.text)
    CLK_EnableModuleClock                    0x00000975   Thumb Code    52  clk.o(.text.CLK_EnableModuleClock)
    CLK_EnableXtalRC                         0x000009ad   Thumb Code    20  clk.o(.text.CLK_EnableXtalRC)
    CLK_GetCPUFreq                           0x000009c5   Thumb Code   328  clk.o(.text.CLK_GetCPUFreq)
    CLK_GetHCLKFreq                          0x00000b29   Thumb Code    12  clk.o(.text.CLK_GetHCLKFreq)
    CLK_GetModuleClockDivider                0x00000b35   Thumb Code    84  clk.o(.text.CLK_GetModuleClockDivider)
    CLK_GetModuleClockSource                 0x00000b89   Thumb Code   188  clk.o(.text.CLK_GetModuleClockSource)
    CLK_GetPCLK0Freq                         0x00000c59   Thumb Code    24  clk.o(.text.CLK_GetPCLK0Freq)
    CLK_GetPCLK1Freq                         0x00000c71   Thumb Code    24  clk.o(.text.CLK_GetPCLK1Freq)
    CLK_GetPLLClockFreq                      0x00000c8d   Thumb Code   148  clk.o(.text.CLK_GetPLLClockFreq)
    CLK_SetHCLK                              0x00000d31   Thumb Code   136  clk.o(.text.CLK_SetHCLK)
    CLK_SetModuleClock                       0x00000dc5   Thumb Code   156  clk.o(.text.CLK_SetModuleClock)
    CLK_WaitClockReady                       0x00000e69   Thumb Code    56  clk.o(.text.CLK_WaitClockReady)
    FMC_Close                                0x00000ea9   Thumb Code    12  fmc.o(.text.FMC_Close)
    FMC_GetChkSum                            0x00000eb5   Thumb Code   204  fmc.o(.text.FMC_GetChkSum)
    FMC_Open                                 0x00000f9d   Thumb Code    12  fmc.o(.text.FMC_Open)
    GPIO_SetMode                             0x00000fad   Thumb Code    74  gpio.o(.text.GPIO_SetMode)
    I2C0_IRQHandler                          0x00000ff9   Thumb Code    68  bsp.o(.text.I2C0_IRQHandler)
    I2C_ClearTimeoutFlag                     0x00001051   Thumb Code    18  i2c.o(.text.I2C_ClearTimeoutFlag)
    I2C_EnableInt                            0x00001063   Thumb Code    18  i2c.o(.text.I2C_EnableInt)
    I2C_EnableTimeout                        0x00001075   Thumb Code    52  i2c.o(.text.I2C_EnableTimeout)
    I2C_Open                                 0x000010a9   Thumb Code    92  i2c.o(.text.I2C_Open)
    LINE_COM_read_packet                     0x00001109   Thumb Code   760  uart_pkts.o(.text.LINE_COM_read_packet)
    LINE_COM_write_packet                    0x00001421   Thumb Code   452  uart_pkts.o(.text.LINE_COM_write_packet)
    ProcessHardFault                         0x00001611   Thumb Code   156  retarget.o(.text.ProcessHardFault)
    SH1106_Clear                             0x000016d1   Thumb Code    14  sh1106.o(.text.SH1106_Clear)
    SH1106_DrawPixel                         0x000016e1   Thumb Code   136  sh1106.o(.text.SH1106_DrawPixel)
    SH1106_Fill                              0x00001769   Thumb Code    44  sh1106.o(.text.SH1106_Fill)
    SH1106_GotoXY                            0x00001799   Thumb Code    24  sh1106.o(.text.SH1106_GotoXY)
    SH1106_I2C_Write                         0x000017b1   Thumb Code    60  sh1106.o(.text.SH1106_I2C_Write)
    SH1106_I2C_WriteMulti                    0x000017ed   Thumb Code   104  sh1106.o(.text.SH1106_I2C_WriteMulti)
    SH1106_Init                              0x0000185d   Thumb Code   284  sh1106.o(.text.SH1106_Init)
    SH1106_Putc                              0x0000197d   Thumb Code   232  sh1106.o(.text.SH1106_Putc)
    SH1106_Puts                              0x00001a69   Thumb Code    78  sh1106.o(.text.SH1106_Puts)
    SH1106_UpdateScreen                      0x00001ab9   Thumb Code   108  sh1106.o(.text.SH1106_UpdateScreen)
    SH_Return                                0x00001b29   Thumb Code    14  retarget.o(.text.SH_Return)
    SPI_DisableAutoSS                        0x00001b37   Thumb Code    18  spi.o(.text.SPI_DisableAutoSS)
    SPI_Open                                 0x00001b49   Thumb Code   876  spi.o(.text.SPI_Open)
    SPI_SetFIFO                              0x00001edd   Thumb Code    38  spi.o(.text.SPI_SetFIFO)
    SendChar                                 0x00001f41   Thumb Code    16  retarget.o(.text.SendChar)
    SendChar_ToUART                          0x00001f51   Thumb Code    64  retarget.o(.text.SendChar_ToUART)
    SystemCoreClockUpdate                    0x00001f99   Thumb Code    40  system_m261.o(.text.SystemCoreClockUpdate)
    SystemInit                               0x00001fd5   Thumb Code     8  system_m261.o(.text.SystemInit)
    TIMER_GetModuleClock                     0x00002009   Thumb Code   188  timer.o(.text.TIMER_GetModuleClock)
    TIMER_Open                               0x000020e9   Thumb Code   114  timer.o(.text.TIMER_Open)
    TMR3_IRQHandler                          0x00002171   Thumb Code   492  bsp.o(.text.TMR3_IRQHandler)
    UART_Open                                0x000023a9   Thumb Code   368  uart.o(.text.UART_Open)
    UART_Read                                0x00002551   Thumb Code   106  uart.o(.text.UART_Read)
    UART_Write                               0x000025bb   Thumb Code   106  uart.o(.text.UART_Write)
    WDT_IRQHandler                           0x00002625   Thumb Code   100  watchdog.o(.text.WDT_IRQHandler)
    bsp_ctor                                 0x00002965   Thumb Code   568  bsp.o(.text.bsp_ctor)
    chk_spi_com_response                     0x00003399   Thumb Code   184  read_cpu.o(.text.chk_spi_com_response)
    cliUART                                  0x00003461   Thumb Code   420  cli.o(.text.cliUART)
    cli_processCommand                       0x000036e9   Thumb Code   560  cli.o(.text.cli_processCommand)
    conv2TOD                                 0x000048ed   Thumb Code   400  utils.o(.text.conv2TOD)
    conv2seconds                             0x00004a89   Thumb Code   224  utils.o(.text.conv2seconds)
    cpu_sm                                   0x00004e69   Thumb Code   208  app.o(.text.cpu_sm)
    fifo_init                                0x00004f61   Thumb Code    56  fifo.o(.text.fifo_init)
    fifo_read                                0x00004f99   Thumb Code   134  fifo.o(.text.fifo_read)
    fifo_read_isr                            0x0000501f   Thumb Code   124  fifo.o(.text.fifo_read_isr)
    fifo_reset                               0x0000509b   Thumb Code    40  fifo.o(.text.fifo_reset)
    fifo_write                               0x000050c3   Thumb Code   138  fifo.o(.text.fifo_write)
    fifo_write_bytes                         0x0000514d   Thumb Code    64  fifo.o(.text.fifo_write_bytes)
    fifo_write_isr                           0x0000518d   Thumb Code   128  fifo.o(.text.fifo_write_isr)
    fputc                                    0x0000534d   Thumb Code    20  retarget.o(.text.fputc)
    hex2int                                  0x000059d5   Thumb Code   148  cli.o(.text.hex2int)
    i2c_ctor                                 0x00005a69   Thumb Code    72  drvr_iic.o(.text.i2c_ctor)
    i2c_write                                0x00005c69   Thumb Code   112  drvr_iic.o(.text.i2c_write)
    main                                     0x00005ce9   Thumb Code    44  main.o(.text.main)
    my_strtok                                0x00005d1d   Thumb Code   164  cli.o(.text.my_strtok)
    read_flash_checksum                      0x0000633d   Thumb Code   212  read_cpu.o(.text.read_flash_checksum)
    read_lo                                  0x00006415   Thumb Code    44  read_cpu.o(.text.read_lo)
    read_nvo                                 0x00006441   Thumb Code    72  read_cpu.o(.text.read_nvo)
    read_oe_lo                               0x0000649d   Thumb Code    44  read_cpu.o(.text.read_oe_lo)
    read_oe_vi                               0x000064c9   Thumb Code    44  read_cpu.o(.text.read_oe_vi)
    read_oe_vo                               0x000064f5   Thumb Code    44  read_cpu.o(.text.read_oe_vo)
    read_relay_fdbk                          0x00006521   Thumb Code    32  read_cpu.o(.text.read_relay_fdbk)
    read_switch_settings                     0x00006545   Thumb Code   208  read_cpu.o(.text.read_switch_settings)
    read_vi                                  0x0000661d   Thumb Code    44  read_cpu.o(.text.read_vi)
    read_vi_unstable_err                     0x00006649   Thumb Code    44  read_cpu.o(.text.read_vi_unstable_err)
    read_vo                                  0x00006675   Thumb Code    68  read_cpu.o(.text.read_vo)
    send_el_pkt                              0x00006851   Thumb Code  1988  event_log.o(.text.send_el_pkt)
    spi_com_cpu_sm                           0x0000735d   Thumb Code   612  read_cpu.o(.text.spi_com_cpu_sm)
    spi_com_fpga_sm                          0x000075c9   Thumb Code   612  read_cpu.o(.text.spi_com_fpga_sm)
    spi_ctor                                 0x00007845   Thumb Code   340  drvr_spi.o(.text.spi_ctor)
    spi_master_read                          0x000079cd   Thumb Code    30  drvr_spi.o(.text.spi_master_read)
    spi_master_sm                            0x000079ed   Thumb Code   444  drvr_spi.o(.text.spi_master_sm)
    spi_master_write                         0x00007bb1   Thumb Code    28  drvr_spi.o(.text.spi_master_write)
    sysClock_Init                            0x00007bcd   Thumb Code    28  bsp.o(.text.sysClock_Init)
    sysTimer_Init                            0x00007be9   Thumb Code    64  bsp.o(.text.sysTimer_Init)
    toint                                    0x00007c35   Thumb Code   114  cli.o(.text.toint)
    uart_ctor                                0x00007ca9   Thumb Code   440  drvr_uart.o(.text.uart_ctor)
    uart_read_isr                            0x00007ea5   Thumb Code   110  drvr_uart.o(.text.uart_read_isr)
    uart_write_isr                           0x00007f13   Thumb Code   112  drvr_uart.o(.text.uart_write_isr)
    update_cpu_ctrls                         0x00007f85   Thumb Code   232  app.o(.text.update_cpu_ctrls)
    wait_ms                                  0x00008501   Thumb Code    36  bsp.o(.text.wait_ms)
    wr_card_status_pkt                       0x00008529   Thumb Code   356  uart_pkts.o(.text.wr_card_status_pkt)
    wr_relay_status_pkt                      0x00008691   Thumb Code   288  uart_pkts.o(.text.wr_relay_status_pkt)
    wr_sys_status_pkt                        0x000087c5   Thumb Code   224  uart_pkts.o(.text.wr_sys_status_pkt)
    write_cpu_ctrls                          0x000088c5   Thumb Code   160  read_cpu.o(.text.write_cpu_ctrls)
    write_oe_relay_state                     0x0000897d   Thumb Code    44  read_cpu.o(.text.write_oe_relay_state)
    __0printf                                0x000089b5   Thumb Code    24  printfa.o(i.__0printf)
    __1printf                                0x000089b5   Thumb Code     0  printfa.o(i.__0printf)
    __2printf                                0x000089b5   Thumb Code     0  printfa.o(i.__0printf)
    __c89printf                              0x000089b5   Thumb Code     0  printfa.o(i.__0printf)
    printf                                   0x000089b5   Thumb Code     0  printfa.o(i.__0printf)
    __0sprintf                               0x000089d5   Thumb Code    36  printfa.o(i.__0sprintf)
    __1sprintf                               0x000089d5   Thumb Code     0  printfa.o(i.__0sprintf)
    __2sprintf                               0x000089d5   Thumb Code     0  printfa.o(i.__0sprintf)
    __c89sprintf                             0x000089d5   Thumb Code     0  printfa.o(i.__0sprintf)
    sprintf                                  0x000089d5   Thumb Code     0  printfa.o(i.__0sprintf)
    __ARM_clz                                0x000089fd   Thumb Code    46  depilogue.o(i.__ARM_clz)
    __aeabi_errno_addr                       0x00008a2d   Thumb Code     4  errno.o(i.__aeabi_errno_addr)
    __rt_errno_addr                          0x00008a2d   Thumb Code     0  errno.o(i.__aeabi_errno_addr)
    __scatterload_copy                       0x00008a35   Thumb Code    14  handlers.o(i.__scatterload_copy)
    __scatterload_null                       0x00008a43   Thumb Code     2  handlers.o(i.__scatterload_null)
    __scatterload_zeroinit                   0x00008a45   Thumb Code    14  handlers.o(i.__scatterload_zeroinit)
    __ctype_table                            0x0000930a   Data         129  ctype_o.o(.constdata)
    Font7x10                                 0x00009390   Data        1900  fonts.o(.rodata.Font7x10)
    Region$$Table$$Base                      0x0000a608   Number         0  anon$$obj.o(Region$$Table)
    Region$$Table$$Limit                     0x0000a628   Number         0  anon$$obj.o(Region$$Table)
    RESERVED01                               0x00807e01   Thumb Code     8  mkromlib_nsc.o ABSOLUTE
    BL_CheckFlashAllOne                      0x00807e09   Thumb Code     8  mkromlib_nsc.o ABSOLUTE
    BL_DisableFMC                            0x00807e11   Thumb Code     8  mkromlib_nsc.o ABSOLUTE
    BL_EnableFMC                             0x00807e19   Thumb Code     8  mkromlib_nsc.o ABSOLUTE
    BL_EraseXOMRegion                        0x00807e21   Thumb Code     8  mkromlib_nsc.o ABSOLUTE
    BL_FlashChecksum                         0x00807e29   Thumb Code     8  mkromlib_nsc.o ABSOLUTE
    BL_FlashMultiRead                        0x00807e31   Thumb Code     8  mkromlib_nsc.o ABSOLUTE
    BL_FlashMultiWrite                       0x00807e39   Thumb Code     8  mkromlib_nsc.o ABSOLUTE
    BL_FlashPageErase                        0x00807e41   Thumb Code     8  mkromlib_nsc.o ABSOLUTE
    BL_FlashRead                             0x00807e49   Thumb Code     8  mkromlib_nsc.o ABSOLUTE
    BL_FlashWrite                            0x00807e51   Thumb Code     8  mkromlib_nsc.o ABSOLUTE
    BL_GetIDECCSignature                     0x00807e59   Thumb Code     8  mkromlib_nsc.o ABSOLUTE
    BL_GetISPStatus                          0x00807e61   Thumb Code     8  mkromlib_nsc.o ABSOLUTE
    BL_GetKPROMCounter                       0x00807e69   Thumb Code     8  mkromlib_nsc.o ABSOLUTE
    BL_GetKPROMPowerOnCounter                0x00807e71   Thumb Code     8  mkromlib_nsc.o ABSOLUTE
    BL_GetKPROMStatus                        0x00807e79   Thumb Code     8  mkromlib_nsc.o ABSOLUTE
    BL_GetNSBoundary                         0x00807e81   Thumb Code     8  mkromlib_nsc.o ABSOLUTE
    BL_GetVersion                            0x00807e89   Thumb Code     8  mkromlib_nsc.o ABSOLUTE
    BL_GetXOMActiveStatus                    0x00807e91   Thumb Code     8  mkromlib_nsc.o ABSOLUTE
    BL_GetXOMEraseStatus                     0x00807e99   Thumb Code     8  mkromlib_nsc.o ABSOLUTE
    RESERVED02                               0x00807ea1   Thumb Code     8  mkromlib_nsc.o ABSOLUTE
    RESERVED03                               0x00807ea9   Thumb Code     8  mkromlib_nsc.o ABSOLUTE
    RESERVED04                               0x00807eb1   Thumb Code     8  mkromlib_nsc.o ABSOLUTE
    RESERVED05                               0x00807eb9   Thumb Code     8  mkromlib_nsc.o ABSOLUTE
    RESERVED06                               0x00807ec1   Thumb Code     8  mkromlib_nsc.o ABSOLUTE
    RESERVED07                               0x00807ec9   Thumb Code     8  mkromlib_nsc.o ABSOLUTE
    RESERVED08                               0x00807ed1   Thumb Code     8  mkromlib_nsc.o ABSOLUTE
    BL_ReadCID                               0x00807ed9   Thumb Code     8  mkromlib_nsc.o ABSOLUTE
    BL_ReadDID                               0x00807ee1   Thumb Code     8  mkromlib_nsc.o ABSOLUTE
    RESERVED09                               0x00807ee9   Thumb Code     8  mkromlib_nsc.o ABSOLUTE
    BL_ReadPID                               0x00807ef1   Thumb Code     8  mkromlib_nsc.o ABSOLUTE
    BL_ReadUCID                              0x00807ef9   Thumb Code     8  mkromlib_nsc.o ABSOLUTE
    BL_ReadUID                               0x00807f01   Thumb Code     8  mkromlib_nsc.o ABSOLUTE
    BL_ReadXOMRegion                         0x00807f09   Thumb Code     8  mkromlib_nsc.o ABSOLUTE
    BL_ResetChip                             0x00807f11   Thumb Code     8  mkromlib_nsc.o ABSOLUTE
    BL_SetFlashAllLock                       0x00807f19   Thumb Code     8  mkromlib_nsc.o ABSOLUTE
    RESERVED10                               0x00807f21   Thumb Code     8  mkromlib_nsc.o ABSOLUTE
    BL_SetXOMRegion                          0x00807f29   Thumb Code     8  mkromlib_nsc.o ABSOLUTE
    BL_TrgKPROMCompare                       0x00807f31   Thumb Code     8  mkromlib_nsc.o ABSOLUTE
    BL_XFlashBlockErase                      0x00807f39   Thumb Code     8  mkromlib_nsc.o ABSOLUTE
    CyclesPerUs                              0x20000004   Data           4  system_m261.o(.data.CyclesPerUs)
    Font_7x10                                0x20000008   Data           8  fonts.o(.data.Font_7x10)
    PllClock                                 0x20000010   Data           4  system_m261.o(.data.PllClock)
    SH1106_Buffer                            0x20000014   Data           4  sh1106.o(.data.SH1106_Buffer)
    SystemCoreClock                          0x20000018   Data           4  system_m261.o(.data.SystemCoreClock)
    categoryList                             0x2000001d   Data          10  cli.o(.data.categoryList)
    cmdList                                  0x2000002c   Data        1800  cmds.o(.data.cmdList)
    cmdListDepth                             0x20000734   Data           1  cmds.o(.data.cmdListDepth)
    ERROR_CODE                               0x20000748   Data           1  cli.o(.bss.ERROR_CODE)
    SH1106_Buffer_                           0x2000075a   Data        1025  sh1106.o(.bss.SH1106_Buffer_)
    __stdout                                 0x20000b5c   Data          84  retarget.o(.bss.__stdout)
    buf                                      0x20000bb0   Data          80  cmds.o(.bss.buf)
    buf_ts                                   0x20000ebc   Data         100  app.o(.bss.buf_ts)
    category                                 0x200011dc   Data           4  cli.o(.bss.category)
    categoryLocal                            0x200011e0   Data           4  cli.o(.bss.categoryLocal)
    cfg                                      0x200011e4   Data          68  app.o(.bss.cfg)
    cmd_local                                0x2000122d   Data          80  cli.o(.bss.cmd_local)
    com0_count                               0x2000127e   Data           2  cmds.o(.bss.com0_count)
    com1_count                               0x20001280   Data           2  cmds.o(.bss.com1_count)
    com_id                                   0x20001282   Data           1  app.o(.bss.com_id)
    cpu_ctrls_u                              0x20001283   Data           2  app.o(.bss.cpu_ctrls_u)
    cpu_state                                0x20001288   Data           1  app.o(.bss.cpu_state)
    elapsed                                  0x2000128c   Data           4  bsp.o(.bss.elapsed)
    ev                                       0x20001290   Data           4  app.o(.bss.ev)
    fifo_rx_cpux                             0x200012d4   Data          20  bsp.o(.bss.fifo_rx_cpux)
    fifo_rx_fpga                             0x200012fc   Data          20  bsp.o(.bss.fifo_rx_fpga)
    fifo_tx_cpux                             0x20001360   Data          20  bsp.o(.bss.fifo_tx_cpux)
    fifo_tx_fpga                             0x20001388   Data          20  bsp.o(.bss.fifo_tx_fpga)
    g_FMC_i32ErrCode                         0x200013b4   Data           4  fmc.o(.bss.g_FMC_i32ErrCode)
    g_I2C_i32ErrCode                         0x200013b8   Data           4  i2c.o(.bss.g_I2C_i32ErrCode)
    g_apromSize                              0x200013bc   Data           4  isp_user.o(.bss.g_apromSize)
    g_cnt                                    0x200013c0   Data           4  main.o(.bss.g_cnt)
    g_dataFlashAddr                          0x200013c4   Data           4  isp_user.o(.bss.g_dataFlashAddr)
    g_dataFlashSize                          0x200013c8   Data           4  isp_user.o(.bss.g_dataFlashSize)
    g_i2c_timeout                            0x200013cc   Data           4  bsp.o(.bss.g_i2c_timeout)
    g_test_hang                              0x200013d0   Data           1  app.o(.bss.g_test_hang)
    i2c0                                     0x200013dc   Data          36  bsp.o(.bss.i2c0)
    isCLIBusy                                0x20001400   Data           1  cli.o(.bss.isCLIBusy)
    oe_pkt                                   0x20001408   Data         136  uart_pkts.o(.bss.oe_pkt)
    oe_relay_state                           0x20001490   Data          13  event_log.o(.bss.oe_relay_state)
    oled_buf                                 0x2000149d   Data          16  app.o(.bss.oled_buf)
    pe                                       0x200014ae   Data        6808  read_cpu.o(.bss.pe)
    pixbuf                                   0x20002f46   Data         129  sh1106.o(.bss.pixbuf)
    reset_completed                          0x20002fca   Data           1  app.o(.bss.reset_completed)
    s_I2C0HandlerFn                          0x20002fe0   Data           4  bsp.o(.bss.s_I2C0HandlerFn)
    spi_com_cpu                              0x20002fe4   Data          36  read_cpu.o(.bss.spi_com_cpu)
    spi_com_fpga                             0x2000300c   Data          36  read_cpu.o(.bss.spi_com_fpga)
    spi_cpux                                 0x20003034   Data          32  bsp.o(.bss.spi_cpux)
    spi_fpga                                 0x20003054   Data          32  bsp.o(.bss.spi_fpga)
    strg                                     0x20003074   Data          50  uart_pkts.o(.bss.strg)
    sys                                      0x200030a8   Data         132  read_cpu.o(.bss.sys)
    testprint                                0x2000312c   Data           1  cmds.o(.bss.testprint)
    ticks                                    0x20003130   Data           4  bsp.o(.bss.ticks)
    tmr                                      0x20003134   Data          24  app.o(.bss.tmr)
    tod                                      0x2000314c   Data           6  cmds.o(.bss.tod)
    token                                    0x20003154   Data           4  cli.o(.bss.token)
    uart_cli                                 0x20003158   Data          20  bsp.o(.bss.uart_cli)
    uart_com                                 0x2000316c   Data          40  bsp.o(.bss.uart_com)
    uart_el                                  0x20003194   Data          20  bsp.o(.bss.uart_el)
    uart_gps                                 0x200031a8   Data          20  bsp.o(.bss.uart_gps)
    wait_time                                0x200031bc   Data           4  bsp.o(.bss.wait_time)
    __initial_sp                             0x200039c0   Data           0  startup_m261.o(STACK)



==============================================================================

Memory Map of the image

  Image Entry point : 0x000001ed

  Load Region LR_1 (Base: 0x00000000, Size: 0x0000ad6c, Max: 0xffffffff, ABSOLUTE)

    Execution Region ER_RO (Exec base: 0x00000000, Load base: 0x00000000, Size: 0x0000a628, Max: 0xffffffff, ABSOLUTE)

    Exec Addr    Load Addr    Size         Type   Attr      Idx    E Section Name        Object

    0x00000000   0x00000000   0x000001d8   Data   RO           18    RESET               startup_m261.o
    0x000001d8   0x000001d8   0x00000000   Code   RO         1224  * .ARM.Collect$$$$00000000  mc_p.l(entry.o)
    0x000001d8   0x000001d8   0x00000004   Code   RO         1271    .ARM.Collect$$$$00000001  mc_p.l(entry2.o)
    0x000001dc   0x000001dc   0x00000004   Code   RO         1274    .ARM.Collect$$$$00000004  mc_p.l(entry5.o)
    0x000001e0   0x000001e0   0x00000000   Code   RO         1276    .ARM.Collect$$$$00000008  mc_p.l(entry7b.o)
    0x000001e0   0x000001e0   0x00000000   Code   RO         1278    .ARM.Collect$$$$0000000A  mc_p.l(entry8b.o)
    0x000001e0   0x000001e0   0x00000008   Code   RO         1279    .ARM.Collect$$$$0000000B  mc_p.l(entry9a.o)
    0x000001e8   0x000001e8   0x00000000   Code   RO         1281    .ARM.Collect$$$$0000000D  mc_p.l(entry10a.o)
    0x000001e8   0x000001e8   0x00000000   Code   RO         1283    .ARM.Collect$$$$0000000F  mc_p.l(entry11a.o)
    0x000001e8   0x000001e8   0x00000004   Code   RO         1272    .ARM.Collect$$$$00002712  mc_p.l(entry2.o)
    0x000001ec   0x000001ec   0x00000044   Code   RO           19  * .text               startup_m261.o
    0x00000230   0x00000230   0x00000060   Code   RO         1225    .text               mc_p.l(uldiv.o)
    0x00000290   0x00000290   0x0000000c   Code   RO         1231    .text               mc_p.l(tolower.o)
    0x0000029c   0x0000029c   0x00000024   Code   RO         1233    .text               mc_p.l(memseta.o)
    0x000002c0   0x000002c0   0x0000000e   Code   RO         1235    .text               mc_p.l(strlen.o)
    0x000002ce   0x000002ce   0x0000001c   Code   RO         1237    .text               mc_p.l(strcmp.o)
    0x000002ea   0x000002ea   0x00000012   Code   RO         1239    .text               mc_p.l(strcpy.o)
    0x000002fc   0x000002fc   0x0000001a   Code   RO         1269    .text               mc_p.l(atoi.o)
    0x00000316   0x00000316   0x00000020   Code   RO         1289    .text               mc_p.l(llshl.o)
    0x00000336   0x00000336   0x00000022   Code   RO         1291    .text               mc_p.l(llushr.o)
    0x00000358   0x00000358   0x00000070   Code   RO         1300    .text               mc_p.l(strtol.o)
    0x000003c8   0x000003c8   0x00000000   Code   RO         1302    .text               mc_p.l(iusefp.o)
    0x000003c8   0x000003c8   0x00000164   Code   RO         1303    .text               mf_p.l(dadd.o)
    0x0000052c   0x0000052c   0x000000d0   Code   RO         1305    .text               mf_p.l(dmul.o)
    0x000005fc   0x000005fc   0x000000f0   Code   RO         1307    .text               mf_p.l(ddiv.o)
    0x000006ec   0x000006ec   0x00000040   Code   RO         1309    .text               mf_p.l(dfixul.o)
    0x0000072c   0x0000072c   0x00000028   Code   RO         1311    .text               mf_p.l(cdrcmple.o)
    0x00000754   0x00000754   0x00000030   Code   RO         1313    .text               mc_p.l(init.o)
    0x00000784   0x00000784   0x0000003e   Code   RO         1317    .text               mc_p.l(uidiv_div0.o)
    0x000007c2   0x000007c2   0x00000026   Code   RO         1323    .text               mc_p.l(llsshr.o)
    0x000007e8   0x000007e8   0x00000008   Code   RO         1325    .text               mc_p.l(ctype_o.o)
    0x000007f0   0x000007f0   0x000000a6   Code   RO         1353    .text               mc_p.l(_strtoul.o)
    0x00000896   0x00000896   0x000000be   Code   RO         1355    .text               mf_p.l(depilogue.o)
    0x00000954   0x00000954   0x0000001e   Code   RO         1359    .text               mc_p.l(_chval.o)
    0x00000972   0x00000972   0x00000002   PAD
    0x00000974   0x00000974   0x00000038   Code   RO          128    .text.CLK_EnableModuleClock  clk.o
    0x000009ac   0x000009ac   0x00000018   Code   RO          124    .text.CLK_EnableXtalRC  clk.o
    0x000009c4   0x000009c4   0x00000164   Code   RO          110    .text.CLK_GetCPUFreq  clk.o
    0x00000b28   0x00000b28   0x0000000c   Code   RO          104    .text.CLK_GetHCLKFreq  clk.o
    0x00000b34   0x00000b34   0x00000054   Code   RO          150    .text.CLK_GetModuleClockDivider  clk.o
    0x00000b88   0x00000b88   0x000000d0   Code   RO          148    .text.CLK_GetModuleClockSource  clk.o
    0x00000c58   0x00000c58   0x00000018   Code   RO          106    .text.CLK_GetPCLK0Freq  clk.o
    0x00000c70   0x00000c70   0x0000001c   Code   RO          108    .text.CLK_GetPCLK1Freq  clk.o
    0x00000c8c   0x00000c8c   0x000000a4   Code   RO          146    .text.CLK_GetPLLClockFreq  clk.o
    0x00000d30   0x00000d30   0x00000094   Code   RO          118    .text.CLK_SetHCLK   clk.o
    0x00000dc4   0x00000dc4   0x000000a4   Code   RO          120    .text.CLK_SetModuleClock  clk.o
    0x00000e68   0x00000e68   0x00000040   Code   RO          114    .text.CLK_WaitClockReady  clk.o
    0x00000ea8   0x00000ea8   0x0000000c   Code   RO          164    .text.FMC_Close     fmc.o
    0x00000eb4   0x00000eb4   0x000000e8   Code   RO          180    .text.FMC_GetChkSum  fmc.o
    0x00000f9c   0x00000f9c   0x00000010   Code   RO          186    .text.FMC_Open      fmc.o
    0x00000fac   0x00000fac   0x0000004a   Code   RO          220    .text.GPIO_SetMode  gpio.o
    0x00000ff6   0x00000ff6   0x00000002   PAD
    0x00000ff8   0x00000ff8   0x00000058   Code   RO          907    .text.I2C0_IRQHandler  bsp.o
    0x00001050   0x00001050   0x00000012   Code   RO          241    .text.I2C_ClearTimeoutFlag  i2c.o
    0x00001062   0x00001062   0x00000012   Code   RO          247    .text.I2C_EnableInt  i2c.o
    0x00001074   0x00001074   0x00000034   Code   RO          265    .text.I2C_EnableTimeout  i2c.o
    0x000010a8   0x000010a8   0x00000060   Code   RO          237    .text.I2C_Open      i2c.o
    0x00001108   0x00001108   0x00000318   Code   RO          868    .text.LINE_COM_read_packet  uart_pkts.o
    0x00001420   0x00001420   0x000001f0   Code   RO          866    .text.LINE_COM_write_packet  uart_pkts.o
    0x00001610   0x00001610   0x000000c0   Code   RO          325    .text.ProcessHardFault  retarget.o
    0x000016d0   0x000016d0   0x0000000e   Code   RO         1204    .text.SH1106_Clear  sh1106.o
    0x000016de   0x000016de   0x00000002   PAD
    0x000016e0   0x000016e0   0x00000088   Code   RO         1182    .text.SH1106_DrawPixel  sh1106.o
    0x00001768   0x00001768   0x00000030   Code   RO         1174    .text.SH1106_Fill   sh1106.o
    0x00001798   0x00001798   0x00000018   Code   RO         1184    .text.SH1106_GotoXY  sh1106.o
    0x000017b0   0x000017b0   0x0000003c   Code   RO         1170    .text.SH1106_I2C_Write  sh1106.o
    0x000017ec   0x000017ec   0x00000070   Code   RO         1168    .text.SH1106_I2C_WriteMulti  sh1106.o
    0x0000185c   0x0000185c   0x00000120   Code   RO         1172    .text.SH1106_Init   sh1106.o
    0x0000197c   0x0000197c   0x000000ec   Code   RO         1186    .text.SH1106_Putc   sh1106.o
    0x00001a68   0x00001a68   0x0000004e   Code   RO         1188    .text.SH1106_Puts   sh1106.o
    0x00001ab6   0x00001ab6   0x00000002   PAD
    0x00001ab8   0x00001ab8   0x00000070   Code   RO         1176    .text.SH1106_UpdateScreen  sh1106.o
    0x00001b28   0x00001b28   0x0000000e   Code   RO          327    .text.SH_Return     retarget.o
    0x00001b36   0x00001b36   0x00000012   Code   RO          434    .text.SPI_DisableAutoSS  spi.o
    0x00001b48   0x00001b48   0x00000394   Code   RO          426    .text.SPI_Open      spi.o
    0x00001edc   0x00001edc   0x00000026   Code   RO          440    .text.SPI_SetFIFO   spi.o
    0x00001f02   0x00001f02   0x00000002   PAD
    0x00001f04   0x00001f04   0x0000003c   Code   RO          631    .text.SYS_UnlockReg  main.o
    0x00001f40   0x00001f40   0x00000010   Code   RO          331    .text.SendChar      retarget.o
    0x00001f50   0x00001f50   0x00000048   Code   RO          329    .text.SendChar_ToUART  retarget.o
    0x00001f98   0x00001f98   0x0000003c   Code   RO            2    .text.SystemCoreClockUpdate  system_m261.o
    0x00001fd4   0x00001fd4   0x00000010   Code   RO            4    .text.SystemInit    system_m261.o
    0x00001fe4   0x00001fe4   0x0000000e   Code   RO          905    .text.TIMER_ClearIntFlag  bsp.o
    0x00001ff2   0x00001ff2   0x00000014   Code   RO          897    .text.TIMER_EnableInt  bsp.o
    0x00002006   0x00002006   0x00000002   PAD
    0x00002008   0x00002008   0x000000e0   Code   RO          516    .text.TIMER_GetModuleClock  timer.o
    0x000020e8   0x000020e8   0x00000072   Code   RO          514    .text.TIMER_Open    timer.o
    0x0000215a   0x0000215a   0x00000014   Code   RO          899    .text.TIMER_Start   bsp.o
    0x0000216e   0x0000216e   0x00000002   PAD
    0x00002170   0x00002170   0x00000238   Code   RO          903    .text.TMR3_IRQHandler  bsp.o
    0x000023a8   0x000023a8   0x000001a8   Code   RO          564    .text.UART_Open     uart.o
    0x00002550   0x00002550   0x0000006a   Code   RO          566    .text.UART_Read     uart.o
    0x000025ba   0x000025ba   0x0000006a   Code   RO          578    .text.UART_Write    uart.o
    0x00002624   0x00002624   0x00000078   Code   RO          677    .text.WDT_IRQHandler  watchdog.o
    0x0000269c   0x0000269c   0x00000030   Code   RO         1078    .text.__NVIC_DisableIRQ  drvr_spi.o
    0x000026cc   0x000026cc   0x00000034   Code   RO         1101    .text.__NVIC_DisableIRQ  drvr_uart.o
    0x00002700   0x00002700   0x00000028   Code   RO          901    .text.__NVIC_EnableIRQ  bsp.o
    0x00002728   0x00002728   0x00000028   Code   RO         1076    .text.__NVIC_EnableIRQ  drvr_spi.o
    0x00002750   0x00002750   0x00000028   Code   RO         1099    .text.__NVIC_EnableIRQ  drvr_uart.o
    0x00002778   0x00002778   0x0000002c   Code   RO         1133    .text.__NVIC_EnableIRQ  drvr_iic.o
    0x000027a4   0x000027a4   0x00000078   Code   RO         1097    .text.__NVIC_SetPriority  drvr_uart.o
    0x0000281c   0x0000281c   0x00000148   Code   RO          718    .text.app_extract_ts  app.o
    0x00002964   0x00002964   0x00000304   Code   RO          891    .text.bsp_ctor      bsp.o
    0x00002c68   0x00002c68   0x00000358   Code   RO          720    .text.check_faults  app.o
    0x00002fc0   0x00002fc0   0x000001d4   Code   RO          696    .text.check_flash   app.o
    0x00003194   0x00003194   0x00000204   Code   RO          698    .text.check_if_reset_initiated  app.o
    0x00003398   0x00003398   0x000000c8   Code   RO         1052    .text.chk_spi_com_response  read_cpu.o
    0x00003460   0x00003460   0x000001e4   Code   RO          812    .text.cliUART       cli.o
    0x00003644   0x00003644   0x000000a4   Code   RO          786    .text.cli_hangcpu   cmds.o
    0x000036e8   0x000036e8   0x00000264   Code   RO          814    .text.cli_processCommand  cli.o
    0x0000394c   0x0000394c   0x000000e4   Code   RO          768    .text.cli_setaddress  cmds.o
    0x00003a30   0x00003a30   0x00000124   Code   RO          780    .text.cli_setdate   cmds.o
    0x00003b54   0x00003b54   0x000000f0   Code   RO          766    .text.cli_setstation  cmds.o
    0x00003c44   0x00003c44   0x00000108   Code   RO          778    .text.cli_settime   cmds.o
    0x00003d4c   0x00003d4c   0x0000005c   Code   RO          782    .text.cli_showdate  cmds.o
    0x00003da8   0x00003da8   0x00000008   Code   RO          776    .text.cli_showdebug  cmds.o
    0x00003db0   0x00003db0   0x00000068   Code   RO          774    .text.cli_showinterlock  cmds.o
    0x00003e18   0x00003e18   0x0000060c   Code   RO          770    .text.cli_showstate  cmds.o
    0x00004424   0x00004424   0x00000410   Code   RO          772    .text.cli_showstate_json  cmds.o
    0x00004834   0x00004834   0x00000060   Code   RO          784    .text.cli_showtime  cmds.o
    0x00004894   0x00004894   0x00000058   Code   RO          764    .text.cli_showversion  cmds.o
    0x000048ec   0x000048ec   0x0000019c   Code   RO          985    .text.conv2TOD      utils.o
    0x00004a88   0x00004a88   0x000000f0   Code   RO          983    .text.conv2seconds  utils.o
    0x00004b78   0x00004b78   0x000000fa   Code   RO          997    .text.conv_byte2event  event_log.o
    0x00004c72   0x00004c72   0x0000008a   Code   RO          999    .text.conv_byte2event_nvo  event_log.o
    0x00004cfc   0x00004cfc   0x0000016c   Code   RO          700    .text.cpu_read_write  app.o
    0x00004e68   0x00004e68   0x000000f8   Code   RO          692    .text.cpu_sm        app.o
    0x00004f60   0x00004f60   0x00000038   Code   RO          845    .text.fifo_init     fifo.o
    0x00004f98   0x00004f98   0x00000086   Code   RO          849    .text.fifo_read     fifo.o
    0x0000501e   0x0000501e   0x0000007c   Code   RO          855    .text.fifo_read_isr  fifo.o
    0x0000509a   0x0000509a   0x00000028   Code   RO          847    .text.fifo_reset    fifo.o
    0x000050c2   0x000050c2   0x0000008a   Code   RO          851    .text.fifo_write    fifo.o
    0x0000514c   0x0000514c   0x00000040   Code   RO          853    .text.fifo_write_bytes  fifo.o
    0x0000518c   0x0000518c   0x00000080   Code   RO          857    .text.fifo_write_isr  fifo.o
    0x0000520c   0x0000520c   0x00000140   Code   RO          702    .text.fpga_read_write  app.o
    0x0000534c   0x0000534c   0x00000014   Code   RO          341    .text.fputc         retarget.o
    0x00005360   0x00005360   0x00000024   Code   RO          708    .text.get_flash_checksum  app.o
    0x00005384   0x00005384   0x0000020c   Code   RO         1003    .text.get_line_state_dl  event_log.o
    0x00005590   0x00005590   0x00000130   Code   RO         1001    .text.get_line_state_sl  event_log.o
    0x000056c0   0x000056c0   0x00000314   Code   RO         1005    .text.get_sys_error  event_log.o
    0x000059d4   0x000059d4   0x00000094   Code   RO          820    .text.hex2int       cli.o
    0x00005a68   0x00005a68   0x00000054   Code   RO         1131    .text.i2c_ctor      drvr_iic.o
    0x00005abc   0x00005abc   0x000001aa   Code   RO         1137    .text.i2c_isr_write  drvr_iic.o
    0x00005c66   0x00005c66   0x00000002   PAD
    0x00005c68   0x00005c68   0x00000080   Code   RO         1135    .text.i2c_write     drvr_iic.o
    0x00005ce8   0x00005ce8   0x00000034   Code   RO          629    .text.main          main.o
    0x00005d1c   0x00005d1c   0x000000a8   Code   RO          816    .text.my_strtok     cli.o
    0x00005dc4   0x00005dc4   0x00000028   Code   RO          694    .text.oled_screen_init  app.o
    0x00005dec   0x00005dec   0x0000007c   Code   RO          716    .text.poll_gps      app.o
    0x00005e68   0x00005e68   0x000000e8   Code   RO          788    .text.print_state   cmds.o
    0x00005f50   0x00005f50   0x000000f4   Code   RO          792    .text.print_state_json  cmds.o
    0x00006044   0x00006044   0x00000100   Code   RO          790    .text.print_state_nvo  cmds.o
    0x00006144   0x00006144   0x00000174   Code   RO          714    .text.rcv_com_pkt   app.o
    0x000062b8   0x000062b8   0x00000084   Code   RO         1018    .text.read_cpu_fpga  read_cpu.o
    0x0000633c   0x0000633c   0x000000d8   Code   RO         1026    .text.read_flash_checksum  read_cpu.o
    0x00006414   0x00006414   0x0000002c   Code   RO         1024    .text.read_lo       read_cpu.o
    0x00006440   0x00006440   0x0000005c   Code   RO         1030    .text.read_nvo      read_cpu.o
    0x0000649c   0x0000649c   0x0000002c   Code   RO         1038    .text.read_oe_lo    read_cpu.o
    0x000064c8   0x000064c8   0x0000002c   Code   RO         1040    .text.read_oe_vi    read_cpu.o
    0x000064f4   0x000064f4   0x0000002c   Code   RO         1044    .text.read_oe_vo    read_cpu.o
    0x00006520   0x00006520   0x00000024   Code   RO         1032    .text.read_relay_fdbk  read_cpu.o
    0x00006544   0x00006544   0x000000d8   Code   RO         1034    .text.read_switch_settings  read_cpu.o
    0x0000661c   0x0000661c   0x0000002c   Code   RO         1016    .text.read_vi       read_cpu.o
    0x00006648   0x00006648   0x0000002c   Code   RO         1020    .text.read_vi_unstable_err  read_cpu.o
    0x00006674   0x00006674   0x0000004c   Code   RO         1022    .text.read_vo       read_cpu.o
    0x000066c0   0x000066c0   0x0000007c   Code   RO         1048    .text.run_cmd       read_cpu.o
    0x0000673c   0x0000673c   0x000000c4   Code   RO          710    .text.schedule_events  app.o
    0x00006800   0x00006800   0x00000050   Code   RO          712    .text.send_com_pkt  app.o
    0x00006850   0x00006850   0x000007f4   Code   RO          995    .text.send_el_pkt   event_log.o
    0x00007044   0x00007044   0x00000050   Code   RO          722    .text.set_ctrl_defaults  app.o
    0x00007094   0x00007094   0x000002c8   Code   RO          794    .text.showdebug     cmds.o
    0x0000735c   0x0000735c   0x0000026c   Code   RO         1028    .text.spi_com_cpu_sm  read_cpu.o
    0x000075c8   0x000075c8   0x0000027c   Code   RO         1036    .text.spi_com_fpga_sm  read_cpu.o
    0x00007844   0x00007844   0x00000188   Code   RO         1074    .text.spi_ctor      drvr_spi.o
    0x000079cc   0x000079cc   0x0000001e   Code   RO         1084    .text.spi_master_read  drvr_spi.o
    0x000079ea   0x000079ea   0x00000002   PAD
    0x000079ec   0x000079ec   0x000001c4   Code   RO         1080    .text.spi_master_sm  drvr_spi.o
    0x00007bb0   0x00007bb0   0x0000001c   Code   RO         1086    .text.spi_master_write  drvr_spi.o
    0x00007bcc   0x00007bcc   0x0000001c   Code   RO          893    .text.sysClock_Init  bsp.o
    0x00007be8   0x00007be8   0x0000004c   Code   RO          895    .text.sysTimer_Init  bsp.o
    0x00007c34   0x00007c34   0x00000072   Code   RO          818    .text.toint         cli.o
    0x00007ca6   0x00007ca6   0x00000002   PAD
    0x00007ca8   0x00007ca8   0x000001fc   Code   RO         1095    .text.uart_ctor     drvr_uart.o
    0x00007ea4   0x00007ea4   0x0000006e   Code   RO         1109    .text.uart_read_isr  drvr_uart.o
    0x00007f12   0x00007f12   0x00000070   Code   RO         1107    .text.uart_write_isr  drvr_uart.o
    0x00007f82   0x00007f82   0x00000002   PAD
    0x00007f84   0x00007f84   0x000000f8   Code   RO          704    .text.update_cpu_ctrls  app.o
    0x0000807c   0x0000807c   0x00000484   Code   RO          706    .text.update_oled_screen  app.o
    0x00008500   0x00008500   0x00000028   Code   RO          889    .text.wait_ms       bsp.o
    0x00008528   0x00008528   0x00000168   Code   RO          872    .text.wr_card_status_pkt  uart_pkts.o
    0x00008690   0x00008690   0x00000134   Code   RO          874    .text.wr_relay_status_pkt  uart_pkts.o
    0x000087c4   0x000087c4   0x00000100   Code   RO          870    .text.wr_sys_status_pkt  uart_pkts.o
    0x000088c4   0x000088c4   0x000000b8   Code   RO         1050    .text.write_cpu_ctrls  read_cpu.o
    0x0000897c   0x0000897c   0x00000038   Code   RO         1046    .text.write_oe_relay_state  read_cpu.o
    0x000089b4   0x000089b4   0x00000020   Code   RO         1242    i.__0printf         mc_p.l(printfa.o)
    0x000089d4   0x000089d4   0x00000028   Code   RO         1244    i.__0sprintf        mc_p.l(printfa.o)
    0x000089fc   0x000089fc   0x0000002e   Code   RO         1357    i.__ARM_clz         mf_p.l(depilogue.o)
    0x00008a2a   0x00008a2a   0x00000002   PAD
    0x00008a2c   0x00008a2c   0x00000008   Code   RO         1293    i.__aeabi_errno_addr  mc_p.l(errno.o)
    0x00008a34   0x00008a34   0x0000000e   Code   RO         1363    i.__scatterload_copy  mc_p.l(handlers.o)
    0x00008a42   0x00008a42   0x00000002   Code   RO         1364    i.__scatterload_null  mc_p.l(handlers.o)
    0x00008a44   0x00008a44   0x0000000e   Code   RO         1365    i.__scatterload_zeroinit  mc_p.l(handlers.o)
    0x00008a52   0x00008a52   0x00000002   PAD
    0x00008a54   0x00008a54   0x00000174   Code   RO         1249    i._fp_digits        mc_p.l(printfa.o)
    0x00008bc8   0x00008bc8   0x000006ec   Code   RO         1250    i._printf_core      mc_p.l(printfa.o)
    0x000092b4   0x000092b4   0x00000020   Code   RO         1251    i._printf_post_padding  mc_p.l(printfa.o)
    0x000092d4   0x000092d4   0x0000002c   Code   RO         1252    i._printf_pre_padding  mc_p.l(printfa.o)
    0x00009300   0x00009300   0x0000000a   Code   RO         1254    i._sputc            mc_p.l(printfa.o)
    0x0000930a   0x0000930a   0x00000081   Data   RO         1326    .constdata          mc_p.l(ctype_o.o)
    0x0000938b   0x0000938b   0x00000001   PAD
    0x0000938c   0x0000938c   0x00000004   Data   RO         1327    .constdata          mc_p.l(ctype_o.o)
    0x00009390   0x00009390   0x0000076c   Data   RO         1156    .rodata.Font7x10    fonts.o
    0x00009afc   0x00009afc   0x00000020   Data   RO          152    .rodata.cst32       clk.o
    0x00009b1c   0x00009b1c   0x00000020   Data   RO          540    .rodata.cst32       timer.o
    0x00009b3c   0x00009b3c   0x0000006f   Data   RO          347    .rodata.str1.1      retarget.o
    0x00009bab   0x00009bab   0x0000001b   Data   RO          634    .rodata.str1.1      main.o
    0x00009bc6   0x00009bc6   0x000001b0   Data   RO          737    .rodata.str1.1      app.o
    0x00009d76   0x00009d76   0x000006bc   Data   RO          804    .rodata.str1.1      cmds.o
    0x0000a432   0x0000a432   0x00000076   Data   RO          825    .rodata.str1.1      cli.o
    0x0000a4a8   0x0000a4a8   0x00000041   Data   RO          877    .rodata.str1.1      uart_pkts.o
    0x0000a4e9   0x0000a4e9   0x000000e0   Data   RO         1007    .rodata.str1.1      event_log.o
    0x0000a5c9   0x0000a5c9   0x0000003f   Data   RO         1064    .rodata.str1.1      read_cpu.o
    0x0000a608   0x0000a608   0x00000020   Data   RO         1362    Region$$Table       anon$$obj.o


    Execution Region ER_RW (Exec base: 0x20000000, Load base: 0x0000a628, Size: 0x00000744, Max: 0xffffffff, ABSOLUTE)

    Exec Addr    Load Addr    Size         Type   Attr      Idx    E Section Name        Object

    0x20000000   0x0000a628   0x00000004   Data   RW         1296    .data               mc_p.l(errno.o)
    0x20000004   0x0000a62c   0x00000004   Data   RW            7    .data.CyclesPerUs   system_m261.o
    0x20000008   0x0000a630   0x00000008   Data   RW         1159    .data.Font_7x10     fonts.o
    0x20000010   0x0000a638   0x00000004   Data   RW            8    .data.PllClock      system_m261.o
    0x20000014   0x0000a63c   0x00000004   Data   RW         1215    .data.SH1106_Buffer  sh1106.o
    0x20000018   0x0000a640   0x00000004   Data   RW            6    .data.SystemCoreClock  system_m261.o
    0x2000001c   0x0000a644   0x00000001   Data   RW          729    .data.b_inReset     app.o
    0x2000001d   0x0000a645   0x0000000a   Data   RW          827    .data.categoryList  cli.o
    0x20000027   0x0000a64f   0x00000001   Data   RW          754    .data.check_faults.state_fault  app.o
    0x20000028   0x0000a650   0x00000001   Data   RW          756    .data.check_if_reset_initiated.state_reset_seq  app.o
    0x20000029   0x0000a651   0x00000001   Data   RW          738    .data.checksum_print_flag  app.o
    0x2000002a   0x0000a652   0x00000001   Data   RW          830    .data.cliUART.first  cli.o
    0x2000002b   0x0000a653   0x00000001   Data   RW          831    .data.cliUART.lastchar  cli.o
    0x2000002c   0x0000a654   0x00000708   Data   RW          796    .data.cmdList       cmds.o
    0x20000734   0x0000ad5c   0x00000001   Data   RW          797    .data.cmdListDepth  cmds.o
    0x20000735   0x0000ad5d   0x0000000c   Data   RW          987    .data.daysofmonth   utils.o


    Execution Region ER_ZI (Exec base: 0x20000748, Load base: 0x0000ad6c, Size: 0x00003278, Max: 0xffffffff, ABSOLUTE)

    Exec Addr    Load Addr    Size         Type   Attr      Idx    E Section Name        Object

    0x20000748        -       0x00000001   Zero   RW          824    .bss.ERROR_CODE     cli.o
    0x20000749   0x0000ad6c   0x00000001   PAD
    0x2000074a        -       0x00000004   Zero   RW          878    .bss.LINE_COM_read_packet.cksum  uart_pkts.o
    0x2000074e        -       0x00000004   Zero   RW          879    .bss.LINE_COM_read_packet.indx  uart_pkts.o
    0x20000752        -       0x00000002   Zero   RW          880    .bss.LINE_COM_read_packet.sof_rcvd  uart_pkts.o
    0x20000754        -       0x00000006   Zero   RW         1217    .bss.SH1106         sh1106.o
    0x2000075a        -       0x00000401   Zero   RW         1214    .bss.SH1106_Buffer_  sh1106.o
    0x20000b5b   0x0000ad6c   0x00000001   PAD
    0x20000b5c        -       0x00000054   Zero   RW          348    .bss.__stdout       retarget.o
    0x20000bb0        -       0x00000050   Zero   RW          802    .bss.buf            cmds.o
    0x20000c00        -       0x00000064   Zero   RW          911    .bss.buf_rx_cli     bsp.o
    0x20000c64        -       0x00000064   Zero   RW          915    .bss.buf_rx_com0    bsp.o
    0x20000cc8        -       0x00000064   Zero   RW          917    .bss.buf_rx_com1    bsp.o
    0x20000d2c        -       0x00000064   Zero   RW          937    .bss.buf_rx_cpux    bsp.o
    0x20000d90        -       0x00000064   Zero   RW          913    .bss.buf_rx_el      bsp.o
    0x20000df4        -       0x00000064   Zero   RW          941    .bss.buf_rx_fpga    bsp.o
    0x20000e58        -       0x00000064   Zero   RW          919    .bss.buf_rx_gps     bsp.o
    0x20000ebc        -       0x00000064   Zero   RW          735    .bss.buf_ts         app.o
    0x20000f20        -       0x00000064   Zero   RW          921    .bss.buf_tx_cli     bsp.o
    0x20000f84        -       0x00000064   Zero   RW          925    .bss.buf_tx_com0    bsp.o
    0x20000fe8        -       0x00000064   Zero   RW          927    .bss.buf_tx_com1    bsp.o
    0x2000104c        -       0x00000064   Zero   RW          935    .bss.buf_tx_cpux    bsp.o
    0x200010b0        -       0x00000064   Zero   RW          923    .bss.buf_tx_el      bsp.o
    0x20001114        -       0x00000064   Zero   RW          939    .bss.buf_tx_fpga    bsp.o
    0x20001178        -       0x00000064   Zero   RW          929    .bss.buf_tx_gps     bsp.o
    0x200011dc        -       0x00000004   Zero   RW          833    .bss.category       cli.o
    0x200011e0        -       0x00000004   Zero   RW          832    .bss.categoryLocal  cli.o
    0x200011e4        -       0x00000044   Zero   RW          732    .bss.cfg            app.o
    0x20001228        -       0x00000001   Zero   RW          753    .bss.check_faults.am_i_ready  app.o
    0x20001229        -       0x00000001   Zero   RW          752    .bss.check_faults.interlock_mode_pwrup  app.o
    0x2000122a        -       0x00000001   Zero   RW          750    .bss.check_faults.local_addr_pwrup  app.o
    0x2000122b        -       0x00000001   Zero   RW          751    .bss.check_faults.remote_addr_pwrup  app.o
    0x2000122c        -       0x00000001   Zero   RW          829    .bss.cliUART.k_local  cli.o
    0x2000122d        -       0x00000050   Zero   RW          834    .bss.cmd_local      cli.o
    0x2000127d   0x0000ad6c   0x00000001   PAD
    0x2000127e        -       0x00000002   Zero   RW          798    .bss.com0_count     cmds.o
    0x20001280        -       0x00000002   Zero   RW          799    .bss.com1_count     cmds.o
    0x20001282        -       0x00000001   Zero   RW          734    .bss.com_id         app.o
    0x20001283        -       0x00000002   Zero   RW          733    .bss.cpu_ctrls_u    app.o
    0x20001285        -       0x00000001   Zero   RW          740    .bss.cpu_read_write.ch  app.o
    0x20001286        -       0x00000001   Zero   RW          741    .bss.cpu_read_write.en_cpu_resp_chk  app.o
    0x20001287        -       0x00000001   Zero   RW          739    .bss.cpu_read_write.state  app.o
    0x20001288        -       0x00000001   Zero   RW          724    .bss.cpu_state      app.o
    0x20001289   0x0000ad6c   0x00000003   PAD
    0x2000128c        -       0x00000004   Zero   RW          946    .bss.elapsed        bsp.o
    0x20001290        -       0x00000004   Zero   RW          731    .bss.ev             app.o
    0x20001294        -       0x00000001   Zero   RW          755    .bss.fault_debug    app.o
    0x20001295   0x0000ad6c   0x00000003   PAD
    0x20001298        -       0x00000014   Zero   RW          910    .bss.fifo_rx_cli    bsp.o
    0x200012ac        -       0x00000014   Zero   RW          914    .bss.fifo_rx_com0   bsp.o
    0x200012c0        -       0x00000014   Zero   RW          916    .bss.fifo_rx_com1   bsp.o
    0x200012d4        -       0x00000014   Zero   RW          936    .bss.fifo_rx_cpux   bsp.o
    0x200012e8        -       0x00000014   Zero   RW          912    .bss.fifo_rx_el     bsp.o
    0x200012fc        -       0x00000014   Zero   RW          940    .bss.fifo_rx_fpga   bsp.o
    0x20001310        -       0x00000014   Zero   RW          918    .bss.fifo_rx_gps    bsp.o
    0x20001324        -       0x00000014   Zero   RW          920    .bss.fifo_tx_cli    bsp.o
    0x20001338        -       0x00000014   Zero   RW          924    .bss.fifo_tx_com0   bsp.o
    0x2000134c        -       0x00000014   Zero   RW          926    .bss.fifo_tx_com1   bsp.o
    0x20001360        -       0x00000014   Zero   RW          934    .bss.fifo_tx_cpux   bsp.o
    0x20001374        -       0x00000014   Zero   RW          922    .bss.fifo_tx_el     bsp.o
    0x20001388        -       0x00000014   Zero   RW          938    .bss.fifo_tx_fpga   bsp.o
    0x2000139c        -       0x00000014   Zero   RW          928    .bss.fifo_tx_gps    bsp.o
    0x200013b0        -       0x00000001   Zero   RW          744    .bss.fpga_read_write.en_fpga_resp_chk  app.o
    0x200013b1        -       0x00000001   Zero   RW          742    .bss.fpga_read_write.state  app.o
    0x200013b2   0x0000ad6c   0x00000002   PAD
    0x200013b4        -       0x00000004   Zero   RW          212    .bss.g_FMC_i32ErrCode  fmc.o
    0x200013b8        -       0x00000004   Zero   RW          317    .bss.g_I2C_i32ErrCode  i2c.o
    0x200013bc        -       0x00000004   Zero   RW          972    .bss.g_apromSize    isp_user.o
    0x200013c0        -       0x00000004   Zero   RW          633    .bss.g_cnt          main.o
    0x200013c4        -       0x00000004   Zero   RW          973    .bss.g_dataFlashAddr  isp_user.o
    0x200013c8        -       0x00000004   Zero   RW          974    .bss.g_dataFlashSize  isp_user.o
    0x200013cc        -       0x00000004   Zero   RW          947    .bss.g_i2c_timeout  bsp.o
    0x200013d0        -       0x00000001   Zero   RW          726    .bss.g_test_hang    app.o
    0x200013d1   0x0000ad6c   0x00000003   PAD
    0x200013d4        -       0x00000004   Zero   RW          683    .bss.g_u32WakeupCounts  watchdog.o
    0x200013d8        -       0x00000001   Zero   RW          684    .bss.g_u8IsINTEvent  watchdog.o
    0x200013d9   0x0000ad6c   0x00000003   PAD
    0x200013dc        -       0x00000024   Zero   RW          944    .bss.i2c0           bsp.o
    0x20001400        -       0x00000001   Zero   RW          822    .bss.isCLIBusy      cli.o
    0x20001401        -       0x00000001   Zero   RW          728    .bss.is_enabled_check_faults  app.o
    0x20001402   0x0000ad6c   0x00000002   PAD
    0x20001404        -       0x00000004   Zero   RW          836    .bss.my_strtok.s    cli.o
    0x20001408        -       0x00000088   Zero   RW          881    .bss.oe_pkt         uart_pkts.o
    0x20001490        -       0x0000000d   Zero   RW         1008    .bss.oe_relay_state  event_log.o
    0x2000149d        -       0x00000010   Zero   RW          736    .bss.oled_buf       app.o
    0x200014ad   0x0000ad6c   0x00000001   PAD
    0x200014ae        -       0x00001a98   Zero   RW         1058    .bss.pe             read_cpu.o
    0x20002f46        -       0x00000081   Zero   RW         1216    .bss.pixbuf         sh1106.o
    0x20002fc7        -       0x00000001   Zero   RW          749    .bss.poll_gps.k     app.o
    0x20002fc8        -       0x00000001   Zero   RW          747    .bss.rcv_com_pkt.p_com  app.o
    0x20002fc9        -       0x00000001   Zero   RW          748    .bss.rcv_com_pkt.s_com  app.o
    0x20002fca        -       0x00000001   Zero   RW          727    .bss.reset_completed  app.o
    0x20002fcb        -       0x0000000a   Zero   RW         1062    .bss.respbuf_cpu    read_cpu.o
    0x20002fd5        -       0x0000000a   Zero   RW         1061    .bss.respbuf_fpga   read_cpu.o
    0x20002fdf   0x0000ad6c   0x00000001   PAD
    0x20002fe0        -       0x00000004   Zero   RW          948    .bss.s_I2C0HandlerFn  bsp.o
    0x20002fe4        -       0x00000024   Zero   RW         1059    .bss.spi_com_cpu    read_cpu.o
    0x20003008        -       0x00000001   Zero   RW         1063    .bss.spi_com_cpu_sm.state  read_cpu.o
    0x20003009   0x0000ad6c   0x00000003   PAD
    0x2000300c        -       0x00000024   Zero   RW         1060    .bss.spi_com_fpga   read_cpu.o
    0x20003030        -       0x00000001   Zero   RW         1065    .bss.spi_com_fpga_sm.state  read_cpu.o
    0x20003031   0x0000ad6c   0x00000003   PAD
    0x20003034        -       0x00000020   Zero   RW          942    .bss.spi_cpux       bsp.o
    0x20003054        -       0x00000020   Zero   RW          943    .bss.spi_fpga       bsp.o
    0x20003074        -       0x00000032   Zero   RW          876    .bss.strg           uart_pkts.o
    0x200030a6   0x0000ad6c   0x00000002   PAD
    0x200030a8        -       0x00000084   Zero   RW         1066    .bss.sys            read_cpu.o
    0x2000312c        -       0x00000001   Zero   RW          800    .bss.testprint      cmds.o
    0x2000312d   0x0000ad6c   0x00000003   PAD
    0x20003130        -       0x00000004   Zero   RW          945    .bss.ticks          bsp.o
    0x20003134        -       0x00000018   Zero   RW          730    .bss.tmr            app.o
    0x2000314c        -       0x00000006   Zero   RW          803    .bss.tod            cmds.o
    0x20003152   0x0000ad6c   0x00000002   PAD
    0x20003154        -       0x00000004   Zero   RW          835    .bss.token          cli.o
    0x20003158        -       0x00000014   Zero   RW          930    .bss.uart_cli       bsp.o
    0x2000316c        -       0x00000028   Zero   RW          932    .bss.uart_com       bsp.o
    0x20003194        -       0x00000014   Zero   RW          931    .bss.uart_el        bsp.o
    0x200031a8        -       0x00000014   Zero   RW          933    .bss.uart_gps       bsp.o
    0x200031bc        -       0x00000004   Zero   RW          909    .bss.wait_time      bsp.o
    0x200031c0        -       0x00000800   Zero   RW           16    STACK               startup_m261.o


==============================================================================

Image component sizes


      Code (inc. data)   RO Data    RW Data    ZI Data      Debug   Object Name

      5432        416        432          4        232      11179   app.o
      1666        316          0          0       1900      11793   bsp.o
      1526        120        118         12         99       3539   cli.o
      1332        104         32          0          0      11678   clk.o
      5608        712       1724       1801         91      10203   cmds.o
       682         32          0          0          0       6981   drvr_iic.o
       990         60          0          0          0       7330   drvr_spi.o
       942         80          0          0          0       7188   drvr_uart.o
      4040        276        224          0         13       7352   event_log.o
       684          0          0          0          0       2516   fifo.o
       260         32          0          0          4      10421   fmc.o
         0          0       1900          8          0       1195   fonts.o
        74          0          0          0          0       2050   gpio.o
       184          4          0          0          4      14129   i2c.o
         0          0          0          0         12       5043   isp_user.o
       112         16         27          0          4       2485   main.o
      2852        156         63          0       7034      11243   read_cpu.o
       314         44        111          0         84       3117   retarget.o
      1108         24          0          4       1160       8950   sh1106.o
       972         40          0          0          0      11825   spi.o
        68         20        472          0       2048        808   startup_m261.o
        76         28          0         12          0       1279   system_m261.o
       338         36         32          0          0       4725   timer.o
       636         56          0          0          0       7494   uart.o
      2212        132         65          0        196       5228   uart_pkts.o
       652         28          0         12          0       1822   utils.o
       120         20          0          0          5       2856   watchdog.o

    ----------------------------------------------------------------------
     32900       2752       5232       1856      12920     174429   Object Totals
         0          0         32          0          0          0   (incl. Generated)
        20          0          0          3         34          0   (incl. Padding)

    ----------------------------------------------------------------------

      Code (inc. data)   RO Data    RW Data    ZI Data      Debug   Library Member Name

        30          0          0          0          0         60   _chval.o
       166          0          0          0          0         84   _strtoul.o
        26          0          0          0          0         72   atoi.o
         8          4        133          0          0         60   ctype_o.o
         0          0          0          0          0          0   entry.o
         0          0          0          0          0          0   entry10a.o
         0          0          0          0          0          0   entry11a.o
         8          4          0          0          0          0   entry2.o
         4          0          0          0          0          0   entry5.o
         0          0          0          0          0          0   entry7b.o
         0          0          0          0          0          0   entry8b.o
         8          4          0          0          0          0   entry9a.o
         8          4          0          4          0         60   errno.o
        30          0          0          0          0          0   handlers.o
        48         10          0          0          0         68   init.o
         0          0          0          0          0          0   iusefp.o
        32          0          0          0          0         68   llshl.o
        38          0          0          0          0         68   llsshr.o
        34          0          0          0          0         68   llushr.o
        36          0          0          0          0        100   memseta.o
      2302        102          0          0          0        556   printfa.o
        28          0          0          0          0         68   strcmp.o
        18          0          0          0          0         60   strcpy.o
        14          0          0          0          0         60   strlen.o
       112          4          0          0          0         76   strtol.o
        12          0          0          0          0         60   tolower.o
        62          0          0          0          0         72   uidiv_div0.o
        96          0          0          0          0         84   uldiv.o
        40          2          0          0          0         68   cdrcmple.o
       356          4          0          0          0        140   dadd.o
       240          6          0          0          0         84   ddiv.o
       236          0          0          0          0        216   depilogue.o
        64         10          0          0          0         68   dfixul.o
       208          6          0          0          0         88   dmul.o

    ----------------------------------------------------------------------
      4270        160        134          4          0       2408   Library Totals
         6          0          1          0          0          0   (incl. Padding)

    ----------------------------------------------------------------------

      Code (inc. data)   RO Data    RW Data    ZI Data      Debug   Library Name

      3120        132        133          4          0       1744   mc_p.l
      1144         28          0          0          0        664   mf_p.l

    ----------------------------------------------------------------------
      4270        160        134          4          0       2408   Library Totals

    ----------------------------------------------------------------------

==============================================================================


      Code (inc. data)   RO Data    RW Data    ZI Data      Debug   

     37170       2912       5366       1860      12920     175377   Grand Totals
     37170       2912       5366       1860      12920     175377   ELF Image Totals
     37170       2912       5366       1860          0          0   ROM Totals

==============================================================================

    Total RO  Size (Code + RO Data)                42536 (  41.54kB)
    Total RW  Size (RW Data + ZI Data)             14780 (  14.43kB)
    Total ROM Size (Code + RO Data + RW Data)      44396 (  43.36kB)

==============================================================================

