	.text
	.syntax unified
	.eabi_attribute	67, "2.09"	@ Tag_conformance
	.cpu	cortex-m23
	.eabi_attribute	6, 16	@ Tag_CPU_arch
	.eabi_attribute	7, 77	@ Tag_CPU_arch_profile
	.eabi_attribute	8, 0	@ Tag_ARM_ISA_use
	.eabi_attribute	9, 3	@ Tag_THUMB_ISA_use
	.eabi_attribute	34, 0	@ Tag_CPU_unaligned_access
	.eabi_attribute	17, 1	@ Tag_ABI_PCS_GOT_use
	.eabi_attribute	20, 2	@ Tag_ABI_FP_denormal
	.eabi_attribute	21, 0	@ Tag_ABI_FP_exceptions
	.eabi_attribute	23, 1	@ Tag_ABI_FP_number_model
	.eabi_attribute	24, 1	@ Tag_ABI_align_needed
	.eabi_attribute	25, 1	@ Tag_ABI_align_preserved
	.eabi_attribute	38, 1	@ Tag_ABI_FP_16bit_format
	.eabi_attribute	18, 4	@ Tag_ABI_PCS_wchar_t
	.eabi_attribute	26, 2	@ Tag_ABI_enum_size
	.eabi_attribute	14, 0	@ Tag_ABI_PCS_R9_use
	.file	"fifo.c"
	.section	.text.fifo_init,"ax",%progbits
	.hidden	fifo_init                       @ -- Begin function fifo_init
	.globl	fifo_init
	.p2align	1
	.type	fifo_init,%function
	.code	16                              @ @fifo_init
	.thumb_func
fifo_init:
.Lfunc_begin0:
	.file	1 "D:\\work\\dheeraj\\local\\CEL\\CCC\\CCC_CPU0\\Code" "source/fifo.c"
	.loc	1 46 0                          @ source/fifo.c:46:0
	.fnstart
	.cfi_sections .debug_frame
	.cfi_startproc
@ %bb.0:
	.pad	#12
	sub	sp, #12
	.cfi_def_cfa_offset 12
	str	r0, [sp, #8]
	str	r1, [sp, #4]
	str	r2, [sp]
.Ltmp0:
	.loc	1 47 2 prologue_end             @ source/fifo.c:47:2
	ldr	r1, [sp, #8]
	movs	r0, #0
	.loc	1 47 12 is_stmt 0               @ source/fifo.c:47:12
	strh	r0, [r1]
	.loc	1 48 2 is_stmt 1                @ source/fifo.c:48:2
	ldr	r1, [sp, #8]
	.loc	1 48 12 is_stmt 0               @ source/fifo.c:48:12
	strh	r0, [r1, #2]
	.loc	1 49 2 is_stmt 1                @ source/fifo.c:49:2
	ldr	r1, [sp, #8]
	.loc	1 49 14 is_stmt 0               @ source/fifo.c:49:14
	strb	r0, [r1, #13]
	.loc	1 50 2 is_stmt 1                @ source/fifo.c:50:2
	ldr	r2, [sp, #8]
	movs	r1, #1
	.loc	1 50 15 is_stmt 0               @ source/fifo.c:50:15
	strb	r1, [r2, #12]
	.loc	1 51 2 is_stmt 1                @ source/fifo.c:51:2
	ldr	r1, [sp, #8]
	.loc	1 51 19 is_stmt 0               @ source/fifo.c:51:19
	strb	r0, [r1, #15]
	.loc	1 52 2 is_stmt 1                @ source/fifo.c:52:2
	ldr	r1, [sp, #8]
	.loc	1 52 19 is_stmt 0               @ source/fifo.c:52:19
	strb	r0, [r1, #14]
	.loc	1 53 2 is_stmt 1                @ source/fifo.c:53:2
	ldr	r1, [sp, #8]
	.loc	1 53 11 is_stmt 0               @ source/fifo.c:53:11
	strh	r0, [r1, #16]
	.loc	1 55 16 is_stmt 1               @ source/fifo.c:55:16
	ldr	r1, [sp]
	.loc	1 55 2 is_stmt 0                @ source/fifo.c:55:2
	ldr	r2, [sp, #8]
	.loc	1 55 14                         @ source/fifo.c:55:14
	strh	r1, [r2, #18]
	.loc	1 56 12 is_stmt 1               @ source/fifo.c:56:12
	ldr	r1, [sp, #4]
	.loc	1 56 2 is_stmt 0                @ source/fifo.c:56:2
	ldr	r2, [sp, #8]
	.loc	1 56 10                         @ source/fifo.c:56:10
	str	r1, [r2, #4]
	.loc	1 58 2 epilogue_begin is_stmt 1 @ source/fifo.c:58:2
	add	sp, #12
	bx	lr
.Ltmp1:
.Lfunc_end0:
	.size	fifo_init, .Lfunc_end0-fifo_init
	.cfi_endproc
	.cantunwind
	.fnend
                                        @ -- End function
	.section	.text.fifo_reset,"ax",%progbits
	.hidden	fifo_reset                      @ -- Begin function fifo_reset
	.globl	fifo_reset
	.p2align	1
	.type	fifo_reset,%function
	.code	16                              @ @fifo_reset
	.thumb_func
fifo_reset:
.Lfunc_begin1:
	.loc	1 79 0                          @ source/fifo.c:79:0
	.fnstart
	.cfi_startproc
@ %bb.0:
	.pad	#4
	sub	sp, #4
	.cfi_def_cfa_offset 4
	str	r0, [sp]
.Ltmp2:
	.loc	1 80 2 prologue_end             @ source/fifo.c:80:2
	ldr	r1, [sp]
	movs	r0, #0
	.loc	1 80 12 is_stmt 0               @ source/fifo.c:80:12
	strh	r0, [r1]
	.loc	1 81 2 is_stmt 1                @ source/fifo.c:81:2
	ldr	r1, [sp]
	.loc	1 81 12 is_stmt 0               @ source/fifo.c:81:12
	strh	r0, [r1, #2]
	.loc	1 82 2 is_stmt 1                @ source/fifo.c:82:2
	ldr	r1, [sp]
	.loc	1 82 14 is_stmt 0               @ source/fifo.c:82:14
	strb	r0, [r1, #13]
	.loc	1 83 2 is_stmt 1                @ source/fifo.c:83:2
	ldr	r2, [sp]
	movs	r1, #1
	.loc	1 83 15 is_stmt 0               @ source/fifo.c:83:15
	strb	r1, [r2, #12]
	.loc	1 84 2 is_stmt 1                @ source/fifo.c:84:2
	ldr	r1, [sp]
	.loc	1 84 19 is_stmt 0               @ source/fifo.c:84:19
	strb	r0, [r1, #15]
	.loc	1 85 2 is_stmt 1                @ source/fifo.c:85:2
	ldr	r1, [sp]
	.loc	1 85 19 is_stmt 0               @ source/fifo.c:85:19
	strb	r0, [r1, #14]
	.loc	1 86 2 is_stmt 1                @ source/fifo.c:86:2
	ldr	r1, [sp]
	.loc	1 86 11 is_stmt 0               @ source/fifo.c:86:11
	strh	r0, [r1, #16]
	.loc	1 88 2 epilogue_begin is_stmt 1 @ source/fifo.c:88:2
	add	sp, #4
	bx	lr
.Ltmp3:
.Lfunc_end1:
	.size	fifo_reset, .Lfunc_end1-fifo_reset
	.cfi_endproc
	.cantunwind
	.fnend
                                        @ -- End function
	.section	.text.fifo_read,"ax",%progbits
	.hidden	fifo_read                       @ -- Begin function fifo_read
	.globl	fifo_read
	.p2align	1
	.type	fifo_read,%function
	.code	16                              @ @fifo_read
	.thumb_func
fifo_read:
.Lfunc_begin2:
	.loc	1 112 0                         @ source/fifo.c:112:0
	.fnstart
	.cfi_startproc
@ %bb.0:
	.pad	#16
	sub	sp, #16
	.cfi_def_cfa_offset 16
	str	r0, [sp, #4]
	str	r1, [sp]
.Ltmp4:
	.loc	1 113 5 prologue_end            @ source/fifo.c:113:5
	ldr	r0, [sp, #4]
	.loc	1 113 9 is_stmt 0               @ source/fifo.c:113:9
	ldrb	r0, [r0, #12]
.Ltmp5:
	.loc	1 113 5                         @ source/fifo.c:113:5
	cbz	r0, .LBB2_2
	b	.LBB2_1
.LBB2_1:
.Ltmp6:
	.loc	1 114 3 is_stmt 1               @ source/fifo.c:114:3
	ldr	r1, [sp, #4]
	movs	r0, #1
	.loc	1 114 20 is_stmt 0              @ source/fifo.c:114:20
	strb	r0, [r1, #15]
	add	r1, sp, #8
	.loc	1 115 3 is_stmt 1               @ source/fifo.c:115:3
	strb	r0, [r1]
	b	.LBB2_7
.Ltmp7:
.LBB2_2:
	.loc	1 118 10                        @ source/fifo.c:118:10
	ldr	r1, [sp, #4]
	.loc	1 118 14 is_stmt 0              @ source/fifo.c:118:14
	ldr	r0, [r1, #4]
	.loc	1 118 22                        @ source/fifo.c:118:22
	ldrh	r1, [r1]
	.loc	1 118 10                        @ source/fifo.c:118:10
	ldrb	r0, [r0, r1]
	.loc	1 118 3                         @ source/fifo.c:118:3
	ldr	r1, [sp]
	.loc	1 118 8                         @ source/fifo.c:118:8
	strb	r0, [r1]
	.loc	1 119 19 is_stmt 1              @ source/fifo.c:119:19
	ldr	r0, [sp]
	.loc	1 119 18 is_stmt 0              @ source/fifo.c:119:18
	ldrb	r2, [r0]
	.loc	1 119 2                         @ source/fifo.c:119:2
	ldr	r1, [sp, #4]
	.loc	1 119 15                        @ source/fifo.c:119:15
	ldrh	r0, [r1, #10]
	adds	r0, r0, r2
	strh	r0, [r1, #10]
	.loc	1 120 2 is_stmt 1               @ source/fifo.c:120:2
	ldr	r1, [sp, #4]
	.loc	1 120 11 is_stmt 0              @ source/fifo.c:120:11
	ldrh	r0, [r1]
	adds	r0, r0, #1
	strh	r0, [r1]
	.loc	1 123 2 is_stmt 1               @ source/fifo.c:123:2
	@APP
	mrs	r0, primask
	cpsid i

	@NO_APP
	str	r0, [sp, #12]
	.loc	1 124 2                         @ source/fifo.c:124:2
	ldr	r1, [sp, #4]
	.loc	1 124 10 is_stmt 0              @ source/fifo.c:124:10
	ldrh	r0, [r1, #16]
	subs	r0, r0, #1
	strh	r0, [r1, #16]
	.loc	1 125 2 is_stmt 1               @ source/fifo.c:125:2
	@APP
	cpsie i
	@NO_APP
	.loc	1 127 2                         @ source/fifo.c:127:2
	ldr	r1, [sp, #4]
	movs	r0, #0
	.loc	1 127 14 is_stmt 0              @ source/fifo.c:127:14
	strb	r0, [r1, #13]
.Ltmp8:
	.loc	1 129 6 is_stmt 1               @ source/fifo.c:129:6
	ldr	r0, [sp, #4]
	.loc	1 129 10 is_stmt 0              @ source/fifo.c:129:10
	ldrh	r0, [r0, #16]
.Ltmp9:
	.loc	1 129 6                         @ source/fifo.c:129:6
	cbnz	r0, .LBB2_4
	b	.LBB2_3
.LBB2_3:
.Ltmp10:
	.loc	1 130 3 is_stmt 1               @ source/fifo.c:130:3
	ldr	r1, [sp, #4]
	movs	r0, #1
	.loc	1 130 16 is_stmt 0              @ source/fifo.c:130:16
	strb	r0, [r1, #12]
	.loc	1 131 2 is_stmt 1               @ source/fifo.c:131:2
	b	.LBB2_4
.Ltmp11:
.LBB2_4:
	.loc	1 133 6                         @ source/fifo.c:133:6
	ldr	r1, [sp, #4]
	.loc	1 133 10 is_stmt 0              @ source/fifo.c:133:10
	ldrh	r0, [r1]
	.loc	1 133 23                        @ source/fifo.c:133:23
	ldrh	r1, [r1, #18]
.Ltmp12:
	.loc	1 133 6                         @ source/fifo.c:133:6
	cmp	r0, r1
	blt	.LBB2_6
	b	.LBB2_5
.LBB2_5:
.Ltmp13:
	.loc	1 134 3 is_stmt 1               @ source/fifo.c:134:3
	ldr	r1, [sp, #4]
	movs	r0, #0
	.loc	1 134 13 is_stmt 0              @ source/fifo.c:134:13
	strh	r0, [r1]
	.loc	1 135 2 is_stmt 1               @ source/fifo.c:135:2
	b	.LBB2_6
.Ltmp14:
.LBB2_6:
	.loc	1 0 2 is_stmt 0                 @ source/fifo.c:0:2
	add	r1, sp, #8
	movs	r0, #0
	.loc	1 137 2 is_stmt 1               @ source/fifo.c:137:2
	strb	r0, [r1]
	b	.LBB2_7
.LBB2_7:
	.loc	1 0 2 is_stmt 0                 @ source/fifo.c:0:2
	add	r0, sp, #8
	.loc	1 138 1 is_stmt 1               @ source/fifo.c:138:1
	ldrb	r0, [r0]
	.loc	1 138 1 epilogue_begin is_stmt 0 @ source/fifo.c:138:1
	add	sp, #16
	bx	lr
.Ltmp15:
.Lfunc_end2:
	.size	fifo_read, .Lfunc_end2-fifo_read
	.cfi_endproc
	.cantunwind
	.fnend
                                        @ -- End function
	.section	.text.fifo_write,"ax",%progbits
	.hidden	fifo_write                      @ -- Begin function fifo_write
	.globl	fifo_write
	.p2align	1
	.type	fifo_write,%function
	.code	16                              @ @fifo_write
	.thumb_func
fifo_write:
.Lfunc_begin3:
	.loc	1 161 0 is_stmt 1               @ source/fifo.c:161:0
	.fnstart
	.cfi_startproc
@ %bb.0:
	.pad	#16
	sub	sp, #16
	.cfi_def_cfa_offset 16
                                        @ kill: def $r2 killed $r1
	str	r0, [sp, #4]
	mov	r0, sp
	strb	r1, [r0]
.Ltmp16:
	.loc	1 162 5 prologue_end            @ source/fifo.c:162:5
	ldr	r0, [sp, #4]
	.loc	1 162 9 is_stmt 0               @ source/fifo.c:162:9
	ldrb	r0, [r0, #13]
.Ltmp17:
	.loc	1 162 5                         @ source/fifo.c:162:5
	cbz	r0, .LBB3_2
	b	.LBB3_1
.LBB3_1:
.Ltmp18:
	.loc	1 163 3 is_stmt 1               @ source/fifo.c:163:3
	ldr	r1, [sp, #4]
	movs	r0, #1
	.loc	1 163 20 is_stmt 0              @ source/fifo.c:163:20
	strb	r0, [r1, #14]
	add	r1, sp, #8
	.loc	1 164 3 is_stmt 1               @ source/fifo.c:164:3
	strb	r0, [r1]
	b	.LBB3_7
.Ltmp19:
.LBB3_2:
	.loc	1 0 3 is_stmt 0                 @ source/fifo.c:0:3
	mov	r0, sp
	.loc	1 167 18 is_stmt 1              @ source/fifo.c:167:18
	ldrb	r2, [r0]
	.loc	1 167 2 is_stmt 0               @ source/fifo.c:167:2
	ldr	r1, [sp, #4]
	.loc	1 167 15                        @ source/fifo.c:167:15
	ldrh	r0, [r1, #8]
	adds	r0, r0, r2
	strh	r0, [r1, #8]
	.loc	1 168 23 is_stmt 1              @ source/fifo.c:168:23
	ldr	r0, [sp]
	.loc	1 168 2 is_stmt 0               @ source/fifo.c:168:2
	ldr	r2, [sp, #4]
	.loc	1 168 6                         @ source/fifo.c:168:6
	ldr	r1, [r2, #4]
	.loc	1 168 14                        @ source/fifo.c:168:14
	ldrh	r2, [r2, #2]
	.loc	1 168 21                        @ source/fifo.c:168:21
	strb	r0, [r1, r2]
	.loc	1 169 2 is_stmt 1               @ source/fifo.c:169:2
	ldr	r1, [sp, #4]
	.loc	1 169 11 is_stmt 0              @ source/fifo.c:169:11
	ldrh	r0, [r1, #2]
	adds	r0, r0, #1
	strh	r0, [r1, #2]
	.loc	1 172 2 is_stmt 1               @ source/fifo.c:172:2
	@APP
	mrs	r0, primask
	cpsid i

	@NO_APP
	str	r0, [sp, #12]
	.loc	1 173 2                         @ source/fifo.c:173:2
	ldr	r1, [sp, #4]
	.loc	1 173 10 is_stmt 0              @ source/fifo.c:173:10
	ldrh	r0, [r1, #16]
	adds	r0, r0, #1
	strh	r0, [r1, #16]
	.loc	1 174 2 is_stmt 1               @ source/fifo.c:174:2
	@APP
	cpsie i
	@NO_APP
	.loc	1 176 4                         @ source/fifo.c:176:4
	ldr	r1, [sp, #4]
	movs	r0, #0
	.loc	1 176 17 is_stmt 0              @ source/fifo.c:176:17
	strb	r0, [r1, #12]
.Ltmp20:
	.loc	1 178 6 is_stmt 1               @ source/fifo.c:178:6
	ldr	r1, [sp, #4]
	.loc	1 178 10 is_stmt 0              @ source/fifo.c:178:10
	ldrh	r0, [r1, #16]
	.loc	1 178 22                        @ source/fifo.c:178:22
	ldrh	r1, [r1, #18]
.Ltmp21:
	.loc	1 178 6                         @ source/fifo.c:178:6
	cmp	r0, r1
	bne	.LBB3_4
	b	.LBB3_3
.LBB3_3:
.Ltmp22:
	.loc	1 179 3 is_stmt 1               @ source/fifo.c:179:3
	ldr	r1, [sp, #4]
	movs	r0, #1
	.loc	1 179 15 is_stmt 0              @ source/fifo.c:179:15
	strb	r0, [r1, #13]
	.loc	1 180 2 is_stmt 1               @ source/fifo.c:180:2
	b	.LBB3_4
.Ltmp23:
.LBB3_4:
	.loc	1 182 6                         @ source/fifo.c:182:6
	ldr	r1, [sp, #4]
	.loc	1 182 10 is_stmt 0              @ source/fifo.c:182:10
	ldrh	r0, [r1, #2]
	.loc	1 182 23                        @ source/fifo.c:182:23
	ldrh	r1, [r1, #18]
.Ltmp24:
	.loc	1 182 6                         @ source/fifo.c:182:6
	cmp	r0, r1
	blt	.LBB3_6
	b	.LBB3_5
.LBB3_5:
.Ltmp25:
	.loc	1 183 3 is_stmt 1               @ source/fifo.c:183:3
	ldr	r1, [sp, #4]
	movs	r0, #0
	.loc	1 183 13 is_stmt 0              @ source/fifo.c:183:13
	strh	r0, [r1, #2]
	.loc	1 184 2 is_stmt 1               @ source/fifo.c:184:2
	b	.LBB3_6
.Ltmp26:
.LBB3_6:
	.loc	1 0 2 is_stmt 0                 @ source/fifo.c:0:2
	add	r1, sp, #8
	movs	r0, #0
	.loc	1 185 2 is_stmt 1               @ source/fifo.c:185:2
	strb	r0, [r1]
	b	.LBB3_7
.LBB3_7:
	.loc	1 0 2 is_stmt 0                 @ source/fifo.c:0:2
	add	r0, sp, #8
	.loc	1 186 1 is_stmt 1               @ source/fifo.c:186:1
	ldrb	r0, [r0]
	.loc	1 186 1 epilogue_begin is_stmt 0 @ source/fifo.c:186:1
	add	sp, #16
	bx	lr
.Ltmp27:
.Lfunc_end3:
	.size	fifo_write, .Lfunc_end3-fifo_write
	.cfi_endproc
	.cantunwind
	.fnend
                                        @ -- End function
	.section	.text.fifo_write_bytes,"ax",%progbits
	.hidden	fifo_write_bytes                @ -- Begin function fifo_write_bytes
	.globl	fifo_write_bytes
	.p2align	1
	.type	fifo_write_bytes,%function
	.code	16                              @ @fifo_write_bytes
	.thumb_func
fifo_write_bytes:
.Lfunc_begin4:
	.loc	1 208 0 is_stmt 1               @ source/fifo.c:208:0
	.fnstart
	.cfi_startproc
@ %bb.0:
	.save	{r7, lr}
	push	{r7, lr}
	.cfi_def_cfa_offset 8
	.cfi_offset lr, -4
	.cfi_offset r7, -8
	.pad	#16
	sub	sp, #16
	.cfi_def_cfa_offset 24
                                        @ kill: def $r3 killed $r2
	str	r0, [sp, #12]
	str	r1, [sp, #8]
	add	r0, sp, #4
	strb	r2, [r0]
	mov	r1, sp
	movs	r0, #0
.Ltmp28:
	.loc	1 211 7 prologue_end            @ source/fifo.c:211:7
	strb	r0, [r1]
	.loc	1 211 6 is_stmt 0               @ source/fifo.c:211:6
	b	.LBB4_1
.LBB4_1:                                @ =>This Inner Loop Header: Depth=1
	.loc	1 0 6                           @ source/fifo.c:0:6
	mov	r0, sp
.Ltmp29:
	.loc	1 211 10                        @ source/fifo.c:211:10
	ldrb	r0, [r0]
	add	r1, sp, #4
	.loc	1 211 12                        @ source/fifo.c:211:12
	ldrb	r1, [r1]
.Ltmp30:
	.loc	1 211 2                         @ source/fifo.c:211:2
	cmp	r0, r1
	bge	.LBB4_4
	b	.LBB4_2
.LBB4_2:                                @   in Loop: Header=BB4_1 Depth=1
.Ltmp31:
	.loc	1 212 14 is_stmt 1              @ source/fifo.c:212:14
	ldr	r0, [sp, #12]
	.loc	1 212 16 is_stmt 0              @ source/fifo.c:212:16
	ldr	r1, [sp, #8]
	mov	r2, sp
	.loc	1 212 20                        @ source/fifo.c:212:20
	ldrb	r2, [r2]
	.loc	1 212 16                        @ source/fifo.c:212:16
	ldrb	r1, [r1, r2]
	.loc	1 212 3                         @ source/fifo.c:212:3
	bl	fifo_write
	.loc	1 213 2 is_stmt 1               @ source/fifo.c:213:2
	b	.LBB4_3
.Ltmp32:
.LBB4_3:                                @   in Loop: Header=BB4_1 Depth=1
	.loc	1 211 22                        @ source/fifo.c:211:22
	ldr	r0, [sp]
	adds	r0, r0, #1
	mov	r1, sp
	strb	r0, [r1]
	.loc	1 211 2 is_stmt 0               @ source/fifo.c:211:2
	b	.LBB4_1
.Ltmp33:
.LBB4_4:
	.loc	1 214 1 epilogue_begin is_stmt 1 @ source/fifo.c:214:1
	add	sp, #16
	pop	{r7, pc}
.Ltmp34:
.Lfunc_end4:
	.size	fifo_write_bytes, .Lfunc_end4-fifo_write_bytes
	.cfi_endproc
	.cantunwind
	.fnend
                                        @ -- End function
	.section	.text.fifo_read_isr,"ax",%progbits
	.hidden	fifo_read_isr                   @ -- Begin function fifo_read_isr
	.globl	fifo_read_isr
	.p2align	1
	.type	fifo_read_isr,%function
	.code	16                              @ @fifo_read_isr
	.thumb_func
fifo_read_isr:
.Lfunc_begin5:
	.loc	1 238 0                         @ source/fifo.c:238:0
	.fnstart
	.cfi_startproc
@ %bb.0:
	.pad	#12
	sub	sp, #12
	.cfi_def_cfa_offset 12
	str	r0, [sp, #4]
	str	r1, [sp]
.Ltmp35:
	.loc	1 239 5 prologue_end            @ source/fifo.c:239:5
	ldr	r0, [sp, #4]
	.loc	1 239 9 is_stmt 0               @ source/fifo.c:239:9
	ldrb	r0, [r0, #12]
.Ltmp36:
	.loc	1 239 5                         @ source/fifo.c:239:5
	cbz	r0, .LBB5_2
	b	.LBB5_1
.LBB5_1:
.Ltmp37:
	.loc	1 240 3 is_stmt 1               @ source/fifo.c:240:3
	ldr	r1, [sp, #4]
	movs	r0, #1
	.loc	1 240 20 is_stmt 0              @ source/fifo.c:240:20
	strb	r0, [r1, #15]
	add	r1, sp, #8
	.loc	1 241 3 is_stmt 1               @ source/fifo.c:241:3
	strb	r0, [r1]
	b	.LBB5_7
.Ltmp38:
.LBB5_2:
	.loc	1 244 10                        @ source/fifo.c:244:10
	ldr	r1, [sp, #4]
	.loc	1 244 14 is_stmt 0              @ source/fifo.c:244:14
	ldr	r0, [r1, #4]
	.loc	1 244 22                        @ source/fifo.c:244:22
	ldrh	r1, [r1]
	.loc	1 244 10                        @ source/fifo.c:244:10
	ldrb	r0, [r0, r1]
	.loc	1 244 3                         @ source/fifo.c:244:3
	ldr	r1, [sp]
	.loc	1 244 8                         @ source/fifo.c:244:8
	strb	r0, [r1]
	.loc	1 245 19 is_stmt 1              @ source/fifo.c:245:19
	ldr	r0, [sp]
	.loc	1 245 18 is_stmt 0              @ source/fifo.c:245:18
	ldrb	r2, [r0]
	.loc	1 245 2                         @ source/fifo.c:245:2
	ldr	r1, [sp, #4]
	.loc	1 245 15                        @ source/fifo.c:245:15
	ldrh	r0, [r1, #10]
	adds	r0, r0, r2
	strh	r0, [r1, #10]
	.loc	1 246 2 is_stmt 1               @ source/fifo.c:246:2
	ldr	r1, [sp, #4]
	.loc	1 246 11 is_stmt 0              @ source/fifo.c:246:11
	ldrh	r0, [r1]
	adds	r0, r0, #1
	strh	r0, [r1]
	.loc	1 247 2 is_stmt 1               @ source/fifo.c:247:2
	ldr	r1, [sp, #4]
	.loc	1 247 10 is_stmt 0              @ source/fifo.c:247:10
	ldrh	r0, [r1, #16]
	subs	r0, r0, #1
	strh	r0, [r1, #16]
	.loc	1 248 2 is_stmt 1               @ source/fifo.c:248:2
	ldr	r1, [sp, #4]
	movs	r0, #0
	.loc	1 248 14 is_stmt 0              @ source/fifo.c:248:14
	strb	r0, [r1, #13]
.Ltmp39:
	.loc	1 250 6 is_stmt 1               @ source/fifo.c:250:6
	ldr	r0, [sp, #4]
	.loc	1 250 10 is_stmt 0              @ source/fifo.c:250:10
	ldrh	r0, [r0, #16]
.Ltmp40:
	.loc	1 250 6                         @ source/fifo.c:250:6
	cbnz	r0, .LBB5_4
	b	.LBB5_3
.LBB5_3:
.Ltmp41:
	.loc	1 251 3 is_stmt 1               @ source/fifo.c:251:3
	ldr	r1, [sp, #4]
	movs	r0, #1
	.loc	1 251 16 is_stmt 0              @ source/fifo.c:251:16
	strb	r0, [r1, #12]
	.loc	1 252 2 is_stmt 1               @ source/fifo.c:252:2
	b	.LBB5_4
.Ltmp42:
.LBB5_4:
	.loc	1 254 6                         @ source/fifo.c:254:6
	ldr	r1, [sp, #4]
	.loc	1 254 10 is_stmt 0              @ source/fifo.c:254:10
	ldrh	r0, [r1]
	.loc	1 254 23                        @ source/fifo.c:254:23
	ldrh	r1, [r1, #18]
.Ltmp43:
	.loc	1 254 6                         @ source/fifo.c:254:6
	cmp	r0, r1
	blt	.LBB5_6
	b	.LBB5_5
.LBB5_5:
.Ltmp44:
	.loc	1 255 3 is_stmt 1               @ source/fifo.c:255:3
	ldr	r1, [sp, #4]
	movs	r0, #0
	.loc	1 255 13 is_stmt 0              @ source/fifo.c:255:13
	strh	r0, [r1]
	.loc	1 256 2 is_stmt 1               @ source/fifo.c:256:2
	b	.LBB5_6
.Ltmp45:
.LBB5_6:
	.loc	1 0 2 is_stmt 0                 @ source/fifo.c:0:2
	add	r1, sp, #8
	movs	r0, #0
	.loc	1 258 2 is_stmt 1               @ source/fifo.c:258:2
	strb	r0, [r1]
	b	.LBB5_7
.LBB5_7:
	.loc	1 0 2 is_stmt 0                 @ source/fifo.c:0:2
	add	r0, sp, #8
	.loc	1 259 1 is_stmt 1               @ source/fifo.c:259:1
	ldrb	r0, [r0]
	.loc	1 259 1 epilogue_begin is_stmt 0 @ source/fifo.c:259:1
	add	sp, #12
	bx	lr
.Ltmp46:
.Lfunc_end5:
	.size	fifo_read_isr, .Lfunc_end5-fifo_read_isr
	.cfi_endproc
	.cantunwind
	.fnend
                                        @ -- End function
	.section	.text.fifo_write_isr,"ax",%progbits
	.hidden	fifo_write_isr                  @ -- Begin function fifo_write_isr
	.globl	fifo_write_isr
	.p2align	1
	.type	fifo_write_isr,%function
	.code	16                              @ @fifo_write_isr
	.thumb_func
fifo_write_isr:
.Lfunc_begin6:
	.loc	1 283 0 is_stmt 1               @ source/fifo.c:283:0
	.fnstart
	.cfi_startproc
@ %bb.0:
	.pad	#12
	sub	sp, #12
	.cfi_def_cfa_offset 12
                                        @ kill: def $r2 killed $r1
	str	r0, [sp, #4]
	mov	r0, sp
	strb	r1, [r0]
.Ltmp47:
	.loc	1 284 5 prologue_end            @ source/fifo.c:284:5
	ldr	r0, [sp, #4]
	.loc	1 284 9 is_stmt 0               @ source/fifo.c:284:9
	ldrb	r0, [r0, #13]
.Ltmp48:
	.loc	1 284 5                         @ source/fifo.c:284:5
	cbz	r0, .LBB6_2
	b	.LBB6_1
.LBB6_1:
.Ltmp49:
	.loc	1 285 3 is_stmt 1               @ source/fifo.c:285:3
	ldr	r1, [sp, #4]
	movs	r0, #1
	.loc	1 285 20 is_stmt 0              @ source/fifo.c:285:20
	strb	r0, [r1, #14]
	add	r1, sp, #8
	.loc	1 286 3 is_stmt 1               @ source/fifo.c:286:3
	strb	r0, [r1]
	b	.LBB6_7
.Ltmp50:
.LBB6_2:
	.loc	1 0 3 is_stmt 0                 @ source/fifo.c:0:3
	mov	r0, sp
	.loc	1 289 18 is_stmt 1              @ source/fifo.c:289:18
	ldrb	r2, [r0]
	.loc	1 289 2 is_stmt 0               @ source/fifo.c:289:2
	ldr	r1, [sp, #4]
	.loc	1 289 15                        @ source/fifo.c:289:15
	ldrh	r0, [r1, #8]
	adds	r0, r0, r2
	strh	r0, [r1, #8]
	.loc	1 290 23 is_stmt 1              @ source/fifo.c:290:23
	ldr	r0, [sp]
	.loc	1 290 2 is_stmt 0               @ source/fifo.c:290:2
	ldr	r2, [sp, #4]
	.loc	1 290 6                         @ source/fifo.c:290:6
	ldr	r1, [r2, #4]
	.loc	1 290 14                        @ source/fifo.c:290:14
	ldrh	r2, [r2, #2]
	.loc	1 290 21                        @ source/fifo.c:290:21
	strb	r0, [r1, r2]
	.loc	1 291 2 is_stmt 1               @ source/fifo.c:291:2
	ldr	r1, [sp, #4]
	.loc	1 291 11 is_stmt 0              @ source/fifo.c:291:11
	ldrh	r0, [r1, #2]
	adds	r0, r0, #1
	strh	r0, [r1, #2]
	.loc	1 292 2 is_stmt 1               @ source/fifo.c:292:2
	ldr	r1, [sp, #4]
	.loc	1 292 10 is_stmt 0              @ source/fifo.c:292:10
	ldrh	r0, [r1, #16]
	adds	r0, r0, #1
	strh	r0, [r1, #16]
	.loc	1 293 4 is_stmt 1               @ source/fifo.c:293:4
	ldr	r1, [sp, #4]
	movs	r0, #0
	.loc	1 293 17 is_stmt 0              @ source/fifo.c:293:17
	strb	r0, [r1, #12]
.Ltmp51:
	.loc	1 295 6 is_stmt 1               @ source/fifo.c:295:6
	ldr	r1, [sp, #4]
	.loc	1 295 10 is_stmt 0              @ source/fifo.c:295:10
	ldrh	r0, [r1, #16]
	.loc	1 295 22                        @ source/fifo.c:295:22
	ldrh	r1, [r1, #18]
.Ltmp52:
	.loc	1 295 6                         @ source/fifo.c:295:6
	cmp	r0, r1
	bne	.LBB6_4
	b	.LBB6_3
.LBB6_3:
.Ltmp53:
	.loc	1 296 3 is_stmt 1               @ source/fifo.c:296:3
	ldr	r1, [sp, #4]
	movs	r0, #1
	.loc	1 296 15 is_stmt 0              @ source/fifo.c:296:15
	strb	r0, [r1, #13]
	.loc	1 297 2 is_stmt 1               @ source/fifo.c:297:2
	b	.LBB6_4
.Ltmp54:
.LBB6_4:
	.loc	1 299 6                         @ source/fifo.c:299:6
	ldr	r1, [sp, #4]
	.loc	1 299 10 is_stmt 0              @ source/fifo.c:299:10
	ldrh	r0, [r1, #2]
	.loc	1 299 23                        @ source/fifo.c:299:23
	ldrh	r1, [r1, #18]
.Ltmp55:
	.loc	1 299 6                         @ source/fifo.c:299:6
	cmp	r0, r1
	blt	.LBB6_6
	b	.LBB6_5
.LBB6_5:
.Ltmp56:
	.loc	1 300 3 is_stmt 1               @ source/fifo.c:300:3
	ldr	r1, [sp, #4]
	movs	r0, #0
	.loc	1 300 13 is_stmt 0              @ source/fifo.c:300:13
	strh	r0, [r1, #2]
	.loc	1 301 2 is_stmt 1               @ source/fifo.c:301:2
	b	.LBB6_6
.Ltmp57:
.LBB6_6:
	.loc	1 0 2 is_stmt 0                 @ source/fifo.c:0:2
	add	r1, sp, #8
	movs	r0, #0
	.loc	1 302 2 is_stmt 1               @ source/fifo.c:302:2
	strb	r0, [r1]
	b	.LBB6_7
.LBB6_7:
	.loc	1 0 2 is_stmt 0                 @ source/fifo.c:0:2
	add	r0, sp, #8
	.loc	1 303 1 is_stmt 1               @ source/fifo.c:303:1
	ldrb	r0, [r0]
	.loc	1 303 1 epilogue_begin is_stmt 0 @ source/fifo.c:303:1
	add	sp, #12
	bx	lr
.Ltmp58:
.Lfunc_end6:
	.size	fifo_write_isr, .Lfunc_end6-fifo_write_isr
	.cfi_endproc
	.cantunwind
	.fnend
                                        @ -- End function
	.file	2 "C:\\Users\\Anaya\\AppData\\Local\\Keil_v5\\ARM\\ARMCLANG\\bin\\..\\include" "stdint.h"
	.file	3 "D:\\work\\dheeraj\\local\\CEL\\CCC\\CCC_CPU0\\Code" "source/Include\\fifo.h"
	.section	.debug_abbrev,"",%progbits
	.byte	1                               @ Abbreviation Code
	.byte	17                              @ DW_TAG_compile_unit
	.byte	1                               @ DW_CHILDREN_yes
	.byte	37                              @ DW_AT_producer
	.byte	14                              @ DW_FORM_strp
	.byte	19                              @ DW_AT_language
	.byte	5                               @ DW_FORM_data2
	.byte	3                               @ DW_AT_name
	.byte	14                              @ DW_FORM_strp
	.byte	16                              @ DW_AT_stmt_list
	.byte	23                              @ DW_FORM_sec_offset
	.byte	27                              @ DW_AT_comp_dir
	.byte	14                              @ DW_FORM_strp
	.byte	17                              @ DW_AT_low_pc
	.byte	1                               @ DW_FORM_addr
	.byte	85                              @ DW_AT_ranges
	.byte	23                              @ DW_FORM_sec_offset
	.byte	0                               @ EOM(1)
	.byte	0                               @ EOM(2)
	.byte	2                               @ Abbreviation Code
	.byte	46                              @ DW_TAG_subprogram
	.byte	1                               @ DW_CHILDREN_yes
	.byte	17                              @ DW_AT_low_pc
	.byte	1                               @ DW_FORM_addr
	.byte	18                              @ DW_AT_high_pc
	.byte	6                               @ DW_FORM_data4
	.byte	64                              @ DW_AT_frame_base
	.byte	24                              @ DW_FORM_exprloc
	.byte	3                               @ DW_AT_name
	.byte	14                              @ DW_FORM_strp
	.byte	58                              @ DW_AT_decl_file
	.byte	11                              @ DW_FORM_data1
	.byte	59                              @ DW_AT_decl_line
	.byte	11                              @ DW_FORM_data1
	.byte	39                              @ DW_AT_prototyped
	.byte	25                              @ DW_FORM_flag_present
	.byte	73                              @ DW_AT_type
	.byte	19                              @ DW_FORM_ref4
	.byte	63                              @ DW_AT_external
	.byte	25                              @ DW_FORM_flag_present
	.byte	0                               @ EOM(1)
	.byte	0                               @ EOM(2)
	.byte	3                               @ Abbreviation Code
	.byte	5                               @ DW_TAG_formal_parameter
	.byte	0                               @ DW_CHILDREN_no
	.byte	2                               @ DW_AT_location
	.byte	24                              @ DW_FORM_exprloc
	.byte	3                               @ DW_AT_name
	.byte	14                              @ DW_FORM_strp
	.byte	58                              @ DW_AT_decl_file
	.byte	11                              @ DW_FORM_data1
	.byte	59                              @ DW_AT_decl_line
	.byte	11                              @ DW_FORM_data1
	.byte	73                              @ DW_AT_type
	.byte	19                              @ DW_FORM_ref4
	.byte	0                               @ EOM(1)
	.byte	0                               @ EOM(2)
	.byte	4                               @ Abbreviation Code
	.byte	46                              @ DW_TAG_subprogram
	.byte	1                               @ DW_CHILDREN_yes
	.byte	17                              @ DW_AT_low_pc
	.byte	1                               @ DW_FORM_addr
	.byte	18                              @ DW_AT_high_pc
	.byte	6                               @ DW_FORM_data4
	.byte	64                              @ DW_AT_frame_base
	.byte	24                              @ DW_FORM_exprloc
	.byte	3                               @ DW_AT_name
	.byte	14                              @ DW_FORM_strp
	.byte	58                              @ DW_AT_decl_file
	.byte	11                              @ DW_FORM_data1
	.byte	59                              @ DW_AT_decl_line
	.byte	11                              @ DW_FORM_data1
	.byte	39                              @ DW_AT_prototyped
	.byte	25                              @ DW_FORM_flag_present
	.byte	63                              @ DW_AT_external
	.byte	25                              @ DW_FORM_flag_present
	.byte	0                               @ EOM(1)
	.byte	0                               @ EOM(2)
	.byte	5                               @ Abbreviation Code
	.byte	52                              @ DW_TAG_variable
	.byte	0                               @ DW_CHILDREN_no
	.byte	2                               @ DW_AT_location
	.byte	24                              @ DW_FORM_exprloc
	.byte	3                               @ DW_AT_name
	.byte	14                              @ DW_FORM_strp
	.byte	58                              @ DW_AT_decl_file
	.byte	11                              @ DW_FORM_data1
	.byte	59                              @ DW_AT_decl_line
	.byte	11                              @ DW_FORM_data1
	.byte	73                              @ DW_AT_type
	.byte	19                              @ DW_FORM_ref4
	.byte	0                               @ EOM(1)
	.byte	0                               @ EOM(2)
	.byte	6                               @ Abbreviation Code
	.byte	46                              @ DW_TAG_subprogram
	.byte	1                               @ DW_CHILDREN_yes
	.byte	17                              @ DW_AT_low_pc
	.byte	1                               @ DW_FORM_addr
	.byte	18                              @ DW_AT_high_pc
	.byte	6                               @ DW_FORM_data4
	.byte	64                              @ DW_AT_frame_base
	.byte	24                              @ DW_FORM_exprloc
	.byte	3                               @ DW_AT_name
	.byte	14                              @ DW_FORM_strp
	.byte	58                              @ DW_AT_decl_file
	.byte	11                              @ DW_FORM_data1
	.byte	59                              @ DW_AT_decl_line
	.byte	5                               @ DW_FORM_data2
	.byte	39                              @ DW_AT_prototyped
	.byte	25                              @ DW_FORM_flag_present
	.byte	73                              @ DW_AT_type
	.byte	19                              @ DW_FORM_ref4
	.byte	63                              @ DW_AT_external
	.byte	25                              @ DW_FORM_flag_present
	.byte	0                               @ EOM(1)
	.byte	0                               @ EOM(2)
	.byte	7                               @ Abbreviation Code
	.byte	5                               @ DW_TAG_formal_parameter
	.byte	0                               @ DW_CHILDREN_no
	.byte	2                               @ DW_AT_location
	.byte	24                              @ DW_FORM_exprloc
	.byte	3                               @ DW_AT_name
	.byte	14                              @ DW_FORM_strp
	.byte	58                              @ DW_AT_decl_file
	.byte	11                              @ DW_FORM_data1
	.byte	59                              @ DW_AT_decl_line
	.byte	5                               @ DW_FORM_data2
	.byte	73                              @ DW_AT_type
	.byte	19                              @ DW_FORM_ref4
	.byte	0                               @ EOM(1)
	.byte	0                               @ EOM(2)
	.byte	8                               @ Abbreviation Code
	.byte	22                              @ DW_TAG_typedef
	.byte	0                               @ DW_CHILDREN_no
	.byte	73                              @ DW_AT_type
	.byte	19                              @ DW_FORM_ref4
	.byte	3                               @ DW_AT_name
	.byte	14                              @ DW_FORM_strp
	.byte	58                              @ DW_AT_decl_file
	.byte	11                              @ DW_FORM_data1
	.byte	59                              @ DW_AT_decl_line
	.byte	11                              @ DW_FORM_data1
	.byte	0                               @ EOM(1)
	.byte	0                               @ EOM(2)
	.byte	9                               @ Abbreviation Code
	.byte	36                              @ DW_TAG_base_type
	.byte	0                               @ DW_CHILDREN_no
	.byte	3                               @ DW_AT_name
	.byte	14                              @ DW_FORM_strp
	.byte	62                              @ DW_AT_encoding
	.byte	11                              @ DW_FORM_data1
	.byte	11                              @ DW_AT_byte_size
	.byte	11                              @ DW_FORM_data1
	.byte	0                               @ EOM(1)
	.byte	0                               @ EOM(2)
	.byte	10                              @ Abbreviation Code
	.byte	15                              @ DW_TAG_pointer_type
	.byte	0                               @ DW_CHILDREN_no
	.byte	73                              @ DW_AT_type
	.byte	19                              @ DW_FORM_ref4
	.byte	0                               @ EOM(1)
	.byte	0                               @ EOM(2)
	.byte	11                              @ Abbreviation Code
	.byte	19                              @ DW_TAG_structure_type
	.byte	1                               @ DW_CHILDREN_yes
	.byte	11                              @ DW_AT_byte_size
	.byte	11                              @ DW_FORM_data1
	.byte	58                              @ DW_AT_decl_file
	.byte	11                              @ DW_FORM_data1
	.byte	59                              @ DW_AT_decl_line
	.byte	11                              @ DW_FORM_data1
	.byte	0                               @ EOM(1)
	.byte	0                               @ EOM(2)
	.byte	12                              @ Abbreviation Code
	.byte	13                              @ DW_TAG_member
	.byte	0                               @ DW_CHILDREN_no
	.byte	3                               @ DW_AT_name
	.byte	14                              @ DW_FORM_strp
	.byte	73                              @ DW_AT_type
	.byte	19                              @ DW_FORM_ref4
	.byte	58                              @ DW_AT_decl_file
	.byte	11                              @ DW_FORM_data1
	.byte	59                              @ DW_AT_decl_line
	.byte	11                              @ DW_FORM_data1
	.byte	56                              @ DW_AT_data_member_location
	.byte	11                              @ DW_FORM_data1
	.byte	0                               @ EOM(1)
	.byte	0                               @ EOM(2)
	.byte	0                               @ EOM(3)
	.section	.debug_info,"",%progbits
.Lcu_begin0:
	.long	.Ldebug_info_end0-.Ldebug_info_start0 @ Length of Unit
.Ldebug_info_start0:
	.short	4                               @ DWARF version number
	.long	.debug_abbrev                   @ Offset Into Abbrev. Section
	.byte	4                               @ Address Size (in bytes)
	.byte	1                               @ Abbrev [1] 0xb:0x25e DW_TAG_compile_unit
	.long	.Linfo_string0                  @ DW_AT_producer
	.short	29                              @ DW_AT_language
	.long	.Linfo_string1                  @ DW_AT_name
	.long	.Lline_table_start0             @ DW_AT_stmt_list
	.long	.Linfo_string2                  @ DW_AT_comp_dir
	.long	0                               @ DW_AT_low_pc
	.long	.Ldebug_ranges0                 @ DW_AT_ranges
	.byte	2                               @ Abbrev [2] 0x26:0x40 DW_TAG_subprogram
	.long	.Lfunc_begin0                   @ DW_AT_low_pc
	.long	.Lfunc_end0-.Lfunc_begin0       @ DW_AT_high_pc
	.byte	1                               @ DW_AT_frame_base
	.byte	93
	.long	.Linfo_string3                  @ DW_AT_name
	.byte	1                               @ DW_AT_decl_file
	.byte	46                              @ DW_AT_decl_line
                                        @ DW_AT_prototyped
	.long	415                             @ DW_AT_type
                                        @ DW_AT_external
	.byte	3                               @ Abbrev [3] 0x3b:0xe DW_TAG_formal_parameter
	.byte	2                               @ DW_AT_location
	.byte	145
	.byte	8
	.long	.Linfo_string12                 @ DW_AT_name
	.byte	1                               @ DW_AT_decl_file
	.byte	46                              @ DW_AT_decl_line
	.long	433                             @ DW_AT_type
	.byte	3                               @ Abbrev [3] 0x49:0xe DW_TAG_formal_parameter
	.byte	2                               @ DW_AT_location
	.byte	145
	.byte	4
	.long	.Linfo_string27                 @ DW_AT_name
	.byte	1                               @ DW_AT_decl_file
	.byte	46                              @ DW_AT_decl_line
	.long	604                             @ DW_AT_type
	.byte	3                               @ Abbrev [3] 0x57:0xe DW_TAG_formal_parameter
	.byte	2                               @ DW_AT_location
	.byte	145
	.byte	0
	.long	.Linfo_string25                 @ DW_AT_name
	.byte	1                               @ DW_AT_decl_file
	.byte	46                              @ DW_AT_decl_line
	.long	609                             @ DW_AT_type
	.byte	0                               @ End Of Children Mark
	.byte	2                               @ Abbrev [2] 0x66:0x24 DW_TAG_subprogram
	.long	.Lfunc_begin1                   @ DW_AT_low_pc
	.long	.Lfunc_end1-.Lfunc_begin1       @ DW_AT_high_pc
	.byte	1                               @ DW_AT_frame_base
	.byte	93
	.long	.Linfo_string6                  @ DW_AT_name
	.byte	1                               @ DW_AT_decl_file
	.byte	79                              @ DW_AT_decl_line
                                        @ DW_AT_prototyped
	.long	415                             @ DW_AT_type
                                        @ DW_AT_external
	.byte	3                               @ Abbrev [3] 0x7b:0xe DW_TAG_formal_parameter
	.byte	2                               @ DW_AT_location
	.byte	145
	.byte	0
	.long	.Linfo_string12                 @ DW_AT_name
	.byte	1                               @ DW_AT_decl_file
	.byte	79                              @ DW_AT_decl_line
	.long	433                             @ DW_AT_type
	.byte	0                               @ End Of Children Mark
	.byte	2                               @ Abbrev [2] 0x8a:0x32 DW_TAG_subprogram
	.long	.Lfunc_begin2                   @ DW_AT_low_pc
	.long	.Lfunc_end2-.Lfunc_begin2       @ DW_AT_high_pc
	.byte	1                               @ DW_AT_frame_base
	.byte	93
	.long	.Linfo_string7                  @ DW_AT_name
	.byte	1                               @ DW_AT_decl_file
	.byte	112                             @ DW_AT_decl_line
                                        @ DW_AT_prototyped
	.long	415                             @ DW_AT_type
                                        @ DW_AT_external
	.byte	3                               @ Abbrev [3] 0x9f:0xe DW_TAG_formal_parameter
	.byte	2                               @ DW_AT_location
	.byte	145
	.byte	4
	.long	.Linfo_string12                 @ DW_AT_name
	.byte	1                               @ DW_AT_decl_file
	.byte	112                             @ DW_AT_decl_line
	.long	433                             @ DW_AT_type
	.byte	3                               @ Abbrev [3] 0xad:0xe DW_TAG_formal_parameter
	.byte	2                               @ DW_AT_location
	.byte	145
	.byte	0
	.long	.Linfo_string29                 @ DW_AT_name
	.byte	1                               @ DW_AT_decl_file
	.byte	112                             @ DW_AT_decl_line
	.long	604                             @ DW_AT_type
	.byte	0                               @ End Of Children Mark
	.byte	2                               @ Abbrev [2] 0xbc:0x32 DW_TAG_subprogram
	.long	.Lfunc_begin3                   @ DW_AT_low_pc
	.long	.Lfunc_end3-.Lfunc_begin3       @ DW_AT_high_pc
	.byte	1                               @ DW_AT_frame_base
	.byte	93
	.long	.Linfo_string8                  @ DW_AT_name
	.byte	1                               @ DW_AT_decl_file
	.byte	161                             @ DW_AT_decl_line
                                        @ DW_AT_prototyped
	.long	415                             @ DW_AT_type
                                        @ DW_AT_external
	.byte	3                               @ Abbrev [3] 0xd1:0xe DW_TAG_formal_parameter
	.byte	2                               @ DW_AT_location
	.byte	145
	.byte	4
	.long	.Linfo_string12                 @ DW_AT_name
	.byte	1                               @ DW_AT_decl_file
	.byte	161                             @ DW_AT_decl_line
	.long	433                             @ DW_AT_type
	.byte	3                               @ Abbrev [3] 0xdf:0xe DW_TAG_formal_parameter
	.byte	2                               @ DW_AT_location
	.byte	145
	.byte	0
	.long	.Linfo_string29                 @ DW_AT_name
	.byte	1                               @ DW_AT_decl_file
	.byte	161                             @ DW_AT_decl_line
	.long	415                             @ DW_AT_type
	.byte	0                               @ End Of Children Mark
	.byte	4                               @ Abbrev [4] 0xee:0x4a DW_TAG_subprogram
	.long	.Lfunc_begin4                   @ DW_AT_low_pc
	.long	.Lfunc_end4-.Lfunc_begin4       @ DW_AT_high_pc
	.byte	1                               @ DW_AT_frame_base
	.byte	93
	.long	.Linfo_string9                  @ DW_AT_name
	.byte	1                               @ DW_AT_decl_file
	.byte	208                             @ DW_AT_decl_line
                                        @ DW_AT_prototyped
                                        @ DW_AT_external
	.byte	3                               @ Abbrev [3] 0xff:0xe DW_TAG_formal_parameter
	.byte	2                               @ DW_AT_location
	.byte	145
	.byte	12
	.long	.Linfo_string30                 @ DW_AT_name
	.byte	1                               @ DW_AT_decl_file
	.byte	208                             @ DW_AT_decl_line
	.long	433                             @ DW_AT_type
	.byte	3                               @ Abbrev [3] 0x10d:0xe DW_TAG_formal_parameter
	.byte	2                               @ DW_AT_location
	.byte	145
	.byte	8
	.long	.Linfo_string17                 @ DW_AT_name
	.byte	1                               @ DW_AT_decl_file
	.byte	208                             @ DW_AT_decl_line
	.long	604                             @ DW_AT_type
	.byte	3                               @ Abbrev [3] 0x11b:0xe DW_TAG_formal_parameter
	.byte	2                               @ DW_AT_location
	.byte	145
	.byte	4
	.long	.Linfo_string31                 @ DW_AT_name
	.byte	1                               @ DW_AT_decl_file
	.byte	208                             @ DW_AT_decl_line
	.long	415                             @ DW_AT_type
	.byte	5                               @ Abbrev [5] 0x129:0xe DW_TAG_variable
	.byte	2                               @ DW_AT_location
	.byte	145
	.byte	0
	.long	.Linfo_string32                 @ DW_AT_name
	.byte	1                               @ DW_AT_decl_file
	.byte	209                             @ DW_AT_decl_line
	.long	415                             @ DW_AT_type
	.byte	0                               @ End Of Children Mark
	.byte	2                               @ Abbrev [2] 0x138:0x32 DW_TAG_subprogram
	.long	.Lfunc_begin5                   @ DW_AT_low_pc
	.long	.Lfunc_end5-.Lfunc_begin5       @ DW_AT_high_pc
	.byte	1                               @ DW_AT_frame_base
	.byte	93
	.long	.Linfo_string10                 @ DW_AT_name
	.byte	1                               @ DW_AT_decl_file
	.byte	238                             @ DW_AT_decl_line
                                        @ DW_AT_prototyped
	.long	415                             @ DW_AT_type
                                        @ DW_AT_external
	.byte	3                               @ Abbrev [3] 0x14d:0xe DW_TAG_formal_parameter
	.byte	2                               @ DW_AT_location
	.byte	145
	.byte	4
	.long	.Linfo_string12                 @ DW_AT_name
	.byte	1                               @ DW_AT_decl_file
	.byte	238                             @ DW_AT_decl_line
	.long	433                             @ DW_AT_type
	.byte	3                               @ Abbrev [3] 0x15b:0xe DW_TAG_formal_parameter
	.byte	2                               @ DW_AT_location
	.byte	145
	.byte	0
	.long	.Linfo_string29                 @ DW_AT_name
	.byte	1                               @ DW_AT_decl_file
	.byte	238                             @ DW_AT_decl_line
	.long	604                             @ DW_AT_type
	.byte	0                               @ End Of Children Mark
	.byte	6                               @ Abbrev [6] 0x16a:0x35 DW_TAG_subprogram
	.long	.Lfunc_begin6                   @ DW_AT_low_pc
	.long	.Lfunc_end6-.Lfunc_begin6       @ DW_AT_high_pc
	.byte	1                               @ DW_AT_frame_base
	.byte	93
	.long	.Linfo_string11                 @ DW_AT_name
	.byte	1                               @ DW_AT_decl_file
	.short	283                             @ DW_AT_decl_line
                                        @ DW_AT_prototyped
	.long	415                             @ DW_AT_type
                                        @ DW_AT_external
	.byte	7                               @ Abbrev [7] 0x180:0xf DW_TAG_formal_parameter
	.byte	2                               @ DW_AT_location
	.byte	145
	.byte	4
	.long	.Linfo_string12                 @ DW_AT_name
	.byte	1                               @ DW_AT_decl_file
	.short	283                             @ DW_AT_decl_line
	.long	433                             @ DW_AT_type
	.byte	7                               @ Abbrev [7] 0x18f:0xf DW_TAG_formal_parameter
	.byte	2                               @ DW_AT_location
	.byte	145
	.byte	0
	.long	.Linfo_string29                 @ DW_AT_name
	.byte	1                               @ DW_AT_decl_file
	.short	283                             @ DW_AT_decl_line
	.long	415                             @ DW_AT_type
	.byte	0                               @ End Of Children Mark
	.byte	8                               @ Abbrev [8] 0x19f:0xb DW_TAG_typedef
	.long	426                             @ DW_AT_type
	.long	.Linfo_string5                  @ DW_AT_name
	.byte	2                               @ DW_AT_decl_file
	.byte	62                              @ DW_AT_decl_line
	.byte	9                               @ Abbrev [9] 0x1aa:0x7 DW_TAG_base_type
	.long	.Linfo_string4                  @ DW_AT_name
	.byte	8                               @ DW_AT_encoding
	.byte	1                               @ DW_AT_byte_size
	.byte	10                              @ Abbrev [10] 0x1b1:0x5 DW_TAG_pointer_type
	.long	438                             @ DW_AT_type
	.byte	8                               @ Abbrev [8] 0x1b6:0xb DW_TAG_typedef
	.long	449                             @ DW_AT_type
	.long	.Linfo_string26                 @ DW_AT_name
	.byte	3                               @ DW_AT_decl_file
	.byte	33                              @ DW_AT_decl_line
	.byte	11                              @ Abbrev [11] 0x1c1:0x89 DW_TAG_structure_type
	.byte	20                              @ DW_AT_byte_size
	.byte	3                               @ DW_AT_decl_file
	.byte	21                              @ DW_AT_decl_line
	.byte	12                              @ Abbrev [12] 0x1c5:0xc DW_TAG_member
	.long	.Linfo_string13                 @ DW_AT_name
	.long	586                             @ DW_AT_type
	.byte	3                               @ DW_AT_decl_file
	.byte	22                              @ DW_AT_decl_line
	.byte	0                               @ DW_AT_data_member_location
	.byte	12                              @ Abbrev [12] 0x1d1:0xc DW_TAG_member
	.long	.Linfo_string16                 @ DW_AT_name
	.long	586                             @ DW_AT_type
	.byte	3                               @ DW_AT_decl_file
	.byte	23                              @ DW_AT_decl_line
	.byte	2                               @ DW_AT_data_member_location
	.byte	12                              @ Abbrev [12] 0x1dd:0xc DW_TAG_member
	.long	.Linfo_string17                 @ DW_AT_name
	.long	604                             @ DW_AT_type
	.byte	3                               @ DW_AT_decl_file
	.byte	24                              @ DW_AT_decl_line
	.byte	4                               @ DW_AT_data_member_location
	.byte	12                              @ Abbrev [12] 0x1e9:0xc DW_TAG_member
	.long	.Linfo_string18                 @ DW_AT_name
	.long	586                             @ DW_AT_type
	.byte	3                               @ DW_AT_decl_file
	.byte	25                              @ DW_AT_decl_line
	.byte	8                               @ DW_AT_data_member_location
	.byte	12                              @ Abbrev [12] 0x1f5:0xc DW_TAG_member
	.long	.Linfo_string19                 @ DW_AT_name
	.long	586                             @ DW_AT_type
	.byte	3                               @ DW_AT_decl_file
	.byte	26                              @ DW_AT_decl_line
	.byte	10                              @ DW_AT_data_member_location
	.byte	12                              @ Abbrev [12] 0x201:0xc DW_TAG_member
	.long	.Linfo_string20                 @ DW_AT_name
	.long	415                             @ DW_AT_type
	.byte	3                               @ DW_AT_decl_file
	.byte	27                              @ DW_AT_decl_line
	.byte	12                              @ DW_AT_data_member_location
	.byte	12                              @ Abbrev [12] 0x20d:0xc DW_TAG_member
	.long	.Linfo_string21                 @ DW_AT_name
	.long	415                             @ DW_AT_type
	.byte	3                               @ DW_AT_decl_file
	.byte	28                              @ DW_AT_decl_line
	.byte	13                              @ DW_AT_data_member_location
	.byte	12                              @ Abbrev [12] 0x219:0xc DW_TAG_member
	.long	.Linfo_string22                 @ DW_AT_name
	.long	415                             @ DW_AT_type
	.byte	3                               @ DW_AT_decl_file
	.byte	29                              @ DW_AT_decl_line
	.byte	14                              @ DW_AT_data_member_location
	.byte	12                              @ Abbrev [12] 0x225:0xc DW_TAG_member
	.long	.Linfo_string23                 @ DW_AT_name
	.long	415                             @ DW_AT_type
	.byte	3                               @ DW_AT_decl_file
	.byte	30                              @ DW_AT_decl_line
	.byte	15                              @ DW_AT_data_member_location
	.byte	12                              @ Abbrev [12] 0x231:0xc DW_TAG_member
	.long	.Linfo_string24                 @ DW_AT_name
	.long	586                             @ DW_AT_type
	.byte	3                               @ DW_AT_decl_file
	.byte	31                              @ DW_AT_decl_line
	.byte	16                              @ DW_AT_data_member_location
	.byte	12                              @ Abbrev [12] 0x23d:0xc DW_TAG_member
	.long	.Linfo_string25                 @ DW_AT_name
	.long	586                             @ DW_AT_type
	.byte	3                               @ DW_AT_decl_file
	.byte	32                              @ DW_AT_decl_line
	.byte	18                              @ DW_AT_data_member_location
	.byte	0                               @ End Of Children Mark
	.byte	8                               @ Abbrev [8] 0x24a:0xb DW_TAG_typedef
	.long	597                             @ DW_AT_type
	.long	.Linfo_string15                 @ DW_AT_name
	.byte	2                               @ DW_AT_decl_file
	.byte	63                              @ DW_AT_decl_line
	.byte	9                               @ Abbrev [9] 0x255:0x7 DW_TAG_base_type
	.long	.Linfo_string14                 @ DW_AT_name
	.byte	7                               @ DW_AT_encoding
	.byte	2                               @ DW_AT_byte_size
	.byte	10                              @ Abbrev [10] 0x25c:0x5 DW_TAG_pointer_type
	.long	415                             @ DW_AT_type
	.byte	9                               @ Abbrev [9] 0x261:0x7 DW_TAG_base_type
	.long	.Linfo_string28                 @ DW_AT_name
	.byte	5                               @ DW_AT_encoding
	.byte	4                               @ DW_AT_byte_size
	.byte	0                               @ End Of Children Mark
.Ldebug_info_end0:
	.section	.debug_ranges,"",%progbits
.Ldebug_ranges0:
	.long	.Lfunc_begin0
	.long	.Lfunc_end0
	.long	.Lfunc_begin1
	.long	.Lfunc_end1
	.long	.Lfunc_begin2
	.long	.Lfunc_end2
	.long	.Lfunc_begin3
	.long	.Lfunc_end3
	.long	.Lfunc_begin4
	.long	.Lfunc_end4
	.long	.Lfunc_begin5
	.long	.Lfunc_end5
	.long	.Lfunc_begin6
	.long	.Lfunc_end6
	.long	0
	.long	0
	.section	.debug_str,"MS",%progbits,1
.Linfo_string0:
	.asciz	"Component: Arm Compiler for Embedded 6.24 Tool: armclang [5f371800]" @ string offset=0
.Linfo_string1:
	.asciz	"source\\fifo.c"                @ string offset=68
.Linfo_string2:
	.asciz	"D:\\work\\dheeraj\\local\\CEL\\CCC\\CCC_CPU0\\Code" @ string offset=82
.Linfo_string3:
	.asciz	"fifo_init"                     @ string offset=126
.Linfo_string4:
	.asciz	"unsigned char"                 @ string offset=136
.Linfo_string5:
	.asciz	"uint8_t"                       @ string offset=150
.Linfo_string6:
	.asciz	"fifo_reset"                    @ string offset=158
.Linfo_string7:
	.asciz	"fifo_read"                     @ string offset=169
.Linfo_string8:
	.asciz	"fifo_write"                    @ string offset=179
.Linfo_string9:
	.asciz	"fifo_write_bytes"              @ string offset=190
.Linfo_string10:
	.asciz	"fifo_read_isr"                 @ string offset=207
.Linfo_string11:
	.asciz	"fifo_write_isr"                @ string offset=221
.Linfo_string12:
	.asciz	"pf"                            @ string offset=236
.Linfo_string13:
	.asciz	"rdptr"                         @ string offset=239
.Linfo_string14:
	.asciz	"unsigned short"                @ string offset=245
.Linfo_string15:
	.asciz	"uint16_t"                      @ string offset=260
.Linfo_string16:
	.asciz	"wrptr"                         @ string offset=269
.Linfo_string17:
	.asciz	"buf"                           @ string offset=275
.Linfo_string18:
	.asciz	"cksum_wr"                      @ string offset=279
.Linfo_string19:
	.asciz	"cksum_rd"                      @ string offset=288
.Linfo_string20:
	.asciz	"is_empty"                      @ string offset=297
.Linfo_string21:
	.asciz	"is_full"                       @ string offset=306
.Linfo_string22:
	.asciz	"err_overflow"                  @ string offset=314
.Linfo_string23:
	.asciz	"err_underrun"                  @ string offset=327
.Linfo_string24:
	.asciz	"fill"                          @ string offset=340
.Linfo_string25:
	.asciz	"bufsize"                       @ string offset=345
.Linfo_string26:
	.asciz	"fifo_t"                        @ string offset=353
.Linfo_string27:
	.asciz	"pbuf"                          @ string offset=360
.Linfo_string28:
	.asciz	"int"                           @ string offset=365
.Linfo_string29:
	.asciz	"data"                          @ string offset=369
.Linfo_string30:
	.asciz	"f"                             @ string offset=374
.Linfo_string31:
	.asciz	"nr_bytes"                      @ string offset=376
.Linfo_string32:
	.asciz	"i"                             @ string offset=385
	.ident	"Component: Arm Compiler for Embedded 6.24 Tool: armclang [5f371800]"
	.section	".note.GNU-stack","",%progbits
	.eabi_attribute	30, 6	@ Tag_ABI_optimization_goals
	.ARM_attribute	16, 1	@ Tag_AV_eba
	.section	.debug_line,"",%progbits
.Lline_table_start0:
