	.text
	.syntax unified
	.eabi_attribute	67, "2.09"	@ Tag_conformance
	.cpu	cortex-m23
	.eabi_attribute	6, 16	@ Tag_CPU_arch
	.eabi_attribute	7, 77	@ Tag_CPU_arch_profile
	.eabi_attribute	8, 0	@ Tag_ARM_ISA_use
	.eabi_attribute	9, 3	@ Tag_THUMB_ISA_use
	.eabi_attribute	34, 0	@ Tag_CPU_unaligned_access
	.eabi_attribute	17, 1	@ Tag_ABI_PCS_GOT_use
	.eabi_attribute	20, 2	@ Tag_ABI_FP_denormal
	.eabi_attribute	21, 0	@ Tag_ABI_FP_exceptions
	.eabi_attribute	23, 1	@ Tag_ABI_FP_number_model
	.eabi_attribute	24, 1	@ Tag_ABI_align_needed
	.eabi_attribute	25, 1	@ Tag_ABI_align_preserved
	.eabi_attribute	38, 1	@ Tag_ABI_FP_16bit_format
	.eabi_attribute	18, 4	@ Tag_ABI_PCS_wchar_t
	.eabi_attribute	26, 2	@ Tag_ABI_enum_size
	.eabi_attribute	14, 0	@ Tag_ABI_PCS_R9_use
	.file	"retarget.c"
	.file	1 "D:\\work\\dheeraj\\local\\CEL\\CCC\\CCC_CPU0\\Code" "../../CCC_common/Library/StdDriver/src/retarget.c"
	.file	2 "C:\\Users\\Anaya\\AppData\\Local\\Keil_v5\\ARM\\ARMCLANG\\bin\\..\\include" "stdio.h"
	.file	3 "C:\\Users\\Anaya\\AppData\\Local\\Keil_v5\\ARM\\ARMCLANG\\bin\\..\\include" "stdint.h"
	.file	4 "D:\\work\\dheeraj\\local\\CEL\\CCC\\CCC_CPU0\\Code" "../../CCC_common/Library/Device/Nuvoton/M261/Include\\uart_reg.h"
	.section	.text.ProcessHardFault,"ax",%progbits
	.hidden	ProcessHardFault                @ -- Begin function ProcessHardFault
	.weak	ProcessHardFault
	.p2align	2
	.type	ProcessHardFault,%function
	.code	16                              @ @ProcessHardFault
	.thumb_func
ProcessHardFault:
.Lfunc_begin0:
	.loc	1 193 0                         @ ../../CCC_common/Library/StdDriver/src/retarget.c:193:0
	.fnstart
	.cfi_sections .debug_frame
	.cfi_startproc
@ %bb.0:
	.save	{r7, lr}
	push	{r7, lr}
	.cfi_def_cfa_offset 8
	.cfi_offset lr, -4
	.cfi_offset r7, -8
	.pad	#16
	sub	sp, #16
	.cfi_def_cfa_offset 24
	str	r0, [sp, #12]
	str	r1, [sp, #8]
	str	r2, [sp, #4]
	add	r0, sp, #12
.Ltmp0:
	.loc	1 199 8 prologue_end            @ ../../CCC_common/Library/StdDriver/src/retarget.c:199:8
	ldrb	r0, [r0]
	lsls	r0, r0, #25
	cmp	r0, #0
	bpl	.LBB0_5
	b	.LBB0_1
.LBB0_1:
	.loc	1 0 8 is_stmt 0                 @ ../../CCC_common/Library/StdDriver/src/retarget.c:0:8
	add	r0, sp, #12
.Ltmp1:
	.loc	1 202 12 is_stmt 1              @ ../../CCC_common/Library/StdDriver/src/retarget.c:202:12
	ldrb	r0, [r0]
	lsls	r0, r0, #29
	cmp	r0, #0
	bpl	.LBB0_3
	b	.LBB0_2
.LBB0_2:
.Ltmp2:
	.loc	1 204 30                        @ ../../CCC_common/Library/StdDriver/src/retarget.c:204:30
	ldr	r0, [sp, #4]
	.loc	1 204 16 is_stmt 0              @ ../../CCC_common/Library/StdDriver/src/retarget.c:204:16
	str	r0, [sp]
	.loc	1 205 9 is_stmt 1               @ ../../CCC_common/Library/StdDriver/src/retarget.c:205:9
	b	.LBB0_4
.Ltmp3:
.LBB0_3:
	.loc	1 208 30                        @ ../../CCC_common/Library/StdDriver/src/retarget.c:208:30
	ldr	r0, [sp, #8]
	.loc	1 208 16 is_stmt 0              @ ../../CCC_common/Library/StdDriver/src/retarget.c:208:16
	str	r0, [sp]
	b	.LBB0_4
.Ltmp4:
.LBB0_4:
	.loc	1 211 5 is_stmt 1               @ ../../CCC_common/Library/StdDriver/src/retarget.c:211:5
	b	.LBB0_5
.Ltmp5:
.LBB0_5:
	.loc	1 225 5                         @ ../../CCC_common/Library/StdDriver/src/retarget.c:225:5
	ldr	r0, __arm_cp.0_0
	bl	printf
	.loc	1 227 28                        @ ../../CCC_common/Library/StdDriver/src/retarget.c:227:28
	ldr	r0, [sp]
	ldr	r1, [r0]
	.loc	1 227 5 is_stmt 0               @ ../../CCC_common/Library/StdDriver/src/retarget.c:227:5
	ldr	r0, __arm_cp.0_1
	bl	printf
	.loc	1 228 28 is_stmt 1              @ ../../CCC_common/Library/StdDriver/src/retarget.c:228:28
	ldr	r0, [sp]
	ldr	r1, [r0, #4]
	.loc	1 228 5 is_stmt 0               @ ../../CCC_common/Library/StdDriver/src/retarget.c:228:5
	ldr	r0, __arm_cp.0_2
	bl	printf
	.loc	1 229 28 is_stmt 1              @ ../../CCC_common/Library/StdDriver/src/retarget.c:229:28
	ldr	r0, [sp]
	ldr	r1, [r0, #8]
	.loc	1 229 5 is_stmt 0               @ ../../CCC_common/Library/StdDriver/src/retarget.c:229:5
	ldr	r0, __arm_cp.0_3
	bl	printf
	.loc	1 230 28 is_stmt 1              @ ../../CCC_common/Library/StdDriver/src/retarget.c:230:28
	ldr	r0, [sp]
	ldr	r1, [r0, #12]
	.loc	1 230 5 is_stmt 0               @ ../../CCC_common/Library/StdDriver/src/retarget.c:230:5
	ldr	r0, __arm_cp.0_4
	bl	printf
	.loc	1 231 28 is_stmt 1              @ ../../CCC_common/Library/StdDriver/src/retarget.c:231:28
	ldr	r0, [sp]
	ldr	r1, [r0, #16]
	.loc	1 231 5 is_stmt 0               @ ../../CCC_common/Library/StdDriver/src/retarget.c:231:5
	ldr	r0, __arm_cp.0_5
	bl	printf
	.loc	1 232 28 is_stmt 1              @ ../../CCC_common/Library/StdDriver/src/retarget.c:232:28
	ldr	r0, [sp]
	ldr	r1, [r0, #20]
	.loc	1 232 5 is_stmt 0               @ ../../CCC_common/Library/StdDriver/src/retarget.c:232:5
	ldr	r0, __arm_cp.0_6
	bl	printf
	.loc	1 233 28 is_stmt 1              @ ../../CCC_common/Library/StdDriver/src/retarget.c:233:28
	ldr	r0, [sp]
	ldr	r1, [r0, #24]
	.loc	1 233 5 is_stmt 0               @ ../../CCC_common/Library/StdDriver/src/retarget.c:233:5
	ldr	r0, __arm_cp.0_7
	bl	printf
	.loc	1 234 28 is_stmt 1              @ ../../CCC_common/Library/StdDriver/src/retarget.c:234:28
	ldr	r0, [sp]
	ldr	r1, [r0, #28]
	.loc	1 234 5 is_stmt 0               @ ../../CCC_common/Library/StdDriver/src/retarget.c:234:5
	ldr	r0, __arm_cp.0_8
	bl	printf
	.loc	1 238 5 is_stmt 1               @ ../../CCC_common/Library/StdDriver/src/retarget.c:238:5
	b	.LBB0_6
.LBB0_6:                                @ =>This Inner Loop Header: Depth=1
	.loc	1 238 15 is_stmt 0              @ ../../CCC_common/Library/StdDriver/src/retarget.c:238:15
	ldr	r0, [sp]
	.loc	1 238 14                        @ ../../CCC_common/Library/StdDriver/src/retarget.c:238:14
	ldr	r0, [r0]
	movs	r1, #1
	.loc	1 238 13                        @ ../../CCC_common/Library/StdDriver/src/retarget.c:238:13
	orrs	r0, r1
	.loc	1 238 5                         @ ../../CCC_common/Library/StdDriver/src/retarget.c:238:5
	cbz	r0, .LBB0_8
	b	.LBB0_7
.LBB0_7:                                @   in Loop: Header=BB0_6 Depth=1
	b	.LBB0_6
.LBB0_8:
	.loc	1 240 12 is_stmt 1              @ ../../CCC_common/Library/StdDriver/src/retarget.c:240:12
	ldr	r0, [sp, #12]
	.loc	1 240 5 epilogue_begin is_stmt 0 @ ../../CCC_common/Library/StdDriver/src/retarget.c:240:5
	add	sp, #16
	pop	{r7, pc}
.Ltmp6:
	.loc	1 0 5                           @ :0:5
.Ltmp7:
	.p2align	2
@ %bb.9:
__arm_cp.0_0:
	.long	.L.str
.Lcpi_end0:
	.size	__arm_cp.0_0, .Lcpi_end0-__arm_cp.0_0
__arm_cp.0_1:
	.long	.L.str.1
.Lcpi_end1:
	.size	__arm_cp.0_1, .Lcpi_end1-__arm_cp.0_1
__arm_cp.0_2:
	.long	.L.str.2
.Lcpi_end2:
	.size	__arm_cp.0_2, .Lcpi_end2-__arm_cp.0_2
__arm_cp.0_3:
	.long	.L.str.3
.Lcpi_end3:
	.size	__arm_cp.0_3, .Lcpi_end3-__arm_cp.0_3
__arm_cp.0_4:
	.long	.L.str.4
.Lcpi_end4:
	.size	__arm_cp.0_4, .Lcpi_end4-__arm_cp.0_4
__arm_cp.0_5:
	.long	.L.str.5
.Lcpi_end5:
	.size	__arm_cp.0_5, .Lcpi_end5-__arm_cp.0_5
__arm_cp.0_6:
	.long	.L.str.6
.Lcpi_end6:
	.size	__arm_cp.0_6, .Lcpi_end6-__arm_cp.0_6
__arm_cp.0_7:
	.long	.L.str.7
.Lcpi_end7:
	.size	__arm_cp.0_7, .Lcpi_end7-__arm_cp.0_7
__arm_cp.0_8:
	.long	.L.str.8
.Lcpi_end8:
	.size	__arm_cp.0_8, .Lcpi_end8-__arm_cp.0_8
.Lfunc_end0:
	.size	ProcessHardFault, .Lfunc_end0-ProcessHardFault
	.cfi_endproc
	.cantunwind
	.fnend
                                        @ -- End function
	.section	.text.SH_Return,"ax",%progbits
	.hidden	SH_Return                       @ -- Begin function SH_Return
	.globl	SH_Return
	.p2align	1
	.type	SH_Return,%function
	.code	16                              @ @SH_Return
	.thumb_func
SH_Return:
.Lfunc_begin1:
	.loc	1 245 0 is_stmt 1               @ ../../CCC_common/Library/StdDriver/src/retarget.c:245:0
	.fnstart
	.cfi_startproc
@ %bb.0:
	.pad	#12
	sub	sp, #12
	.cfi_def_cfa_offset 12
	str	r0, [sp, #8]
	str	r1, [sp, #4]
	str	r2, [sp]
	movs	r0, #0
.Ltmp8:
	.loc	1 246 5 prologue_end epilogue_begin @ ../../CCC_common/Library/StdDriver/src/retarget.c:246:5
	add	sp, #12
	bx	lr
.Ltmp9:
.Lfunc_end1:
	.size	SH_Return, .Lfunc_end1-SH_Return
	.cfi_endproc
	.cantunwind
	.fnend
                                        @ -- End function
	.section	.text.SendChar_ToUART,"ax",%progbits
	.hidden	SendChar_ToUART                 @ -- Begin function SendChar_ToUART
	.globl	SendChar_ToUART
	.p2align	2
	.type	SendChar_ToUART,%function
	.code	16                              @ @SendChar_ToUART
	.thumb_func
SendChar_ToUART:
.Lfunc_begin2:
	.loc	1 263 0                         @ ../../CCC_common/Library/StdDriver/src/retarget.c:263:0
	.fnstart
	.cfi_startproc
@ %bb.0:
	.pad	#4
	sub	sp, #4
	.cfi_def_cfa_offset 4
	str	r0, [sp]
.Ltmp10:
	.loc	1 265 5 prologue_end            @ ../../CCC_common/Library/StdDriver/src/retarget.c:265:5
	b	.LBB2_1
.LBB2_1:                                @ =>This Inner Loop Header: Depth=1
	.loc	1 0 5 is_stmt 0                 @ ../../CCC_common/Library/StdDriver/src/retarget.c:0:5
	ldr	r0, __arm_cp.2_0
	.loc	1 265 23                        @ ../../CCC_common/Library/StdDriver/src/retarget.c:265:23
	ldr	r0, [r0]
	.loc	1 265 5                         @ ../../CCC_common/Library/StdDriver/src/retarget.c:265:5
	lsls	r0, r0, #8
	cmp	r0, #0
	bpl	.LBB2_3
	b	.LBB2_2
.LBB2_2:                                @   in Loop: Header=BB2_1 Depth=1
	b	.LBB2_1
.LBB2_3:
	.loc	1 0 5                           @ ../../CCC_common/Library/StdDriver/src/retarget.c:0:5
	mov	r0, sp
.Ltmp11:
	.loc	1 266 14 is_stmt 1              @ ../../CCC_common/Library/StdDriver/src/retarget.c:266:14
	ldrb	r0, [r0]
.Ltmp12:
	.loc	1 266 8 is_stmt 0               @ ../../CCC_common/Library/StdDriver/src/retarget.c:266:8
	cmp	r0, #10
	bne	.LBB2_8
	b	.LBB2_4
.LBB2_4:
	.loc	1 0 8                           @ ../../CCC_common/Library/StdDriver/src/retarget.c:0:8
	ldr	r1, __arm_cp.2_1
	movs	r0, #13
.Ltmp13:
	.loc	1 268 25 is_stmt 1              @ ../../CCC_common/Library/StdDriver/src/retarget.c:268:25
	str	r0, [r1]
	.loc	1 269 9                         @ ../../CCC_common/Library/StdDriver/src/retarget.c:269:9
	b	.LBB2_5
.LBB2_5:                                @ =>This Inner Loop Header: Depth=1
	.loc	1 0 9 is_stmt 0                 @ ../../CCC_common/Library/StdDriver/src/retarget.c:0:9
	ldr	r0, __arm_cp.2_0
	.loc	1 269 27                        @ ../../CCC_common/Library/StdDriver/src/retarget.c:269:27
	ldr	r0, [r0]
	.loc	1 269 9                         @ ../../CCC_common/Library/StdDriver/src/retarget.c:269:9
	lsls	r0, r0, #8
	cmp	r0, #0
	bpl	.LBB2_7
	b	.LBB2_6
.LBB2_6:                                @   in Loop: Header=BB2_5 Depth=1
	b	.LBB2_5
.LBB2_7:
	.loc	1 270 5 is_stmt 1               @ ../../CCC_common/Library/StdDriver/src/retarget.c:270:5
	b	.LBB2_8
.Ltmp14:
.LBB2_8:
	.loc	1 271 33                        @ ../../CCC_common/Library/StdDriver/src/retarget.c:271:33
	ldr	r0, [sp]
	ldr	r1, __arm_cp.2_1
	.loc	1 271 21 is_stmt 0              @ ../../CCC_common/Library/StdDriver/src/retarget.c:271:21
	str	r0, [r1]
	.loc	1 272 1 epilogue_begin is_stmt 1 @ ../../CCC_common/Library/StdDriver/src/retarget.c:272:1
	add	sp, #4
	bx	lr
.Ltmp15:
	.loc	1 0 1 is_stmt 0                 @ :0:1
.Ltmp16:
	.p2align	2
@ %bb.9:
__arm_cp.2_0:
	.long	1074200600                      @ 0x40070018
.Lcpi_end9:
	.size	__arm_cp.2_0, .Lcpi_end9-__arm_cp.2_0
__arm_cp.2_1:
	.long	1074200576                      @ 0x40070000
.Lcpi_end10:
	.size	__arm_cp.2_1, .Lcpi_end10-__arm_cp.2_1
.Lfunc_end2:
	.size	SendChar_ToUART, .Lfunc_end2-SendChar_ToUART
	.cfi_endproc
	.cantunwind
	.fnend
                                        @ -- End function
	.section	.text.SendChar,"ax",%progbits
	.hidden	SendChar                        @ -- Begin function SendChar
	.globl	SendChar
	.p2align	1
	.type	SendChar,%function
	.code	16                              @ @SendChar
	.thumb_func
SendChar:
.Lfunc_begin3:
	.loc	1 340 0 is_stmt 1               @ ../../CCC_common/Library/StdDriver/src/retarget.c:340:0
	.fnstart
	.cfi_startproc
@ %bb.0:
	.save	{r7, lr}
	push	{r7, lr}
	.cfi_def_cfa_offset 8
	.cfi_offset lr, -4
	.cfi_offset r7, -8
	.pad	#8
	sub	sp, #8
	.cfi_def_cfa_offset 16
	str	r0, [sp, #4]
.Ltmp17:
	.loc	1 370 21 prologue_end           @ ../../CCC_common/Library/StdDriver/src/retarget.c:370:21
	ldr	r0, [sp, #4]
	.loc	1 370 5 is_stmt 0               @ ../../CCC_common/Library/StdDriver/src/retarget.c:370:5
	bl	SendChar_ToUART
	.loc	1 372 1 epilogue_begin is_stmt 1 @ ../../CCC_common/Library/StdDriver/src/retarget.c:372:1
	add	sp, #8
	pop	{r7, pc}
.Ltmp18:
.Lfunc_end3:
	.size	SendChar, .Lfunc_end3-SendChar
	.cfi_endproc
	.cantunwind
	.fnend
                                        @ -- End function
	.section	.text.GetChar,"ax",%progbits
	.hidden	GetChar                         @ -- Begin function GetChar
	.globl	GetChar
	.p2align	2
	.type	GetChar,%function
	.code	16                              @ @GetChar
	.thumb_func
GetChar:
.Lfunc_begin4:
	.fnstart
	.cfi_startproc
@ %bb.0:
	.loc	1 421 5 prologue_end            @ ../../CCC_common/Library/StdDriver/src/retarget.c:421:5
	b	.LBB4_1
.LBB4_1:                                @ =>This Inner Loop Header: Depth=1
	.loc	1 0 5 is_stmt 0                 @ ../../CCC_common/Library/StdDriver/src/retarget.c:0:5
	ldr	r0, __arm_cp.4_0
.Ltmp19:
	.loc	1 423 25 is_stmt 1              @ ../../CCC_common/Library/StdDriver/src/retarget.c:423:25
	ldr	r0, [r0]
.Ltmp20:
	.loc	1 423 12 is_stmt 0              @ ../../CCC_common/Library/StdDriver/src/retarget.c:423:12
	lsls	r0, r0, #17
	cmp	r0, #0
	bmi	.LBB4_3
	b	.LBB4_2
.LBB4_2:
	.loc	1 0 12                          @ ../../CCC_common/Library/StdDriver/src/retarget.c:0:12
	ldr	r0, __arm_cp.4_1
.Ltmp21:
	.loc	1 425 39 is_stmt 1              @ ../../CCC_common/Library/StdDriver/src/retarget.c:425:39
	ldr	r0, [r0]
	.loc	1 425 13 is_stmt 0              @ ../../CCC_common/Library/StdDriver/src/retarget.c:425:13
	uxtb	r0, r0
	bx	lr
.Ltmp22:
.LBB4_3:                                @   in Loop: Header=BB4_1 Depth=1
	.loc	1 421 5 is_stmt 1               @ ../../CCC_common/Library/StdDriver/src/retarget.c:421:5
	b	.LBB4_1
.Ltmp23:
	.loc	1 0 5 is_stmt 0                 @ :0:5
.Ltmp24:
	.p2align	2
@ %bb.4:
__arm_cp.4_0:
	.long	1074200600                      @ 0x40070018
.Lcpi_end11:
	.size	__arm_cp.4_0, .Lcpi_end11-__arm_cp.4_0
__arm_cp.4_1:
	.long	1074200576                      @ 0x40070000
.Lcpi_end12:
	.size	__arm_cp.4_1, .Lcpi_end12-__arm_cp.4_1
.Lfunc_end4:
	.size	GetChar, .Lfunc_end4-GetChar
	.cfi_endproc
	.cantunwind
	.fnend
                                        @ -- End function
	.section	.text.kbhit,"ax",%progbits
	.hidden	kbhit                           @ -- Begin function kbhit
	.globl	kbhit
	.p2align	2
	.type	kbhit,%function
	.code	16                              @ @kbhit
	.thumb_func
kbhit:
.Lfunc_begin5:
	.loc	1 444 0 is_stmt 1               @ ../../CCC_common/Library/StdDriver/src/retarget.c:444:0
	.fnstart
	.cfi_startproc
@ %bb.0:
	ldr	r0, __arm_cp.5_0
.Ltmp25:
	.loc	1 445 27 prologue_end           @ ../../CCC_common/Library/StdDriver/src/retarget.c:445:27
	ldr	r0, [r0]
	movw	r1, #16384
	.loc	1 445 35 is_stmt 0              @ ../../CCC_common/Library/StdDriver/src/retarget.c:445:35
	ands	r0, r1
	.loc	1 445 63                        @ ../../CCC_common/Library/StdDriver/src/retarget.c:445:63
	lsrs	r0, r0, #14
	.loc	1 445 5                         @ ../../CCC_common/Library/StdDriver/src/retarget.c:445:5
	bx	lr
.Ltmp26:
	.loc	1 0 5                           @ :0:5
.Ltmp27:
	.p2align	2
@ %bb.1:
__arm_cp.5_0:
	.long	1074200600                      @ 0x40070018
.Lcpi_end13:
	.size	__arm_cp.5_0, .Lcpi_end13-__arm_cp.5_0
.Lfunc_end5:
	.size	kbhit, .Lfunc_end5-kbhit
	.cfi_endproc
	.cantunwind
	.fnend
                                        @ -- End function
	.section	.text.IsDebugFifoEmpty,"ax",%progbits
	.hidden	IsDebugFifoEmpty                @ -- Begin function IsDebugFifoEmpty
	.globl	IsDebugFifoEmpty
	.p2align	2
	.type	IsDebugFifoEmpty,%function
	.code	16                              @ @IsDebugFifoEmpty
	.thumb_func
IsDebugFifoEmpty:
.Lfunc_begin6:
	.loc	1 459 0 is_stmt 1               @ ../../CCC_common/Library/StdDriver/src/retarget.c:459:0
	.fnstart
	.cfi_startproc
@ %bb.0:
	ldr	r0, __arm_cp.6_0
.Ltmp28:
	.loc	1 460 26 prologue_end           @ ../../CCC_common/Library/StdDriver/src/retarget.c:460:26
	ldr	r0, [r0]
	movs	r1, #1
	lsls	r1, r1, #28
	.loc	1 460 34 is_stmt 0              @ ../../CCC_common/Library/StdDriver/src/retarget.c:460:34
	ands	r0, r1
	.loc	1 460 63                        @ ../../CCC_common/Library/StdDriver/src/retarget.c:460:63
	lsrs	r0, r0, #28
	.loc	1 460 5                         @ ../../CCC_common/Library/StdDriver/src/retarget.c:460:5
	bx	lr
.Ltmp29:
	.loc	1 0 5                           @ :0:5
.Ltmp30:
	.p2align	2
@ %bb.1:
__arm_cp.6_0:
	.long	1074200600                      @ 0x40070018
.Lcpi_end14:
	.size	__arm_cp.6_0, .Lcpi_end14-__arm_cp.6_0
.Lfunc_end6:
	.size	IsDebugFifoEmpty, .Lfunc_end6-IsDebugFifoEmpty
	.cfi_endproc
	.cantunwind
	.fnend
                                        @ -- End function
	.section	.text._ttywrch,"ax",%progbits
	.hidden	_ttywrch                        @ -- Begin function _ttywrch
	.globl	_ttywrch
	.p2align	1
	.type	_ttywrch,%function
	.code	16                              @ @_ttywrch
	.thumb_func
_ttywrch:
.Lfunc_begin7:
	.loc	1 474 0 is_stmt 1               @ ../../CCC_common/Library/StdDriver/src/retarget.c:474:0
	.fnstart
	.cfi_startproc
@ %bb.0:
	.save	{r7, lr}
	push	{r7, lr}
	.cfi_def_cfa_offset 8
	.cfi_offset lr, -4
	.cfi_offset r7, -8
	.pad	#8
	sub	sp, #8
	.cfi_def_cfa_offset 16
	str	r0, [sp, #4]
.Ltmp31:
	.loc	1 475 14 prologue_end           @ ../../CCC_common/Library/StdDriver/src/retarget.c:475:14
	ldr	r0, [sp, #4]
	.loc	1 475 5 is_stmt 0               @ ../../CCC_common/Library/StdDriver/src/retarget.c:475:5
	bl	SendChar
	.loc	1 476 5 epilogue_begin is_stmt 1 @ ../../CCC_common/Library/StdDriver/src/retarget.c:476:5
	add	sp, #8
	pop	{r7, pc}
.Ltmp32:
.Lfunc_end7:
	.size	_ttywrch, .Lfunc_end7-_ttywrch
	.cfi_endproc
	.cantunwind
	.fnend
                                        @ -- End function
	.section	.text.fputc,"ax",%progbits
	.hidden	fputc                           @ -- Begin function fputc
	.globl	fputc
	.p2align	1
	.type	fputc,%function
	.code	16                              @ @fputc
	.thumb_func
fputc:
.Lfunc_begin8:
	.loc	1 499 0                         @ ../../CCC_common/Library/StdDriver/src/retarget.c:499:0
	.fnstart
	.cfi_startproc
@ %bb.0:
	.save	{r7, lr}
	push	{r7, lr}
	.cfi_def_cfa_offset 8
	.cfi_offset lr, -4
	.cfi_offset r7, -8
	.pad	#8
	sub	sp, #8
	.cfi_def_cfa_offset 16
	str	r0, [sp, #4]
	str	r1, [sp]
.Ltmp33:
	.loc	1 500 14 prologue_end           @ ../../CCC_common/Library/StdDriver/src/retarget.c:500:14
	ldr	r0, [sp, #4]
	.loc	1 500 5 is_stmt 0               @ ../../CCC_common/Library/StdDriver/src/retarget.c:500:5
	bl	SendChar
	.loc	1 501 12 is_stmt 1              @ ../../CCC_common/Library/StdDriver/src/retarget.c:501:12
	ldr	r0, [sp, #4]
	.loc	1 501 5 epilogue_begin is_stmt 0 @ ../../CCC_common/Library/StdDriver/src/retarget.c:501:5
	add	sp, #8
	pop	{r7, pc}
.Ltmp34:
.Lfunc_end8:
	.size	fputc, .Lfunc_end8-fputc
	.cfi_endproc
	.cantunwind
	.fnend
                                        @ -- End function
	.section	.text.fgetc,"ax",%progbits
	.hidden	fgetc                           @ -- Begin function fgetc
	.globl	fgetc
	.p2align	1
	.type	fgetc,%function
	.code	16                              @ @fgetc
	.thumb_func
fgetc:
.Lfunc_begin9:
	.loc	1 549 0 is_stmt 1               @ ../../CCC_common/Library/StdDriver/src/retarget.c:549:0
	.fnstart
	.cfi_startproc
@ %bb.0:
	.save	{r7, lr}
	push	{r7, lr}
	.cfi_def_cfa_offset 8
	.cfi_offset lr, -4
	.cfi_offset r7, -8
	.pad	#8
	sub	sp, #8
	.cfi_def_cfa_offset 16
	str	r0, [sp, #4]
.Ltmp35:
	.loc	1 550 18 prologue_end           @ ../../CCC_common/Library/StdDriver/src/retarget.c:550:18
	bl	GetChar
	.loc	1 550 5 epilogue_begin is_stmt 0 @ ../../CCC_common/Library/StdDriver/src/retarget.c:550:5
	add	sp, #8
	pop	{r7, pc}
.Ltmp36:
.Lfunc_end9:
	.size	fgetc, .Lfunc_end9-fgetc
	.cfi_endproc
	.cantunwind
	.fnend
                                        @ -- End function
	.section	.text.ferror,"ax",%progbits
	.hidden	ferror                          @ -- Begin function ferror
	.globl	ferror
	.p2align	1
	.type	ferror,%function
	.code	16                              @ @ferror
	.thumb_func
ferror:
.Lfunc_begin10:
	.loc	1 569 0 is_stmt 1               @ ../../CCC_common/Library/StdDriver/src/retarget.c:569:0
	.fnstart
	.cfi_startproc
@ %bb.0:
	.pad	#4
	sub	sp, #4
	.cfi_def_cfa_offset 4
	str	r0, [sp]
	movs	r0, #0
	mvns	r0, r0
.Ltmp37:
	.loc	1 570 5 prologue_end epilogue_begin @ ../../CCC_common/Library/StdDriver/src/retarget.c:570:5
	add	sp, #4
	bx	lr
.Ltmp38:
.Lfunc_end10:
	.size	ferror, .Lfunc_end10-ferror
	.cfi_endproc
	.cantunwind
	.fnend
                                        @ -- End function
	.type	.L.str,%object                  @ @.str
	.section	.rodata.str1.1,"aMS",%progbits,1
.L.str:
	.asciz	"  HardFault!\n\n"
	.size	.L.str, 15

	.type	.L.str.1,%object                @ @.str.1
.L.str.1:
	.asciz	"r0  = 0x%x\n"
	.size	.L.str.1, 12

	.type	.L.str.2,%object                @ @.str.2
.L.str.2:
	.asciz	"r1  = 0x%x\n"
	.size	.L.str.2, 12

	.type	.L.str.3,%object                @ @.str.3
.L.str.3:
	.asciz	"r2  = 0x%x\n"
	.size	.L.str.3, 12

	.type	.L.str.4,%object                @ @.str.4
.L.str.4:
	.asciz	"r3  = 0x%x\n"
	.size	.L.str.4, 12

	.type	.L.str.5,%object                @ @.str.5
.L.str.5:
	.asciz	"r12 = 0x%x\n"
	.size	.L.str.5, 12

	.type	.L.str.6,%object                @ @.str.6
.L.str.6:
	.asciz	"lr  = 0x%x\n"
	.size	.L.str.6, 12

	.type	.L.str.7,%object                @ @.str.7
.L.str.7:
	.asciz	"pc  = 0x%x\n"
	.size	.L.str.7, 12

	.type	.L.str.8,%object                @ @.str.8
.L.str.8:
	.asciz	"psr = 0x%x\n"
	.size	.L.str.8, 12

	.hidden	__stdout                        @ @__stdout
	.type	__stdout,%object
	.section	.bss.__stdout,"aw",%nobits
	.globl	__stdout
	.p2align	2, 0x0
__stdout:
	.zero	84
	.size	__stdout, 84

	.hidden	__stdin                         @ @__stdin
	.type	__stdin,%object
	.section	.bss.__stdin,"aw",%nobits
	.globl	__stdin
	.p2align	2, 0x0
__stdin:
	.zero	84
	.size	__stdin, 84

	.section	.debug_abbrev,"",%progbits
	.byte	1                               @ Abbreviation Code
	.byte	17                              @ DW_TAG_compile_unit
	.byte	1                               @ DW_CHILDREN_yes
	.byte	37                              @ DW_AT_producer
	.byte	14                              @ DW_FORM_strp
	.byte	19                              @ DW_AT_language
	.byte	5                               @ DW_FORM_data2
	.byte	3                               @ DW_AT_name
	.byte	14                              @ DW_FORM_strp
	.byte	16                              @ DW_AT_stmt_list
	.byte	23                              @ DW_FORM_sec_offset
	.byte	27                              @ DW_AT_comp_dir
	.byte	14                              @ DW_FORM_strp
	.byte	17                              @ DW_AT_low_pc
	.byte	1                               @ DW_FORM_addr
	.byte	85                              @ DW_AT_ranges
	.byte	23                              @ DW_FORM_sec_offset
	.byte	0                               @ EOM(1)
	.byte	0                               @ EOM(2)
	.byte	2                               @ Abbreviation Code
	.byte	52                              @ DW_TAG_variable
	.byte	0                               @ DW_CHILDREN_no
	.byte	73                              @ DW_AT_type
	.byte	19                              @ DW_FORM_ref4
	.byte	58                              @ DW_AT_decl_file
	.byte	11                              @ DW_FORM_data1
	.byte	59                              @ DW_AT_decl_line
	.byte	11                              @ DW_FORM_data1
	.byte	2                               @ DW_AT_location
	.byte	24                              @ DW_FORM_exprloc
	.byte	0                               @ EOM(1)
	.byte	0                               @ EOM(2)
	.byte	3                               @ Abbreviation Code
	.byte	1                               @ DW_TAG_array_type
	.byte	1                               @ DW_CHILDREN_yes
	.byte	73                              @ DW_AT_type
	.byte	19                              @ DW_FORM_ref4
	.byte	0                               @ EOM(1)
	.byte	0                               @ EOM(2)
	.byte	4                               @ Abbreviation Code
	.byte	33                              @ DW_TAG_subrange_type
	.byte	0                               @ DW_CHILDREN_no
	.byte	73                              @ DW_AT_type
	.byte	19                              @ DW_FORM_ref4
	.byte	55                              @ DW_AT_count
	.byte	11                              @ DW_FORM_data1
	.byte	0                               @ EOM(1)
	.byte	0                               @ EOM(2)
	.byte	5                               @ Abbreviation Code
	.byte	36                              @ DW_TAG_base_type
	.byte	0                               @ DW_CHILDREN_no
	.byte	3                               @ DW_AT_name
	.byte	14                              @ DW_FORM_strp
	.byte	62                              @ DW_AT_encoding
	.byte	11                              @ DW_FORM_data1
	.byte	11                              @ DW_AT_byte_size
	.byte	11                              @ DW_FORM_data1
	.byte	0                               @ EOM(1)
	.byte	0                               @ EOM(2)
	.byte	6                               @ Abbreviation Code
	.byte	36                              @ DW_TAG_base_type
	.byte	0                               @ DW_CHILDREN_no
	.byte	3                               @ DW_AT_name
	.byte	14                              @ DW_FORM_strp
	.byte	11                              @ DW_AT_byte_size
	.byte	11                              @ DW_FORM_data1
	.byte	62                              @ DW_AT_encoding
	.byte	11                              @ DW_FORM_data1
	.byte	0                               @ EOM(1)
	.byte	0                               @ EOM(2)
	.byte	7                               @ Abbreviation Code
	.byte	52                              @ DW_TAG_variable
	.byte	0                               @ DW_CHILDREN_no
	.byte	3                               @ DW_AT_name
	.byte	14                              @ DW_FORM_strp
	.byte	73                              @ DW_AT_type
	.byte	19                              @ DW_FORM_ref4
	.byte	63                              @ DW_AT_external
	.byte	25                              @ DW_FORM_flag_present
	.byte	58                              @ DW_AT_decl_file
	.byte	11                              @ DW_FORM_data1
	.byte	59                              @ DW_AT_decl_line
	.byte	11                              @ DW_FORM_data1
	.byte	2                               @ DW_AT_location
	.byte	24                              @ DW_FORM_exprloc
	.byte	0                               @ EOM(1)
	.byte	0                               @ EOM(2)
	.byte	8                               @ Abbreviation Code
	.byte	22                              @ DW_TAG_typedef
	.byte	0                               @ DW_CHILDREN_no
	.byte	73                              @ DW_AT_type
	.byte	19                              @ DW_FORM_ref4
	.byte	3                               @ DW_AT_name
	.byte	14                              @ DW_FORM_strp
	.byte	58                              @ DW_AT_decl_file
	.byte	11                              @ DW_FORM_data1
	.byte	59                              @ DW_AT_decl_line
	.byte	11                              @ DW_FORM_data1
	.byte	0                               @ EOM(1)
	.byte	0                               @ EOM(2)
	.byte	9                               @ Abbreviation Code
	.byte	19                              @ DW_TAG_structure_type
	.byte	1                               @ DW_CHILDREN_yes
	.byte	3                               @ DW_AT_name
	.byte	14                              @ DW_FORM_strp
	.byte	11                              @ DW_AT_byte_size
	.byte	11                              @ DW_FORM_data1
	.byte	58                              @ DW_AT_decl_file
	.byte	11                              @ DW_FORM_data1
	.byte	59                              @ DW_AT_decl_line
	.byte	11                              @ DW_FORM_data1
	.byte	0                               @ EOM(1)
	.byte	0                               @ EOM(2)
	.byte	10                              @ Abbreviation Code
	.byte	13                              @ DW_TAG_member
	.byte	0                               @ DW_CHILDREN_no
	.byte	3                               @ DW_AT_name
	.byte	14                              @ DW_FORM_strp
	.byte	73                              @ DW_AT_type
	.byte	19                              @ DW_FORM_ref4
	.byte	58                              @ DW_AT_decl_file
	.byte	11                              @ DW_FORM_data1
	.byte	59                              @ DW_AT_decl_line
	.byte	11                              @ DW_FORM_data1
	.byte	56                              @ DW_AT_data_member_location
	.byte	11                              @ DW_FORM_data1
	.byte	0                               @ EOM(1)
	.byte	0                               @ EOM(2)
	.byte	11                              @ Abbreviation Code
	.byte	23                              @ DW_TAG_union_type
	.byte	1                               @ DW_CHILDREN_yes
	.byte	11                              @ DW_AT_byte_size
	.byte	11                              @ DW_FORM_data1
	.byte	58                              @ DW_AT_decl_file
	.byte	11                              @ DW_FORM_data1
	.byte	59                              @ DW_AT_decl_line
	.byte	11                              @ DW_FORM_data1
	.byte	0                               @ EOM(1)
	.byte	0                               @ EOM(2)
	.byte	12                              @ Abbreviation Code
	.byte	15                              @ DW_TAG_pointer_type
	.byte	0                               @ DW_CHILDREN_no
	.byte	73                              @ DW_AT_type
	.byte	19                              @ DW_FORM_ref4
	.byte	0                               @ EOM(1)
	.byte	0                               @ EOM(2)
	.byte	13                              @ Abbreviation Code
	.byte	22                              @ DW_TAG_typedef
	.byte	0                               @ DW_CHILDREN_no
	.byte	73                              @ DW_AT_type
	.byte	19                              @ DW_FORM_ref4
	.byte	3                               @ DW_AT_name
	.byte	14                              @ DW_FORM_strp
	.byte	58                              @ DW_AT_decl_file
	.byte	11                              @ DW_FORM_data1
	.byte	59                              @ DW_AT_decl_line
	.byte	5                               @ DW_FORM_data2
	.byte	0                               @ EOM(1)
	.byte	0                               @ EOM(2)
	.byte	14                              @ Abbreviation Code
	.byte	19                              @ DW_TAG_structure_type
	.byte	1                               @ DW_CHILDREN_yes
	.byte	11                              @ DW_AT_byte_size
	.byte	11                              @ DW_FORM_data1
	.byte	58                              @ DW_AT_decl_file
	.byte	11                              @ DW_FORM_data1
	.byte	59                              @ DW_AT_decl_line
	.byte	11                              @ DW_FORM_data1
	.byte	0                               @ EOM(1)
	.byte	0                               @ EOM(2)
	.byte	15                              @ Abbreviation Code
	.byte	13                              @ DW_TAG_member
	.byte	0                               @ DW_CHILDREN_no
	.byte	3                               @ DW_AT_name
	.byte	14                              @ DW_FORM_strp
	.byte	73                              @ DW_AT_type
	.byte	19                              @ DW_FORM_ref4
	.byte	58                              @ DW_AT_decl_file
	.byte	11                              @ DW_FORM_data1
	.byte	59                              @ DW_AT_decl_line
	.byte	5                               @ DW_FORM_data2
	.byte	56                              @ DW_AT_data_member_location
	.byte	11                              @ DW_FORM_data1
	.byte	0                               @ EOM(1)
	.byte	0                               @ EOM(2)
	.byte	16                              @ Abbreviation Code
	.byte	53                              @ DW_TAG_volatile_type
	.byte	0                               @ DW_CHILDREN_no
	.byte	73                              @ DW_AT_type
	.byte	19                              @ DW_FORM_ref4
	.byte	0                               @ EOM(1)
	.byte	0                               @ EOM(2)
	.byte	17                              @ Abbreviation Code
	.byte	46                              @ DW_TAG_subprogram
	.byte	1                               @ DW_CHILDREN_yes
	.byte	17                              @ DW_AT_low_pc
	.byte	1                               @ DW_FORM_addr
	.byte	18                              @ DW_AT_high_pc
	.byte	6                               @ DW_FORM_data4
	.byte	64                              @ DW_AT_frame_base
	.byte	24                              @ DW_FORM_exprloc
	.byte	3                               @ DW_AT_name
	.byte	14                              @ DW_FORM_strp
	.byte	58                              @ DW_AT_decl_file
	.byte	11                              @ DW_FORM_data1
	.byte	59                              @ DW_AT_decl_line
	.byte	11                              @ DW_FORM_data1
	.byte	39                              @ DW_AT_prototyped
	.byte	25                              @ DW_FORM_flag_present
	.byte	73                              @ DW_AT_type
	.byte	19                              @ DW_FORM_ref4
	.byte	63                              @ DW_AT_external
	.byte	25                              @ DW_FORM_flag_present
	.byte	0                               @ EOM(1)
	.byte	0                               @ EOM(2)
	.byte	18                              @ Abbreviation Code
	.byte	5                               @ DW_TAG_formal_parameter
	.byte	0                               @ DW_CHILDREN_no
	.byte	2                               @ DW_AT_location
	.byte	24                              @ DW_FORM_exprloc
	.byte	3                               @ DW_AT_name
	.byte	14                              @ DW_FORM_strp
	.byte	58                              @ DW_AT_decl_file
	.byte	11                              @ DW_FORM_data1
	.byte	59                              @ DW_AT_decl_line
	.byte	11                              @ DW_FORM_data1
	.byte	73                              @ DW_AT_type
	.byte	19                              @ DW_FORM_ref4
	.byte	0                               @ EOM(1)
	.byte	0                               @ EOM(2)
	.byte	19                              @ Abbreviation Code
	.byte	52                              @ DW_TAG_variable
	.byte	0                               @ DW_CHILDREN_no
	.byte	2                               @ DW_AT_location
	.byte	24                              @ DW_FORM_exprloc
	.byte	3                               @ DW_AT_name
	.byte	14                              @ DW_FORM_strp
	.byte	58                              @ DW_AT_decl_file
	.byte	11                              @ DW_FORM_data1
	.byte	59                              @ DW_AT_decl_line
	.byte	11                              @ DW_FORM_data1
	.byte	73                              @ DW_AT_type
	.byte	19                              @ DW_FORM_ref4
	.byte	0                               @ EOM(1)
	.byte	0                               @ EOM(2)
	.byte	20                              @ Abbreviation Code
	.byte	46                              @ DW_TAG_subprogram
	.byte	1                               @ DW_CHILDREN_yes
	.byte	17                              @ DW_AT_low_pc
	.byte	1                               @ DW_FORM_addr
	.byte	18                              @ DW_AT_high_pc
	.byte	6                               @ DW_FORM_data4
	.byte	64                              @ DW_AT_frame_base
	.byte	24                              @ DW_FORM_exprloc
	.byte	3                               @ DW_AT_name
	.byte	14                              @ DW_FORM_strp
	.byte	58                              @ DW_AT_decl_file
	.byte	11                              @ DW_FORM_data1
	.byte	59                              @ DW_AT_decl_line
	.byte	5                               @ DW_FORM_data2
	.byte	39                              @ DW_AT_prototyped
	.byte	25                              @ DW_FORM_flag_present
	.byte	63                              @ DW_AT_external
	.byte	25                              @ DW_FORM_flag_present
	.byte	0                               @ EOM(1)
	.byte	0                               @ EOM(2)
	.byte	21                              @ Abbreviation Code
	.byte	5                               @ DW_TAG_formal_parameter
	.byte	0                               @ DW_CHILDREN_no
	.byte	2                               @ DW_AT_location
	.byte	24                              @ DW_FORM_exprloc
	.byte	3                               @ DW_AT_name
	.byte	14                              @ DW_FORM_strp
	.byte	58                              @ DW_AT_decl_file
	.byte	11                              @ DW_FORM_data1
	.byte	59                              @ DW_AT_decl_line
	.byte	5                               @ DW_FORM_data2
	.byte	73                              @ DW_AT_type
	.byte	19                              @ DW_FORM_ref4
	.byte	0                               @ EOM(1)
	.byte	0                               @ EOM(2)
	.byte	22                              @ Abbreviation Code
	.byte	46                              @ DW_TAG_subprogram
	.byte	0                               @ DW_CHILDREN_no
	.byte	17                              @ DW_AT_low_pc
	.byte	1                               @ DW_FORM_addr
	.byte	18                              @ DW_AT_high_pc
	.byte	6                               @ DW_FORM_data4
	.byte	64                              @ DW_AT_frame_base
	.byte	24                              @ DW_FORM_exprloc
	.byte	3                               @ DW_AT_name
	.byte	14                              @ DW_FORM_strp
	.byte	58                              @ DW_AT_decl_file
	.byte	11                              @ DW_FORM_data1
	.byte	59                              @ DW_AT_decl_line
	.byte	5                               @ DW_FORM_data2
	.byte	39                              @ DW_AT_prototyped
	.byte	25                              @ DW_FORM_flag_present
	.byte	73                              @ DW_AT_type
	.byte	19                              @ DW_FORM_ref4
	.byte	63                              @ DW_AT_external
	.byte	25                              @ DW_FORM_flag_present
	.byte	0                               @ EOM(1)
	.byte	0                               @ EOM(2)
	.byte	23                              @ Abbreviation Code
	.byte	46                              @ DW_TAG_subprogram
	.byte	1                               @ DW_CHILDREN_yes
	.byte	17                              @ DW_AT_low_pc
	.byte	1                               @ DW_FORM_addr
	.byte	18                              @ DW_AT_high_pc
	.byte	6                               @ DW_FORM_data4
	.byte	64                              @ DW_AT_frame_base
	.byte	24                              @ DW_FORM_exprloc
	.byte	3                               @ DW_AT_name
	.byte	14                              @ DW_FORM_strp
	.byte	58                              @ DW_AT_decl_file
	.byte	11                              @ DW_FORM_data1
	.byte	59                              @ DW_AT_decl_line
	.byte	5                               @ DW_FORM_data2
	.byte	39                              @ DW_AT_prototyped
	.byte	25                              @ DW_FORM_flag_present
	.byte	73                              @ DW_AT_type
	.byte	19                              @ DW_FORM_ref4
	.byte	63                              @ DW_AT_external
	.byte	25                              @ DW_FORM_flag_present
	.byte	0                               @ EOM(1)
	.byte	0                               @ EOM(2)
	.byte	0                               @ EOM(3)
	.section	.debug_info,"",%progbits
.Lcu_begin0:
	.long	.Ldebug_info_end0-.Ldebug_info_start0 @ Length of Unit
.Ldebug_info_start0:
	.short	4                               @ DWARF version number
	.long	.debug_abbrev                   @ Offset Into Abbrev. Section
	.byte	4                               @ Address Size (in bytes)
	.byte	1                               @ Abbrev [1] 0xb:0x425 DW_TAG_compile_unit
	.long	.Linfo_string0                  @ DW_AT_producer
	.short	29                              @ DW_AT_language
	.long	.Linfo_string1                  @ DW_AT_name
	.long	.Lline_table_start0             @ DW_AT_stmt_list
	.long	.Linfo_string2                  @ DW_AT_comp_dir
	.long	0                               @ DW_AT_low_pc
	.long	.Ldebug_ranges0                 @ DW_AT_ranges
	.byte	2                               @ Abbrev [2] 0x26:0xd DW_TAG_variable
	.long	51                              @ DW_AT_type
	.byte	1                               @ DW_AT_decl_file
	.byte	225                             @ DW_AT_decl_line
	.byte	5                               @ DW_AT_location
	.byte	3
	.long	.L.str
	.byte	3                               @ Abbrev [3] 0x33:0xc DW_TAG_array_type
	.long	63                              @ DW_AT_type
	.byte	4                               @ Abbrev [4] 0x38:0x6 DW_TAG_subrange_type
	.long	70                              @ DW_AT_type
	.byte	15                              @ DW_AT_count
	.byte	0                               @ End Of Children Mark
	.byte	5                               @ Abbrev [5] 0x3f:0x7 DW_TAG_base_type
	.long	.Linfo_string3                  @ DW_AT_name
	.byte	8                               @ DW_AT_encoding
	.byte	1                               @ DW_AT_byte_size
	.byte	6                               @ Abbrev [6] 0x46:0x7 DW_TAG_base_type
	.long	.Linfo_string4                  @ DW_AT_name
	.byte	8                               @ DW_AT_byte_size
	.byte	7                               @ DW_AT_encoding
	.byte	2                               @ Abbrev [2] 0x4d:0xd DW_TAG_variable
	.long	90                              @ DW_AT_type
	.byte	1                               @ DW_AT_decl_file
	.byte	227                             @ DW_AT_decl_line
	.byte	5                               @ DW_AT_location
	.byte	3
	.long	.L.str.1
	.byte	3                               @ Abbrev [3] 0x5a:0xc DW_TAG_array_type
	.long	63                              @ DW_AT_type
	.byte	4                               @ Abbrev [4] 0x5f:0x6 DW_TAG_subrange_type
	.long	70                              @ DW_AT_type
	.byte	12                              @ DW_AT_count
	.byte	0                               @ End Of Children Mark
	.byte	2                               @ Abbrev [2] 0x66:0xd DW_TAG_variable
	.long	90                              @ DW_AT_type
	.byte	1                               @ DW_AT_decl_file
	.byte	228                             @ DW_AT_decl_line
	.byte	5                               @ DW_AT_location
	.byte	3
	.long	.L.str.2
	.byte	2                               @ Abbrev [2] 0x73:0xd DW_TAG_variable
	.long	90                              @ DW_AT_type
	.byte	1                               @ DW_AT_decl_file
	.byte	229                             @ DW_AT_decl_line
	.byte	5                               @ DW_AT_location
	.byte	3
	.long	.L.str.3
	.byte	2                               @ Abbrev [2] 0x80:0xd DW_TAG_variable
	.long	90                              @ DW_AT_type
	.byte	1                               @ DW_AT_decl_file
	.byte	230                             @ DW_AT_decl_line
	.byte	5                               @ DW_AT_location
	.byte	3
	.long	.L.str.4
	.byte	2                               @ Abbrev [2] 0x8d:0xd DW_TAG_variable
	.long	90                              @ DW_AT_type
	.byte	1                               @ DW_AT_decl_file
	.byte	231                             @ DW_AT_decl_line
	.byte	5                               @ DW_AT_location
	.byte	3
	.long	.L.str.5
	.byte	2                               @ Abbrev [2] 0x9a:0xd DW_TAG_variable
	.long	90                              @ DW_AT_type
	.byte	1                               @ DW_AT_decl_file
	.byte	232                             @ DW_AT_decl_line
	.byte	5                               @ DW_AT_location
	.byte	3
	.long	.L.str.6
	.byte	2                               @ Abbrev [2] 0xa7:0xd DW_TAG_variable
	.long	90                              @ DW_AT_type
	.byte	1                               @ DW_AT_decl_file
	.byte	233                             @ DW_AT_decl_line
	.byte	5                               @ DW_AT_location
	.byte	3
	.long	.L.str.7
	.byte	2                               @ Abbrev [2] 0xb4:0xd DW_TAG_variable
	.long	90                              @ DW_AT_type
	.byte	1                               @ DW_AT_decl_file
	.byte	234                             @ DW_AT_decl_line
	.byte	5                               @ DW_AT_location
	.byte	3
	.long	.L.str.8
	.byte	7                               @ Abbrev [7] 0xc1:0x11 DW_TAG_variable
	.long	.Linfo_string5                  @ DW_AT_name
	.long	210                             @ DW_AT_type
                                        @ DW_AT_external
	.byte	1                               @ DW_AT_decl_file
	.byte	46                              @ DW_AT_decl_line
	.byte	5                               @ DW_AT_location
	.byte	3
	.long	__stdout
	.byte	8                               @ Abbrev [8] 0xd2:0xb DW_TAG_typedef
	.long	221                             @ DW_AT_type
	.long	.Linfo_string11                 @ DW_AT_name
	.byte	2                               @ DW_AT_decl_file
	.byte	108                             @ DW_AT_decl_line
	.byte	9                               @ Abbrev [9] 0xdd:0x32 DW_TAG_structure_type
	.long	.Linfo_string10                 @ DW_AT_name
	.byte	84                              @ DW_AT_byte_size
	.byte	2                               @ DW_AT_decl_file
	.byte	119                             @ DW_AT_decl_line
	.byte	10                              @ Abbrev [10] 0xe5:0xc DW_TAG_member
	.long	.Linfo_string6                  @ DW_AT_name
	.long	241                             @ DW_AT_type
	.byte	2                               @ DW_AT_decl_file
	.byte	127                             @ DW_AT_decl_line
	.byte	0                               @ DW_AT_data_member_location
	.byte	11                              @ Abbrev [11] 0xf1:0x1d DW_TAG_union_type
	.byte	84                              @ DW_AT_byte_size
	.byte	2                               @ DW_AT_decl_file
	.byte	120                             @ DW_AT_decl_line
	.byte	10                              @ Abbrev [10] 0xf5:0xc DW_TAG_member
	.long	.Linfo_string7                  @ DW_AT_name
	.long	271                             @ DW_AT_type
	.byte	2                               @ DW_AT_decl_file
	.byte	121                             @ DW_AT_decl_line
	.byte	0                               @ DW_AT_data_member_location
	.byte	10                              @ Abbrev [10] 0x101:0xc DW_TAG_member
	.long	.Linfo_string9                  @ DW_AT_name
	.long	278                             @ DW_AT_type
	.byte	2                               @ DW_AT_decl_file
	.byte	125                             @ DW_AT_decl_line
	.byte	0                               @ DW_AT_data_member_location
	.byte	0                               @ End Of Children Mark
	.byte	0                               @ End Of Children Mark
	.byte	5                               @ Abbrev [5] 0x10f:0x7 DW_TAG_base_type
	.long	.Linfo_string8                  @ DW_AT_name
	.byte	5                               @ DW_AT_encoding
	.byte	4                               @ DW_AT_byte_size
	.byte	3                               @ Abbrev [3] 0x116:0xc DW_TAG_array_type
	.long	63                              @ DW_AT_type
	.byte	4                               @ Abbrev [4] 0x11b:0x6 DW_TAG_subrange_type
	.long	70                              @ DW_AT_type
	.byte	84                              @ DW_AT_count
	.byte	0                               @ End Of Children Mark
	.byte	7                               @ Abbrev [7] 0x122:0x11 DW_TAG_variable
	.long	.Linfo_string12                 @ DW_AT_name
	.long	210                             @ DW_AT_type
                                        @ DW_AT_external
	.byte	1                               @ DW_AT_decl_file
	.byte	47                              @ DW_AT_decl_line
	.byte	5                               @ DW_AT_location
	.byte	3
	.long	__stdin
	.byte	12                              @ Abbrev [12] 0x133:0x5 DW_TAG_pointer_type
	.long	312                             @ DW_AT_type
	.byte	8                               @ Abbrev [8] 0x138:0xb DW_TAG_typedef
	.long	323                             @ DW_AT_type
	.long	.Linfo_string14                 @ DW_AT_name
	.byte	3                               @ DW_AT_decl_file
	.byte	64                              @ DW_AT_decl_line
	.byte	5                               @ Abbrev [5] 0x143:0x7 DW_TAG_base_type
	.long	.Linfo_string13                 @ DW_AT_name
	.byte	7                               @ DW_AT_encoding
	.byte	4                               @ DW_AT_byte_size
	.byte	12                              @ Abbrev [12] 0x14a:0x5 DW_TAG_pointer_type
	.long	335                             @ DW_AT_type
	.byte	13                              @ Abbrev [13] 0x14f:0xc DW_TAG_typedef
	.long	347                             @ DW_AT_type
	.long	.Linfo_string34                 @ DW_AT_name
	.byte	4                               @ DW_AT_decl_file
	.short	830                             @ DW_AT_decl_line
	.byte	14                              @ Abbrev [14] 0x15b:0xfc DW_TAG_structure_type
	.byte	76                              @ DW_AT_byte_size
	.byte	4                               @ DW_AT_decl_file
	.byte	26                              @ DW_AT_decl_line
	.byte	15                              @ Abbrev [15] 0x15f:0xd DW_TAG_member
	.long	.Linfo_string15                 @ DW_AT_name
	.long	599                             @ DW_AT_type
	.byte	4                               @ DW_AT_decl_file
	.short	809                             @ DW_AT_decl_line
	.byte	0                               @ DW_AT_data_member_location
	.byte	15                              @ Abbrev [15] 0x16c:0xd DW_TAG_member
	.long	.Linfo_string16                 @ DW_AT_name
	.long	599                             @ DW_AT_type
	.byte	4                               @ DW_AT_decl_file
	.short	810                             @ DW_AT_decl_line
	.byte	4                               @ DW_AT_data_member_location
	.byte	15                              @ Abbrev [15] 0x179:0xd DW_TAG_member
	.long	.Linfo_string17                 @ DW_AT_name
	.long	599                             @ DW_AT_type
	.byte	4                               @ DW_AT_decl_file
	.short	811                             @ DW_AT_decl_line
	.byte	8                               @ DW_AT_data_member_location
	.byte	15                              @ Abbrev [15] 0x186:0xd DW_TAG_member
	.long	.Linfo_string18                 @ DW_AT_name
	.long	599                             @ DW_AT_type
	.byte	4                               @ DW_AT_decl_file
	.short	812                             @ DW_AT_decl_line
	.byte	12                              @ DW_AT_data_member_location
	.byte	15                              @ Abbrev [15] 0x193:0xd DW_TAG_member
	.long	.Linfo_string19                 @ DW_AT_name
	.long	599                             @ DW_AT_type
	.byte	4                               @ DW_AT_decl_file
	.short	813                             @ DW_AT_decl_line
	.byte	16                              @ DW_AT_data_member_location
	.byte	15                              @ Abbrev [15] 0x1a0:0xd DW_TAG_member
	.long	.Linfo_string20                 @ DW_AT_name
	.long	599                             @ DW_AT_type
	.byte	4                               @ DW_AT_decl_file
	.short	814                             @ DW_AT_decl_line
	.byte	20                              @ DW_AT_data_member_location
	.byte	15                              @ Abbrev [15] 0x1ad:0xd DW_TAG_member
	.long	.Linfo_string21                 @ DW_AT_name
	.long	599                             @ DW_AT_type
	.byte	4                               @ DW_AT_decl_file
	.short	815                             @ DW_AT_decl_line
	.byte	24                              @ DW_AT_data_member_location
	.byte	15                              @ Abbrev [15] 0x1ba:0xd DW_TAG_member
	.long	.Linfo_string22                 @ DW_AT_name
	.long	599                             @ DW_AT_type
	.byte	4                               @ DW_AT_decl_file
	.short	816                             @ DW_AT_decl_line
	.byte	28                              @ DW_AT_data_member_location
	.byte	15                              @ Abbrev [15] 0x1c7:0xd DW_TAG_member
	.long	.Linfo_string23                 @ DW_AT_name
	.long	599                             @ DW_AT_type
	.byte	4                               @ DW_AT_decl_file
	.short	817                             @ DW_AT_decl_line
	.byte	32                              @ DW_AT_data_member_location
	.byte	15                              @ Abbrev [15] 0x1d4:0xd DW_TAG_member
	.long	.Linfo_string24                 @ DW_AT_name
	.long	599                             @ DW_AT_type
	.byte	4                               @ DW_AT_decl_file
	.short	818                             @ DW_AT_decl_line
	.byte	36                              @ DW_AT_data_member_location
	.byte	15                              @ Abbrev [15] 0x1e1:0xd DW_TAG_member
	.long	.Linfo_string25                 @ DW_AT_name
	.long	599                             @ DW_AT_type
	.byte	4                               @ DW_AT_decl_file
	.short	819                             @ DW_AT_decl_line
	.byte	40                              @ DW_AT_data_member_location
	.byte	15                              @ Abbrev [15] 0x1ee:0xd DW_TAG_member
	.long	.Linfo_string26                 @ DW_AT_name
	.long	599                             @ DW_AT_type
	.byte	4                               @ DW_AT_decl_file
	.short	820                             @ DW_AT_decl_line
	.byte	44                              @ DW_AT_data_member_location
	.byte	15                              @ Abbrev [15] 0x1fb:0xd DW_TAG_member
	.long	.Linfo_string27                 @ DW_AT_name
	.long	599                             @ DW_AT_type
	.byte	4                               @ DW_AT_decl_file
	.short	821                             @ DW_AT_decl_line
	.byte	48                              @ DW_AT_data_member_location
	.byte	15                              @ Abbrev [15] 0x208:0xd DW_TAG_member
	.long	.Linfo_string28                 @ DW_AT_name
	.long	599                             @ DW_AT_type
	.byte	4                               @ DW_AT_decl_file
	.short	822                             @ DW_AT_decl_line
	.byte	52                              @ DW_AT_data_member_location
	.byte	15                              @ Abbrev [15] 0x215:0xd DW_TAG_member
	.long	.Linfo_string29                 @ DW_AT_name
	.long	599                             @ DW_AT_type
	.byte	4                               @ DW_AT_decl_file
	.short	823                             @ DW_AT_decl_line
	.byte	56                              @ DW_AT_data_member_location
	.byte	15                              @ Abbrev [15] 0x222:0xd DW_TAG_member
	.long	.Linfo_string30                 @ DW_AT_name
	.long	599                             @ DW_AT_type
	.byte	4                               @ DW_AT_decl_file
	.short	824                             @ DW_AT_decl_line
	.byte	60                              @ DW_AT_data_member_location
	.byte	15                              @ Abbrev [15] 0x22f:0xd DW_TAG_member
	.long	.Linfo_string31                 @ DW_AT_name
	.long	599                             @ DW_AT_type
	.byte	4                               @ DW_AT_decl_file
	.short	825                             @ DW_AT_decl_line
	.byte	64                              @ DW_AT_data_member_location
	.byte	15                              @ Abbrev [15] 0x23c:0xd DW_TAG_member
	.long	.Linfo_string32                 @ DW_AT_name
	.long	599                             @ DW_AT_type
	.byte	4                               @ DW_AT_decl_file
	.short	826                             @ DW_AT_decl_line
	.byte	68                              @ DW_AT_data_member_location
	.byte	15                              @ Abbrev [15] 0x249:0xd DW_TAG_member
	.long	.Linfo_string33                 @ DW_AT_name
	.long	599                             @ DW_AT_type
	.byte	4                               @ DW_AT_decl_file
	.short	827                             @ DW_AT_decl_line
	.byte	72                              @ DW_AT_data_member_location
	.byte	0                               @ End Of Children Mark
	.byte	16                              @ Abbrev [16] 0x257:0x5 DW_TAG_volatile_type
	.long	312                             @ DW_AT_type
	.byte	5                               @ Abbrev [5] 0x25c:0x7 DW_TAG_base_type
	.long	.Linfo_string35                 @ DW_AT_name
	.byte	5                               @ DW_AT_encoding
	.byte	4                               @ DW_AT_byte_size
	.byte	17                              @ Abbrev [17] 0x263:0x4e DW_TAG_subprogram
	.long	.Lfunc_begin0                   @ DW_AT_low_pc
	.long	.Lfunc_end0-.Lfunc_begin0       @ DW_AT_high_pc
	.byte	1                               @ DW_AT_frame_base
	.byte	93
	.long	.Linfo_string36                 @ DW_AT_name
	.byte	1                               @ DW_AT_decl_file
	.byte	192                             @ DW_AT_decl_line
                                        @ DW_AT_prototyped
	.long	312                             @ DW_AT_type
                                        @ DW_AT_external
	.byte	18                              @ Abbrev [18] 0x278:0xe DW_TAG_formal_parameter
	.byte	2                               @ DW_AT_location
	.byte	145
	.byte	12
	.long	.Linfo_string48                 @ DW_AT_name
	.byte	1                               @ DW_AT_decl_file
	.byte	192                             @ DW_AT_decl_line
	.long	312                             @ DW_AT_type
	.byte	18                              @ Abbrev [18] 0x286:0xe DW_TAG_formal_parameter
	.byte	2                               @ DW_AT_location
	.byte	145
	.byte	8
	.long	.Linfo_string49                 @ DW_AT_name
	.byte	1                               @ DW_AT_decl_file
	.byte	192                             @ DW_AT_decl_line
	.long	312                             @ DW_AT_type
	.byte	18                              @ Abbrev [18] 0x294:0xe DW_TAG_formal_parameter
	.byte	2                               @ DW_AT_location
	.byte	145
	.byte	4
	.long	.Linfo_string50                 @ DW_AT_name
	.byte	1                               @ DW_AT_decl_file
	.byte	192                             @ DW_AT_decl_line
	.long	312                             @ DW_AT_type
	.byte	19                              @ Abbrev [19] 0x2a2:0xe DW_TAG_variable
	.byte	2                               @ DW_AT_location
	.byte	145
	.byte	0
	.long	.Linfo_string51                 @ DW_AT_name
	.byte	1                               @ DW_AT_decl_file
	.byte	194                             @ DW_AT_decl_line
	.long	307                             @ DW_AT_type
	.byte	0                               @ End Of Children Mark
	.byte	17                              @ Abbrev [17] 0x2b1:0x40 DW_TAG_subprogram
	.long	.Lfunc_begin1                   @ DW_AT_low_pc
	.long	.Lfunc_end1-.Lfunc_begin1       @ DW_AT_high_pc
	.byte	1                               @ DW_AT_frame_base
	.byte	93
	.long	.Linfo_string37                 @ DW_AT_name
	.byte	1                               @ DW_AT_decl_file
	.byte	244                             @ DW_AT_decl_line
                                        @ DW_AT_prototyped
	.long	1050                            @ DW_AT_type
                                        @ DW_AT_external
	.byte	18                              @ Abbrev [18] 0x2c6:0xe DW_TAG_formal_parameter
	.byte	2                               @ DW_AT_location
	.byte	145
	.byte	8
	.long	.Linfo_string52                 @ DW_AT_name
	.byte	1                               @ DW_AT_decl_file
	.byte	244                             @ DW_AT_decl_line
	.long	1050                            @ DW_AT_type
	.byte	18                              @ Abbrev [18] 0x2d4:0xe DW_TAG_formal_parameter
	.byte	2                               @ DW_AT_location
	.byte	145
	.byte	4
	.long	.Linfo_string53                 @ DW_AT_name
	.byte	1                               @ DW_AT_decl_file
	.byte	244                             @ DW_AT_decl_line
	.long	1050                            @ DW_AT_type
	.byte	18                              @ Abbrev [18] 0x2e2:0xe DW_TAG_formal_parameter
	.byte	2                               @ DW_AT_location
	.byte	145
	.byte	0
	.long	.Linfo_string54                 @ DW_AT_name
	.byte	1                               @ DW_AT_decl_file
	.byte	244                             @ DW_AT_decl_line
	.long	1061                            @ DW_AT_type
	.byte	0                               @ End Of Children Mark
	.byte	20                              @ Abbrev [20] 0x2f1:0x22 DW_TAG_subprogram
	.long	.Lfunc_begin2                   @ DW_AT_low_pc
	.long	.Lfunc_end2-.Lfunc_begin2       @ DW_AT_high_pc
	.byte	1                               @ DW_AT_frame_base
	.byte	93
	.long	.Linfo_string39                 @ DW_AT_name
	.byte	1                               @ DW_AT_decl_file
	.short	262                             @ DW_AT_decl_line
                                        @ DW_AT_prototyped
                                        @ DW_AT_external
	.byte	21                              @ Abbrev [21] 0x303:0xf DW_TAG_formal_parameter
	.byte	2                               @ DW_AT_location
	.byte	145
	.byte	0
	.long	.Linfo_string55                 @ DW_AT_name
	.byte	1                               @ DW_AT_decl_file
	.short	262                             @ DW_AT_decl_line
	.long	604                             @ DW_AT_type
	.byte	0                               @ End Of Children Mark
	.byte	20                              @ Abbrev [20] 0x313:0x22 DW_TAG_subprogram
	.long	.Lfunc_begin3                   @ DW_AT_low_pc
	.long	.Lfunc_end3-.Lfunc_begin3       @ DW_AT_high_pc
	.byte	1                               @ DW_AT_frame_base
	.byte	93
	.long	.Linfo_string40                 @ DW_AT_name
	.byte	1                               @ DW_AT_decl_file
	.short	339                             @ DW_AT_decl_line
                                        @ DW_AT_prototyped
                                        @ DW_AT_external
	.byte	21                              @ Abbrev [21] 0x325:0xf DW_TAG_formal_parameter
	.byte	2                               @ DW_AT_location
	.byte	145
	.byte	4
	.long	.Linfo_string55                 @ DW_AT_name
	.byte	1                               @ DW_AT_decl_file
	.short	339                             @ DW_AT_decl_line
	.long	604                             @ DW_AT_type
	.byte	0                               @ End Of Children Mark
	.byte	22                              @ Abbrev [22] 0x335:0x16 DW_TAG_subprogram
	.long	.Lfunc_begin4                   @ DW_AT_low_pc
	.long	.Lfunc_end4-.Lfunc_begin4       @ DW_AT_high_pc
	.byte	1                               @ DW_AT_frame_base
	.byte	93
	.long	.Linfo_string41                 @ DW_AT_name
	.byte	1                               @ DW_AT_decl_file
	.short	383                             @ DW_AT_decl_line
                                        @ DW_AT_prototyped
	.long	63                              @ DW_AT_type
                                        @ DW_AT_external
	.byte	22                              @ Abbrev [22] 0x34b:0x16 DW_TAG_subprogram
	.long	.Lfunc_begin5                   @ DW_AT_low_pc
	.long	.Lfunc_end5-.Lfunc_begin5       @ DW_AT_high_pc
	.byte	1                               @ DW_AT_frame_base
	.byte	93
	.long	.Linfo_string42                 @ DW_AT_name
	.byte	1                               @ DW_AT_decl_file
	.short	443                             @ DW_AT_decl_line
                                        @ DW_AT_prototyped
	.long	604                             @ DW_AT_type
                                        @ DW_AT_external
	.byte	22                              @ Abbrev [22] 0x361:0x16 DW_TAG_subprogram
	.long	.Lfunc_begin6                   @ DW_AT_low_pc
	.long	.Lfunc_end6-.Lfunc_begin6       @ DW_AT_high_pc
	.byte	1                               @ DW_AT_frame_base
	.byte	93
	.long	.Linfo_string43                 @ DW_AT_name
	.byte	1                               @ DW_AT_decl_file
	.short	458                             @ DW_AT_decl_line
                                        @ DW_AT_prototyped
	.long	604                             @ DW_AT_type
                                        @ DW_AT_external
	.byte	20                              @ Abbrev [20] 0x377:0x22 DW_TAG_subprogram
	.long	.Lfunc_begin7                   @ DW_AT_low_pc
	.long	.Lfunc_end7-.Lfunc_begin7       @ DW_AT_high_pc
	.byte	1                               @ DW_AT_frame_base
	.byte	93
	.long	.Linfo_string44                 @ DW_AT_name
	.byte	1                               @ DW_AT_decl_file
	.short	473                             @ DW_AT_decl_line
                                        @ DW_AT_prototyped
                                        @ DW_AT_external
	.byte	21                              @ Abbrev [21] 0x389:0xf DW_TAG_formal_parameter
	.byte	2                               @ DW_AT_location
	.byte	145
	.byte	4
	.long	.Linfo_string55                 @ DW_AT_name
	.byte	1                               @ DW_AT_decl_file
	.short	473                             @ DW_AT_decl_line
	.long	604                             @ DW_AT_type
	.byte	0                               @ End Of Children Mark
	.byte	23                              @ Abbrev [23] 0x399:0x35 DW_TAG_subprogram
	.long	.Lfunc_begin8                   @ DW_AT_low_pc
	.long	.Lfunc_end8-.Lfunc_begin8       @ DW_AT_high_pc
	.byte	1                               @ DW_AT_frame_base
	.byte	93
	.long	.Linfo_string45                 @ DW_AT_name
	.byte	1                               @ DW_AT_decl_file
	.short	498                             @ DW_AT_decl_line
                                        @ DW_AT_prototyped
	.long	604                             @ DW_AT_type
                                        @ DW_AT_external
	.byte	21                              @ Abbrev [21] 0x3af:0xf DW_TAG_formal_parameter
	.byte	2                               @ DW_AT_location
	.byte	145
	.byte	4
	.long	.Linfo_string55                 @ DW_AT_name
	.byte	1                               @ DW_AT_decl_file
	.short	498                             @ DW_AT_decl_line
	.long	604                             @ DW_AT_type
	.byte	21                              @ Abbrev [21] 0x3be:0xf DW_TAG_formal_parameter
	.byte	2                               @ DW_AT_location
	.byte	145
	.byte	0
	.long	.Linfo_string56                 @ DW_AT_name
	.byte	1                               @ DW_AT_decl_file
	.short	498                             @ DW_AT_decl_line
	.long	1066                            @ DW_AT_type
	.byte	0                               @ End Of Children Mark
	.byte	23                              @ Abbrev [23] 0x3ce:0x26 DW_TAG_subprogram
	.long	.Lfunc_begin9                   @ DW_AT_low_pc
	.long	.Lfunc_end9-.Lfunc_begin9       @ DW_AT_high_pc
	.byte	1                               @ DW_AT_frame_base
	.byte	93
	.long	.Linfo_string46                 @ DW_AT_name
	.byte	1                               @ DW_AT_decl_file
	.short	548                             @ DW_AT_decl_line
                                        @ DW_AT_prototyped
	.long	604                             @ DW_AT_type
                                        @ DW_AT_external
	.byte	21                              @ Abbrev [21] 0x3e4:0xf DW_TAG_formal_parameter
	.byte	2                               @ DW_AT_location
	.byte	145
	.byte	4
	.long	.Linfo_string56                 @ DW_AT_name
	.byte	1                               @ DW_AT_decl_file
	.short	548                             @ DW_AT_decl_line
	.long	1066                            @ DW_AT_type
	.byte	0                               @ End Of Children Mark
	.byte	23                              @ Abbrev [23] 0x3f4:0x26 DW_TAG_subprogram
	.long	.Lfunc_begin10                  @ DW_AT_low_pc
	.long	.Lfunc_end10-.Lfunc_begin10     @ DW_AT_high_pc
	.byte	1                               @ DW_AT_frame_base
	.byte	93
	.long	.Linfo_string47                 @ DW_AT_name
	.byte	1                               @ DW_AT_decl_file
	.short	568                             @ DW_AT_decl_line
                                        @ DW_AT_prototyped
	.long	604                             @ DW_AT_type
                                        @ DW_AT_external
	.byte	21                              @ Abbrev [21] 0x40a:0xf DW_TAG_formal_parameter
	.byte	2                               @ DW_AT_location
	.byte	145
	.byte	0
	.long	.Linfo_string56                 @ DW_AT_name
	.byte	1                               @ DW_AT_decl_file
	.short	568                             @ DW_AT_decl_line
	.long	1066                            @ DW_AT_type
	.byte	0                               @ End Of Children Mark
	.byte	8                               @ Abbrev [8] 0x41a:0xb DW_TAG_typedef
	.long	604                             @ DW_AT_type
	.long	.Linfo_string38                 @ DW_AT_name
	.byte	3                               @ DW_AT_decl_file
	.byte	58                              @ DW_AT_decl_line
	.byte	12                              @ Abbrev [12] 0x425:0x5 DW_TAG_pointer_type
	.long	1050                            @ DW_AT_type
	.byte	12                              @ Abbrev [12] 0x42a:0x5 DW_TAG_pointer_type
	.long	210                             @ DW_AT_type
	.byte	0                               @ End Of Children Mark
.Ldebug_info_end0:
	.section	.debug_ranges,"",%progbits
.Ldebug_ranges0:
	.long	.Lfunc_begin0
	.long	.Lfunc_end0
	.long	.Lfunc_begin1
	.long	.Lfunc_end1
	.long	.Lfunc_begin2
	.long	.Lfunc_end2
	.long	.Lfunc_begin3
	.long	.Lfunc_end3
	.long	.Lfunc_begin4
	.long	.Lfunc_end4
	.long	.Lfunc_begin5
	.long	.Lfunc_end5
	.long	.Lfunc_begin6
	.long	.Lfunc_end6
	.long	.Lfunc_begin7
	.long	.Lfunc_end7
	.long	.Lfunc_begin8
	.long	.Lfunc_end8
	.long	.Lfunc_begin9
	.long	.Lfunc_end9
	.long	.Lfunc_begin10
	.long	.Lfunc_end10
	.long	0
	.long	0
	.section	.debug_str,"MS",%progbits,1
.Linfo_string0:
	.asciz	"Component: Arm Compiler for Embedded 6.24 Tool: armclang [5f371800]" @ string offset=0
.Linfo_string1:
	.asciz	"../../CCC_common/Library/StdDriver/src\\retarget.c" @ string offset=68
.Linfo_string2:
	.asciz	"D:\\work\\dheeraj\\local\\CEL\\CCC\\CCC_CPU0\\Code" @ string offset=118
.Linfo_string3:
	.asciz	"char"                          @ string offset=162
.Linfo_string4:
	.asciz	"__ARRAY_SIZE_TYPE__"           @ string offset=167
.Linfo_string5:
	.asciz	"__stdout"                      @ string offset=187
.Linfo_string6:
	.asciz	"__FILE_opaque"                 @ string offset=196
.Linfo_string7:
	.asciz	"__FILE_alignment"              @ string offset=210
.Linfo_string8:
	.asciz	"long"                          @ string offset=227
.Linfo_string9:
	.asciz	"__FILE_size"                   @ string offset=232
.Linfo_string10:
	.asciz	"__FILE"                        @ string offset=244
.Linfo_string11:
	.asciz	"FILE"                          @ string offset=251
.Linfo_string12:
	.asciz	"__stdin"                       @ string offset=256
.Linfo_string13:
	.asciz	"unsigned int"                  @ string offset=264
.Linfo_string14:
	.asciz	"uint32_t"                      @ string offset=277
.Linfo_string15:
	.asciz	"DAT"                           @ string offset=286
.Linfo_string16:
	.asciz	"INTEN"                         @ string offset=290
.Linfo_string17:
	.asciz	"FIFO"                          @ string offset=296
.Linfo_string18:
	.asciz	"LINE"                          @ string offset=301
.Linfo_string19:
	.asciz	"MODEM"                         @ string offset=306
.Linfo_string20:
	.asciz	"MODEMSTS"                      @ string offset=312
.Linfo_string21:
	.asciz	"FIFOSTS"                       @ string offset=321
.Linfo_string22:
	.asciz	"INTSTS"                        @ string offset=329
.Linfo_string23:
	.asciz	"TOUT"                          @ string offset=336
.Linfo_string24:
	.asciz	"BAUD"                          @ string offset=341
.Linfo_string25:
	.asciz	"IRDA"                          @ string offset=346
.Linfo_string26:
	.asciz	"ALTCTL"                        @ string offset=351
.Linfo_string27:
	.asciz	"FUNCSEL"                       @ string offset=358
.Linfo_string28:
	.asciz	"LINCTL"                        @ string offset=366
.Linfo_string29:
	.asciz	"LINSTS"                        @ string offset=373
.Linfo_string30:
	.asciz	"BRCOMP"                        @ string offset=380
.Linfo_string31:
	.asciz	"WKCTL"                         @ string offset=387
.Linfo_string32:
	.asciz	"WKSTS"                         @ string offset=393
.Linfo_string33:
	.asciz	"DWKCOMP"                       @ string offset=399
.Linfo_string34:
	.asciz	"UART_T"                        @ string offset=407
.Linfo_string35:
	.asciz	"int"                           @ string offset=414
.Linfo_string36:
	.asciz	"ProcessHardFault"              @ string offset=418
.Linfo_string37:
	.asciz	"SH_Return"                     @ string offset=435
.Linfo_string38:
	.asciz	"int32_t"                       @ string offset=445
.Linfo_string39:
	.asciz	"SendChar_ToUART"               @ string offset=453
.Linfo_string40:
	.asciz	"SendChar"                      @ string offset=469
.Linfo_string41:
	.asciz	"GetChar"                       @ string offset=478
.Linfo_string42:
	.asciz	"kbhit"                         @ string offset=486
.Linfo_string43:
	.asciz	"IsDebugFifoEmpty"              @ string offset=492
.Linfo_string44:
	.asciz	"_ttywrch"                      @ string offset=509
.Linfo_string45:
	.asciz	"fputc"                         @ string offset=518
.Linfo_string46:
	.asciz	"fgetc"                         @ string offset=524
.Linfo_string47:
	.asciz	"ferror"                        @ string offset=530
.Linfo_string48:
	.asciz	"lr"                            @ string offset=537
.Linfo_string49:
	.asciz	"msp"                           @ string offset=540
.Linfo_string50:
	.asciz	"psp"                           @ string offset=544
.Linfo_string51:
	.asciz	"sp"                            @ string offset=548
.Linfo_string52:
	.asciz	"n32In_R0"                      @ string offset=551
.Linfo_string53:
	.asciz	"n32In_R1"                      @ string offset=560
.Linfo_string54:
	.asciz	"pn32Out_R0"                    @ string offset=569
.Linfo_string55:
	.asciz	"ch"                            @ string offset=580
.Linfo_string56:
	.asciz	"stream"                        @ string offset=583
	.ident	"Component: Arm Compiler for Embedded 6.24 Tool: armclang [5f371800]"
	.section	".note.GNU-stack","",%progbits
	.eabi_attribute	30, 6	@ Tag_ABI_optimization_goals
	.ARM_attribute	16, 1	@ Tag_AV_eba
	.section	.debug_line,"",%progbits
.Lline_table_start0:
