	.text
	.syntax unified
	.eabi_attribute	67, "2.09"	@ Tag_conformance
	.cpu	cortex-m23
	.eabi_attribute	6, 16	@ Tag_CPU_arch
	.eabi_attribute	7, 77	@ Tag_CPU_arch_profile
	.eabi_attribute	8, 0	@ Tag_ARM_ISA_use
	.eabi_attribute	9, 3	@ Tag_THUMB_ISA_use
	.eabi_attribute	34, 0	@ Tag_CPU_unaligned_access
	.eabi_attribute	17, 1	@ Tag_ABI_PCS_GOT_use
	.eabi_attribute	20, 2	@ Tag_ABI_FP_denormal
	.eabi_attribute	21, 0	@ Tag_ABI_FP_exceptions
	.eabi_attribute	23, 1	@ Tag_ABI_FP_number_model
	.eabi_attribute	24, 1	@ Tag_ABI_align_needed
	.eabi_attribute	25, 1	@ Tag_ABI_align_preserved
	.eabi_attribute	38, 1	@ Tag_ABI_FP_16bit_format
	.eabi_attribute	18, 4	@ Tag_ABI_PCS_wchar_t
	.eabi_attribute	26, 2	@ Tag_ABI_enum_size
	.eabi_attribute	14, 0	@ Tag_ABI_PCS_R9_use
	.file	"utils.c"
	.file	1 "C:\\Users\\Anaya\\AppData\\Local\\Keil_v5\\ARM\\ARMCLANG\\bin\\..\\include" "stdint.h"
	.file	2 "D:\\work\\dheeraj\\local\\CEL\\CCC\\CCC_CPU0\\Code" "source/utils.c"
	.section	.text.conv2seconds,"ax",%progbits
	.hidden	conv2seconds                    @ -- Begin function conv2seconds
	.globl	conv2seconds
	.p2align	2
	.type	conv2seconds,%function
	.code	16                              @ @conv2seconds
	.thumb_func
conv2seconds:
.Lfunc_begin0:
	.loc	2 56 0                          @ source/utils.c:56:0
	.fnstart
	.cfi_sections .debug_frame
	.cfi_startproc
@ %bb.0:
	.pad	#16
	sub	sp, #16
	.cfi_def_cfa_offset 16
	str	r0, [sp, #12]
	movs	r0, #0
.Ltmp0:
	.loc	2 58 11 prologue_end            @ source/utils.c:58:11
	str	r0, [sp]
	.loc	2 60 11                         @ source/utils.c:60:11
	ldr	r1, [sp, #12]
	.loc	2 60 16 is_stmt 0               @ source/utils.c:60:16
	ldrb	r1, [r1, #2]
	.loc	2 60 20                         @ source/utils.c:60:20
	subs	r1, #24
	add	r2, sp, #8
	.loc	2 60 8                          @ source/utils.c:60:8
	strh	r1, [r2]
	add	r1, sp, #4
.Ltmp1:
	.loc	2 61 7 is_stmt 1                @ source/utils.c:61:7
	strh	r0, [r1]
	.loc	2 61 6 is_stmt 0                @ source/utils.c:61:6
	b	.LBB0_1
.LBB0_1:                                @ =>This Inner Loop Header: Depth=1
	.loc	2 0 6                           @ source/utils.c:0:6
	add	r0, sp, #4
.Ltmp2:
	.loc	2 61 10                         @ source/utils.c:61:10
	ldrh	r0, [r0]
	add	r1, sp, #8
	.loc	2 61 12                         @ source/utils.c:61:12
	ldrh	r1, [r1]
.Ltmp3:
	.loc	2 61 2                          @ source/utils.c:61:2
	cmp	r0, r1
	bge	.LBB0_7
	b	.LBB0_2
.LBB0_2:                                @   in Loop: Header=BB0_1 Depth=1
.Ltmp4:
	.loc	2 62 19 is_stmt 1               @ source/utils.c:62:19
	ldr	r0, [sp, #4]
	.loc	2 62 18 is_stmt 0               @ source/utils.c:62:18
	adds	r0, #24
.Ltmp5:
	.loc	2 62 8                          @ source/utils.c:62:8
	lsls	r0, r0, #30
	cbnz	r0, .LBB0_4
	b	.LBB0_3
.LBB0_3:                                @   in Loop: Header=BB0_1 Depth=1
.Ltmp6:
	.loc	2 64 12 is_stmt 1               @ source/utils.c:64:12
	ldr	r0, [sp]
	ldr	r1, __arm_cp.0_3
	adds	r0, r0, r1
	str	r0, [sp]
	.loc	2 65 3                          @ source/utils.c:65:3
	b	.LBB0_5
.Ltmp7:
.LBB0_4:                                @   in Loop: Header=BB0_1 Depth=1
	.loc	2 68 12                         @ source/utils.c:68:12
	ldr	r0, [sp]
	ldr	r1, __arm_cp.0_2
	adds	r0, r0, r1
	str	r0, [sp]
	b	.LBB0_5
.Ltmp8:
.LBB0_5:                                @   in Loop: Header=BB0_1 Depth=1
	.loc	2 70 2                          @ source/utils.c:70:2
	b	.LBB0_6
.Ltmp9:
.LBB0_6:                                @   in Loop: Header=BB0_1 Depth=1
	.loc	2 61 19                         @ source/utils.c:61:19
	ldr	r0, [sp, #4]
	adds	r0, r0, #1
	add	r1, sp, #4
	strh	r0, [r1]
	.loc	2 61 2 is_stmt 0                @ source/utils.c:61:2
	b	.LBB0_1
.Ltmp10:
.LBB0_7:
	.loc	2 72 11 is_stmt 1               @ source/utils.c:72:11
	ldr	r0, [sp, #12]
	.loc	2 72 16 is_stmt 0               @ source/utils.c:72:16
	ldrb	r0, [r0, #1]
	.loc	2 72 20                         @ source/utils.c:72:20
	subs	r0, r0, #1
	add	r1, sp, #8
	.loc	2 72 8                          @ source/utils.c:72:8
	strh	r0, [r1]
	add	r1, sp, #4
	movs	r0, #0
.Ltmp11:
	.loc	2 73 7 is_stmt 1                @ source/utils.c:73:7
	strh	r0, [r1]
	.loc	2 73 6 is_stmt 0                @ source/utils.c:73:6
	b	.LBB0_8
.LBB0_8:                                @ =>This Inner Loop Header: Depth=1
	.loc	2 0 6                           @ source/utils.c:0:6
	add	r0, sp, #4
.Ltmp12:
	.loc	2 73 10                         @ source/utils.c:73:10
	ldrh	r0, [r0]
	add	r1, sp, #8
	.loc	2 73 12                         @ source/utils.c:73:12
	ldrh	r1, [r1]
.Ltmp13:
	.loc	2 73 2                          @ source/utils.c:73:2
	cmp	r0, r1
	bge	.LBB0_14
	b	.LBB0_9
.LBB0_9:                                @   in Loop: Header=BB0_8 Depth=1
	.loc	2 0 2                           @ source/utils.c:0:2
	add	r0, sp, #4
.Ltmp14:
	.loc	2 74 28 is_stmt 1               @ source/utils.c:74:28
	ldrh	r1, [r0]
	.loc	2 74 16 is_stmt 0               @ source/utils.c:74:16
	ldr	r0, __arm_cp.0_1
	ldrb	r0, [r0, r1]
	ldr	r1, __arm_cp.0_0
	.loc	2 74 31                         @ source/utils.c:74:31
	muls	r1, r0, r1
	.loc	2 74 13                         @ source/utils.c:74:13
	ldr	r0, [sp]
	adds	r0, r0, r1
	str	r0, [sp]
.Ltmp15:
	.loc	2 76 9 is_stmt 1                @ source/utils.c:76:9
	ldr	r0, [sp, #12]
	.loc	2 76 8 is_stmt 0                @ source/utils.c:76:8
	ldrb	r0, [r0, #2]
	.loc	2 76 28                         @ source/utils.c:76:28
	lsls	r0, r0, #30
	cbnz	r0, .LBB0_12
	b	.LBB0_10
.LBB0_10:                               @   in Loop: Header=BB0_8 Depth=1
	.loc	2 0 28                          @ source/utils.c:0:28
	add	r0, sp, #4
	.loc	2 76 32                         @ source/utils.c:76:32
	ldrh	r0, [r0]
.Ltmp16:
	.loc	2 76 6                          @ source/utils.c:76:6
	cmp	r0, #1
	bne	.LBB0_12
	b	.LBB0_11
.LBB0_11:                               @   in Loop: Header=BB0_8 Depth=1
.Ltmp17:
	.loc	2 78 12 is_stmt 1               @ source/utils.c:78:12
	ldr	r0, [sp]
	ldr	r1, __arm_cp.0_0
	adds	r0, r0, r1
	str	r0, [sp]
	.loc	2 79 3                          @ source/utils.c:79:3
	b	.LBB0_12
.Ltmp18:
.LBB0_12:                               @   in Loop: Header=BB0_8 Depth=1
	.loc	2 80 2                          @ source/utils.c:80:2
	b	.LBB0_13
.Ltmp19:
.LBB0_13:                               @   in Loop: Header=BB0_8 Depth=1
	.loc	2 73 19                         @ source/utils.c:73:19
	ldr	r0, [sp, #4]
	adds	r0, r0, #1
	add	r1, sp, #4
	strh	r0, [r1]
	.loc	2 73 2 is_stmt 0                @ source/utils.c:73:2
	b	.LBB0_8
.Ltmp20:
.LBB0_14:
	.loc	2 82 14 is_stmt 1               @ source/utils.c:82:14
	ldr	r0, [sp, #12]
	.loc	2 82 19 is_stmt 0               @ source/utils.c:82:19
	ldrb	r0, [r0]
	.loc	2 82 22                         @ source/utils.c:82:22
	subs	r0, r0, #1
	ldr	r1, __arm_cp.0_0
	.loc	2 82 33                         @ source/utils.c:82:33
	muls	r1, r0, r1
	.loc	2 82 10                         @ source/utils.c:82:10
	ldr	r0, [sp]
	adds	r0, r0, r1
	str	r0, [sp]
	.loc	2 83 21 is_stmt 1               @ source/utils.c:83:21
	ldr	r1, [sp, #12]
	.loc	2 83 26 is_stmt 0               @ source/utils.c:83:26
	ldrb	r2, [r1, #3]
	movw	r0, #3600
	.loc	2 83 20                         @ source/utils.c:83:20
	muls	r0, r2, r0
	.loc	2 83 42                         @ source/utils.c:83:42
	ldrb	r3, [r1, #4]
	movs	r2, #60
	.loc	2 83 36                         @ source/utils.c:83:36
	muls	r2, r3, r2
	.loc	2 83 30                         @ source/utils.c:83:30
	adds	r0, r0, r2
	.loc	2 83 54                         @ source/utils.c:83:54
	ldrb	r1, [r1, #5]
	.loc	2 83 46                         @ source/utils.c:83:46
	adds	r1, r0, r1
	.loc	2 83 10                         @ source/utils.c:83:10
	ldr	r0, [sp]
	adds	r0, r0, r1
	str	r0, [sp]
	.loc	2 84 9 is_stmt 1                @ source/utils.c:84:9
	ldr	r0, [sp]
	.loc	2 84 2 epilogue_begin is_stmt 0 @ source/utils.c:84:2
	add	sp, #16
	bx	lr
.Ltmp21:
	.loc	2 0 2                           @ :0:2
.Ltmp22:
	.p2align	2
@ %bb.15:
__arm_cp.0_0:
	.long	86400                           @ 0x15180
.Lcpi_end0:
	.size	__arm_cp.0_0, .Lcpi_end0-__arm_cp.0_0
__arm_cp.0_1:
	.long	daysofmonth
.Lcpi_end1:
	.size	__arm_cp.0_1, .Lcpi_end1-__arm_cp.0_1
__arm_cp.0_2:
	.long	31536000                        @ 0x1e13380
.Lcpi_end2:
	.size	__arm_cp.0_2, .Lcpi_end2-__arm_cp.0_2
__arm_cp.0_3:
	.long	31622400                        @ 0x1e28500
.Lcpi_end3:
	.size	__arm_cp.0_3, .Lcpi_end3-__arm_cp.0_3
.Lfunc_end0:
	.size	conv2seconds, .Lfunc_end0-conv2seconds
	.cfi_endproc
	.cantunwind
	.fnend
                                        @ -- End function
	.section	.text.conv2TOD,"ax",%progbits
	.hidden	conv2TOD                        @ -- Begin function conv2TOD
	.globl	conv2TOD
	.p2align	2
	.type	conv2TOD,%function
	.code	16                              @ @conv2TOD
	.thumb_func
conv2TOD:
.Lfunc_begin1:
	.loc	2 114 0 is_stmt 1               @ source/utils.c:114:0
	.fnstart
	.cfi_startproc
@ %bb.0:
	.pad	#16
	sub	sp, #16
	.cfi_def_cfa_offset 16
	str	r0, [sp, #12]
	str	r1, [sp, #8]
	add	r1, sp, #4
	movs	r0, #0
.Ltmp23:
	.loc	2 115 12 prologue_end           @ source/utils.c:115:12
	strh	r0, [r1]
	.loc	2 118 2                         @ source/utils.c:118:2
	b	.LBB1_1
.LBB1_1:                                @ =>This Inner Loop Header: Depth=1
.Ltmp24:
	.loc	2 119 37                        @ source/utils.c:119:37
	ldr	r1, [sp, #4]
	.loc	2 119 36 is_stmt 0              @ source/utils.c:119:36
	adds	r1, #24
	movs	r0, #3
	.loc	2 119 39                        @ source/utils.c:119:39
	ands	r1, r0
	.loc	2 119 44                        @ source/utils.c:119:44
	rsbs	r0, r1, #0
	adcs	r1, r0
	mov	r0, sp
	.loc	2 119 14                        @ source/utils.c:119:14
	strb	r1, [r0]
.Ltmp25:
	.loc	2 120 9 is_stmt 1               @ source/utils.c:120:9
	ldrb	r0, [r0]
	.loc	2 120 28 is_stmt 0              @ source/utils.c:120:28
	cbz	r0, .LBB1_4
	b	.LBB1_2
.LBB1_2:                                @   in Loop: Header=BB1_1 Depth=1
	.loc	2 120 32                        @ source/utils.c:120:32
	ldr	r0, [sp, #12]
	ldr	r1, __arm_cp.1_0
.Ltmp26:
	.loc	2 120 8                         @ source/utils.c:120:8
	cmp	r0, r1
	blo	.LBB1_4
	b	.LBB1_3
.LBB1_3:                                @   in Loop: Header=BB1_1 Depth=1
.Ltmp27:
	.loc	2 121 5 is_stmt 1               @ source/utils.c:121:5
	ldr	r0, [sp, #4]
	adds	r0, r0, #1
	add	r1, sp, #4
	strh	r0, [r1]
	.loc	2 122 12                        @ source/utils.c:122:12
	ldr	r0, [sp, #12]
	ldr	r1, __arm_cp.1_6
	adds	r0, r0, r1
	str	r0, [sp, #12]
	.loc	2 123 3                         @ source/utils.c:123:3
	b	.LBB1_9
.Ltmp28:
.LBB1_4:                                @   in Loop: Header=BB1_1 Depth=1
	.loc	2 0 3 is_stmt 0                 @ source/utils.c:0:3
	mov	r0, sp
.Ltmp29:
	.loc	2 124 12 is_stmt 1              @ source/utils.c:124:12
	ldrb	r0, [r0]
	.loc	2 124 31 is_stmt 0              @ source/utils.c:124:31
	cbnz	r0, .LBB1_7
	b	.LBB1_5
.LBB1_5:                                @   in Loop: Header=BB1_1 Depth=1
	.loc	2 124 35                        @ source/utils.c:124:35
	ldr	r0, [sp, #12]
	ldr	r1, __arm_cp.1_1
.Ltmp30:
	.loc	2 124 11                        @ source/utils.c:124:11
	cmp	r0, r1
	blo	.LBB1_7
	b	.LBB1_6
.LBB1_6:                                @   in Loop: Header=BB1_1 Depth=1
.Ltmp31:
	.loc	2 125 5 is_stmt 1               @ source/utils.c:125:5
	ldr	r0, [sp, #4]
	adds	r0, r0, #1
	add	r1, sp, #4
	strh	r0, [r1]
	.loc	2 126 12                        @ source/utils.c:126:12
	ldr	r0, [sp, #12]
	ldr	r1, __arm_cp.1_5
	adds	r0, r0, r1
	str	r0, [sp, #12]
	.loc	2 127 3                         @ source/utils.c:127:3
	b	.LBB1_8
.Ltmp32:
.LBB1_7:
	.loc	2 129 24                        @ source/utils.c:129:24
	ldr	r0, [sp, #4]
	.loc	2 129 23 is_stmt 0              @ source/utils.c:129:23
	adds	r0, #24
	.loc	2 129 4                         @ source/utils.c:129:4
	ldr	r1, [sp, #8]
	.loc	2 129 12                        @ source/utils.c:129:12
	strb	r0, [r1, #2]
	.loc	2 130 4 is_stmt 1               @ source/utils.c:130:4
	b	.LBB1_10
.Ltmp33:
.LBB1_8:                                @   in Loop: Header=BB1_1 Depth=1
	.loc	2 0 4 is_stmt 0                 @ source/utils.c:0:4
	b	.LBB1_9
.LBB1_9:                                @   in Loop: Header=BB1_1 Depth=1
	.loc	2 118 2 is_stmt 1               @ source/utils.c:118:2
	b	.LBB1_1
.LBB1_10:
	.loc	2 0 2 is_stmt 0                 @ source/utils.c:0:2
	add	r1, sp, #4
	movs	r0, #0
	.loc	2 135 4 is_stmt 1               @ source/utils.c:135:4
	strh	r0, [r1]
	.loc	2 136 2                         @ source/utils.c:136:2
	b	.LBB1_11
.LBB1_11:                               @ =>This Inner Loop Header: Depth=1
	.loc	2 0 2 is_stmt 0                 @ source/utils.c:0:2
	mov	r0, sp
.Ltmp34:
	.loc	2 137 7 is_stmt 1               @ source/utils.c:137:7
	ldrb	r0, [r0]
	.loc	2 137 27 is_stmt 0              @ source/utils.c:137:27
	cbz	r0, .LBB1_15
	b	.LBB1_12
.LBB1_12:                               @   in Loop: Header=BB1_11 Depth=1
	.loc	2 0 27                          @ source/utils.c:0:27
	add	r0, sp, #4
	.loc	2 137 31                        @ source/utils.c:137:31
	ldrh	r0, [r0]
	.loc	2 137 38                        @ source/utils.c:137:38
	cmp	r0, #1
	bne	.LBB1_15
	b	.LBB1_13
.LBB1_13:                               @   in Loop: Header=BB1_11 Depth=1
	.loc	2 137 42                        @ source/utils.c:137:42
	ldr	r0, [sp, #12]
	add	r1, sp, #4
	.loc	2 137 67                        @ source/utils.c:137:67
	ldrh	r2, [r1]
	.loc	2 137 55                        @ source/utils.c:137:55
	ldr	r1, __arm_cp.1_2
	ldrb	r1, [r1, r2]
	.loc	2 137 69                        @ source/utils.c:137:69
	adds	r2, r1, #1
	ldr	r1, __arm_cp.1_3
	.loc	2 137 74                        @ source/utils.c:137:74
	muls	r1, r2, r1
.Ltmp35:
	.loc	2 137 6                         @ source/utils.c:137:6
	cmp	r0, r1
	blo	.LBB1_15
	b	.LBB1_14
.LBB1_14:                               @   in Loop: Header=BB1_11 Depth=1
	.loc	2 0 6                           @ source/utils.c:0:6
	add	r1, sp, #4
.Ltmp36:
	.loc	2 138 31 is_stmt 1              @ source/utils.c:138:31
	ldrh	r2, [r1]
	.loc	2 138 19 is_stmt 0              @ source/utils.c:138:19
	ldr	r0, __arm_cp.1_2
	ldrb	r0, [r0, r2]
	.loc	2 138 33                        @ source/utils.c:138:33
	adds	r0, r0, #1
	ldr	r2, __arm_cp.1_3
	.loc	2 138 38                        @ source/utils.c:138:38
	muls	r2, r0, r2
	.loc	2 138 15                        @ source/utils.c:138:15
	ldr	r0, [sp, #12]
	subs	r0, r0, r2
	str	r0, [sp, #12]
	.loc	2 139 5 is_stmt 1               @ source/utils.c:139:5
	ldr	r0, [sp, #4]
	adds	r0, r0, #1
	strh	r0, [r1]
	.loc	2 140 3                         @ source/utils.c:140:3
	b	.LBB1_19
.Ltmp37:
.LBB1_15:                               @   in Loop: Header=BB1_11 Depth=1
	.loc	2 141 11                        @ source/utils.c:141:11
	ldr	r0, [sp, #12]
	add	r1, sp, #4
	.loc	2 141 35 is_stmt 0              @ source/utils.c:141:35
	ldrh	r2, [r1]
	.loc	2 141 23                        @ source/utils.c:141:23
	ldr	r1, __arm_cp.1_2
	ldrb	r2, [r1, r2]
	ldr	r1, __arm_cp.1_3
	.loc	2 141 38                        @ source/utils.c:141:38
	muls	r1, r2, r1
.Ltmp38:
	.loc	2 141 11                        @ source/utils.c:141:11
	cmp	r0, r1
	blo	.LBB1_17
	b	.LBB1_16
.LBB1_16:                               @   in Loop: Header=BB1_11 Depth=1
	.loc	2 0 11                          @ source/utils.c:0:11
	add	r1, sp, #4
.Ltmp39:
	.loc	2 142 32 is_stmt 1              @ source/utils.c:142:32
	ldrh	r2, [r1]
	.loc	2 142 20 is_stmt 0              @ source/utils.c:142:20
	ldr	r0, __arm_cp.1_2
	ldrb	r0, [r0, r2]
	ldr	r2, __arm_cp.1_3
	.loc	2 142 35                        @ source/utils.c:142:35
	muls	r2, r0, r2
	.loc	2 142 17                        @ source/utils.c:142:17
	ldr	r0, [sp, #12]
	subs	r0, r0, r2
	str	r0, [sp, #12]
	.loc	2 143 5 is_stmt 1               @ source/utils.c:143:5
	ldr	r0, [sp, #4]
	adds	r0, r0, #1
	strh	r0, [r1]
	.loc	2 144 3                         @ source/utils.c:144:3
	b	.LBB1_18
.Ltmp40:
.LBB1_17:
	.loc	2 146 14                        @ source/utils.c:146:14
	ldr	r0, [sp, #4]
	.loc	2 146 15 is_stmt 0              @ source/utils.c:146:15
	adds	r0, r0, #1
	.loc	2 146 4                         @ source/utils.c:146:4
	ldr	r1, [sp, #8]
	.loc	2 146 12                        @ source/utils.c:146:12
	strb	r0, [r1, #1]
	.loc	2 147 4 is_stmt 1               @ source/utils.c:147:4
	b	.LBB1_20
.Ltmp41:
.LBB1_18:                               @   in Loop: Header=BB1_11 Depth=1
	.loc	2 0 4 is_stmt 0                 @ source/utils.c:0:4
	b	.LBB1_19
.LBB1_19:                               @   in Loop: Header=BB1_11 Depth=1
	.loc	2 136 2 is_stmt 1               @ source/utils.c:136:2
	b	.LBB1_11
.LBB1_20:
	.loc	2 0 2 is_stmt 0                 @ source/utils.c:0:2
	add	r1, sp, #4
	movs	r0, #0
	.loc	2 152 4 is_stmt 1               @ source/utils.c:152:4
	strh	r0, [r1]
	.loc	2 153 2                         @ source/utils.c:153:2
	b	.LBB1_21
.LBB1_21:                               @ =>This Inner Loop Header: Depth=1
.Ltmp42:
	.loc	2 154 6                         @ source/utils.c:154:6
	ldr	r0, [sp, #12]
	ldr	r1, __arm_cp.1_3
.Ltmp43:
	.loc	2 154 6 is_stmt 0               @ source/utils.c:154:6
	cmp	r0, r1
	blo	.LBB1_23
	b	.LBB1_22
.LBB1_22:                               @   in Loop: Header=BB1_21 Depth=1
.Ltmp44:
	.loc	2 155 15 is_stmt 1              @ source/utils.c:155:15
	ldr	r0, [sp, #12]
	ldr	r1, __arm_cp.1_4
	adds	r0, r0, r1
	str	r0, [sp, #12]
	.loc	2 156 5                         @ source/utils.c:156:5
	ldr	r0, [sp, #4]
	adds	r0, r0, #1
	add	r1, sp, #4
	strh	r0, [r1]
	.loc	2 157 3                         @ source/utils.c:157:3
	b	.LBB1_24
.Ltmp45:
.LBB1_23:
	.loc	2 159 14                        @ source/utils.c:159:14
	ldr	r0, [sp, #4]
	.loc	2 159 15 is_stmt 0              @ source/utils.c:159:15
	adds	r0, r0, #1
	.loc	2 159 4                         @ source/utils.c:159:4
	ldr	r1, [sp, #8]
	.loc	2 159 12                        @ source/utils.c:159:12
	strb	r0, [r1]
	.loc	2 160 4 is_stmt 1               @ source/utils.c:160:4
	b	.LBB1_25
.Ltmp46:
.LBB1_24:                               @   in Loop: Header=BB1_21 Depth=1
	.loc	2 153 2                         @ source/utils.c:153:2
	b	.LBB1_21
.LBB1_25:
	.loc	2 0 2 is_stmt 0                 @ source/utils.c:0:2
	add	r1, sp, #4
	movs	r0, #0
	.loc	2 165 4 is_stmt 1               @ source/utils.c:165:4
	strh	r0, [r1]
	.loc	2 166 2                         @ source/utils.c:166:2
	b	.LBB1_26
.LBB1_26:                               @ =>This Inner Loop Header: Depth=1
.Ltmp47:
	.loc	2 167 6                         @ source/utils.c:167:6
	ldr	r0, [sp, #12]
.Ltmp48:
	.loc	2 167 6 is_stmt 0               @ source/utils.c:167:6
	lsrs	r0, r0, #4
	cmp	r0, #225
	blo	.LBB1_28
	b	.LBB1_27
.LBB1_27:                               @   in Loop: Header=BB1_26 Depth=1
.Ltmp49:
	.loc	2 168 15 is_stmt 1              @ source/utils.c:168:15
	ldr	r0, [sp, #12]
	movw	r1, #3600
	subs	r0, r0, r1
	str	r0, [sp, #12]
	.loc	2 169 5                         @ source/utils.c:169:5
	ldr	r0, [sp, #4]
	adds	r0, r0, #1
	add	r1, sp, #4
	strh	r0, [r1]
	.loc	2 170 3                         @ source/utils.c:170:3
	b	.LBB1_29
.Ltmp50:
.LBB1_28:
	.loc	2 172 14                        @ source/utils.c:172:14
	ldr	r0, [sp, #4]
	.loc	2 172 4 is_stmt 0               @ source/utils.c:172:4
	ldr	r1, [sp, #8]
	.loc	2 172 12                        @ source/utils.c:172:12
	strb	r0, [r1, #3]
	.loc	2 173 4 is_stmt 1               @ source/utils.c:173:4
	b	.LBB1_30
.Ltmp51:
.LBB1_29:                               @   in Loop: Header=BB1_26 Depth=1
	.loc	2 166 2                         @ source/utils.c:166:2
	b	.LBB1_26
.LBB1_30:
	.loc	2 0 2 is_stmt 0                 @ source/utils.c:0:2
	add	r1, sp, #4
	movs	r0, #0
	.loc	2 178 4 is_stmt 1               @ source/utils.c:178:4
	strh	r0, [r1]
	.loc	2 179 2                         @ source/utils.c:179:2
	b	.LBB1_31
.LBB1_31:                               @ =>This Inner Loop Header: Depth=1
.Ltmp52:
	.loc	2 180 6                         @ source/utils.c:180:6
	ldr	r0, [sp, #12]
.Ltmp53:
	.loc	2 180 6 is_stmt 0               @ source/utils.c:180:6
	cmp	r0, #60
	blo	.LBB1_33
	b	.LBB1_32
.LBB1_32:                               @   in Loop: Header=BB1_31 Depth=1
.Ltmp54:
	.loc	2 181 15 is_stmt 1              @ source/utils.c:181:15
	ldr	r0, [sp, #12]
	subs	r0, #60
	str	r0, [sp, #12]
	.loc	2 182 5                         @ source/utils.c:182:5
	ldr	r0, [sp, #4]
	adds	r0, r0, #1
	add	r1, sp, #4
	strh	r0, [r1]
	.loc	2 183 3                         @ source/utils.c:183:3
	b	.LBB1_34
.Ltmp55:
.LBB1_33:
	.loc	2 185 14                        @ source/utils.c:185:14
	ldr	r0, [sp, #4]
	.loc	2 185 4 is_stmt 0               @ source/utils.c:185:4
	ldr	r1, [sp, #8]
	.loc	2 185 12                        @ source/utils.c:185:12
	strb	r0, [r1, #4]
	.loc	2 186 4 is_stmt 1               @ source/utils.c:186:4
	b	.LBB1_35
.Ltmp56:
.LBB1_34:                               @   in Loop: Header=BB1_31 Depth=1
	.loc	2 179 2                         @ source/utils.c:179:2
	b	.LBB1_31
.LBB1_35:
	.loc	2 190 12                        @ source/utils.c:190:12
	ldr	r0, [sp, #12]
	.loc	2 190 2 is_stmt 0               @ source/utils.c:190:2
	ldr	r1, [sp, #8]
	.loc	2 190 10                        @ source/utils.c:190:10
	strb	r0, [r1, #5]
	.loc	2 191 1 epilogue_begin is_stmt 1 @ source/utils.c:191:1
	add	sp, #16
	bx	lr
.Ltmp57:
	.loc	2 0 1 is_stmt 0                 @ :0:1
.Ltmp58:
	.p2align	2
@ %bb.36:
__arm_cp.1_0:
	.long	31622400                        @ 0x1e28500
.Lcpi_end4:
	.size	__arm_cp.1_0, .Lcpi_end4-__arm_cp.1_0
__arm_cp.1_1:
	.long	31536000                        @ 0x1e13380
.Lcpi_end5:
	.size	__arm_cp.1_1, .Lcpi_end5-__arm_cp.1_1
__arm_cp.1_2:
	.long	daysofmonth
.Lcpi_end6:
	.size	__arm_cp.1_2, .Lcpi_end6-__arm_cp.1_2
__arm_cp.1_3:
	.long	86400                           @ 0x15180
.Lcpi_end7:
	.size	__arm_cp.1_3, .Lcpi_end7-__arm_cp.1_3
__arm_cp.1_4:
	.long	4294880896                      @ 0xfffeae80
.Lcpi_end8:
	.size	__arm_cp.1_4, .Lcpi_end8-__arm_cp.1_4
__arm_cp.1_5:
	.long	4263431296                      @ 0xfe1ecc80
.Lcpi_end9:
	.size	__arm_cp.1_5, .Lcpi_end9-__arm_cp.1_5
__arm_cp.1_6:
	.long	4263344896                      @ 0xfe1d7b00
.Lcpi_end10:
	.size	__arm_cp.1_6, .Lcpi_end10-__arm_cp.1_6
.Lfunc_end1:
	.size	conv2TOD, .Lfunc_end1-conv2TOD
	.cfi_endproc
	.cantunwind
	.fnend
                                        @ -- End function
	.type	daysofmonth,%object             @ @daysofmonth
	.section	.data.daysofmonth,"aw",%progbits
daysofmonth:
	.ascii	"\037\034\037\036\037\036\037\037\036\037\036\037"
	.size	daysofmonth, 12

	.file	3 "D:\\work\\dheeraj\\local\\CEL\\CCC\\CCC_CPU0\\Code" "source/Include\\app.h"
	.section	.debug_abbrev,"",%progbits
	.byte	1                               @ Abbreviation Code
	.byte	17                              @ DW_TAG_compile_unit
	.byte	1                               @ DW_CHILDREN_yes
	.byte	37                              @ DW_AT_producer
	.byte	14                              @ DW_FORM_strp
	.byte	19                              @ DW_AT_language
	.byte	5                               @ DW_FORM_data2
	.byte	3                               @ DW_AT_name
	.byte	14                              @ DW_FORM_strp
	.byte	16                              @ DW_AT_stmt_list
	.byte	23                              @ DW_FORM_sec_offset
	.byte	27                              @ DW_AT_comp_dir
	.byte	14                              @ DW_FORM_strp
	.byte	17                              @ DW_AT_low_pc
	.byte	1                               @ DW_FORM_addr
	.byte	85                              @ DW_AT_ranges
	.byte	23                              @ DW_FORM_sec_offset
	.byte	0                               @ EOM(1)
	.byte	0                               @ EOM(2)
	.byte	2                               @ Abbreviation Code
	.byte	52                              @ DW_TAG_variable
	.byte	0                               @ DW_CHILDREN_no
	.byte	3                               @ DW_AT_name
	.byte	14                              @ DW_FORM_strp
	.byte	73                              @ DW_AT_type
	.byte	19                              @ DW_FORM_ref4
	.byte	58                              @ DW_AT_decl_file
	.byte	11                              @ DW_FORM_data1
	.byte	59                              @ DW_AT_decl_line
	.byte	11                              @ DW_FORM_data1
	.byte	2                               @ DW_AT_location
	.byte	24                              @ DW_FORM_exprloc
	.byte	0                               @ EOM(1)
	.byte	0                               @ EOM(2)
	.byte	3                               @ Abbreviation Code
	.byte	1                               @ DW_TAG_array_type
	.byte	1                               @ DW_CHILDREN_yes
	.byte	73                              @ DW_AT_type
	.byte	19                              @ DW_FORM_ref4
	.byte	0                               @ EOM(1)
	.byte	0                               @ EOM(2)
	.byte	4                               @ Abbreviation Code
	.byte	33                              @ DW_TAG_subrange_type
	.byte	0                               @ DW_CHILDREN_no
	.byte	73                              @ DW_AT_type
	.byte	19                              @ DW_FORM_ref4
	.byte	55                              @ DW_AT_count
	.byte	11                              @ DW_FORM_data1
	.byte	0                               @ EOM(1)
	.byte	0                               @ EOM(2)
	.byte	5                               @ Abbreviation Code
	.byte	22                              @ DW_TAG_typedef
	.byte	0                               @ DW_CHILDREN_no
	.byte	73                              @ DW_AT_type
	.byte	19                              @ DW_FORM_ref4
	.byte	3                               @ DW_AT_name
	.byte	14                              @ DW_FORM_strp
	.byte	58                              @ DW_AT_decl_file
	.byte	11                              @ DW_FORM_data1
	.byte	59                              @ DW_AT_decl_line
	.byte	11                              @ DW_FORM_data1
	.byte	0                               @ EOM(1)
	.byte	0                               @ EOM(2)
	.byte	6                               @ Abbreviation Code
	.byte	36                              @ DW_TAG_base_type
	.byte	0                               @ DW_CHILDREN_no
	.byte	3                               @ DW_AT_name
	.byte	14                              @ DW_FORM_strp
	.byte	62                              @ DW_AT_encoding
	.byte	11                              @ DW_FORM_data1
	.byte	11                              @ DW_AT_byte_size
	.byte	11                              @ DW_FORM_data1
	.byte	0                               @ EOM(1)
	.byte	0                               @ EOM(2)
	.byte	7                               @ Abbreviation Code
	.byte	36                              @ DW_TAG_base_type
	.byte	0                               @ DW_CHILDREN_no
	.byte	3                               @ DW_AT_name
	.byte	14                              @ DW_FORM_strp
	.byte	11                              @ DW_AT_byte_size
	.byte	11                              @ DW_FORM_data1
	.byte	62                              @ DW_AT_encoding
	.byte	11                              @ DW_FORM_data1
	.byte	0                               @ EOM(1)
	.byte	0                               @ EOM(2)
	.byte	8                               @ Abbreviation Code
	.byte	46                              @ DW_TAG_subprogram
	.byte	1                               @ DW_CHILDREN_yes
	.byte	17                              @ DW_AT_low_pc
	.byte	1                               @ DW_FORM_addr
	.byte	18                              @ DW_AT_high_pc
	.byte	6                               @ DW_FORM_data4
	.byte	64                              @ DW_AT_frame_base
	.byte	24                              @ DW_FORM_exprloc
	.byte	3                               @ DW_AT_name
	.byte	14                              @ DW_FORM_strp
	.byte	58                              @ DW_AT_decl_file
	.byte	11                              @ DW_FORM_data1
	.byte	59                              @ DW_AT_decl_line
	.byte	11                              @ DW_FORM_data1
	.byte	39                              @ DW_AT_prototyped
	.byte	25                              @ DW_FORM_flag_present
	.byte	73                              @ DW_AT_type
	.byte	19                              @ DW_FORM_ref4
	.byte	63                              @ DW_AT_external
	.byte	25                              @ DW_FORM_flag_present
	.byte	0                               @ EOM(1)
	.byte	0                               @ EOM(2)
	.byte	9                               @ Abbreviation Code
	.byte	5                               @ DW_TAG_formal_parameter
	.byte	0                               @ DW_CHILDREN_no
	.byte	2                               @ DW_AT_location
	.byte	24                              @ DW_FORM_exprloc
	.byte	3                               @ DW_AT_name
	.byte	14                              @ DW_FORM_strp
	.byte	58                              @ DW_AT_decl_file
	.byte	11                              @ DW_FORM_data1
	.byte	59                              @ DW_AT_decl_line
	.byte	11                              @ DW_FORM_data1
	.byte	73                              @ DW_AT_type
	.byte	19                              @ DW_FORM_ref4
	.byte	0                               @ EOM(1)
	.byte	0                               @ EOM(2)
	.byte	10                              @ Abbreviation Code
	.byte	52                              @ DW_TAG_variable
	.byte	0                               @ DW_CHILDREN_no
	.byte	2                               @ DW_AT_location
	.byte	24                              @ DW_FORM_exprloc
	.byte	3                               @ DW_AT_name
	.byte	14                              @ DW_FORM_strp
	.byte	58                              @ DW_AT_decl_file
	.byte	11                              @ DW_FORM_data1
	.byte	59                              @ DW_AT_decl_line
	.byte	11                              @ DW_FORM_data1
	.byte	73                              @ DW_AT_type
	.byte	19                              @ DW_FORM_ref4
	.byte	0                               @ EOM(1)
	.byte	0                               @ EOM(2)
	.byte	11                              @ Abbreviation Code
	.byte	46                              @ DW_TAG_subprogram
	.byte	1                               @ DW_CHILDREN_yes
	.byte	17                              @ DW_AT_low_pc
	.byte	1                               @ DW_FORM_addr
	.byte	18                              @ DW_AT_high_pc
	.byte	6                               @ DW_FORM_data4
	.byte	64                              @ DW_AT_frame_base
	.byte	24                              @ DW_FORM_exprloc
	.byte	3                               @ DW_AT_name
	.byte	14                              @ DW_FORM_strp
	.byte	58                              @ DW_AT_decl_file
	.byte	11                              @ DW_FORM_data1
	.byte	59                              @ DW_AT_decl_line
	.byte	11                              @ DW_FORM_data1
	.byte	39                              @ DW_AT_prototyped
	.byte	25                              @ DW_FORM_flag_present
	.byte	63                              @ DW_AT_external
	.byte	25                              @ DW_FORM_flag_present
	.byte	0                               @ EOM(1)
	.byte	0                               @ EOM(2)
	.byte	12                              @ Abbreviation Code
	.byte	15                              @ DW_TAG_pointer_type
	.byte	0                               @ DW_CHILDREN_no
	.byte	73                              @ DW_AT_type
	.byte	19                              @ DW_FORM_ref4
	.byte	0                               @ EOM(1)
	.byte	0                               @ EOM(2)
	.byte	13                              @ Abbreviation Code
	.byte	19                              @ DW_TAG_structure_type
	.byte	1                               @ DW_CHILDREN_yes
	.byte	11                              @ DW_AT_byte_size
	.byte	11                              @ DW_FORM_data1
	.byte	58                              @ DW_AT_decl_file
	.byte	11                              @ DW_FORM_data1
	.byte	59                              @ DW_AT_decl_line
	.byte	11                              @ DW_FORM_data1
	.byte	0                               @ EOM(1)
	.byte	0                               @ EOM(2)
	.byte	14                              @ Abbreviation Code
	.byte	13                              @ DW_TAG_member
	.byte	0                               @ DW_CHILDREN_no
	.byte	3                               @ DW_AT_name
	.byte	14                              @ DW_FORM_strp
	.byte	73                              @ DW_AT_type
	.byte	19                              @ DW_FORM_ref4
	.byte	58                              @ DW_AT_decl_file
	.byte	11                              @ DW_FORM_data1
	.byte	59                              @ DW_AT_decl_line
	.byte	11                              @ DW_FORM_data1
	.byte	56                              @ DW_AT_data_member_location
	.byte	11                              @ DW_FORM_data1
	.byte	0                               @ EOM(1)
	.byte	0                               @ EOM(2)
	.byte	0                               @ EOM(3)
	.section	.debug_info,"",%progbits
.Lcu_begin0:
	.long	.Ldebug_info_end0-.Ldebug_info_start0 @ Length of Unit
.Ldebug_info_start0:
	.short	4                               @ DWARF version number
	.long	.debug_abbrev                   @ Offset Into Abbrev. Section
	.byte	4                               @ Address Size (in bytes)
	.byte	1                               @ Abbrev [1] 0xb:0x16b DW_TAG_compile_unit
	.long	.Linfo_string0                  @ DW_AT_producer
	.short	29                              @ DW_AT_language
	.long	.Linfo_string1                  @ DW_AT_name
	.long	.Lline_table_start0             @ DW_AT_stmt_list
	.long	.Linfo_string2                  @ DW_AT_comp_dir
	.long	0                               @ DW_AT_low_pc
	.long	.Ldebug_ranges0                 @ DW_AT_ranges
	.byte	2                               @ Abbrev [2] 0x26:0x11 DW_TAG_variable
	.long	.Linfo_string3                  @ DW_AT_name
	.long	55                              @ DW_AT_type
	.byte	2                               @ DW_AT_decl_file
	.byte	28                              @ DW_AT_decl_line
	.byte	5                               @ DW_AT_location
	.byte	3
	.long	daysofmonth
	.byte	3                               @ Abbrev [3] 0x37:0xc DW_TAG_array_type
	.long	67                              @ DW_AT_type
	.byte	4                               @ Abbrev [4] 0x3c:0x6 DW_TAG_subrange_type
	.long	85                              @ DW_AT_type
	.byte	12                              @ DW_AT_count
	.byte	0                               @ End Of Children Mark
	.byte	5                               @ Abbrev [5] 0x43:0xb DW_TAG_typedef
	.long	78                              @ DW_AT_type
	.long	.Linfo_string5                  @ DW_AT_name
	.byte	1                               @ DW_AT_decl_file
	.byte	62                              @ DW_AT_decl_line
	.byte	6                               @ Abbrev [6] 0x4e:0x7 DW_TAG_base_type
	.long	.Linfo_string4                  @ DW_AT_name
	.byte	8                               @ DW_AT_encoding
	.byte	1                               @ DW_AT_byte_size
	.byte	7                               @ Abbrev [7] 0x55:0x7 DW_TAG_base_type
	.long	.Linfo_string6                  @ DW_AT_name
	.byte	8                               @ DW_AT_byte_size
	.byte	7                               @ DW_AT_encoding
	.byte	8                               @ Abbrev [8] 0x5c:0x4e DW_TAG_subprogram
	.long	.Lfunc_begin0                   @ DW_AT_low_pc
	.long	.Lfunc_end0-.Lfunc_begin0       @ DW_AT_high_pc
	.byte	1                               @ DW_AT_frame_base
	.byte	93
	.long	.Linfo_string7                  @ DW_AT_name
	.byte	2                               @ DW_AT_decl_file
	.byte	56                              @ DW_AT_decl_line
                                        @ DW_AT_prototyped
	.long	244                             @ DW_AT_type
                                        @ DW_AT_external
	.byte	9                               @ Abbrev [9] 0x71:0xe DW_TAG_formal_parameter
	.byte	2                               @ DW_AT_location
	.byte	145
	.byte	12
	.long	.Linfo_string11                 @ DW_AT_name
	.byte	2                               @ DW_AT_decl_file
	.byte	56                              @ DW_AT_decl_line
	.long	262                             @ DW_AT_type
	.byte	10                              @ Abbrev [10] 0x7f:0xe DW_TAG_variable
	.byte	2                               @ DW_AT_location
	.byte	145
	.byte	8
	.long	.Linfo_string19                 @ DW_AT_name
	.byte	2                               @ DW_AT_decl_file
	.byte	57                              @ DW_AT_decl_line
	.long	355                             @ DW_AT_type
	.byte	10                              @ Abbrev [10] 0x8d:0xe DW_TAG_variable
	.byte	2                               @ DW_AT_location
	.byte	145
	.byte	4
	.long	.Linfo_string22                 @ DW_AT_name
	.byte	2                               @ DW_AT_decl_file
	.byte	57                              @ DW_AT_decl_line
	.long	355                             @ DW_AT_type
	.byte	10                              @ Abbrev [10] 0x9b:0xe DW_TAG_variable
	.byte	2                               @ DW_AT_location
	.byte	145
	.byte	0
	.long	.Linfo_string23                 @ DW_AT_name
	.byte	2                               @ DW_AT_decl_file
	.byte	58                              @ DW_AT_decl_line
	.long	244                             @ DW_AT_type
	.byte	0                               @ End Of Children Mark
	.byte	11                              @ Abbrev [11] 0xaa:0x4a DW_TAG_subprogram
	.long	.Lfunc_begin1                   @ DW_AT_low_pc
	.long	.Lfunc_end1-.Lfunc_begin1       @ DW_AT_high_pc
	.byte	1                               @ DW_AT_frame_base
	.byte	93
	.long	.Linfo_string10                 @ DW_AT_name
	.byte	2                               @ DW_AT_decl_file
	.byte	114                             @ DW_AT_decl_line
                                        @ DW_AT_prototyped
                                        @ DW_AT_external
	.byte	9                               @ Abbrev [9] 0xbb:0xe DW_TAG_formal_parameter
	.byte	2                               @ DW_AT_location
	.byte	145
	.byte	12
	.long	.Linfo_string23                 @ DW_AT_name
	.byte	2                               @ DW_AT_decl_file
	.byte	114                             @ DW_AT_decl_line
	.long	244                             @ DW_AT_type
	.byte	9                               @ Abbrev [9] 0xc9:0xe DW_TAG_formal_parameter
	.byte	2                               @ DW_AT_location
	.byte	145
	.byte	8
	.long	.Linfo_string11                 @ DW_AT_name
	.byte	2                               @ DW_AT_decl_file
	.byte	114                             @ DW_AT_decl_line
	.long	262                             @ DW_AT_type
	.byte	10                              @ Abbrev [10] 0xd7:0xe DW_TAG_variable
	.byte	2                               @ DW_AT_location
	.byte	145
	.byte	4
	.long	.Linfo_string22                 @ DW_AT_name
	.byte	2                               @ DW_AT_decl_file
	.byte	115                             @ DW_AT_decl_line
	.long	355                             @ DW_AT_type
	.byte	10                              @ Abbrev [10] 0xe5:0xe DW_TAG_variable
	.byte	2                               @ DW_AT_location
	.byte	145
	.byte	0
	.long	.Linfo_string24                 @ DW_AT_name
	.byte	2                               @ DW_AT_decl_file
	.byte	116                             @ DW_AT_decl_line
	.long	67                              @ DW_AT_type
	.byte	0                               @ End Of Children Mark
	.byte	5                               @ Abbrev [5] 0xf4:0xb DW_TAG_typedef
	.long	255                             @ DW_AT_type
	.long	.Linfo_string9                  @ DW_AT_name
	.byte	1                               @ DW_AT_decl_file
	.byte	64                              @ DW_AT_decl_line
	.byte	6                               @ Abbrev [6] 0xff:0x7 DW_TAG_base_type
	.long	.Linfo_string8                  @ DW_AT_name
	.byte	7                               @ DW_AT_encoding
	.byte	4                               @ DW_AT_byte_size
	.byte	12                              @ Abbrev [12] 0x106:0x5 DW_TAG_pointer_type
	.long	267                             @ DW_AT_type
	.byte	5                               @ Abbrev [5] 0x10b:0xb DW_TAG_typedef
	.long	278                             @ DW_AT_type
	.long	.Linfo_string18                 @ DW_AT_name
	.byte	3                               @ DW_AT_decl_file
	.byte	247                             @ DW_AT_decl_line
	.byte	13                              @ Abbrev [13] 0x116:0x4d DW_TAG_structure_type
	.byte	6                               @ DW_AT_byte_size
	.byte	3                               @ DW_AT_decl_file
	.byte	240                             @ DW_AT_decl_line
	.byte	14                              @ Abbrev [14] 0x11a:0xc DW_TAG_member
	.long	.Linfo_string12                 @ DW_AT_name
	.long	67                              @ DW_AT_type
	.byte	3                               @ DW_AT_decl_file
	.byte	241                             @ DW_AT_decl_line
	.byte	0                               @ DW_AT_data_member_location
	.byte	14                              @ Abbrev [14] 0x126:0xc DW_TAG_member
	.long	.Linfo_string13                 @ DW_AT_name
	.long	67                              @ DW_AT_type
	.byte	3                               @ DW_AT_decl_file
	.byte	242                             @ DW_AT_decl_line
	.byte	1                               @ DW_AT_data_member_location
	.byte	14                              @ Abbrev [14] 0x132:0xc DW_TAG_member
	.long	.Linfo_string14                 @ DW_AT_name
	.long	67                              @ DW_AT_type
	.byte	3                               @ DW_AT_decl_file
	.byte	243                             @ DW_AT_decl_line
	.byte	2                               @ DW_AT_data_member_location
	.byte	14                              @ Abbrev [14] 0x13e:0xc DW_TAG_member
	.long	.Linfo_string15                 @ DW_AT_name
	.long	67                              @ DW_AT_type
	.byte	3                               @ DW_AT_decl_file
	.byte	244                             @ DW_AT_decl_line
	.byte	3                               @ DW_AT_data_member_location
	.byte	14                              @ Abbrev [14] 0x14a:0xc DW_TAG_member
	.long	.Linfo_string16                 @ DW_AT_name
	.long	67                              @ DW_AT_type
	.byte	3                               @ DW_AT_decl_file
	.byte	245                             @ DW_AT_decl_line
	.byte	4                               @ DW_AT_data_member_location
	.byte	14                              @ Abbrev [14] 0x156:0xc DW_TAG_member
	.long	.Linfo_string17                 @ DW_AT_name
	.long	67                              @ DW_AT_type
	.byte	3                               @ DW_AT_decl_file
	.byte	246                             @ DW_AT_decl_line
	.byte	5                               @ DW_AT_data_member_location
	.byte	0                               @ End Of Children Mark
	.byte	5                               @ Abbrev [5] 0x163:0xb DW_TAG_typedef
	.long	366                             @ DW_AT_type
	.long	.Linfo_string21                 @ DW_AT_name
	.byte	1                               @ DW_AT_decl_file
	.byte	63                              @ DW_AT_decl_line
	.byte	6                               @ Abbrev [6] 0x16e:0x7 DW_TAG_base_type
	.long	.Linfo_string20                 @ DW_AT_name
	.byte	7                               @ DW_AT_encoding
	.byte	2                               @ DW_AT_byte_size
	.byte	0                               @ End Of Children Mark
.Ldebug_info_end0:
	.section	.debug_ranges,"",%progbits
.Ldebug_ranges0:
	.long	.Lfunc_begin0
	.long	.Lfunc_end0
	.long	.Lfunc_begin1
	.long	.Lfunc_end1
	.long	0
	.long	0
	.section	.debug_str,"MS",%progbits,1
.Linfo_string0:
	.asciz	"Component: Arm Compiler for Embedded 6.24 Tool: armclang [5f371800]" @ string offset=0
.Linfo_string1:
	.asciz	"source\\utils.c"               @ string offset=68
.Linfo_string2:
	.asciz	"D:\\work\\dheeraj\\local\\CEL\\CCC\\CCC_CPU0\\Code" @ string offset=83
.Linfo_string3:
	.asciz	"daysofmonth"                   @ string offset=127
.Linfo_string4:
	.asciz	"unsigned char"                 @ string offset=139
.Linfo_string5:
	.asciz	"uint8_t"                       @ string offset=153
.Linfo_string6:
	.asciz	"__ARRAY_SIZE_TYPE__"           @ string offset=161
.Linfo_string7:
	.asciz	"conv2seconds"                  @ string offset=181
.Linfo_string8:
	.asciz	"unsigned int"                  @ string offset=194
.Linfo_string9:
	.asciz	"uint32_t"                      @ string offset=207
.Linfo_string10:
	.asciz	"conv2TOD"                      @ string offset=216
.Linfo_string11:
	.asciz	"tod"                           @ string offset=225
.Linfo_string12:
	.asciz	"dd"                            @ string offset=229
.Linfo_string13:
	.asciz	"mo"                            @ string offset=232
.Linfo_string14:
	.asciz	"yy"                            @ string offset=235
.Linfo_string15:
	.asciz	"hh"                            @ string offset=238
.Linfo_string16:
	.asciz	"mm"                            @ string offset=241
.Linfo_string17:
	.asciz	"ss"                            @ string offset=244
.Linfo_string18:
	.asciz	"time_s"                        @ string offset=247
.Linfo_string19:
	.asciz	"delta"                         @ string offset=254
.Linfo_string20:
	.asciz	"unsigned short"                @ string offset=260
.Linfo_string21:
	.asciz	"uint16_t"                      @ string offset=275
.Linfo_string22:
	.asciz	"i"                             @ string offset=284
.Linfo_string23:
	.asciz	"seconds"                       @ string offset=286
.Linfo_string24:
	.asciz	"is_leapyear"                   @ string offset=294
	.ident	"Component: Arm Compiler for Embedded 6.24 Tool: armclang [5f371800]"
	.section	".note.GNU-stack","",%progbits
	.eabi_attribute	30, 6	@ Tag_ABI_optimization_goals
	.ARM_attribute	16, 1	@ Tag_AV_eba
	.section	.debug_line,"",%progbits
.Lline_table_start0:
