<html>
<body>
<pre>
<h1>µVision Build Log</h1>
<h2>Tool Versions:</h2>
IDE-Version: µVision V5.43.1.0
Copyright (C) 2025 ARM Ltd and ARM Germany GmbH. All rights reserved.
License Information: AnayaTech Systems
Anaya Tech Systems
User-based license: Keil MDK Nuvoton Edition - Full Cortex-M
Valid until: Sep 27 2034. Cached until: Jun 16 2026
 
Tool Versions:
Toolchain:       Keil MDK Nuvoton Edition - Full Cortex-M  Version: 5.43.0.0
Toolchain Path:  C:\Users\Anaya\AppData\Local\Keil_v5\ARM\ARMCLANG\Bin
C Compiler:      ArmClang.exe V6.24
Assembler:       Armasm.exe V6.24
Linker/Locator:  ArmLink.exe V6.24
Library Manager: ArmAr.exe V6.24
Hex Converter:   FromElf.exe V6.24
CPU DLL:         
Dialog DLL:      
Target DLL:      NULink\Nu_Link.dll V3.19
Dialog DLL:      TCM.DLL V1.56.6.0
 
<h2>Project:</h2>
D:\work\dheeraj\local\CEL\CCC\CCC_CPU0\Code\CPU0.uvprojx
Project File Date:  05/25/2026

<h2>Output:</h2>
*** Using Compiler 'V6.24', folder: 'C:\Users\Anaya\AppData\Local\Keil_v5\ARM\ARMCLANG\Bin'
Rebuild target 'CPU0'
assembling startup_M261.s...
creating list file for system_M261.c...
compiling system_M261.c...
creating list file for can.c...
compiling can.c...
creating list file for clk.c...
compiling clk.c...
creating list file for fmc.c...
compiling gpio.c...
creating list file for gpio.c...
compiling fmc.c...
compiling retarget.c...
creating list file for retarget.c...
creating list file for i2c.c...
creating list file for rtc.c...
compiling i2c.c...
creating list file for sys.c...
compiling rtc.c...
creating list file for spi.c...
compiling sys.c...
compiling spi.c...
creating list file for timer.c...
compiling timer.c...
creating list file for uart.c...
compiling uart.c...
creating list file for usci_uart.c...
compiling usci_uart.c...
creating list file for wdt.c...
compiling wdt.c...
compiling main.c...
creating list file for main.c...
creating list file for fmc_user.c...
compiling fmc_user.c...
creating list file for targetdev.c...
compiling targetdev.c...
creating list file for watchdog.c...
compiling watchdog.c...
creating list file for app.c...
compiling app.c...
compiling cmds.c...
creating list file for cmds.c...
creating list file for cli.c...
creating list file for fifo.c...
compiling cli.c...
compiling fifo.c...
creating list file for uart_pkts.c...
compiling uart_pkts.c...
creating list file for bsp.c...
compiling bsp.c...
creating list file for isp_user.c...
compiling isp_user.c...
creating list file for utils.c...
compiling utils.c...
creating list file for event_log.c...
compiling event_log.c...
creating list file for read_cpu.c...
compiling read_cpu.c...
creating list file for drvr_spi.c...
compiling drvr_spi.c...
creating list file for drvr_uart.c...
compiling drvr_uart.c...
creating list file for drvr_uuart.c...
compiling drvr_uuart.c...
compiling drvr_iic.c...
creating list file for drvr_iic.c...
creating list file for fonts.c...
compiling fonts.c...
creating list file for SH1106.c...
compiling SH1106.c...
linking...
Program Size: Code=37170 RO-data=5366 RW-data=1860 ZI-data=12920  
FromELF: creating hex file...
After Build - User command #1: fromelf --bin ".\obj\CPU0.axf" --output ".\Release\CPU0.bin"
After Build - User command #2: fromelf --text -c ".\obj\CPU0.axf" --output ".\obj\CPU0.txt"
".\obj\CPU0.axf" - 0 Error(s), 0 Warning(s).

<h2>Software Packages used:</h2>

Package Vendor: Nuvoton
                https://github.com/OpenNuvoton/cmsis-packs/raw/master/Nuvoton_DFP/Nuvoton.NuMicroM23_DFP.1.0.4.pack
                Nuvoton::NuMicroM23_DFP@1.0.4
                Nuvoton ARM Cortex-M23 NuMicro Family Device Support

<h2>Collection of Component include folders:</h2>
  C:/Users/Anaya/AppData/Local/Arm/Packs/Nuvoton/NuMicroM23_DFP/1.0.4/Device/M261/Include

<h2>Collection of Component Files used:</h2>
Build Time Elapsed:  00:00:19
</pre>
</body>
</html>
