<!doctype html public "-//w3c//dtd html 4.0 transitional//en">
<html><head>
<title>Static Call Graph - [.\obj\CPU0.axf]</title></head>
<body><HR>
<H1>Static Call Graph for image .\obj\CPU0.axf</H1><HR>
<BR><P>#&#060CALLGRAPH&#062# ARM Linker, 6240002: Last Updated: Fri Jun 12 16:29:46 2026
<BR><P>
<H3>Maximum Stack Usage =        328 bytes + Unknown(Cycles, Untraceable Function Pointers)</H3><H3>
Call chain for Maximum Stack Depth:</H3>
main &rArr; cpu_sm &rArr; update_oled_screen &rArr; SH1106_UpdateScreen &rArr; SH1106_I2C_WriteMulti &rArr; i2c_write
<P>
<H3>
Mutually Recursive functions
</H3> <LI><a href="#[1]">NMI_Handler</a>&nbsp;&nbsp;&nbsp;&rArr;&nbsp;&nbsp;&nbsp;<a href="#[1]">NMI_Handler</a><BR>
 <LI><a href="#[3]">SVC_Handler</a>&nbsp;&nbsp;&nbsp;&rArr;&nbsp;&nbsp;&nbsp;<a href="#[3]">SVC_Handler</a><BR>
 <LI><a href="#[4]">PendSV_Handler</a>&nbsp;&nbsp;&nbsp;&rArr;&nbsp;&nbsp;&nbsp;<a href="#[4]">PendSV_Handler</a><BR>
 <LI><a href="#[5]">SysTick_Handler</a>&nbsp;&nbsp;&nbsp;&rArr;&nbsp;&nbsp;&nbsp;<a href="#[5]">SysTick_Handler</a><BR>
 <LI><a href="#[32]">ACMP01_IRQHandler</a>&nbsp;&nbsp;&nbsp;&rArr;&nbsp;&nbsp;&nbsp;<a href="#[32]">ACMP01_IRQHandler</a><BR>
</UL>
<P>
<H3>
Function Pointers
</H3><UL>
 <LI><a href="#[32]">ACMP01_IRQHandler</a> from startup_m261.o(.text) referenced from startup_m261.o(RESET)
 <LI><a href="#[6]">BOD_IRQHandler</a> from startup_m261.o(.text) referenced from startup_m261.o(RESET)
 <LI><a href="#[4b]">BPWM0_IRQHandler</a> from startup_m261.o(.text) referenced from startup_m261.o(RESET)
 <LI><a href="#[4c]">BPWM1_IRQHandler</a> from startup_m261.o(.text) referenced from startup_m261.o(RESET)
 <LI><a href="#[1e]">BRAKE0_IRQHandler</a> from startup_m261.o(.text) referenced from startup_m261.o(RESET)
 <LI><a href="#[22]">BRAKE1_IRQHandler</a> from startup_m261.o(.text) referenced from startup_m261.o(RESET)
 <LI><a href="#[3c]">CAN0_IRQHandler</a> from startup_m261.o(.text) referenced from startup_m261.o(RESET)
 <LI><a href="#[a]">CLKFAIL_IRQHandler</a> from startup_m261.o(.text) referenced from startup_m261.o(RESET)
 <LI><a href="#[44]">CRPT_IRQHandler</a> from startup_m261.o(.text) referenced from startup_m261.o(RESET)
 <LI><a href="#[2f]">DAC_IRQHandler</a> from startup_m261.o(.text) referenced from startup_m261.o(RESET)
 <LI><a href="#[b]">DEFAULT_IRQHandler</a> from startup_m261.o(.text) referenced 22 times from startup_m261.o(RESET)
 <LI><a href="#[30]">EADC0_IRQHandler</a> from startup_m261.o(.text) referenced from startup_m261.o(RESET)
 <LI><a href="#[31]">EADC1_IRQHandler</a> from startup_m261.o(.text) referenced from startup_m261.o(RESET)
 <LI><a href="#[33]">EADC2_IRQHandler</a> from startup_m261.o(.text) referenced from startup_m261.o(RESET)
 <LI><a href="#[34]">EADC3_IRQHandler</a> from startup_m261.o(.text) referenced from startup_m261.o(RESET)
 <LI><a href="#[50]">ECAP0_IRQHandler</a> from startup_m261.o(.text) referenced from startup_m261.o(RESET)
 <LI><a href="#[51]">ECAP1_IRQHandler</a> from startup_m261.o(.text) referenced from startup_m261.o(RESET)
 <LI><a href="#[10]">EINT0_IRQHandler</a> from startup_m261.o(.text) referenced from startup_m261.o(RESET)
 <LI><a href="#[11]">EINT1_IRQHandler</a> from startup_m261.o(.text) referenced from startup_m261.o(RESET)
 <LI><a href="#[12]">EINT2_IRQHandler</a> from startup_m261.o(.text) referenced from startup_m261.o(RESET)
 <LI><a href="#[13]">EINT3_IRQHandler</a> from startup_m261.o(.text) referenced from startup_m261.o(RESET)
 <LI><a href="#[14]">EINT4_IRQHandler</a> from startup_m261.o(.text) referenced from startup_m261.o(RESET)
 <LI><a href="#[15]">EINT5_IRQHandler</a> from startup_m261.o(.text) referenced from startup_m261.o(RESET)
 <LI><a href="#[46]">EINT6_IRQHandler</a> from startup_m261.o(.text) referenced from startup_m261.o(RESET)
 <LI><a href="#[53]">EINT7_IRQHandler</a> from startup_m261.o(.text) referenced from startup_m261.o(RESET)
 <LI><a href="#[1f]">EPWM0_P0_IRQHandler</a> from startup_m261.o(.text) referenced from startup_m261.o(RESET)
 <LI><a href="#[20]">EPWM0_P1_IRQHandler</a> from startup_m261.o(.text) referenced from startup_m261.o(RESET)
 <LI><a href="#[21]">EPWM0_P2_IRQHandler</a> from startup_m261.o(.text) referenced from startup_m261.o(RESET)
 <LI><a href="#[23]">EPWM1_P0_IRQHandler</a> from startup_m261.o(.text) referenced from startup_m261.o(RESET)
 <LI><a href="#[24]">EPWM1_P1_IRQHandler</a> from startup_m261.o(.text) referenced from startup_m261.o(RESET)
 <LI><a href="#[25]">EPWM1_P2_IRQHandler</a> from startup_m261.o(.text) referenced from startup_m261.o(RESET)
 <LI><a href="#[16]">GPA_IRQHandler</a> from startup_m261.o(.text) referenced from startup_m261.o(RESET)
 <LI><a href="#[17]">GPB_IRQHandler</a> from startup_m261.o(.text) referenced from startup_m261.o(RESET)
 <LI><a href="#[18]">GPC_IRQHandler</a> from startup_m261.o(.text) referenced from startup_m261.o(RESET)
 <LI><a href="#[19]">GPD_IRQHandler</a> from startup_m261.o(.text) referenced from startup_m261.o(RESET)
 <LI><a href="#[1a]">GPE_IRQHandler</a> from startup_m261.o(.text) referenced from startup_m261.o(RESET)
 <LI><a href="#[1b]">GPF_IRQHandler</a> from startup_m261.o(.text) referenced from startup_m261.o(RESET)
 <LI><a href="#[45]">GPG_IRQHandler</a> from startup_m261.o(.text) referenced from startup_m261.o(RESET)
 <LI><a href="#[52]">GPH_IRQHandler</a> from startup_m261.o(.text) referenced from startup_m261.o(RESET)
 <LI><a href="#[2]">HardFault_Handler</a> from startup_m261.o(.text) referenced from startup_m261.o(RESET)
 <LI><a href="#[2c]">I2C0_IRQHandler</a> from bsp.o(.text.I2C0_IRQHandler) referenced from startup_m261.o(RESET)
 <LI><a href="#[2d]">I2C1_IRQHandler</a> from startup_m261.o(.text) referenced from startup_m261.o(RESET)
 <LI><a href="#[4d]">I2C2_IRQHandler</a> from startup_m261.o(.text) referenced from startup_m261.o(RESET)
 <LI><a href="#[42]">I2S0_IRQHandler</a> from startup_m261.o(.text) referenced from startup_m261.o(RESET)
 <LI><a href="#[7]">IRC_IRQHandler</a> from startup_m261.o(.text) referenced from startup_m261.o(RESET)
 <LI><a href="#[1]">NMI_Handler</a> from startup_m261.o(.text) referenced from startup_m261.o(RESET)
 <LI><a href="#[43]">OPA0_IRQHandler</a> from startup_m261.o(.text) referenced from startup_m261.o(RESET)
 <LI><a href="#[2e]">PDMA0_IRQHandler</a> from startup_m261.o(.text) referenced from startup_m261.o(RESET)
 <LI><a href="#[54]">PDMA1_IRQHandler</a> from startup_m261.o(.text) referenced from startup_m261.o(RESET)
 <LI><a href="#[8]">PWRWU_IRQHandler</a> from startup_m261.o(.text) referenced from startup_m261.o(RESET)
 <LI><a href="#[4]">PendSV_Handler</a> from startup_m261.o(.text) referenced from startup_m261.o(RESET)
 <LI><a href="#[5a]">ProcessHardFault</a> from retarget.o(.text.ProcessHardFault) referenced from startup_m261.o(.text)
 <LI><a href="#[4e]">QEI0_IRQHandler</a> from startup_m261.o(.text) referenced from startup_m261.o(RESET)
 <LI><a href="#[4f]">QEI1_IRQHandler</a> from startup_m261.o(.text) referenced from startup_m261.o(RESET)
 <LI><a href="#[1c]">QSPI0_IRQHandler</a> from startup_m261.o(.text) referenced from startup_m261.o(RESET)
 <LI><a href="#[c]">RTC_IRQHandler</a> from startup_m261.o(.text) referenced from startup_m261.o(RESET)
 <LI><a href="#[0]">Reset_Handler</a> from startup_m261.o(.text) referenced from startup_m261.o(RESET)
 <LI><a href="#[3d]">SC0_IRQHandler</a> from startup_m261.o(.text) referenced from startup_m261.o(RESET)
 <LI><a href="#[3e]">SC1_IRQHandler</a> from startup_m261.o(.text) referenced from startup_m261.o(RESET)
 <LI><a href="#[3f]">SC2_IRQHandler</a> from startup_m261.o(.text) referenced from startup_m261.o(RESET)
 <LI><a href="#[55]">SCU_IRQHandler</a> from startup_m261.o(.text) referenced from startup_m261.o(RESET)
 <LI><a href="#[41]">SDH0_IRQHandler</a> from startup_m261.o(.text) referenced from startup_m261.o(RESET)
 <LI><a href="#[5b]">SH_Return</a> from retarget.o(.text.SH_Return) referenced from startup_m261.o(.text)
 <LI><a href="#[1d]">SPI0_IRQHandler</a> from startup_m261.o(.text) referenced from startup_m261.o(RESET)
 <LI><a href="#[37]">SPI1_IRQHandler</a> from startup_m261.o(.text) referenced from startup_m261.o(RESET)
 <LI><a href="#[38]">SPI2_IRQHandler</a> from startup_m261.o(.text) referenced from startup_m261.o(RESET)
 <LI><a href="#[40]">SPI3_IRQHandler</a> from startup_m261.o(.text) referenced from startup_m261.o(RESET)
 <LI><a href="#[9]">SRAM_IRQHandler</a> from startup_m261.o(.text) referenced from startup_m261.o(RESET)
 <LI><a href="#[3]">SVC_Handler</a> from startup_m261.o(.text) referenced from startup_m261.o(RESET)
 <LI><a href="#[5]">SysTick_Handler</a> from startup_m261.o(.text) referenced from startup_m261.o(RESET)
 <LI><a href="#[58]">SystemInit</a> from system_m261.o(.text.SystemInit) referenced from startup_m261.o(.text)
 <LI><a href="#[d]">TAMPER_IRQHandler</a> from startup_m261.o(.text) referenced from startup_m261.o(RESET)
 <LI><a href="#[26]">TMR0_IRQHandler</a> from startup_m261.o(.text) referenced from startup_m261.o(RESET)
 <LI><a href="#[27]">TMR1_IRQHandler</a> from startup_m261.o(.text) referenced from startup_m261.o(RESET)
 <LI><a href="#[28]">TMR2_IRQHandler</a> from startup_m261.o(.text) referenced from startup_m261.o(RESET)
 <LI><a href="#[29]">TMR3_IRQHandler</a> from bsp.o(.text.TMR3_IRQHandler) referenced from startup_m261.o(RESET)
 <LI><a href="#[56]">TRNG_IRQHandler</a> from startup_m261.o(.text) referenced from startup_m261.o(RESET)
 <LI><a href="#[2a]">UART0_IRQHandler</a> from startup_m261.o(.text) referenced from startup_m261.o(RESET)
 <LI><a href="#[2b]">UART1_IRQHandler</a> from startup_m261.o(.text) referenced from startup_m261.o(RESET)
 <LI><a href="#[35]">UART2_IRQHandler</a> from startup_m261.o(.text) referenced from startup_m261.o(RESET)
 <LI><a href="#[36]">UART3_IRQHandler</a> from startup_m261.o(.text) referenced from startup_m261.o(RESET)
 <LI><a href="#[47]">UART4_IRQHandler</a> from startup_m261.o(.text) referenced from startup_m261.o(RESET)
 <LI><a href="#[48]">UART5_IRQHandler</a> from startup_m261.o(.text) referenced from startup_m261.o(RESET)
 <LI><a href="#[39]">USBD_IRQHandler</a> from startup_m261.o(.text) referenced from startup_m261.o(RESET)
 <LI><a href="#[3a]">USBH_IRQHandler</a> from startup_m261.o(.text) referenced from startup_m261.o(RESET)
 <LI><a href="#[3b]">USBOTG_IRQHandler</a> from startup_m261.o(.text) referenced from startup_m261.o(RESET)
 <LI><a href="#[49]">USCI0_IRQHandler</a> from startup_m261.o(.text) referenced from startup_m261.o(RESET)
 <LI><a href="#[4a]">USCI1_IRQHandler</a> from startup_m261.o(.text) referenced from startup_m261.o(RESET)
 <LI><a href="#[e]">WDT_IRQHandler</a> from watchdog.o(.text.WDT_IRQHandler) referenced from startup_m261.o(RESET)
 <LI><a href="#[f]">WWDT_IRQHandler</a> from startup_m261.o(.text) referenced from startup_m261.o(RESET)
 <LI><a href="#[59]">__main</a> from entry.o(.ARM.Collect$$$$00000000) referenced from startup_m261.o(.text)
 <LI><a href="#[5e]">_sputc</a> from printfa.o(i._sputc) referenced from printfa.o(i.__0sprintf)
 <LI><a href="#[6a]">cli_hangcpu</a> from cmds.o(.text.cli_hangcpu) referenced from cmds.o(.data.cmdList)
 <LI><a href="#[61]">cli_setaddress</a> from cmds.o(.text.cli_setaddress) referenced from cmds.o(.data.cmdList)
 <LI><a href="#[67]">cli_setdate</a> from cmds.o(.text.cli_setdate) referenced from cmds.o(.data.cmdList)
 <LI><a href="#[60]">cli_setstation</a> from cmds.o(.text.cli_setstation) referenced from cmds.o(.data.cmdList)
 <LI><a href="#[66]">cli_settime</a> from cmds.o(.text.cli_settime) referenced from cmds.o(.data.cmdList)
 <LI><a href="#[68]">cli_showdate</a> from cmds.o(.text.cli_showdate) referenced from cmds.o(.data.cmdList)
 <LI><a href="#[65]">cli_showdebug</a> from cmds.o(.text.cli_showdebug) referenced from cmds.o(.data.cmdList)
 <LI><a href="#[64]">cli_showinterlock</a> from cmds.o(.text.cli_showinterlock) referenced from cmds.o(.data.cmdList)
 <LI><a href="#[62]">cli_showstate</a> from cmds.o(.text.cli_showstate) referenced from cmds.o(.data.cmdList)
 <LI><a href="#[63]">cli_showstate_json</a> from cmds.o(.text.cli_showstate_json) referenced from cmds.o(.data.cmdList)
 <LI><a href="#[69]">cli_showtime</a> from cmds.o(.text.cli_showtime) referenced from cmds.o(.data.cmdList)
 <LI><a href="#[5f]">cli_showversion</a> from cmds.o(.text.cli_showversion) referenced from cmds.o(.data.cmdList)
 <LI><a href="#[5d]">fputc</a> from retarget.o(.text.fputc) referenced from printfa.o(i.__0printf)
 <LI><a href="#[5c]">i2c_isr_write</a> from drvr_iic.o(.text.i2c_isr_write) referenced from drvr_iic.o(.text.i2c_write)
 <LI><a href="#[57]">main</a> from main.o(.text.main) referenced from entry9a.o(.ARM.Collect$$$$0000000B)
</UL>
<P>
<H3>
Global Symbols
</H3>
<P><STRONG><a name="[59]"></a>__main</STRONG> (Thumb, 0 bytes, Stack size unknown bytes, entry.o(.ARM.Collect$$$$00000000))
<BR>[Address Reference Count : 1]<UL><LI> startup_m261.o(.text)
</UL>
<P><STRONG><a name="[118]"></a>_main_stk</STRONG> (Thumb, 0 bytes, Stack size unknown bytes, entry2.o(.ARM.Collect$$$$00000001))

<P><STRONG><a name="[70]"></a>_main_scatterload</STRONG> (Thumb, 0 bytes, Stack size unknown bytes, entry5.o(.ARM.Collect$$$$00000004))
<BR><BR>[Calls]<UL><LI><a href="#[71]">&gt;&gt;</a>&nbsp;&nbsp;&nbsp;__scatterload
</UL>

<P><STRONG><a name="[86]"></a>__main_after_scatterload</STRONG> (Thumb, 0 bytes, Stack size unknown bytes, entry5.o(.ARM.Collect$$$$00000004))
<BR><BR>[Called By]<UL><LI><a href="#[71]">&gt;&gt;</a>&nbsp;&nbsp;&nbsp;__scatterload
</UL>

<P><STRONG><a name="[119]"></a>_main_clock</STRONG> (Thumb, 0 bytes, Stack size unknown bytes, entry7b.o(.ARM.Collect$$$$00000008))

<P><STRONG><a name="[11a]"></a>_main_cpp_init</STRONG> (Thumb, 0 bytes, Stack size unknown bytes, entry8b.o(.ARM.Collect$$$$0000000A))

<P><STRONG><a name="[11b]"></a>_main_init</STRONG> (Thumb, 0 bytes, Stack size unknown bytes, entry9a.o(.ARM.Collect$$$$0000000B))

<P><STRONG><a name="[11c]"></a>__rt_final_cpp</STRONG> (Thumb, 0 bytes, Stack size unknown bytes, entry10a.o(.ARM.Collect$$$$0000000D))

<P><STRONG><a name="[11d]"></a>__rt_final_exit</STRONG> (Thumb, 0 bytes, Stack size unknown bytes, entry11a.o(.ARM.Collect$$$$0000000F))

<P><STRONG><a name="[0]"></a>Reset_Handler</STRONG> (Thumb, 8 bytes, Stack size 0 bytes, startup_m261.o(.text))
<BR>[Address Reference Count : 1]<UL><LI> startup_m261.o(RESET)
</UL>
<P><STRONG><a name="[1]"></a>NMI_Handler</STRONG> (Thumb, 2 bytes, Stack size 0 bytes, startup_m261.o(.text))
<BR><BR>[Calls]<UL><LI><a href="#[1]">&gt;&gt;</a>&nbsp;&nbsp;&nbsp;NMI_Handler
</UL>
<BR>[Called By]<UL><LI><a href="#[1]">&gt;&gt;</a>&nbsp;&nbsp;&nbsp;NMI_Handler
</UL>
<BR>[Address Reference Count : 1]<UL><LI> startup_m261.o(RESET)
</UL>
<P><STRONG><a name="[2]"></a>HardFault_Handler</STRONG> (Thumb, 16 bytes, Stack size 0 bytes, startup_m261.o(.text))
<BR>[Address Reference Count : 1]<UL><LI> startup_m261.o(RESET)
</UL>
<P><STRONG><a name="[3]"></a>SVC_Handler</STRONG> (Thumb, 2 bytes, Stack size 0 bytes, startup_m261.o(.text))
<BR><BR>[Calls]<UL><LI><a href="#[3]">&gt;&gt;</a>&nbsp;&nbsp;&nbsp;SVC_Handler
</UL>
<BR>[Called By]<UL><LI><a href="#[3]">&gt;&gt;</a>&nbsp;&nbsp;&nbsp;SVC_Handler
</UL>
<BR>[Address Reference Count : 1]<UL><LI> startup_m261.o(RESET)
</UL>
<P><STRONG><a name="[4]"></a>PendSV_Handler</STRONG> (Thumb, 2 bytes, Stack size 0 bytes, startup_m261.o(.text))
<BR><BR>[Calls]<UL><LI><a href="#[4]">&gt;&gt;</a>&nbsp;&nbsp;&nbsp;PendSV_Handler
</UL>
<BR>[Called By]<UL><LI><a href="#[4]">&gt;&gt;</a>&nbsp;&nbsp;&nbsp;PendSV_Handler
</UL>
<BR>[Address Reference Count : 1]<UL><LI> startup_m261.o(RESET)
</UL>
<P><STRONG><a name="[5]"></a>SysTick_Handler</STRONG> (Thumb, 2 bytes, Stack size 0 bytes, startup_m261.o(.text))
<BR><BR>[Calls]<UL><LI><a href="#[5]">&gt;&gt;</a>&nbsp;&nbsp;&nbsp;SysTick_Handler
</UL>
<BR>[Called By]<UL><LI><a href="#[5]">&gt;&gt;</a>&nbsp;&nbsp;&nbsp;SysTick_Handler
</UL>
<BR>[Address Reference Count : 1]<UL><LI> startup_m261.o(RESET)
</UL>
<P><STRONG><a name="[32]"></a>ACMP01_IRQHandler</STRONG> (Thumb, 0 bytes, Stack size 0 bytes, startup_m261.o(.text))
<BR><BR>[Calls]<UL><LI><a href="#[32]">&gt;&gt;</a>&nbsp;&nbsp;&nbsp;ACMP01_IRQHandler
</UL>
<BR>[Called By]<UL><LI><a href="#[32]">&gt;&gt;</a>&nbsp;&nbsp;&nbsp;ACMP01_IRQHandler
</UL>
<BR>[Address Reference Count : 1]<UL><LI> startup_m261.o(RESET)
</UL>
<P><STRONG><a name="[6]"></a>BOD_IRQHandler</STRONG> (Thumb, 0 bytes, Stack size 0 bytes, startup_m261.o(.text))
<BR>[Address Reference Count : 1]<UL><LI> startup_m261.o(RESET)
</UL>
<P><STRONG><a name="[4b]"></a>BPWM0_IRQHandler</STRONG> (Thumb, 0 bytes, Stack size 0 bytes, startup_m261.o(.text))
<BR>[Address Reference Count : 1]<UL><LI> startup_m261.o(RESET)
</UL>
<P><STRONG><a name="[4c]"></a>BPWM1_IRQHandler</STRONG> (Thumb, 0 bytes, Stack size 0 bytes, startup_m261.o(.text))
<BR>[Address Reference Count : 1]<UL><LI> startup_m261.o(RESET)
</UL>
<P><STRONG><a name="[1e]"></a>BRAKE0_IRQHandler</STRONG> (Thumb, 0 bytes, Stack size 0 bytes, startup_m261.o(.text))
<BR>[Address Reference Count : 1]<UL><LI> startup_m261.o(RESET)
</UL>
<P><STRONG><a name="[22]"></a>BRAKE1_IRQHandler</STRONG> (Thumb, 0 bytes, Stack size 0 bytes, startup_m261.o(.text))
<BR>[Address Reference Count : 1]<UL><LI> startup_m261.o(RESET)
</UL>
<P><STRONG><a name="[3c]"></a>CAN0_IRQHandler</STRONG> (Thumb, 0 bytes, Stack size 0 bytes, startup_m261.o(.text))
<BR>[Address Reference Count : 1]<UL><LI> startup_m261.o(RESET)
</UL>
<P><STRONG><a name="[6d]"></a>CAN1_IRQHandler</STRONG> (Thumb, 0 bytes, Stack size 0 bytes, startup_m261.o(.text), UNUSED, KEPT)

<P><STRONG><a name="[a]"></a>CLKFAIL_IRQHandler</STRONG> (Thumb, 0 bytes, Stack size 0 bytes, startup_m261.o(.text))
<BR>[Address Reference Count : 1]<UL><LI> startup_m261.o(RESET)
</UL>
<P><STRONG><a name="[44]"></a>CRPT_IRQHandler</STRONG> (Thumb, 0 bytes, Stack size 0 bytes, startup_m261.o(.text))
<BR>[Address Reference Count : 1]<UL><LI> startup_m261.o(RESET)
</UL>
<P><STRONG><a name="[2f]"></a>DAC_IRQHandler</STRONG> (Thumb, 0 bytes, Stack size 0 bytes, startup_m261.o(.text))
<BR>[Address Reference Count : 1]<UL><LI> startup_m261.o(RESET)
</UL>
<P><STRONG><a name="[b]"></a>DEFAULT_IRQHandler</STRONG> (Thumb, 0 bytes, Stack size 0 bytes, startup_m261.o(.text))
<BR>[Address Reference Count : 1]<UL><LI> startup_m261.o(RESET)
</UL>
<P><STRONG><a name="[30]"></a>EADC0_IRQHandler</STRONG> (Thumb, 0 bytes, Stack size 0 bytes, startup_m261.o(.text))
<BR>[Address Reference Count : 1]<UL><LI> startup_m261.o(RESET)
</UL>
<P><STRONG><a name="[31]"></a>EADC1_IRQHandler</STRONG> (Thumb, 0 bytes, Stack size 0 bytes, startup_m261.o(.text))
<BR>[Address Reference Count : 1]<UL><LI> startup_m261.o(RESET)
</UL>
<P><STRONG><a name="[33]"></a>EADC2_IRQHandler</STRONG> (Thumb, 0 bytes, Stack size 0 bytes, startup_m261.o(.text))
<BR>[Address Reference Count : 1]<UL><LI> startup_m261.o(RESET)
</UL>
<P><STRONG><a name="[34]"></a>EADC3_IRQHandler</STRONG> (Thumb, 0 bytes, Stack size 0 bytes, startup_m261.o(.text))
<BR>[Address Reference Count : 1]<UL><LI> startup_m261.o(RESET)
</UL>
<P><STRONG><a name="[50]"></a>ECAP0_IRQHandler</STRONG> (Thumb, 0 bytes, Stack size 0 bytes, startup_m261.o(.text))
<BR>[Address Reference Count : 1]<UL><LI> startup_m261.o(RESET)
</UL>
<P><STRONG><a name="[51]"></a>ECAP1_IRQHandler</STRONG> (Thumb, 0 bytes, Stack size 0 bytes, startup_m261.o(.text))
<BR>[Address Reference Count : 1]<UL><LI> startup_m261.o(RESET)
</UL>
<P><STRONG><a name="[10]"></a>EINT0_IRQHandler</STRONG> (Thumb, 0 bytes, Stack size 0 bytes, startup_m261.o(.text))
<BR>[Address Reference Count : 1]<UL><LI> startup_m261.o(RESET)
</UL>
<P><STRONG><a name="[11]"></a>EINT1_IRQHandler</STRONG> (Thumb, 0 bytes, Stack size 0 bytes, startup_m261.o(.text))
<BR>[Address Reference Count : 1]<UL><LI> startup_m261.o(RESET)
</UL>
<P><STRONG><a name="[12]"></a>EINT2_IRQHandler</STRONG> (Thumb, 0 bytes, Stack size 0 bytes, startup_m261.o(.text))
<BR>[Address Reference Count : 1]<UL><LI> startup_m261.o(RESET)
</UL>
<P><STRONG><a name="[13]"></a>EINT3_IRQHandler</STRONG> (Thumb, 0 bytes, Stack size 0 bytes, startup_m261.o(.text))
<BR>[Address Reference Count : 1]<UL><LI> startup_m261.o(RESET)
</UL>
<P><STRONG><a name="[14]"></a>EINT4_IRQHandler</STRONG> (Thumb, 0 bytes, Stack size 0 bytes, startup_m261.o(.text))
<BR>[Address Reference Count : 1]<UL><LI> startup_m261.o(RESET)
</UL>
<P><STRONG><a name="[15]"></a>EINT5_IRQHandler</STRONG> (Thumb, 0 bytes, Stack size 0 bytes, startup_m261.o(.text))
<BR>[Address Reference Count : 1]<UL><LI> startup_m261.o(RESET)
</UL>
<P><STRONG><a name="[46]"></a>EINT6_IRQHandler</STRONG> (Thumb, 0 bytes, Stack size 0 bytes, startup_m261.o(.text))
<BR>[Address Reference Count : 1]<UL><LI> startup_m261.o(RESET)
</UL>
<P><STRONG><a name="[53]"></a>EINT7_IRQHandler</STRONG> (Thumb, 0 bytes, Stack size 0 bytes, startup_m261.o(.text))
<BR>[Address Reference Count : 1]<UL><LI> startup_m261.o(RESET)
</UL>
<P><STRONG><a name="[1f]"></a>EPWM0_P0_IRQHandler</STRONG> (Thumb, 0 bytes, Stack size 0 bytes, startup_m261.o(.text))
<BR>[Address Reference Count : 1]<UL><LI> startup_m261.o(RESET)
</UL>
<P><STRONG><a name="[20]"></a>EPWM0_P1_IRQHandler</STRONG> (Thumb, 0 bytes, Stack size 0 bytes, startup_m261.o(.text))
<BR>[Address Reference Count : 1]<UL><LI> startup_m261.o(RESET)
</UL>
<P><STRONG><a name="[21]"></a>EPWM0_P2_IRQHandler</STRONG> (Thumb, 0 bytes, Stack size 0 bytes, startup_m261.o(.text))
<BR>[Address Reference Count : 1]<UL><LI> startup_m261.o(RESET)
</UL>
<P><STRONG><a name="[23]"></a>EPWM1_P0_IRQHandler</STRONG> (Thumb, 0 bytes, Stack size 0 bytes, startup_m261.o(.text))
<BR>[Address Reference Count : 1]<UL><LI> startup_m261.o(RESET)
</UL>
<P><STRONG><a name="[24]"></a>EPWM1_P1_IRQHandler</STRONG> (Thumb, 0 bytes, Stack size 0 bytes, startup_m261.o(.text))
<BR>[Address Reference Count : 1]<UL><LI> startup_m261.o(RESET)
</UL>
<P><STRONG><a name="[25]"></a>EPWM1_P2_IRQHandler</STRONG> (Thumb, 0 bytes, Stack size 0 bytes, startup_m261.o(.text))
<BR>[Address Reference Count : 1]<UL><LI> startup_m261.o(RESET)
</UL>
<P><STRONG><a name="[16]"></a>GPA_IRQHandler</STRONG> (Thumb, 0 bytes, Stack size 0 bytes, startup_m261.o(.text))
<BR>[Address Reference Count : 1]<UL><LI> startup_m261.o(RESET)
</UL>
<P><STRONG><a name="[17]"></a>GPB_IRQHandler</STRONG> (Thumb, 0 bytes, Stack size 0 bytes, startup_m261.o(.text))
<BR>[Address Reference Count : 1]<UL><LI> startup_m261.o(RESET)
</UL>
<P><STRONG><a name="[18]"></a>GPC_IRQHandler</STRONG> (Thumb, 0 bytes, Stack size 0 bytes, startup_m261.o(.text))
<BR>[Address Reference Count : 1]<UL><LI> startup_m261.o(RESET)
</UL>
<P><STRONG><a name="[19]"></a>GPD_IRQHandler</STRONG> (Thumb, 0 bytes, Stack size 0 bytes, startup_m261.o(.text))
<BR>[Address Reference Count : 1]<UL><LI> startup_m261.o(RESET)
</UL>
<P><STRONG><a name="[1a]"></a>GPE_IRQHandler</STRONG> (Thumb, 0 bytes, Stack size 0 bytes, startup_m261.o(.text))
<BR>[Address Reference Count : 1]<UL><LI> startup_m261.o(RESET)
</UL>
<P><STRONG><a name="[1b]"></a>GPF_IRQHandler</STRONG> (Thumb, 0 bytes, Stack size 0 bytes, startup_m261.o(.text))
<BR>[Address Reference Count : 1]<UL><LI> startup_m261.o(RESET)
</UL>
<P><STRONG><a name="[45]"></a>GPG_IRQHandler</STRONG> (Thumb, 0 bytes, Stack size 0 bytes, startup_m261.o(.text))
<BR>[Address Reference Count : 1]<UL><LI> startup_m261.o(RESET)
</UL>
<P><STRONG><a name="[52]"></a>GPH_IRQHandler</STRONG> (Thumb, 0 bytes, Stack size 0 bytes, startup_m261.o(.text))
<BR>[Address Reference Count : 1]<UL><LI> startup_m261.o(RESET)
</UL>
<P><STRONG><a name="[2d]"></a>I2C1_IRQHandler</STRONG> (Thumb, 0 bytes, Stack size 0 bytes, startup_m261.o(.text))
<BR>[Address Reference Count : 1]<UL><LI> startup_m261.o(RESET)
</UL>
<P><STRONG><a name="[4d]"></a>I2C2_IRQHandler</STRONG> (Thumb, 0 bytes, Stack size 0 bytes, startup_m261.o(.text))
<BR>[Address Reference Count : 1]<UL><LI> startup_m261.o(RESET)
</UL>
<P><STRONG><a name="[42]"></a>I2S0_IRQHandler</STRONG> (Thumb, 0 bytes, Stack size 0 bytes, startup_m261.o(.text))
<BR>[Address Reference Count : 1]<UL><LI> startup_m261.o(RESET)
</UL>
<P><STRONG><a name="[7]"></a>IRC_IRQHandler</STRONG> (Thumb, 0 bytes, Stack size 0 bytes, startup_m261.o(.text))
<BR>[Address Reference Count : 1]<UL><LI> startup_m261.o(RESET)
</UL>
<P><STRONG><a name="[43]"></a>OPA0_IRQHandler</STRONG> (Thumb, 0 bytes, Stack size 0 bytes, startup_m261.o(.text))
<BR>[Address Reference Count : 1]<UL><LI> startup_m261.o(RESET)
</UL>
<P><STRONG><a name="[2e]"></a>PDMA0_IRQHandler</STRONG> (Thumb, 0 bytes, Stack size 0 bytes, startup_m261.o(.text))
<BR>[Address Reference Count : 1]<UL><LI> startup_m261.o(RESET)
</UL>
<P><STRONG><a name="[54]"></a>PDMA1_IRQHandler</STRONG> (Thumb, 0 bytes, Stack size 0 bytes, startup_m261.o(.text))
<BR>[Address Reference Count : 1]<UL><LI> startup_m261.o(RESET)
</UL>
<P><STRONG><a name="[8]"></a>PWRWU_IRQHandler</STRONG> (Thumb, 0 bytes, Stack size 0 bytes, startup_m261.o(.text))
<BR>[Address Reference Count : 1]<UL><LI> startup_m261.o(RESET)
</UL>
<P><STRONG><a name="[4e]"></a>QEI0_IRQHandler</STRONG> (Thumb, 0 bytes, Stack size 0 bytes, startup_m261.o(.text))
<BR>[Address Reference Count : 1]<UL><LI> startup_m261.o(RESET)
</UL>
<P><STRONG><a name="[4f]"></a>QEI1_IRQHandler</STRONG> (Thumb, 0 bytes, Stack size 0 bytes, startup_m261.o(.text))
<BR>[Address Reference Count : 1]<UL><LI> startup_m261.o(RESET)
</UL>
<P><STRONG><a name="[1c]"></a>QSPI0_IRQHandler</STRONG> (Thumb, 0 bytes, Stack size 0 bytes, startup_m261.o(.text))
<BR>[Address Reference Count : 1]<UL><LI> startup_m261.o(RESET)
</UL>
<P><STRONG><a name="[c]"></a>RTC_IRQHandler</STRONG> (Thumb, 0 bytes, Stack size 0 bytes, startup_m261.o(.text))
<BR>[Address Reference Count : 1]<UL><LI> startup_m261.o(RESET)
</UL>
<P><STRONG><a name="[3d]"></a>SC0_IRQHandler</STRONG> (Thumb, 0 bytes, Stack size 0 bytes, startup_m261.o(.text))
<BR>[Address Reference Count : 1]<UL><LI> startup_m261.o(RESET)
</UL>
<P><STRONG><a name="[3e]"></a>SC1_IRQHandler</STRONG> (Thumb, 0 bytes, Stack size 0 bytes, startup_m261.o(.text))
<BR>[Address Reference Count : 1]<UL><LI> startup_m261.o(RESET)
</UL>
<P><STRONG><a name="[3f]"></a>SC2_IRQHandler</STRONG> (Thumb, 0 bytes, Stack size 0 bytes, startup_m261.o(.text))
<BR>[Address Reference Count : 1]<UL><LI> startup_m261.o(RESET)
</UL>
<P><STRONG><a name="[6e]"></a>SC3_IRQHandler</STRONG> (Thumb, 0 bytes, Stack size 0 bytes, startup_m261.o(.text), UNUSED, KEPT)

<P><STRONG><a name="[55]"></a>SCU_IRQHandler</STRONG> (Thumb, 0 bytes, Stack size 0 bytes, startup_m261.o(.text))
<BR>[Address Reference Count : 1]<UL><LI> startup_m261.o(RESET)
</UL>
<P><STRONG><a name="[41]"></a>SDH0_IRQHandler</STRONG> (Thumb, 0 bytes, Stack size 0 bytes, startup_m261.o(.text))
<BR>[Address Reference Count : 1]<UL><LI> startup_m261.o(RESET)
</UL>
<P><STRONG><a name="[6f]"></a>SDH1_IRQHandler</STRONG> (Thumb, 0 bytes, Stack size 0 bytes, startup_m261.o(.text), UNUSED, KEPT)

<P><STRONG><a name="[1d]"></a>SPI0_IRQHandler</STRONG> (Thumb, 0 bytes, Stack size 0 bytes, startup_m261.o(.text))
<BR>[Address Reference Count : 1]<UL><LI> startup_m261.o(RESET)
</UL>
<P><STRONG><a name="[37]"></a>SPI1_IRQHandler</STRONG> (Thumb, 0 bytes, Stack size 0 bytes, startup_m261.o(.text))
<BR>[Address Reference Count : 1]<UL><LI> startup_m261.o(RESET)
</UL>
<P><STRONG><a name="[38]"></a>SPI2_IRQHandler</STRONG> (Thumb, 0 bytes, Stack size 0 bytes, startup_m261.o(.text))
<BR>[Address Reference Count : 1]<UL><LI> startup_m261.o(RESET)
</UL>
<P><STRONG><a name="[40]"></a>SPI3_IRQHandler</STRONG> (Thumb, 0 bytes, Stack size 0 bytes, startup_m261.o(.text))
<BR>[Address Reference Count : 1]<UL><LI> startup_m261.o(RESET)
</UL>
<P><STRONG><a name="[9]"></a>SRAM_IRQHandler</STRONG> (Thumb, 0 bytes, Stack size 0 bytes, startup_m261.o(.text))
<BR>[Address Reference Count : 1]<UL><LI> startup_m261.o(RESET)
</UL>
<P><STRONG><a name="[d]"></a>TAMPER_IRQHandler</STRONG> (Thumb, 0 bytes, Stack size 0 bytes, startup_m261.o(.text))
<BR>[Address Reference Count : 1]<UL><LI> startup_m261.o(RESET)
</UL>
<P><STRONG><a name="[26]"></a>TMR0_IRQHandler</STRONG> (Thumb, 0 bytes, Stack size 0 bytes, startup_m261.o(.text))
<BR>[Address Reference Count : 1]<UL><LI> startup_m261.o(RESET)
</UL>
<P><STRONG><a name="[27]"></a>TMR1_IRQHandler</STRONG> (Thumb, 0 bytes, Stack size 0 bytes, startup_m261.o(.text))
<BR>[Address Reference Count : 1]<UL><LI> startup_m261.o(RESET)
</UL>
<P><STRONG><a name="[28]"></a>TMR2_IRQHandler</STRONG> (Thumb, 0 bytes, Stack size 0 bytes, startup_m261.o(.text))
<BR>[Address Reference Count : 1]<UL><LI> startup_m261.o(RESET)
</UL>
<P><STRONG><a name="[56]"></a>TRNG_IRQHandler</STRONG> (Thumb, 0 bytes, Stack size 0 bytes, startup_m261.o(.text))
<BR>[Address Reference Count : 1]<UL><LI> startup_m261.o(RESET)
</UL>
<P><STRONG><a name="[2a]"></a>UART0_IRQHandler</STRONG> (Thumb, 0 bytes, Stack size 0 bytes, startup_m261.o(.text))
<BR>[Address Reference Count : 1]<UL><LI> startup_m261.o(RESET)
</UL>
<P><STRONG><a name="[2b]"></a>UART1_IRQHandler</STRONG> (Thumb, 0 bytes, Stack size 0 bytes, startup_m261.o(.text))
<BR>[Address Reference Count : 1]<UL><LI> startup_m261.o(RESET)
</UL>
<P><STRONG><a name="[35]"></a>UART2_IRQHandler</STRONG> (Thumb, 0 bytes, Stack size 0 bytes, startup_m261.o(.text))
<BR>[Address Reference Count : 1]<UL><LI> startup_m261.o(RESET)
</UL>
<P><STRONG><a name="[36]"></a>UART3_IRQHandler</STRONG> (Thumb, 0 bytes, Stack size 0 bytes, startup_m261.o(.text))
<BR>[Address Reference Count : 1]<UL><LI> startup_m261.o(RESET)
</UL>
<P><STRONG><a name="[47]"></a>UART4_IRQHandler</STRONG> (Thumb, 0 bytes, Stack size 0 bytes, startup_m261.o(.text))
<BR>[Address Reference Count : 1]<UL><LI> startup_m261.o(RESET)
</UL>
<P><STRONG><a name="[48]"></a>UART5_IRQHandler</STRONG> (Thumb, 0 bytes, Stack size 0 bytes, startup_m261.o(.text))
<BR>[Address Reference Count : 1]<UL><LI> startup_m261.o(RESET)
</UL>
<P><STRONG><a name="[39]"></a>USBD_IRQHandler</STRONG> (Thumb, 0 bytes, Stack size 0 bytes, startup_m261.o(.text))
<BR>[Address Reference Count : 1]<UL><LI> startup_m261.o(RESET)
</UL>
<P><STRONG><a name="[3a]"></a>USBH_IRQHandler</STRONG> (Thumb, 0 bytes, Stack size 0 bytes, startup_m261.o(.text))
<BR>[Address Reference Count : 1]<UL><LI> startup_m261.o(RESET)
</UL>
<P><STRONG><a name="[3b]"></a>USBOTG_IRQHandler</STRONG> (Thumb, 0 bytes, Stack size 0 bytes, startup_m261.o(.text))
<BR>[Address Reference Count : 1]<UL><LI> startup_m261.o(RESET)
</UL>
<P><STRONG><a name="[49]"></a>USCI0_IRQHandler</STRONG> (Thumb, 0 bytes, Stack size 0 bytes, startup_m261.o(.text))
<BR>[Address Reference Count : 1]<UL><LI> startup_m261.o(RESET)
</UL>
<P><STRONG><a name="[4a]"></a>USCI1_IRQHandler</STRONG> (Thumb, 0 bytes, Stack size 0 bytes, startup_m261.o(.text))
<BR>[Address Reference Count : 1]<UL><LI> startup_m261.o(RESET)
</UL>
<P><STRONG><a name="[f]"></a>WWDT_IRQHandler</STRONG> (Thumb, 0 bytes, Stack size 0 bytes, startup_m261.o(.text))
<BR>[Address Reference Count : 1]<UL><LI> startup_m261.o(RESET)
</UL>
<P><STRONG><a name="[6b]"></a>SH_DoCommand</STRONG> (Thumb, 10 bytes, Stack size 0 bytes, startup_m261.o(.text), UNUSED, KEPT)

<P><STRONG><a name="[6c]"></a>__PC</STRONG> (Thumb, 6 bytes, Stack size 0 bytes, startup_m261.o(.text), UNUSED, KEPT)

<P><STRONG><a name="[72]"></a>__aeabi_uldivmod</STRONG> (Thumb, 96 bytes, Stack size 48 bytes, uldiv.o(.text), UNUSED)
<BR><BR>[Calls]<UL><LI><a href="#[73]">&gt;&gt;</a>&nbsp;&nbsp;&nbsp;__aeabi_llsr
<LI><a href="#[74]">&gt;&gt;</a>&nbsp;&nbsp;&nbsp;__aeabi_llsl
</UL>
<BR>[Called By]<UL><LI><a href="#[111]">&gt;&gt;</a>&nbsp;&nbsp;&nbsp;_printf_core
<LI><a href="#[113]">&gt;&gt;</a>&nbsp;&nbsp;&nbsp;_fp_digits
</UL>

<P><STRONG><a name="[c7]"></a>tolower</STRONG> (Thumb, 12 bytes, Stack size 0 bytes, tolower.o(.text))
<BR><BR>[Called By]<UL><LI><a href="#[c6]">&gt;&gt;</a>&nbsp;&nbsp;&nbsp;cliUART
</UL>

<P><STRONG><a name="[76]"></a>__aeabi_memset</STRONG> (Thumb, 14 bytes, Stack size 0 bytes, memseta.o(.text))
<BR><BR>[Called By]<UL><LI><a href="#[77]">&gt;&gt;</a>&nbsp;&nbsp;&nbsp;_memset$wrapper
<LI><a href="#[75]">&gt;&gt;</a>&nbsp;&nbsp;&nbsp;__aeabi_memclr
<LI><a href="#[9b]">&gt;&gt;</a>&nbsp;&nbsp;&nbsp;SH1106_Fill
</UL>

<P><STRONG><a name="[11e]"></a>__aeabi_memset4</STRONG> (Thumb, 0 bytes, Stack size 0 bytes, memseta.o(.text), UNUSED)

<P><STRONG><a name="[11f]"></a>__aeabi_memset8</STRONG> (Thumb, 0 bytes, Stack size 0 bytes, memseta.o(.text), UNUSED)

<P><STRONG><a name="[75]"></a>__aeabi_memclr</STRONG> (Thumb, 4 bytes, Stack size 0 bytes, memseta.o(.text), UNUSED)
<BR><BR>[Calls]<UL><LI><a href="#[76]">&gt;&gt;</a>&nbsp;&nbsp;&nbsp;__aeabi_memset
</UL>

<P><STRONG><a name="[120]"></a>__aeabi_memclr4</STRONG> (Thumb, 0 bytes, Stack size 0 bytes, memseta.o(.text), UNUSED)

<P><STRONG><a name="[121]"></a>__aeabi_memclr8</STRONG> (Thumb, 0 bytes, Stack size 0 bytes, memseta.o(.text), UNUSED)

<P><STRONG><a name="[77]"></a>_memset$wrapper</STRONG> (Thumb, 18 bytes, Stack size 8 bytes, memseta.o(.text), UNUSED)
<BR><BR>[Calls]<UL><LI><a href="#[76]">&gt;&gt;</a>&nbsp;&nbsp;&nbsp;__aeabi_memset
</UL>

<P><STRONG><a name="[c9]"></a>strlen</STRONG> (Thumb, 14 bytes, Stack size 0 bytes, strlen.o(.text))
<BR><BR>[Called By]<UL><LI><a href="#[61]">&gt;&gt;</a>&nbsp;&nbsp;&nbsp;cli_setaddress
<LI><a href="#[60]">&gt;&gt;</a>&nbsp;&nbsp;&nbsp;cli_setstation
</UL>

<P><STRONG><a name="[b5]"></a>strcmp</STRONG> (Thumb, 28 bytes, Stack size 8 bytes, strcmp.o(.text))
<BR><BR>[Stack]<UL><LI>Max Depth = 8<LI>Call Chain = strcmp
</UL>
<BR>[Called By]<UL><LI><a href="#[c8]">&gt;&gt;</a>&nbsp;&nbsp;&nbsp;cli_processCommand
<LI><a href="#[6a]">&gt;&gt;</a>&nbsp;&nbsp;&nbsp;cli_hangcpu
<LI><a href="#[61]">&gt;&gt;</a>&nbsp;&nbsp;&nbsp;cli_setaddress
<LI><a href="#[60]">&gt;&gt;</a>&nbsp;&nbsp;&nbsp;cli_setstation
<LI><a href="#[e2]">&gt;&gt;</a>&nbsp;&nbsp;&nbsp;send_el_pkt
<LI><a href="#[b3]">&gt;&gt;</a>&nbsp;&nbsp;&nbsp;app_extract_ts
<LI><a href="#[c6]">&gt;&gt;</a>&nbsp;&nbsp;&nbsp;cliUART
</UL>

<P><STRONG><a name="[ca]"></a>strcpy</STRONG> (Thumb, 18 bytes, Stack size 0 bytes, strcpy.o(.text))
<BR><BR>[Called By]<UL><LI><a href="#[61]">&gt;&gt;</a>&nbsp;&nbsp;&nbsp;cli_setaddress
<LI><a href="#[60]">&gt;&gt;</a>&nbsp;&nbsp;&nbsp;cli_setstation
<LI><a href="#[e2]">&gt;&gt;</a>&nbsp;&nbsp;&nbsp;send_el_pkt
<LI><a href="#[ec]">&gt;&gt;</a>&nbsp;&nbsp;&nbsp;get_line_state_dl
<LI><a href="#[ed]">&gt;&gt;</a>&nbsp;&nbsp;&nbsp;get_line_state_sl
</UL>

<P><STRONG><a name="[78]"></a>atoi</STRONG> (Thumb, 26 bytes, Stack size 16 bytes, atoi.o(.text))
<BR><BR>[Stack]<UL><LI>Max Depth = 88<LI>Call Chain = atoi &rArr; strtol &rArr; _strtoul
</UL>
<BR>[Calls]<UL><LI><a href="#[7a]">&gt;&gt;</a>&nbsp;&nbsp;&nbsp;strtol
<LI><a href="#[79]">&gt;&gt;</a>&nbsp;&nbsp;&nbsp;__aeabi_errno_addr
</UL>
<BR>[Called By]<UL><LI><a href="#[93]">&gt;&gt;</a>&nbsp;&nbsp;&nbsp;toint
<LI><a href="#[b3]">&gt;&gt;</a>&nbsp;&nbsp;&nbsp;app_extract_ts
</UL>

<P><STRONG><a name="[74]"></a>__aeabi_llsl</STRONG> (Thumb, 32 bytes, Stack size 8 bytes, llshl.o(.text), UNUSED)
<BR><BR>[Called By]<UL><LI><a href="#[7f]">&gt;&gt;</a>&nbsp;&nbsp;&nbsp;_double_epilogue
<LI><a href="#[7d]">&gt;&gt;</a>&nbsp;&nbsp;&nbsp;__aeabi_dadd
<LI><a href="#[85]">&gt;&gt;</a>&nbsp;&nbsp;&nbsp;__aeabi_d2ulz
<LI><a href="#[72]">&gt;&gt;</a>&nbsp;&nbsp;&nbsp;__aeabi_uldivmod
</UL>

<P><STRONG><a name="[122]"></a>_ll_shift_l</STRONG> (Thumb, 0 bytes, Stack size 8 bytes, llshl.o(.text), UNUSED)

<P><STRONG><a name="[73]"></a>__aeabi_llsr</STRONG> (Thumb, 34 bytes, Stack size 8 bytes, llushr.o(.text), UNUSED)
<BR><BR>[Called By]<UL><LI><a href="#[7f]">&gt;&gt;</a>&nbsp;&nbsp;&nbsp;_double_epilogue
<LI><a href="#[85]">&gt;&gt;</a>&nbsp;&nbsp;&nbsp;__aeabi_d2ulz
<LI><a href="#[72]">&gt;&gt;</a>&nbsp;&nbsp;&nbsp;__aeabi_uldivmod
</UL>

<P><STRONG><a name="[123]"></a>_ll_ushift_r</STRONG> (Thumb, 0 bytes, Stack size 8 bytes, llushr.o(.text), UNUSED)

<P><STRONG><a name="[7a]"></a>strtol</STRONG> (Thumb, 108 bytes, Stack size 32 bytes, strtol.o(.text))
<BR><BR>[Stack]<UL><LI>Max Depth = 72<LI>Call Chain = strtol &rArr; _strtoul
</UL>
<BR>[Calls]<UL><LI><a href="#[7b]">&gt;&gt;</a>&nbsp;&nbsp;&nbsp;__rt_ctype_table
<LI><a href="#[79]">&gt;&gt;</a>&nbsp;&nbsp;&nbsp;__aeabi_errno_addr
<LI><a href="#[7c]">&gt;&gt;</a>&nbsp;&nbsp;&nbsp;_strtoul
</UL>
<BR>[Called By]<UL><LI><a href="#[78]">&gt;&gt;</a>&nbsp;&nbsp;&nbsp;atoi
</UL>

<P><STRONG><a name="[124]"></a>__I$use$fp</STRONG> (Thumb, 0 bytes, Stack size 48 bytes, iusefp.o(.text), UNUSED)

<P><STRONG><a name="[7d]"></a>__aeabi_dadd</STRONG> (Thumb, 328 bytes, Stack size 48 bytes, dadd.o(.text), UNUSED)
<BR><BR>[Calls]<UL><LI><a href="#[7e]">&gt;&gt;</a>&nbsp;&nbsp;&nbsp;__aeabi_lasr
<LI><a href="#[80]">&gt;&gt;</a>&nbsp;&nbsp;&nbsp;_double_round
<LI><a href="#[7f]">&gt;&gt;</a>&nbsp;&nbsp;&nbsp;_double_epilogue
<LI><a href="#[74]">&gt;&gt;</a>&nbsp;&nbsp;&nbsp;__aeabi_llsl
</UL>
<BR>[Called By]<UL><LI><a href="#[82]">&gt;&gt;</a>&nbsp;&nbsp;&nbsp;__aeabi_drsub
<LI><a href="#[81]">&gt;&gt;</a>&nbsp;&nbsp;&nbsp;__aeabi_dsub
<LI><a href="#[113]">&gt;&gt;</a>&nbsp;&nbsp;&nbsp;_fp_digits
</UL>

<P><STRONG><a name="[81]"></a>__aeabi_dsub</STRONG> (Thumb, 12 bytes, Stack size 8 bytes, dadd.o(.text), UNUSED)
<BR><BR>[Calls]<UL><LI><a href="#[7d]">&gt;&gt;</a>&nbsp;&nbsp;&nbsp;__aeabi_dadd
</UL>

<P><STRONG><a name="[82]"></a>__aeabi_drsub</STRONG> (Thumb, 12 bytes, Stack size 8 bytes, dadd.o(.text), UNUSED)
<BR><BR>[Calls]<UL><LI><a href="#[7d]">&gt;&gt;</a>&nbsp;&nbsp;&nbsp;__aeabi_dadd
</UL>

<P><STRONG><a name="[83]"></a>__aeabi_dmul</STRONG> (Thumb, 202 bytes, Stack size 72 bytes, dmul.o(.text), UNUSED)
<BR><BR>[Calls]<UL><LI><a href="#[7f]">&gt;&gt;</a>&nbsp;&nbsp;&nbsp;_double_epilogue
</UL>
<BR>[Called By]<UL><LI><a href="#[113]">&gt;&gt;</a>&nbsp;&nbsp;&nbsp;_fp_digits
</UL>

<P><STRONG><a name="[84]"></a>__aeabi_ddiv</STRONG> (Thumb, 234 bytes, Stack size 40 bytes, ddiv.o(.text), UNUSED)
<BR><BR>[Calls]<UL><LI><a href="#[80]">&gt;&gt;</a>&nbsp;&nbsp;&nbsp;_double_round
</UL>
<BR>[Called By]<UL><LI><a href="#[113]">&gt;&gt;</a>&nbsp;&nbsp;&nbsp;_fp_digits
</UL>

<P><STRONG><a name="[85]"></a>__aeabi_d2ulz</STRONG> (Thumb, 54 bytes, Stack size 8 bytes, dfixul.o(.text), UNUSED)
<BR><BR>[Calls]<UL><LI><a href="#[73]">&gt;&gt;</a>&nbsp;&nbsp;&nbsp;__aeabi_llsr
<LI><a href="#[74]">&gt;&gt;</a>&nbsp;&nbsp;&nbsp;__aeabi_llsl
</UL>
<BR>[Called By]<UL><LI><a href="#[113]">&gt;&gt;</a>&nbsp;&nbsp;&nbsp;_fp_digits
</UL>

<P><STRONG><a name="[114]"></a>__aeabi_cdrcmple</STRONG> (Thumb, 38 bytes, Stack size 0 bytes, cdrcmple.o(.text), UNUSED)
<BR><BR>[Called By]<UL><LI><a href="#[113]">&gt;&gt;</a>&nbsp;&nbsp;&nbsp;_fp_digits
</UL>

<P><STRONG><a name="[71]"></a>__scatterload</STRONG> (Thumb, 38 bytes, Stack size 0 bytes, init.o(.text))
<BR><BR>[Calls]<UL><LI><a href="#[86]">&gt;&gt;</a>&nbsp;&nbsp;&nbsp;__main_after_scatterload
</UL>
<BR>[Called By]<UL><LI><a href="#[70]">&gt;&gt;</a>&nbsp;&nbsp;&nbsp;_main_scatterload
</UL>

<P><STRONG><a name="[125]"></a>__scatterload_rt2</STRONG> (Thumb, 0 bytes, Stack size 0 bytes, init.o(.text), UNUSED)

<P><STRONG><a name="[126]"></a>__aeabi_uidiv$div0</STRONG> (Thumb, 0 bytes, Stack size 16 bytes, uidiv_div0.o(.text), UNUSED)

<P><STRONG><a name="[117]"></a>__aeabi_uidivmod</STRONG> (Thumb, 62 bytes, Stack size 16 bytes, uidiv_div0.o(.text), UNUSED)
<BR><BR>[Called By]<UL><LI><a href="#[111]">&gt;&gt;</a>&nbsp;&nbsp;&nbsp;_printf_core
</UL>

<P><STRONG><a name="[7e]"></a>__aeabi_lasr</STRONG> (Thumb, 38 bytes, Stack size 8 bytes, llsshr.o(.text), UNUSED)
<BR><BR>[Called By]<UL><LI><a href="#[7d]">&gt;&gt;</a>&nbsp;&nbsp;&nbsp;__aeabi_dadd
</UL>

<P><STRONG><a name="[127]"></a>_ll_sshift_r</STRONG> (Thumb, 0 bytes, Stack size 8 bytes, llsshr.o(.text), UNUSED)

<P><STRONG><a name="[7b]"></a>__rt_ctype_table</STRONG> (Thumb, 4 bytes, Stack size 0 bytes, ctype_o.o(.text))
<BR><BR>[Called By]<UL><LI><a href="#[7a]">&gt;&gt;</a>&nbsp;&nbsp;&nbsp;strtol
</UL>

<P><STRONG><a name="[7c]"></a>_strtoul</STRONG> (Thumb, 166 bytes, Stack size 40 bytes, _strtoul.o(.text))
<BR><BR>[Stack]<UL><LI>Max Depth = 40<LI>Call Chain = _strtoul
</UL>
<BR>[Calls]<UL><LI><a href="#[79]">&gt;&gt;</a>&nbsp;&nbsp;&nbsp;__aeabi_errno_addr
<LI><a href="#[87]">&gt;&gt;</a>&nbsp;&nbsp;&nbsp;_chval
</UL>
<BR>[Called By]<UL><LI><a href="#[7a]">&gt;&gt;</a>&nbsp;&nbsp;&nbsp;strtol
</UL>

<P><STRONG><a name="[80]"></a>_double_round</STRONG> (Thumb, 26 bytes, Stack size 8 bytes, depilogue.o(.text), UNUSED)
<BR><BR>[Called By]<UL><LI><a href="#[7f]">&gt;&gt;</a>&nbsp;&nbsp;&nbsp;_double_epilogue
<LI><a href="#[84]">&gt;&gt;</a>&nbsp;&nbsp;&nbsp;__aeabi_ddiv
<LI><a href="#[7d]">&gt;&gt;</a>&nbsp;&nbsp;&nbsp;__aeabi_dadd
</UL>

<P><STRONG><a name="[7f]"></a>_double_epilogue</STRONG> (Thumb, 164 bytes, Stack size 48 bytes, depilogue.o(.text), UNUSED)
<BR><BR>[Calls]<UL><LI><a href="#[80]">&gt;&gt;</a>&nbsp;&nbsp;&nbsp;_double_round
<LI><a href="#[73]">&gt;&gt;</a>&nbsp;&nbsp;&nbsp;__aeabi_llsr
<LI><a href="#[74]">&gt;&gt;</a>&nbsp;&nbsp;&nbsp;__aeabi_llsl
<LI><a href="#[88]">&gt;&gt;</a>&nbsp;&nbsp;&nbsp;__ARM_clz
</UL>
<BR>[Called By]<UL><LI><a href="#[83]">&gt;&gt;</a>&nbsp;&nbsp;&nbsp;__aeabi_dmul
<LI><a href="#[7d]">&gt;&gt;</a>&nbsp;&nbsp;&nbsp;__aeabi_dadd
</UL>

<P><STRONG><a name="[87]"></a>_chval</STRONG> (Thumb, 30 bytes, Stack size 0 bytes, _chval.o(.text))
<BR><BR>[Called By]<UL><LI><a href="#[7c]">&gt;&gt;</a>&nbsp;&nbsp;&nbsp;_strtoul
</UL>

<P><STRONG><a name="[ee]"></a>CLK_EnableModuleClock</STRONG> (Thumb, 52 bytes, Stack size 12 bytes, clk.o(.text.CLK_EnableModuleClock))
<BR><BR>[Stack]<UL><LI>Max Depth = 12<LI>Call Chain = CLK_EnableModuleClock
</UL>
<BR>[Called By]<UL><LI><a href="#[bc]">&gt;&gt;</a>&nbsp;&nbsp;&nbsp;i2c_ctor
<LI><a href="#[bb]">&gt;&gt;</a>&nbsp;&nbsp;&nbsp;spi_ctor
<LI><a href="#[ba]">&gt;&gt;</a>&nbsp;&nbsp;&nbsp;uart_ctor
</UL>

<P><STRONG><a name="[106]"></a>CLK_EnableXtalRC</STRONG> (Thumb, 20 bytes, Stack size 4 bytes, clk.o(.text.CLK_EnableXtalRC))
<BR><BR>[Stack]<UL><LI>Max Depth = 4<LI>Call Chain = CLK_EnableXtalRC
</UL>
<BR>[Called By]<UL><LI><a href="#[b8]">&gt;&gt;</a>&nbsp;&nbsp;&nbsp;sysClock_Init
</UL>

<P><STRONG><a name="[aa]"></a>CLK_GetCPUFreq</STRONG> (Thumb, 328 bytes, Stack size 88 bytes, clk.o(.text.CLK_GetCPUFreq))
<BR><BR>[Stack]<UL><LI>Max Depth = 88<LI>Call Chain = CLK_GetCPUFreq
</UL>
<BR>[Called By]<UL><LI><a href="#[8a]">&gt;&gt;</a>&nbsp;&nbsp;&nbsp;SystemCoreClockUpdate
</UL>

<P><STRONG><a name="[89]"></a>CLK_GetHCLKFreq</STRONG> (Thumb, 12 bytes, Stack size 8 bytes, clk.o(.text.CLK_GetHCLKFreq))
<BR><BR>[Stack]<UL><LI>Max Depth = 104<LI>Call Chain = CLK_GetHCLKFreq &rArr; SystemCoreClockUpdate &rArr; CLK_GetCPUFreq
</UL>
<BR>[Calls]<UL><LI><a href="#[8a]">&gt;&gt;</a>&nbsp;&nbsp;&nbsp;SystemCoreClockUpdate
</UL>
<BR>[Called By]<UL><LI><a href="#[a5]">&gt;&gt;</a>&nbsp;&nbsp;&nbsp;SPI_Open
</UL>

<P><STRONG><a name="[b2]"></a>CLK_GetModuleClockDivider</STRONG> (Thumb, 84 bytes, Stack size 28 bytes, clk.o(.text.CLK_GetModuleClockDivider))
<BR><BR>[Stack]<UL><LI>Max Depth = 28<LI>Call Chain = CLK_GetModuleClockDivider
</UL>
<BR>[Called By]<UL><LI><a href="#[b1]">&gt;&gt;</a>&nbsp;&nbsp;&nbsp;UART_Open
</UL>

<P><STRONG><a name="[a6]"></a>CLK_GetModuleClockSource</STRONG> (Thumb, 188 bytes, Stack size 28 bytes, clk.o(.text.CLK_GetModuleClockSource))
<BR><BR>[Stack]<UL><LI>Max Depth = 28<LI>Call Chain = CLK_GetModuleClockSource
</UL>
<BR>[Called By]<UL><LI><a href="#[a5]">&gt;&gt;</a>&nbsp;&nbsp;&nbsp;SPI_Open
<LI><a href="#[b1]">&gt;&gt;</a>&nbsp;&nbsp;&nbsp;UART_Open
<LI><a href="#[ab]">&gt;&gt;</a>&nbsp;&nbsp;&nbsp;TIMER_GetModuleClock
</UL>

<P><STRONG><a name="[8b]"></a>CLK_GetPCLK0Freq</STRONG> (Thumb, 24 bytes, Stack size 8 bytes, clk.o(.text.CLK_GetPCLK0Freq))
<BR><BR>[Stack]<UL><LI>Max Depth = 104<LI>Call Chain = CLK_GetPCLK0Freq &rArr; SystemCoreClockUpdate &rArr; CLK_GetCPUFreq
</UL>
<BR>[Calls]<UL><LI><a href="#[8a]">&gt;&gt;</a>&nbsp;&nbsp;&nbsp;SystemCoreClockUpdate
</UL>
<BR>[Called By]<UL><LI><a href="#[a5]">&gt;&gt;</a>&nbsp;&nbsp;&nbsp;SPI_Open
<LI><a href="#[90]">&gt;&gt;</a>&nbsp;&nbsp;&nbsp;I2C_Open
<LI><a href="#[ab]">&gt;&gt;</a>&nbsp;&nbsp;&nbsp;TIMER_GetModuleClock
</UL>

<P><STRONG><a name="[8c]"></a>CLK_GetPCLK1Freq</STRONG> (Thumb, 24 bytes, Stack size 8 bytes, clk.o(.text.CLK_GetPCLK1Freq))
<BR><BR>[Stack]<UL><LI>Max Depth = 104<LI>Call Chain = CLK_GetPCLK1Freq &rArr; SystemCoreClockUpdate &rArr; CLK_GetCPUFreq
</UL>
<BR>[Calls]<UL><LI><a href="#[8a]">&gt;&gt;</a>&nbsp;&nbsp;&nbsp;SystemCoreClockUpdate
</UL>
<BR>[Called By]<UL><LI><a href="#[a5]">&gt;&gt;</a>&nbsp;&nbsp;&nbsp;SPI_Open
<LI><a href="#[90]">&gt;&gt;</a>&nbsp;&nbsp;&nbsp;I2C_Open
<LI><a href="#[ab]">&gt;&gt;</a>&nbsp;&nbsp;&nbsp;TIMER_GetModuleClock
</UL>

<P><STRONG><a name="[a7]"></a>CLK_GetPLLClockFreq</STRONG> (Thumb, 148 bytes, Stack size 28 bytes, clk.o(.text.CLK_GetPLLClockFreq))
<BR><BR>[Stack]<UL><LI>Max Depth = 28<LI>Call Chain = CLK_GetPLLClockFreq
</UL>
<BR>[Called By]<UL><LI><a href="#[a5]">&gt;&gt;</a>&nbsp;&nbsp;&nbsp;SPI_Open
<LI><a href="#[8a]">&gt;&gt;</a>&nbsp;&nbsp;&nbsp;SystemCoreClockUpdate
<LI><a href="#[b1]">&gt;&gt;</a>&nbsp;&nbsp;&nbsp;UART_Open
</UL>

<P><STRONG><a name="[8d]"></a>CLK_SetHCLK</STRONG> (Thumb, 136 bytes, Stack size 24 bytes, clk.o(.text.CLK_SetHCLK))
<BR><BR>[Stack]<UL><LI>Max Depth = 120<LI>Call Chain = CLK_SetHCLK &rArr; SystemCoreClockUpdate &rArr; CLK_GetCPUFreq
</UL>
<BR>[Calls]<UL><LI><a href="#[8e]">&gt;&gt;</a>&nbsp;&nbsp;&nbsp;CLK_WaitClockReady
<LI><a href="#[8a]">&gt;&gt;</a>&nbsp;&nbsp;&nbsp;SystemCoreClockUpdate
</UL>
<BR>[Called By]<UL><LI><a href="#[b8]">&gt;&gt;</a>&nbsp;&nbsp;&nbsp;sysClock_Init
</UL>

<P><STRONG><a name="[ff]"></a>CLK_SetModuleClock</STRONG> (Thumb, 156 bytes, Stack size 52 bytes, clk.o(.text.CLK_SetModuleClock))
<BR><BR>[Stack]<UL><LI>Max Depth = 52<LI>Call Chain = CLK_SetModuleClock
</UL>
<BR>[Called By]<UL><LI><a href="#[bb]">&gt;&gt;</a>&nbsp;&nbsp;&nbsp;spi_ctor
<LI><a href="#[ba]">&gt;&gt;</a>&nbsp;&nbsp;&nbsp;uart_ctor
</UL>

<P><STRONG><a name="[8e]"></a>CLK_WaitClockReady</STRONG> (Thumb, 56 bytes, Stack size 12 bytes, clk.o(.text.CLK_WaitClockReady))
<BR><BR>[Stack]<UL><LI>Max Depth = 12<LI>Call Chain = CLK_WaitClockReady
</UL>
<BR>[Called By]<UL><LI><a href="#[8d]">&gt;&gt;</a>&nbsp;&nbsp;&nbsp;CLK_SetHCLK
<LI><a href="#[b8]">&gt;&gt;</a>&nbsp;&nbsp;&nbsp;sysClock_Init
</UL>

<P><STRONG><a name="[eb]"></a>FMC_Close</STRONG> (Thumb, 12 bytes, Stack size 0 bytes, fmc.o(.text.FMC_Close))
<BR><BR>[Called By]<UL><LI><a href="#[c4]">&gt;&gt;</a>&nbsp;&nbsp;&nbsp;get_flash_checksum
</UL>

<P><STRONG><a name="[ea]"></a>FMC_GetChkSum</STRONG> (Thumb, 204 bytes, Stack size 20 bytes, fmc.o(.text.FMC_GetChkSum))
<BR><BR>[Stack]<UL><LI>Max Depth = 20<LI>Call Chain = FMC_GetChkSum
</UL>
<BR>[Called By]<UL><LI><a href="#[c4]">&gt;&gt;</a>&nbsp;&nbsp;&nbsp;get_flash_checksum
</UL>

<P><STRONG><a name="[e9]"></a>FMC_Open</STRONG> (Thumb, 12 bytes, Stack size 0 bytes, fmc.o(.text.FMC_Open))
<BR><BR>[Called By]<UL><LI><a href="#[c4]">&gt;&gt;</a>&nbsp;&nbsp;&nbsp;get_flash_checksum
</UL>

<P><STRONG><a name="[bd]"></a>GPIO_SetMode</STRONG> (Thumb, 74 bytes, Stack size 16 bytes, gpio.o(.text.GPIO_SetMode))
<BR><BR>[Stack]<UL><LI>Max Depth = 16<LI>Call Chain = GPIO_SetMode
</UL>
<BR>[Called By]<UL><LI><a href="#[b7]">&gt;&gt;</a>&nbsp;&nbsp;&nbsp;bsp_ctor
<LI><a href="#[bb]">&gt;&gt;</a>&nbsp;&nbsp;&nbsp;spi_ctor
</UL>

<P><STRONG><a name="[2c]"></a>I2C0_IRQHandler</STRONG> (Thumb, 68 bytes, Stack size 16 bytes, bsp.o(.text.I2C0_IRQHandler))
<BR><BR>[Stack]<UL><LI>Max Depth = 20<LI>Call Chain = I2C0_IRQHandler &rArr; I2C_ClearTimeoutFlag
</UL>
<BR>[Calls]<UL><LI><a href="#[8f]">&gt;&gt;</a>&nbsp;&nbsp;&nbsp;I2C_ClearTimeoutFlag
</UL>
<BR>[Address Reference Count : 1]<UL><LI> startup_m261.o(RESET)
</UL>
<P><STRONG><a name="[8f]"></a>I2C_ClearTimeoutFlag</STRONG> (Thumb, 18 bytes, Stack size 4 bytes, i2c.o(.text.I2C_ClearTimeoutFlag))
<BR><BR>[Stack]<UL><LI>Max Depth = 4<LI>Call Chain = I2C_ClearTimeoutFlag
</UL>
<BR>[Called By]<UL><LI><a href="#[2c]">&gt;&gt;</a>&nbsp;&nbsp;&nbsp;I2C0_IRQHandler
</UL>

<P><STRONG><a name="[ef]"></a>I2C_EnableInt</STRONG> (Thumb, 18 bytes, Stack size 4 bytes, i2c.o(.text.I2C_EnableInt))
<BR><BR>[Stack]<UL><LI>Max Depth = 4<LI>Call Chain = I2C_EnableInt
</UL>
<BR>[Called By]<UL><LI><a href="#[bc]">&gt;&gt;</a>&nbsp;&nbsp;&nbsp;i2c_ctor
</UL>

<P><STRONG><a name="[f1]"></a>I2C_EnableTimeout</STRONG> (Thumb, 52 bytes, Stack size 8 bytes, i2c.o(.text.I2C_EnableTimeout))
<BR><BR>[Stack]<UL><LI>Max Depth = 8<LI>Call Chain = I2C_EnableTimeout
</UL>
<BR>[Called By]<UL><LI><a href="#[bc]">&gt;&gt;</a>&nbsp;&nbsp;&nbsp;i2c_ctor
</UL>

<P><STRONG><a name="[90]"></a>I2C_Open</STRONG> (Thumb, 92 bytes, Stack size 24 bytes, i2c.o(.text.I2C_Open))
<BR><BR>[Stack]<UL><LI>Max Depth = 128<LI>Call Chain = I2C_Open &rArr; CLK_GetPCLK1Freq &rArr; SystemCoreClockUpdate &rArr; CLK_GetCPUFreq
</UL>
<BR>[Calls]<UL><LI><a href="#[8c]">&gt;&gt;</a>&nbsp;&nbsp;&nbsp;CLK_GetPCLK1Freq
<LI><a href="#[8b]">&gt;&gt;</a>&nbsp;&nbsp;&nbsp;CLK_GetPCLK0Freq
</UL>
<BR>[Called By]<UL><LI><a href="#[bc]">&gt;&gt;</a>&nbsp;&nbsp;&nbsp;i2c_ctor
</UL>

<P><STRONG><a name="[91]"></a>LINE_COM_read_packet</STRONG> (Thumb, 760 bytes, Stack size 80 bytes, uart_pkts.o(.text.LINE_COM_read_packet))
<BR><BR>[Stack]<UL><LI>Max Depth = 192<LI>Call Chain = LINE_COM_read_packet &rArr; toint &rArr; atoi &rArr; strtol &rArr; _strtoul
</UL>
<BR>[Calls]<UL><LI><a href="#[93]">&gt;&gt;</a>&nbsp;&nbsp;&nbsp;toint
<LI><a href="#[92]">&gt;&gt;</a>&nbsp;&nbsp;&nbsp;fifo_read
</UL>
<BR>[Called By]<UL><LI><a href="#[e1]">&gt;&gt;</a>&nbsp;&nbsp;&nbsp;rcv_com_pkt
</UL>

<P><STRONG><a name="[94]"></a>LINE_COM_write_packet</STRONG> (Thumb, 452 bytes, Stack size 72 bytes, uart_pkts.o(.text.LINE_COM_write_packet))
<BR><BR>[Stack]<UL><LI>Max Depth = 112<LI>Call Chain = LINE_COM_write_packet &rArr; fifo_write_bytes &rArr; fifo_write
</UL>
<BR>[Calls]<UL><LI><a href="#[96]">&gt;&gt;</a>&nbsp;&nbsp;&nbsp;fifo_write_bytes
<LI><a href="#[95]">&gt;&gt;</a>&nbsp;&nbsp;&nbsp;fifo_write
<LI><a href="#[98]">&gt;&gt;</a>&nbsp;&nbsp;&nbsp;conv2TOD
<LI><a href="#[97]">&gt;&gt;</a>&nbsp;&nbsp;&nbsp;sprintf
</UL>
<BR>[Called By]<UL><LI><a href="#[e0]">&gt;&gt;</a>&nbsp;&nbsp;&nbsp;send_com_pkt
</UL>

<P><STRONG><a name="[5a]"></a>ProcessHardFault</STRONG> (Thumb, 156 bytes, Stack size 24 bytes, retarget.o(.text.ProcessHardFault))
<BR><BR>[Stack]<UL><LI>Max Depth = 48<LI>Call Chain = ProcessHardFault &rArr; printf
</UL>
<BR>[Calls]<UL><LI><a href="#[99]">&gt;&gt;</a>&nbsp;&nbsp;&nbsp;printf
</UL>
<BR>[Address Reference Count : 1]<UL><LI> startup_m261.o(.text)
</UL>
<P><STRONG><a name="[9a]"></a>SH1106_Clear</STRONG> (Thumb, 14 bytes, Stack size 8 bytes, sh1106.o(.text.SH1106_Clear))
<BR><BR>[Stack]<UL><LI>Max Depth = 88<LI>Call Chain = SH1106_Clear &rArr; SH1106_UpdateScreen &rArr; SH1106_I2C_WriteMulti &rArr; i2c_write
</UL>
<BR>[Calls]<UL><LI><a href="#[9c]">&gt;&gt;</a>&nbsp;&nbsp;&nbsp;SH1106_UpdateScreen
<LI><a href="#[9b]">&gt;&gt;</a>&nbsp;&nbsp;&nbsp;SH1106_Fill
</UL>
<BR>[Called By]<UL><LI><a href="#[d9]">&gt;&gt;</a>&nbsp;&nbsp;&nbsp;cpu_sm
</UL>

<P><STRONG><a name="[a3]"></a>SH1106_DrawPixel</STRONG> (Thumb, 136 bytes, Stack size 12 bytes, sh1106.o(.text.SH1106_DrawPixel))
<BR><BR>[Stack]<UL><LI>Max Depth = 12<LI>Call Chain = SH1106_DrawPixel
</UL>
<BR>[Called By]<UL><LI><a href="#[a2]">&gt;&gt;</a>&nbsp;&nbsp;&nbsp;SH1106_Putc
</UL>

<P><STRONG><a name="[9b]"></a>SH1106_Fill</STRONG> (Thumb, 44 bytes, Stack size 24 bytes, sh1106.o(.text.SH1106_Fill))
<BR><BR>[Stack]<UL><LI>Max Depth = 24<LI>Call Chain = SH1106_Fill
</UL>
<BR>[Calls]<UL><LI><a href="#[76]">&gt;&gt;</a>&nbsp;&nbsp;&nbsp;__aeabi_memset
</UL>
<BR>[Called By]<UL><LI><a href="#[a1]">&gt;&gt;</a>&nbsp;&nbsp;&nbsp;SH1106_Init
<LI><a href="#[9a]">&gt;&gt;</a>&nbsp;&nbsp;&nbsp;SH1106_Clear
</UL>

<P><STRONG><a name="[f3]"></a>SH1106_GotoXY</STRONG> (Thumb, 24 bytes, Stack size 8 bytes, sh1106.o(.text.SH1106_GotoXY))
<BR><BR>[Stack]<UL><LI>Max Depth = 8<LI>Call Chain = SH1106_GotoXY
</UL>
<BR>[Called By]<UL><LI><a href="#[e2]">&gt;&gt;</a>&nbsp;&nbsp;&nbsp;send_el_pkt
<LI><a href="#[e4]">&gt;&gt;</a>&nbsp;&nbsp;&nbsp;update_oled_screen
<LI><a href="#[da]">&gt;&gt;</a>&nbsp;&nbsp;&nbsp;oled_screen_init
</UL>

<P><STRONG><a name="[9d]"></a>SH1106_I2C_Write</STRONG> (Thumb, 60 bytes, Stack size 24 bytes, sh1106.o(.text.SH1106_I2C_Write))
<BR><BR>[Stack]<UL><LI>Max Depth = 40<LI>Call Chain = SH1106_I2C_Write &rArr; i2c_write
</UL>
<BR>[Calls]<UL><LI><a href="#[9f]">&gt;&gt;</a>&nbsp;&nbsp;&nbsp;wait_ms
<LI><a href="#[9e]">&gt;&gt;</a>&nbsp;&nbsp;&nbsp;i2c_write
</UL>
<BR>[Called By]<UL><LI><a href="#[9c]">&gt;&gt;</a>&nbsp;&nbsp;&nbsp;SH1106_UpdateScreen
<LI><a href="#[a1]">&gt;&gt;</a>&nbsp;&nbsp;&nbsp;SH1106_Init
</UL>

<P><STRONG><a name="[a0]"></a>SH1106_I2C_WriteMulti</STRONG> (Thumb, 104 bytes, Stack size 32 bytes, sh1106.o(.text.SH1106_I2C_WriteMulti))
<BR><BR>[Stack]<UL><LI>Max Depth = 48<LI>Call Chain = SH1106_I2C_WriteMulti &rArr; i2c_write
</UL>
<BR>[Calls]<UL><LI><a href="#[9e]">&gt;&gt;</a>&nbsp;&nbsp;&nbsp;i2c_write
</UL>
<BR>[Called By]<UL><LI><a href="#[9c]">&gt;&gt;</a>&nbsp;&nbsp;&nbsp;SH1106_UpdateScreen
</UL>

<P><STRONG><a name="[a1]"></a>SH1106_Init</STRONG> (Thumb, 284 bytes, Stack size 24 bytes, sh1106.o(.text.SH1106_Init))
<BR><BR>[Stack]<UL><LI>Max Depth = 104<LI>Call Chain = SH1106_Init &rArr; SH1106_UpdateScreen &rArr; SH1106_I2C_WriteMulti &rArr; i2c_write
</UL>
<BR>[Calls]<UL><LI><a href="#[9c]">&gt;&gt;</a>&nbsp;&nbsp;&nbsp;SH1106_UpdateScreen
<LI><a href="#[9b]">&gt;&gt;</a>&nbsp;&nbsp;&nbsp;SH1106_Fill
<LI><a href="#[9d]">&gt;&gt;</a>&nbsp;&nbsp;&nbsp;SH1106_I2C_Write
</UL>
<BR>[Called By]<UL><LI><a href="#[da]">&gt;&gt;</a>&nbsp;&nbsp;&nbsp;oled_screen_init
</UL>

<P><STRONG><a name="[a2]"></a>SH1106_Putc</STRONG> (Thumb, 232 bytes, Stack size 40 bytes, sh1106.o(.text.SH1106_Putc))
<BR><BR>[Stack]<UL><LI>Max Depth = 52<LI>Call Chain = SH1106_Putc &rArr; SH1106_DrawPixel
</UL>
<BR>[Calls]<UL><LI><a href="#[a3]">&gt;&gt;</a>&nbsp;&nbsp;&nbsp;SH1106_DrawPixel
</UL>
<BR>[Called By]<UL><LI><a href="#[a4]">&gt;&gt;</a>&nbsp;&nbsp;&nbsp;SH1106_Puts
</UL>

<P><STRONG><a name="[a4]"></a>SH1106_Puts</STRONG> (Thumb, 78 bytes, Stack size 24 bytes, sh1106.o(.text.SH1106_Puts))
<BR><BR>[Stack]<UL><LI>Max Depth = 76<LI>Call Chain = SH1106_Puts &rArr; SH1106_Putc &rArr; SH1106_DrawPixel
</UL>
<BR>[Calls]<UL><LI><a href="#[a2]">&gt;&gt;</a>&nbsp;&nbsp;&nbsp;SH1106_Putc
</UL>
<BR>[Called By]<UL><LI><a href="#[e2]">&gt;&gt;</a>&nbsp;&nbsp;&nbsp;send_el_pkt
<LI><a href="#[e4]">&gt;&gt;</a>&nbsp;&nbsp;&nbsp;update_oled_screen
<LI><a href="#[da]">&gt;&gt;</a>&nbsp;&nbsp;&nbsp;oled_screen_init
</UL>

<P><STRONG><a name="[9c]"></a>SH1106_UpdateScreen</STRONG> (Thumb, 108 bytes, Stack size 32 bytes, sh1106.o(.text.SH1106_UpdateScreen))
<BR><BR>[Stack]<UL><LI>Max Depth = 80<LI>Call Chain = SH1106_UpdateScreen &rArr; SH1106_I2C_WriteMulti &rArr; i2c_write
</UL>
<BR>[Calls]<UL><LI><a href="#[9d]">&gt;&gt;</a>&nbsp;&nbsp;&nbsp;SH1106_I2C_Write
<LI><a href="#[a0]">&gt;&gt;</a>&nbsp;&nbsp;&nbsp;SH1106_I2C_WriteMulti
</UL>
<BR>[Called By]<UL><LI><a href="#[a1]">&gt;&gt;</a>&nbsp;&nbsp;&nbsp;SH1106_Init
<LI><a href="#[9a]">&gt;&gt;</a>&nbsp;&nbsp;&nbsp;SH1106_Clear
<LI><a href="#[e4]">&gt;&gt;</a>&nbsp;&nbsp;&nbsp;update_oled_screen
<LI><a href="#[da]">&gt;&gt;</a>&nbsp;&nbsp;&nbsp;oled_screen_init
</UL>

<P><STRONG><a name="[5b]"></a>SH_Return</STRONG> (Thumb, 14 bytes, Stack size 12 bytes, retarget.o(.text.SH_Return))
<BR><BR>[Stack]<UL><LI>Max Depth = 12<LI>Call Chain = SH_Return
</UL>
<BR>[Address Reference Count : 1]<UL><LI> startup_m261.o(.text)
</UL>
<P><STRONG><a name="[103]"></a>SPI_DisableAutoSS</STRONG> (Thumb, 18 bytes, Stack size 4 bytes, spi.o(.text.SPI_DisableAutoSS))
<BR><BR>[Stack]<UL><LI>Max Depth = 4<LI>Call Chain = SPI_DisableAutoSS
</UL>
<BR>[Called By]<UL><LI><a href="#[bb]">&gt;&gt;</a>&nbsp;&nbsp;&nbsp;spi_ctor
</UL>

<P><STRONG><a name="[a5]"></a>SPI_Open</STRONG> (Thumb, 876 bytes, Stack size 48 bytes, spi.o(.text.SPI_Open))
<BR><BR>[Stack]<UL><LI>Max Depth = 152<LI>Call Chain = SPI_Open &rArr; CLK_GetPCLK1Freq &rArr; SystemCoreClockUpdate &rArr; CLK_GetCPUFreq
</UL>
<BR>[Calls]<UL><LI><a href="#[a6]">&gt;&gt;</a>&nbsp;&nbsp;&nbsp;CLK_GetModuleClockSource
<LI><a href="#[8c]">&gt;&gt;</a>&nbsp;&nbsp;&nbsp;CLK_GetPCLK1Freq
<LI><a href="#[89]">&gt;&gt;</a>&nbsp;&nbsp;&nbsp;CLK_GetHCLKFreq
<LI><a href="#[8b]">&gt;&gt;</a>&nbsp;&nbsp;&nbsp;CLK_GetPCLK0Freq
<LI><a href="#[a7]">&gt;&gt;</a>&nbsp;&nbsp;&nbsp;CLK_GetPLLClockFreq
</UL>
<BR>[Called By]<UL><LI><a href="#[bb]">&gt;&gt;</a>&nbsp;&nbsp;&nbsp;spi_ctor
</UL>

<P><STRONG><a name="[102]"></a>SPI_SetFIFO</STRONG> (Thumb, 38 bytes, Stack size 12 bytes, spi.o(.text.SPI_SetFIFO))
<BR><BR>[Stack]<UL><LI>Max Depth = 12<LI>Call Chain = SPI_SetFIFO
</UL>
<BR>[Called By]<UL><LI><a href="#[bb]">&gt;&gt;</a>&nbsp;&nbsp;&nbsp;spi_ctor
</UL>

<P><STRONG><a name="[a8]"></a>SendChar</STRONG> (Thumb, 16 bytes, Stack size 16 bytes, retarget.o(.text.SendChar))
<BR><BR>[Stack]<UL><LI>Max Depth = 20<LI>Call Chain = SendChar &rArr; SendChar_ToUART
</UL>
<BR>[Calls]<UL><LI><a href="#[a9]">&gt;&gt;</a>&nbsp;&nbsp;&nbsp;SendChar_ToUART
</UL>
<BR>[Called By]<UL><LI><a href="#[5d]">&gt;&gt;</a>&nbsp;&nbsp;&nbsp;fputc
</UL>

<P><STRONG><a name="[a9]"></a>SendChar_ToUART</STRONG> (Thumb, 64 bytes, Stack size 4 bytes, retarget.o(.text.SendChar_ToUART))
<BR><BR>[Stack]<UL><LI>Max Depth = 4<LI>Call Chain = SendChar_ToUART
</UL>
<BR>[Called By]<UL><LI><a href="#[a8]">&gt;&gt;</a>&nbsp;&nbsp;&nbsp;SendChar
</UL>

<P><STRONG><a name="[8a]"></a>SystemCoreClockUpdate</STRONG> (Thumb, 40 bytes, Stack size 8 bytes, system_m261.o(.text.SystemCoreClockUpdate))
<BR><BR>[Stack]<UL><LI>Max Depth = 96<LI>Call Chain = SystemCoreClockUpdate &rArr; CLK_GetCPUFreq
</UL>
<BR>[Calls]<UL><LI><a href="#[aa]">&gt;&gt;</a>&nbsp;&nbsp;&nbsp;CLK_GetCPUFreq
<LI><a href="#[a7]">&gt;&gt;</a>&nbsp;&nbsp;&nbsp;CLK_GetPLLClockFreq
</UL>
<BR>[Called By]<UL><LI><a href="#[8d]">&gt;&gt;</a>&nbsp;&nbsp;&nbsp;CLK_SetHCLK
<LI><a href="#[8c]">&gt;&gt;</a>&nbsp;&nbsp;&nbsp;CLK_GetPCLK1Freq
<LI><a href="#[89]">&gt;&gt;</a>&nbsp;&nbsp;&nbsp;CLK_GetHCLKFreq
<LI><a href="#[8b]">&gt;&gt;</a>&nbsp;&nbsp;&nbsp;CLK_GetPCLK0Freq
<LI><a href="#[b8]">&gt;&gt;</a>&nbsp;&nbsp;&nbsp;sysClock_Init
</UL>

<P><STRONG><a name="[58]"></a>SystemInit</STRONG> (Thumb, 8 bytes, Stack size 0 bytes, system_m261.o(.text.SystemInit))
<BR>[Address Reference Count : 1]<UL><LI> startup_m261.o(.text)
</UL>
<P><STRONG><a name="[ab]"></a>TIMER_GetModuleClock</STRONG> (Thumb, 188 bytes, Stack size 64 bytes, timer.o(.text.TIMER_GetModuleClock))
<BR><BR>[Stack]<UL><LI>Max Depth = 168<LI>Call Chain = TIMER_GetModuleClock &rArr; CLK_GetPCLK1Freq &rArr; SystemCoreClockUpdate &rArr; CLK_GetCPUFreq
</UL>
<BR>[Calls]<UL><LI><a href="#[a6]">&gt;&gt;</a>&nbsp;&nbsp;&nbsp;CLK_GetModuleClockSource
<LI><a href="#[8c]">&gt;&gt;</a>&nbsp;&nbsp;&nbsp;CLK_GetPCLK1Freq
<LI><a href="#[8b]">&gt;&gt;</a>&nbsp;&nbsp;&nbsp;CLK_GetPCLK0Freq
</UL>
<BR>[Called By]<UL><LI><a href="#[ac]">&gt;&gt;</a>&nbsp;&nbsp;&nbsp;TIMER_Open
</UL>

<P><STRONG><a name="[ac]"></a>TIMER_Open</STRONG> (Thumb, 114 bytes, Stack size 32 bytes, timer.o(.text.TIMER_Open))
<BR><BR>[Stack]<UL><LI>Max Depth = 200<LI>Call Chain = TIMER_Open &rArr; TIMER_GetModuleClock &rArr; CLK_GetPCLK1Freq &rArr; SystemCoreClockUpdate &rArr; CLK_GetCPUFreq
</UL>
<BR>[Calls]<UL><LI><a href="#[ab]">&gt;&gt;</a>&nbsp;&nbsp;&nbsp;TIMER_GetModuleClock
</UL>
<BR>[Called By]<UL><LI><a href="#[be]">&gt;&gt;</a>&nbsp;&nbsp;&nbsp;sysTimer_Init
</UL>

<P><STRONG><a name="[29]"></a>TMR3_IRQHandler</STRONG> (Thumb, 492 bytes, Stack size 24 bytes, bsp.o(.text.TMR3_IRQHandler))
<BR><BR>[Stack]<UL><LI>Max Depth = 80<LI>Call Chain = TMR3_IRQHandler &rArr; uart_write_isr &rArr; UART_Write
</UL>
<BR>[Calls]<UL><LI><a href="#[b0]">&gt;&gt;</a>&nbsp;&nbsp;&nbsp;spi_master_sm
<LI><a href="#[af]">&gt;&gt;</a>&nbsp;&nbsp;&nbsp;uart_write_isr
<LI><a href="#[ae]">&gt;&gt;</a>&nbsp;&nbsp;&nbsp;uart_read_isr
<LI><a href="#[ad]">&gt;&gt;</a>&nbsp;&nbsp;&nbsp;TIMER_ClearIntFlag
</UL>
<BR>[Address Reference Count : 1]<UL><LI> startup_m261.o(RESET)
</UL>
<P><STRONG><a name="[b1]"></a>UART_Open</STRONG> (Thumb, 368 bytes, Stack size 72 bytes, uart.o(.text.UART_Open))
<BR><BR>[Stack]<UL><LI>Max Depth = 100<LI>Call Chain = UART_Open &rArr; CLK_GetModuleClockDivider
</UL>
<BR>[Calls]<UL><LI><a href="#[b2]">&gt;&gt;</a>&nbsp;&nbsp;&nbsp;CLK_GetModuleClockDivider
<LI><a href="#[a6]">&gt;&gt;</a>&nbsp;&nbsp;&nbsp;CLK_GetModuleClockSource
<LI><a href="#[a7]">&gt;&gt;</a>&nbsp;&nbsp;&nbsp;CLK_GetPLLClockFreq
</UL>
<BR>[Called By]<UL><LI><a href="#[ba]">&gt;&gt;</a>&nbsp;&nbsp;&nbsp;uart_ctor
</UL>

<P><STRONG><a name="[10e]"></a>UART_Read</STRONG> (Thumb, 106 bytes, Stack size 24 bytes, uart.o(.text.UART_Read))
<BR><BR>[Stack]<UL><LI>Max Depth = 24<LI>Call Chain = UART_Read
</UL>
<BR>[Called By]<UL><LI><a href="#[ae]">&gt;&gt;</a>&nbsp;&nbsp;&nbsp;uart_read_isr
</UL>

<P><STRONG><a name="[10f]"></a>UART_Write</STRONG> (Thumb, 106 bytes, Stack size 24 bytes, uart.o(.text.UART_Write))
<BR><BR>[Stack]<UL><LI>Max Depth = 24<LI>Call Chain = UART_Write
</UL>
<BR>[Called By]<UL><LI><a href="#[af]">&gt;&gt;</a>&nbsp;&nbsp;&nbsp;uart_write_isr
</UL>

<P><STRONG><a name="[e]"></a>WDT_IRQHandler</STRONG> (Thumb, 100 bytes, Stack size 0 bytes, watchdog.o(.text.WDT_IRQHandler))
<BR>[Address Reference Count : 1]<UL><LI> startup_m261.o(RESET)
</UL>
<P><STRONG><a name="[b7]"></a>bsp_ctor</STRONG> (Thumb, 568 bytes, Stack size 88 bytes, bsp.o(.text.bsp_ctor))
<BR><BR>[Stack]<UL><LI>Max Depth = 304<LI>Call Chain = bsp_ctor &rArr; sysTimer_Init &rArr; TIMER_Open &rArr; TIMER_GetModuleClock &rArr; CLK_GetPCLK1Freq &rArr; SystemCoreClockUpdate &rArr; CLK_GetCPUFreq
</UL>
<BR>[Calls]<UL><LI><a href="#[bd]">&gt;&gt;</a>&nbsp;&nbsp;&nbsp;GPIO_SetMode
<LI><a href="#[b9]">&gt;&gt;</a>&nbsp;&nbsp;&nbsp;fifo_init
<LI><a href="#[bf]">&gt;&gt;</a>&nbsp;&nbsp;&nbsp;BL_EnableFMC
<LI><a href="#[be]">&gt;&gt;</a>&nbsp;&nbsp;&nbsp;sysTimer_Init
<LI><a href="#[bc]">&gt;&gt;</a>&nbsp;&nbsp;&nbsp;i2c_ctor
<LI><a href="#[bb]">&gt;&gt;</a>&nbsp;&nbsp;&nbsp;spi_ctor
<LI><a href="#[ba]">&gt;&gt;</a>&nbsp;&nbsp;&nbsp;uart_ctor
<LI><a href="#[b8]">&gt;&gt;</a>&nbsp;&nbsp;&nbsp;sysClock_Init
</UL>
<BR>[Called By]<UL><LI><a href="#[57]">&gt;&gt;</a>&nbsp;&nbsp;&nbsp;main
</UL>

<P><STRONG><a name="[d0]"></a>chk_spi_com_response</STRONG> (Thumb, 184 bytes, Stack size 16 bytes, read_cpu.o(.text.chk_spi_com_response))
<BR><BR>[Stack]<UL><LI>Max Depth = 16<LI>Call Chain = chk_spi_com_response
</UL>
<BR>[Called By]<UL><LI><a href="#[e3]">&gt;&gt;</a>&nbsp;&nbsp;&nbsp;fpga_read_write
<LI><a href="#[cf]">&gt;&gt;</a>&nbsp;&nbsp;&nbsp;cpu_read_write
</UL>

<P><STRONG><a name="[c6]"></a>cliUART</STRONG> (Thumb, 420 bytes, Stack size 24 bytes, cli.o(.text.cliUART))
<BR><BR>[Stack]<UL><LI>Max Depth = 80<LI>Call Chain = cliUART &rArr; cli_processCommand &rArr; printf
</UL>
<BR>[Calls]<UL><LI><a href="#[c8]">&gt;&gt;</a>&nbsp;&nbsp;&nbsp;cli_processCommand
<LI><a href="#[92]">&gt;&gt;</a>&nbsp;&nbsp;&nbsp;fifo_read
<LI><a href="#[99]">&gt;&gt;</a>&nbsp;&nbsp;&nbsp;printf
<LI><a href="#[b5]">&gt;&gt;</a>&nbsp;&nbsp;&nbsp;strcmp
<LI><a href="#[c7]">&gt;&gt;</a>&nbsp;&nbsp;&nbsp;tolower
</UL>
<BR>[Called By]<UL><LI><a href="#[57]">&gt;&gt;</a>&nbsp;&nbsp;&nbsp;main
</UL>

<P><STRONG><a name="[c8]"></a>cli_processCommand</STRONG> (Thumb, 560 bytes, Stack size 32 bytes, cli.o(.text.cli_processCommand))
<BR><BR>[Stack]<UL><LI>Max Depth = 56<LI>Call Chain = cli_processCommand &rArr; printf
</UL>
<BR>[Calls]<UL><LI><a href="#[b4]">&gt;&gt;</a>&nbsp;&nbsp;&nbsp;my_strtok
<LI><a href="#[99]">&gt;&gt;</a>&nbsp;&nbsp;&nbsp;printf
<LI><a href="#[b5]">&gt;&gt;</a>&nbsp;&nbsp;&nbsp;strcmp
</UL>
<BR>[Called By]<UL><LI><a href="#[c6]">&gt;&gt;</a>&nbsp;&nbsp;&nbsp;cliUART
</UL>

<P><STRONG><a name="[98]"></a>conv2TOD</STRONG> (Thumb, 400 bytes, Stack size 16 bytes, utils.o(.text.conv2TOD))
<BR><BR>[Stack]<UL><LI>Max Depth = 16<LI>Call Chain = conv2TOD
</UL>
<BR>[Called By]<UL><LI><a href="#[f9]">&gt;&gt;</a>&nbsp;&nbsp;&nbsp;wr_relay_status_pkt
<LI><a href="#[fa]">&gt;&gt;</a>&nbsp;&nbsp;&nbsp;wr_card_status_pkt
<LI><a href="#[fb]">&gt;&gt;</a>&nbsp;&nbsp;&nbsp;wr_sys_status_pkt
<LI><a href="#[69]">&gt;&gt;</a>&nbsp;&nbsp;&nbsp;cli_showtime
<LI><a href="#[68]">&gt;&gt;</a>&nbsp;&nbsp;&nbsp;cli_showdate
<LI><a href="#[94]">&gt;&gt;</a>&nbsp;&nbsp;&nbsp;LINE_COM_write_packet
</UL>

<P><STRONG><a name="[b6]"></a>conv2seconds</STRONG> (Thumb, 224 bytes, Stack size 16 bytes, utils.o(.text.conv2seconds))
<BR><BR>[Stack]<UL><LI>Max Depth = 16<LI>Call Chain = conv2seconds
</UL>
<BR>[Called By]<UL><LI><a href="#[67]">&gt;&gt;</a>&nbsp;&nbsp;&nbsp;cli_setdate
<LI><a href="#[66]">&gt;&gt;</a>&nbsp;&nbsp;&nbsp;cli_settime
<LI><a href="#[b3]">&gt;&gt;</a>&nbsp;&nbsp;&nbsp;app_extract_ts
</UL>

<P><STRONG><a name="[d9]"></a>cpu_sm</STRONG> (Thumb, 208 bytes, Stack size 24 bytes, app.o(.text.cpu_sm))
<BR><BR>[Stack]<UL><LI>Max Depth = 312<LI>Call Chain = cpu_sm &rArr; update_oled_screen &rArr; SH1106_UpdateScreen &rArr; SH1106_I2C_WriteMulti &rArr; i2c_write
</UL>
<BR>[Calls]<UL><LI><a href="#[e2]">&gt;&gt;</a>&nbsp;&nbsp;&nbsp;send_el_pkt
<LI><a href="#[9a]">&gt;&gt;</a>&nbsp;&nbsp;&nbsp;SH1106_Clear
<LI><a href="#[dc]">&gt;&gt;</a>&nbsp;&nbsp;&nbsp;update_cpu_ctrls
<LI><a href="#[db]">&gt;&gt;</a>&nbsp;&nbsp;&nbsp;read_switch_settings
<LI><a href="#[9f]">&gt;&gt;</a>&nbsp;&nbsp;&nbsp;wait_ms
<LI><a href="#[c0]">&gt;&gt;</a>&nbsp;&nbsp;&nbsp;check_faults
<LI><a href="#[e4]">&gt;&gt;</a>&nbsp;&nbsp;&nbsp;update_oled_screen
<LI><a href="#[e3]">&gt;&gt;</a>&nbsp;&nbsp;&nbsp;fpga_read_write
<LI><a href="#[e1]">&gt;&gt;</a>&nbsp;&nbsp;&nbsp;rcv_com_pkt
<LI><a href="#[e0]">&gt;&gt;</a>&nbsp;&nbsp;&nbsp;send_com_pkt
<LI><a href="#[cf]">&gt;&gt;</a>&nbsp;&nbsp;&nbsp;cpu_read_write
<LI><a href="#[df]">&gt;&gt;</a>&nbsp;&nbsp;&nbsp;poll_gps
<LI><a href="#[de]">&gt;&gt;</a>&nbsp;&nbsp;&nbsp;check_if_reset_initiated
<LI><a href="#[dd]">&gt;&gt;</a>&nbsp;&nbsp;&nbsp;schedule_events
<LI><a href="#[c2]">&gt;&gt;</a>&nbsp;&nbsp;&nbsp;check_flash
<LI><a href="#[da]">&gt;&gt;</a>&nbsp;&nbsp;&nbsp;oled_screen_init
<LI><a href="#[c1]">&gt;&gt;</a>&nbsp;&nbsp;&nbsp;set_ctrl_defaults
</UL>
<BR>[Called By]<UL><LI><a href="#[57]">&gt;&gt;</a>&nbsp;&nbsp;&nbsp;main
</UL>

<P><STRONG><a name="[b9]"></a>fifo_init</STRONG> (Thumb, 56 bytes, Stack size 12 bytes, fifo.o(.text.fifo_init))
<BR><BR>[Stack]<UL><LI>Max Depth = 12<LI>Call Chain = fifo_init
</UL>
<BR>[Called By]<UL><LI><a href="#[b7]">&gt;&gt;</a>&nbsp;&nbsp;&nbsp;bsp_ctor
</UL>

<P><STRONG><a name="[92]"></a>fifo_read</STRONG> (Thumb, 134 bytes, Stack size 16 bytes, fifo.o(.text.fifo_read))
<BR><BR>[Stack]<UL><LI>Max Depth = 16<LI>Call Chain = fifo_read
</UL>
<BR>[Called By]<UL><LI><a href="#[91]">&gt;&gt;</a>&nbsp;&nbsp;&nbsp;LINE_COM_read_packet
<LI><a href="#[e8]">&gt;&gt;</a>&nbsp;&nbsp;&nbsp;spi_com_fpga_sm
<LI><a href="#[d8]">&gt;&gt;</a>&nbsp;&nbsp;&nbsp;spi_com_cpu_sm
<LI><a href="#[df]">&gt;&gt;</a>&nbsp;&nbsp;&nbsp;poll_gps
<LI><a href="#[c6]">&gt;&gt;</a>&nbsp;&nbsp;&nbsp;cliUART
</UL>

<P><STRONG><a name="[104]"></a>fifo_read_isr</STRONG> (Thumb, 124 bytes, Stack size 12 bytes, fifo.o(.text.fifo_read_isr))
<BR><BR>[Stack]<UL><LI>Max Depth = 12<LI>Call Chain = fifo_read_isr
</UL>
<BR>[Called By]<UL><LI><a href="#[b0]">&gt;&gt;</a>&nbsp;&nbsp;&nbsp;spi_master_sm
<LI><a href="#[af]">&gt;&gt;</a>&nbsp;&nbsp;&nbsp;uart_write_isr
</UL>

<P><STRONG><a name="[fd]"></a>fifo_reset</STRONG> (Thumb, 40 bytes, Stack size 4 bytes, fifo.o(.text.fifo_reset))
<BR><BR>[Stack]<UL><LI>Max Depth = 4<LI>Call Chain = fifo_reset
</UL>
<BR>[Called By]<UL><LI><a href="#[e8]">&gt;&gt;</a>&nbsp;&nbsp;&nbsp;spi_com_fpga_sm
<LI><a href="#[d8]">&gt;&gt;</a>&nbsp;&nbsp;&nbsp;spi_com_cpu_sm
</UL>

<P><STRONG><a name="[95]"></a>fifo_write</STRONG> (Thumb, 138 bytes, Stack size 16 bytes, fifo.o(.text.fifo_write))
<BR><BR>[Stack]<UL><LI>Max Depth = 16<LI>Call Chain = fifo_write
</UL>
<BR>[Called By]<UL><LI><a href="#[f9]">&gt;&gt;</a>&nbsp;&nbsp;&nbsp;wr_relay_status_pkt
<LI><a href="#[fa]">&gt;&gt;</a>&nbsp;&nbsp;&nbsp;wr_card_status_pkt
<LI><a href="#[fb]">&gt;&gt;</a>&nbsp;&nbsp;&nbsp;wr_sys_status_pkt
<LI><a href="#[96]">&gt;&gt;</a>&nbsp;&nbsp;&nbsp;fifo_write_bytes
<LI><a href="#[94]">&gt;&gt;</a>&nbsp;&nbsp;&nbsp;LINE_COM_write_packet
<LI><a href="#[e8]">&gt;&gt;</a>&nbsp;&nbsp;&nbsp;spi_com_fpga_sm
<LI><a href="#[d8]">&gt;&gt;</a>&nbsp;&nbsp;&nbsp;spi_com_cpu_sm
</UL>

<P><STRONG><a name="[96]"></a>fifo_write_bytes</STRONG> (Thumb, 64 bytes, Stack size 24 bytes, fifo.o(.text.fifo_write_bytes))
<BR><BR>[Stack]<UL><LI>Max Depth = 40<LI>Call Chain = fifo_write_bytes &rArr; fifo_write
</UL>
<BR>[Calls]<UL><LI><a href="#[95]">&gt;&gt;</a>&nbsp;&nbsp;&nbsp;fifo_write
</UL>
<BR>[Called By]<UL><LI><a href="#[f9]">&gt;&gt;</a>&nbsp;&nbsp;&nbsp;wr_relay_status_pkt
<LI><a href="#[fa]">&gt;&gt;</a>&nbsp;&nbsp;&nbsp;wr_card_status_pkt
<LI><a href="#[fb]">&gt;&gt;</a>&nbsp;&nbsp;&nbsp;wr_sys_status_pkt
<LI><a href="#[94]">&gt;&gt;</a>&nbsp;&nbsp;&nbsp;LINE_COM_write_packet
</UL>

<P><STRONG><a name="[105]"></a>fifo_write_isr</STRONG> (Thumb, 128 bytes, Stack size 12 bytes, fifo.o(.text.fifo_write_isr))
<BR><BR>[Stack]<UL><LI>Max Depth = 12<LI>Call Chain = fifo_write_isr
</UL>
<BR>[Called By]<UL><LI><a href="#[b0]">&gt;&gt;</a>&nbsp;&nbsp;&nbsp;spi_master_sm
<LI><a href="#[ae]">&gt;&gt;</a>&nbsp;&nbsp;&nbsp;uart_read_isr
</UL>

<P><STRONG><a name="[5d]"></a>fputc</STRONG> (Thumb, 20 bytes, Stack size 16 bytes, retarget.o(.text.fputc))
<BR><BR>[Stack]<UL><LI>Max Depth = 36<LI>Call Chain = fputc &rArr; SendChar &rArr; SendChar_ToUART
</UL>
<BR>[Calls]<UL><LI><a href="#[a8]">&gt;&gt;</a>&nbsp;&nbsp;&nbsp;SendChar
</UL>
<BR>[Address Reference Count : 1]<UL><LI> printfa.o(i.__0printf)
</UL>
<P><STRONG><a name="[10a]"></a>hex2int</STRONG> (Thumb, 148 bytes, Stack size 12 bytes, cli.o(.text.hex2int))
<BR><BR>[Stack]<UL><LI>Max Depth = 12<LI>Call Chain = hex2int
</UL>
<BR>[Called By]<UL><LI><a href="#[93]">&gt;&gt;</a>&nbsp;&nbsp;&nbsp;toint
</UL>

<P><STRONG><a name="[bc]"></a>i2c_ctor</STRONG> (Thumb, 72 bytes, Stack size 16 bytes, drvr_iic.o(.text.i2c_ctor))
<BR><BR>[Stack]<UL><LI>Max Depth = 144<LI>Call Chain = i2c_ctor &rArr; I2C_Open &rArr; CLK_GetPCLK1Freq &rArr; SystemCoreClockUpdate &rArr; CLK_GetCPUFreq
</UL>
<BR>[Calls]<UL><LI><a href="#[f1]">&gt;&gt;</a>&nbsp;&nbsp;&nbsp;I2C_EnableTimeout
<LI><a href="#[ef]">&gt;&gt;</a>&nbsp;&nbsp;&nbsp;I2C_EnableInt
<LI><a href="#[90]">&gt;&gt;</a>&nbsp;&nbsp;&nbsp;I2C_Open
<LI><a href="#[ee]">&gt;&gt;</a>&nbsp;&nbsp;&nbsp;CLK_EnableModuleClock
<LI><a href="#[f0]">&gt;&gt;</a>&nbsp;&nbsp;&nbsp;__NVIC_EnableIRQ
</UL>
<BR>[Called By]<UL><LI><a href="#[b7]">&gt;&gt;</a>&nbsp;&nbsp;&nbsp;bsp_ctor
</UL>

<P><STRONG><a name="[9e]"></a>i2c_write</STRONG> (Thumb, 112 bytes, Stack size 16 bytes, drvr_iic.o(.text.i2c_write))
<BR><BR>[Stack]<UL><LI>Max Depth = 16<LI>Call Chain = i2c_write
</UL>
<BR>[Called By]<UL><LI><a href="#[9d]">&gt;&gt;</a>&nbsp;&nbsp;&nbsp;SH1106_I2C_Write
<LI><a href="#[a0]">&gt;&gt;</a>&nbsp;&nbsp;&nbsp;SH1106_I2C_WriteMulti
</UL>

<P><STRONG><a name="[57]"></a>main</STRONG> (Thumb, 44 bytes, Stack size 16 bytes, main.o(.text.main))
<BR><BR>[Stack]<UL><LI>Max Depth = 328<LI>Call Chain = main &rArr; cpu_sm &rArr; update_oled_screen &rArr; SH1106_UpdateScreen &rArr; SH1106_I2C_WriteMulti &rArr; i2c_write
</UL>
<BR>[Calls]<UL><LI><a href="#[d9]">&gt;&gt;</a>&nbsp;&nbsp;&nbsp;cpu_sm
<LI><a href="#[c6]">&gt;&gt;</a>&nbsp;&nbsp;&nbsp;cliUART
<LI><a href="#[b7]">&gt;&gt;</a>&nbsp;&nbsp;&nbsp;bsp_ctor
<LI><a href="#[f2]">&gt;&gt;</a>&nbsp;&nbsp;&nbsp;SYS_UnlockReg
<LI><a href="#[99]">&gt;&gt;</a>&nbsp;&nbsp;&nbsp;printf
</UL>
<BR>[Address Reference Count : 1]<UL><LI> entry9a.o(.ARM.Collect$$$$0000000B)
</UL>
<P><STRONG><a name="[b4]"></a>my_strtok</STRONG> (Thumb, 164 bytes, Stack size 16 bytes, cli.o(.text.my_strtok))
<BR><BR>[Stack]<UL><LI>Max Depth = 16<LI>Call Chain = my_strtok
</UL>
<BR>[Called By]<UL><LI><a href="#[c8]">&gt;&gt;</a>&nbsp;&nbsp;&nbsp;cli_processCommand
<LI><a href="#[6a]">&gt;&gt;</a>&nbsp;&nbsp;&nbsp;cli_hangcpu
<LI><a href="#[69]">&gt;&gt;</a>&nbsp;&nbsp;&nbsp;cli_showtime
<LI><a href="#[68]">&gt;&gt;</a>&nbsp;&nbsp;&nbsp;cli_showdate
<LI><a href="#[67]">&gt;&gt;</a>&nbsp;&nbsp;&nbsp;cli_setdate
<LI><a href="#[66]">&gt;&gt;</a>&nbsp;&nbsp;&nbsp;cli_settime
<LI><a href="#[61]">&gt;&gt;</a>&nbsp;&nbsp;&nbsp;cli_setaddress
<LI><a href="#[60]">&gt;&gt;</a>&nbsp;&nbsp;&nbsp;cli_setstation
<LI><a href="#[5f]">&gt;&gt;</a>&nbsp;&nbsp;&nbsp;cli_showversion
<LI><a href="#[b3]">&gt;&gt;</a>&nbsp;&nbsp;&nbsp;app_extract_ts
</UL>

<P><STRONG><a name="[c5]"></a>read_flash_checksum</STRONG> (Thumb, 212 bytes, Stack size 24 bytes, read_cpu.o(.text.read_flash_checksum))
<BR><BR>[Stack]<UL><LI>Max Depth = 132<LI>Call Chain = read_flash_checksum &rArr; read_cpu_fpga &rArr; run_cmd
</UL>
<BR>[Calls]<UL><LI><a href="#[d8]">&gt;&gt;</a>&nbsp;&nbsp;&nbsp;spi_com_cpu_sm
<LI><a href="#[f4]">&gt;&gt;</a>&nbsp;&nbsp;&nbsp;read_cpu_fpga
</UL>
<BR>[Called By]<UL><LI><a href="#[c2]">&gt;&gt;</a>&nbsp;&nbsp;&nbsp;check_flash
</UL>

<P><STRONG><a name="[d3]"></a>read_lo</STRONG> (Thumb, 44 bytes, Stack size 16 bytes, read_cpu.o(.text.read_lo))
<BR><BR>[Stack]<UL><LI>Max Depth = 124<LI>Call Chain = read_lo &rArr; read_cpu_fpga &rArr; run_cmd
</UL>
<BR>[Calls]<UL><LI><a href="#[f4]">&gt;&gt;</a>&nbsp;&nbsp;&nbsp;read_cpu_fpga
</UL>
<BR>[Called By]<UL><LI><a href="#[e3]">&gt;&gt;</a>&nbsp;&nbsp;&nbsp;fpga_read_write
<LI><a href="#[cf]">&gt;&gt;</a>&nbsp;&nbsp;&nbsp;cpu_read_write
</UL>

<P><STRONG><a name="[e6]"></a>read_nvo</STRONG> (Thumb, 72 bytes, Stack size 24 bytes, read_cpu.o(.text.read_nvo))
<BR><BR>[Stack]<UL><LI>Max Depth = 132<LI>Call Chain = read_nvo &rArr; read_cpu_fpga &rArr; run_cmd
</UL>
<BR>[Calls]<UL><LI><a href="#[f4]">&gt;&gt;</a>&nbsp;&nbsp;&nbsp;read_cpu_fpga
</UL>
<BR>[Called By]<UL><LI><a href="#[e3]">&gt;&gt;</a>&nbsp;&nbsp;&nbsp;fpga_read_write
</UL>

<P><STRONG><a name="[d5]"></a>read_oe_lo</STRONG> (Thumb, 44 bytes, Stack size 16 bytes, read_cpu.o(.text.read_oe_lo))
<BR><BR>[Stack]<UL><LI>Max Depth = 124<LI>Call Chain = read_oe_lo &rArr; read_cpu_fpga &rArr; run_cmd
</UL>
<BR>[Calls]<UL><LI><a href="#[f4]">&gt;&gt;</a>&nbsp;&nbsp;&nbsp;read_cpu_fpga
</UL>
<BR>[Called By]<UL><LI><a href="#[cf]">&gt;&gt;</a>&nbsp;&nbsp;&nbsp;cpu_read_write
</UL>

<P><STRONG><a name="[d4]"></a>read_oe_vi</STRONG> (Thumb, 44 bytes, Stack size 16 bytes, read_cpu.o(.text.read_oe_vi))
<BR><BR>[Stack]<UL><LI>Max Depth = 124<LI>Call Chain = read_oe_vi &rArr; read_cpu_fpga &rArr; run_cmd
</UL>
<BR>[Calls]<UL><LI><a href="#[f4]">&gt;&gt;</a>&nbsp;&nbsp;&nbsp;read_cpu_fpga
</UL>
<BR>[Called By]<UL><LI><a href="#[cf]">&gt;&gt;</a>&nbsp;&nbsp;&nbsp;cpu_read_write
</UL>

<P><STRONG><a name="[d6]"></a>read_oe_vo</STRONG> (Thumb, 44 bytes, Stack size 16 bytes, read_cpu.o(.text.read_oe_vo))
<BR><BR>[Stack]<UL><LI>Max Depth = 124<LI>Call Chain = read_oe_vo &rArr; read_cpu_fpga &rArr; run_cmd
</UL>
<BR>[Calls]<UL><LI><a href="#[f4]">&gt;&gt;</a>&nbsp;&nbsp;&nbsp;read_cpu_fpga
</UL>
<BR>[Called By]<UL><LI><a href="#[cf]">&gt;&gt;</a>&nbsp;&nbsp;&nbsp;cpu_read_write
</UL>

<P><STRONG><a name="[e5]"></a>read_relay_fdbk</STRONG> (Thumb, 32 bytes, Stack size 16 bytes, read_cpu.o(.text.read_relay_fdbk))
<BR><BR>[Stack]<UL><LI>Max Depth = 124<LI>Call Chain = read_relay_fdbk &rArr; read_cpu_fpga &rArr; run_cmd
</UL>
<BR>[Calls]<UL><LI><a href="#[f4]">&gt;&gt;</a>&nbsp;&nbsp;&nbsp;read_cpu_fpga
</UL>
<BR>[Called By]<UL><LI><a href="#[e3]">&gt;&gt;</a>&nbsp;&nbsp;&nbsp;fpga_read_write
</UL>

<P><STRONG><a name="[db]"></a>read_switch_settings</STRONG> (Thumb, 208 bytes, Stack size 24 bytes, read_cpu.o(.text.read_switch_settings))
<BR><BR>[Stack]<UL><LI>Max Depth = 132<LI>Call Chain = read_switch_settings &rArr; read_cpu_fpga &rArr; run_cmd
</UL>
<BR>[Calls]<UL><LI><a href="#[e8]">&gt;&gt;</a>&nbsp;&nbsp;&nbsp;spi_com_fpga_sm
<LI><a href="#[f4]">&gt;&gt;</a>&nbsp;&nbsp;&nbsp;read_cpu_fpga
</UL>
<BR>[Called By]<UL><LI><a href="#[e3]">&gt;&gt;</a>&nbsp;&nbsp;&nbsp;fpga_read_write
<LI><a href="#[d9]">&gt;&gt;</a>&nbsp;&nbsp;&nbsp;cpu_sm
</UL>

<P><STRONG><a name="[d1]"></a>read_vi</STRONG> (Thumb, 44 bytes, Stack size 16 bytes, read_cpu.o(.text.read_vi))
<BR><BR>[Stack]<UL><LI>Max Depth = 124<LI>Call Chain = read_vi &rArr; read_cpu_fpga &rArr; run_cmd
</UL>
<BR>[Calls]<UL><LI><a href="#[f4]">&gt;&gt;</a>&nbsp;&nbsp;&nbsp;read_cpu_fpga
</UL>
<BR>[Called By]<UL><LI><a href="#[e3]">&gt;&gt;</a>&nbsp;&nbsp;&nbsp;fpga_read_write
<LI><a href="#[cf]">&gt;&gt;</a>&nbsp;&nbsp;&nbsp;cpu_read_write
</UL>

<P><STRONG><a name="[d7]"></a>read_vi_unstable_err</STRONG> (Thumb, 44 bytes, Stack size 16 bytes, read_cpu.o(.text.read_vi_unstable_err))
<BR><BR>[Stack]<UL><LI>Max Depth = 124<LI>Call Chain = read_vi_unstable_err &rArr; read_cpu_fpga &rArr; run_cmd
</UL>
<BR>[Calls]<UL><LI><a href="#[f4]">&gt;&gt;</a>&nbsp;&nbsp;&nbsp;read_cpu_fpga
</UL>
<BR>[Called By]<UL><LI><a href="#[cf]">&gt;&gt;</a>&nbsp;&nbsp;&nbsp;cpu_read_write
</UL>

<P><STRONG><a name="[d2]"></a>read_vo</STRONG> (Thumb, 68 bytes, Stack size 24 bytes, read_cpu.o(.text.read_vo))
<BR><BR>[Stack]<UL><LI>Max Depth = 132<LI>Call Chain = read_vo &rArr; read_cpu_fpga &rArr; run_cmd
</UL>
<BR>[Calls]<UL><LI><a href="#[f4]">&gt;&gt;</a>&nbsp;&nbsp;&nbsp;read_cpu_fpga
</UL>
<BR>[Called By]<UL><LI><a href="#[e3]">&gt;&gt;</a>&nbsp;&nbsp;&nbsp;fpga_read_write
<LI><a href="#[cf]">&gt;&gt;</a>&nbsp;&nbsp;&nbsp;cpu_read_write
</UL>

<P><STRONG><a name="[e2]"></a>send_el_pkt</STRONG> (Thumb, 1988 bytes, Stack size 80 bytes, event_log.o(.text.send_el_pkt))
<BR><BR>[Stack]<UL><LI>Max Depth = 184<LI>Call Chain = send_el_pkt &rArr; wr_relay_status_pkt &rArr; fifo_write_bytes &rArr; fifo_write
</UL>
<BR>[Calls]<UL><LI><a href="#[f9]">&gt;&gt;</a>&nbsp;&nbsp;&nbsp;wr_relay_status_pkt
<LI><a href="#[fa]">&gt;&gt;</a>&nbsp;&nbsp;&nbsp;wr_card_status_pkt
<LI><a href="#[fb]">&gt;&gt;</a>&nbsp;&nbsp;&nbsp;wr_sys_status_pkt
<LI><a href="#[a4]">&gt;&gt;</a>&nbsp;&nbsp;&nbsp;SH1106_Puts
<LI><a href="#[f3]">&gt;&gt;</a>&nbsp;&nbsp;&nbsp;SH1106_GotoXY
<LI><a href="#[ca]">&gt;&gt;</a>&nbsp;&nbsp;&nbsp;strcpy
<LI><a href="#[b5]">&gt;&gt;</a>&nbsp;&nbsp;&nbsp;strcmp
<LI><a href="#[f8]">&gt;&gt;</a>&nbsp;&nbsp;&nbsp;get_sys_error
<LI><a href="#[ec]">&gt;&gt;</a>&nbsp;&nbsp;&nbsp;get_line_state_dl
<LI><a href="#[ed]">&gt;&gt;</a>&nbsp;&nbsp;&nbsp;get_line_state_sl
<LI><a href="#[f7]">&gt;&gt;</a>&nbsp;&nbsp;&nbsp;conv_byte2event_nvo
<LI><a href="#[f6]">&gt;&gt;</a>&nbsp;&nbsp;&nbsp;conv_byte2event
</UL>
<BR>[Called By]<UL><LI><a href="#[d9]">&gt;&gt;</a>&nbsp;&nbsp;&nbsp;cpu_sm
</UL>

<P><STRONG><a name="[d8]"></a>spi_com_cpu_sm</STRONG> (Thumb, 612 bytes, Stack size 56 bytes, read_cpu.o(.text.spi_com_cpu_sm))
<BR><BR>[Stack]<UL><LI>Max Depth = 80<LI>Call Chain = spi_com_cpu_sm &rArr; printf
</UL>
<BR>[Calls]<UL><LI><a href="#[95]">&gt;&gt;</a>&nbsp;&nbsp;&nbsp;fifo_write
<LI><a href="#[fd]">&gt;&gt;</a>&nbsp;&nbsp;&nbsp;fifo_reset
<LI><a href="#[92]">&gt;&gt;</a>&nbsp;&nbsp;&nbsp;fifo_read
<LI><a href="#[99]">&gt;&gt;</a>&nbsp;&nbsp;&nbsp;printf
<LI><a href="#[fe]">&gt;&gt;</a>&nbsp;&nbsp;&nbsp;spi_master_read
<LI><a href="#[fc]">&gt;&gt;</a>&nbsp;&nbsp;&nbsp;spi_master_write
</UL>
<BR>[Called By]<UL><LI><a href="#[c5]">&gt;&gt;</a>&nbsp;&nbsp;&nbsp;read_flash_checksum
<LI><a href="#[c3]">&gt;&gt;</a>&nbsp;&nbsp;&nbsp;write_cpu_ctrls
<LI><a href="#[cf]">&gt;&gt;</a>&nbsp;&nbsp;&nbsp;cpu_read_write
</UL>

<P><STRONG><a name="[e8]"></a>spi_com_fpga_sm</STRONG> (Thumb, 612 bytes, Stack size 56 bytes, read_cpu.o(.text.spi_com_fpga_sm))
[...]
</UL>

<P><STRONG><a name="[e0]"></a>send_com_pkt</STRONG> (Thumb, 72 bytes, Stack size 24 bytes, app.o(.text.send_com_pkt))
<BR><BR>[Stack]<UL><LI>Max Depth = 136<LI>Call Chain = send_com_pkt &rArr; LINE_COM_write_packet &rArr; fifo_write_bytes &rArr; fifo_write
</UL>
<BR>[Calls]<UL><LI><a href="#[94]">&gt;&gt;</a>&nbsp;&nbsp;&nbsp;LINE_COM_write_packet
</UL>
<BR>[Called By]<UL><LI><a href="#[d9]">&gt;&gt;</a>&nbsp;&nbsp;&nbsp;cpu_sm
</UL>

<P><STRONG><a name="[e1]"></a>rcv_com_pkt</STRONG> (Thumb, 348 bytes, Stack size 40 bytes, app.o(.text.rcv_com_pkt))
<BR><BR>[Stack]<UL><LI>Max Depth = 232<LI>Call Chain = rcv_com_pkt &rArr; LINE_COM_read_packet &rArr; toint &rArr; atoi &rArr; strtol &rArr; _strtoul
</UL>
<BR>[Calls]<UL><LI><a href="#[91]">&gt;&gt;</a>&nbsp;&nbsp;&nbsp;LINE_COM_read_packet
</UL>
<BR>[Called By]<UL><LI><a href="#[d9]">&gt;&gt;</a>&nbsp;&nbsp;&nbsp;cpu_sm
</UL>

<P><STRONG><a name="[e3]"></a>fpga_read_write</STRONG> (Thumb, 304 bytes, Stack size 8 bytes, app.o(.text.fpga_read_write))
<BR><BR>[Stack]<UL><LI>Max Depth = 140<LI>Call Chain = fpga_read_write &rArr; read_nvo &rArr; read_cpu_fpga &rArr; run_cmd
</UL>
<BR>[Calls]<UL><LI><a href="#[e8]">&gt;&gt;</a>&nbsp;&nbsp;&nbsp;spi_com_fpga_sm
<LI><a href="#[e7]">&gt;&gt;</a>&nbsp;&nbsp;&nbsp;write_oe_relay_state
<LI><a href="#[e6]">&gt;&gt;</a>&nbsp;&nbsp;&nbsp;read_nvo
<LI><a href="#[e5]">&gt;&gt;</a>&nbsp;&nbsp;&nbsp;read_relay_fdbk
<LI><a href="#[d3]">&gt;&gt;</a>&nbsp;&nbsp;&nbsp;read_lo
<LI><a href="#[d2]">&gt;&gt;</a>&nbsp;&nbsp;&nbsp;read_vo
<LI><a href="#[d1]">&gt;&gt;</a>&nbsp;&nbsp;&nbsp;read_vi
<LI><a href="#[d0]">&gt;&gt;</a>&nbsp;&nbsp;&nbsp;chk_spi_com_response
<LI><a href="#[db]">&gt;&gt;</a>&nbsp;&nbsp;&nbsp;read_switch_settings
</UL>
<BR>[Called By]<UL><LI><a href="#[d9]">&gt;&gt;</a>&nbsp;&nbsp;&nbsp;cpu_sm
</UL>

<P><STRONG><a name="[e4]"></a>update_oled_screen</STRONG> (Thumb, 1052 bytes, Stack size 208 bytes, app.o(.text.update_oled_screen))
<BR><BR>[Stack]<UL><LI>Max Depth = 288<LI>Call Chain = update_oled_screen &rArr; SH1106_UpdateScreen &rArr; SH1106_I2C_WriteMulti &rArr; i2c_write
</UL>
<BR>[Calls]<UL><LI><a href="#[9c]">&gt;&gt;</a>&nbsp;&nbsp;&nbsp;SH1106_UpdateScreen
<LI><a href="#[a4]">&gt;&gt;</a>&nbsp;&nbsp;&nbsp;SH1106_Puts
<LI><a href="#[f3]">&gt;&gt;</a>&nbsp;&nbsp;&nbsp;SH1106_GotoXY
<LI><a href="#[9f]">&gt;&gt;</a>&nbsp;&nbsp;&nbsp;wait_ms
<LI><a href="#[97]">&gt;&gt;</a>&nbsp;&nbsp;&nbsp;sprintf
</UL>
<BR>[Called By]<UL><LI><a href="#[d9]">&gt;&gt;</a>&nbsp;&nbsp;&nbsp;cpu_sm
</UL>

<P><STRONG><a name="[c0]"></a>check_faults</STRONG> (Thumb, 776 bytes, Stack size 48 bytes, app.o(.text.check_faults))
<BR><BR>[Stack]<UL><LI>Max Depth = 72<LI>Call Chain = check_faults &rArr; printf
</UL>
<BR>[Calls]<UL><LI><a href="#[c1]">&gt;&gt;</a>&nbsp;&nbsp;&nbsp;set_ctrl_defaults
<LI><a href="#[99]">&gt;&gt;</a>&nbsp;&nbsp;&nbsp;printf
</UL>
<BR>[Called By]<UL><LI><a href="#[d9]">&gt;&gt;</a>&nbsp;&nbsp;&nbsp;cpu_sm
</UL>

<P><STRONG><a name="[c4]"></a>get_flash_checksum</STRONG> (Thumb, 36 bytes, Stack size 16 bytes, app.o(.text.get_flash_checksum))
<BR><BR>[Stack]<UL><LI>Max Depth = 36<LI>Call Chain = get_flash_checksum &rArr; FMC_GetChkSum
</UL>
<BR>[Calls]<UL><LI><a href="#[e9]">&gt;&gt;</a>&nbsp;&nbsp;&nbsp;FMC_Open
<LI><a href="#[ea]">&gt;&gt;</a>&nbsp;&nbsp;&nbsp;FMC_GetChkSum
<LI><a href="#[eb]">&gt;&gt;</a>&nbsp;&nbsp;&nbsp;FMC_Close
</UL>
<BR>[Called By]<UL><LI><a href="#[c2]">&gt;&gt;</a>&nbsp;&nbsp;&nbsp;check_flash
</UL>

<P><STRONG><a name="[b3]"></a>app_extract_ts</STRONG> (Thumb, 316 bytes, Stack size 56 bytes, app.o(.text.app_extract_ts))
<BR><BR>[Stack]<UL><LI>Max Depth = 144<LI>Call Chain = app_extract_ts &rArr; atoi &rArr; strtol &rArr; _strtoul
</UL>
<BR>[Calls]<UL><LI><a href="#[b6]">&gt;&gt;</a>&nbsp;&nbsp;&nbsp;conv2seconds
<LI><a href="#[b4]">&gt;&gt;</a>&nbsp;&nbsp;&nbsp;my_strtok
<LI><a href="#[78]">&gt;&gt;</a>&nbsp;&nbsp;&nbsp;atoi
<LI><a href="#[b5]">&gt;&gt;</a>&nbsp;&nbsp;&nbsp;strcmp
</UL>
<BR>[Called By]<UL><LI><a href="#[df]">&gt;&gt;</a>&nbsp;&nbsp;&nbsp;poll_gps
</UL>

<P><STRONG><a name="[5f]"></a>cli_showversion</STRONG> (Thumb, 56 bytes, Stack size 8 bytes, cmds.o(.text.cli_showversion))
<BR><BR>[Stack]<UL><LI>Max Depth = 32<LI>Call Chain = cli_showversion &rArr; printf
</UL>
<BR>[Calls]<UL><LI><a href="#[b4]">&gt;&gt;</a>&nbsp;&nbsp;&nbsp;my_strtok
<LI><a href="#[99]">&gt;&gt;</a>&nbsp;&nbsp;&nbsp;printf
</UL>
<BR>[Address Reference Count : 1]<UL><LI> cmds.o(.data.cmdList)
</UL>
<P><STRONG><a name="[60]"></a>cli_setstation</STRONG> (Thumb, 212 bytes, Stack size 16 bytes, cmds.o(.text.cli_setstation))
<BR><BR>[Stack]<UL><LI>Max Depth = 40<LI>Call Chain = cli_setstation &rArr; printf
</UL>
<BR>[Calls]<UL><LI><a href="#[b4]">&gt;&gt;</a>&nbsp;&nbsp;&nbsp;my_strtok
<LI><a href="#[99]">&gt;&gt;</a>&nbsp;&nbsp;&nbsp;printf
<LI><a href="#[ca]">&gt;&gt;</a>&nbsp;&nbsp;&nbsp;strcpy
<LI><a href="#[b5]">&gt;&gt;</a>&nbsp;&nbsp;&nbsp;strcmp
<LI><a href="#[c9]">&gt;&gt;</a>&nbsp;&nbsp;&nbsp;strlen
</UL>
<BR>[Address Reference Count : 1]<UL><LI> cmds.o(.data.cmdList)
</UL>
<P><STRONG><a name="[61]"></a>cli_setaddress</STRONG> (Thumb, 216 bytes, Stack size 16 bytes, cmds.o(.text.cli_setaddress))
<BR><BR>[Stack]<UL><LI>Max Depth = 40<LI>Call Chain = cli_setaddress &rArr; printf
</UL>
<BR>[Calls]<UL><LI><a href="#[b4]">&gt;&gt;</a>&nbsp;&nbsp;&nbsp;my_strtok
<LI><a href="#[99]">&gt;&gt;</a>&nbsp;&nbsp;&nbsp;printf
<LI><a href="#[ca]">&gt;&gt;</a>&nbsp;&nbsp;&nbsp;strcpy
<LI><a href="#[b5]">&gt;&gt;</a>&nbsp;&nbsp;&nbsp;strcmp
<LI><a href="#[c9]">&gt;&gt;</a>&nbsp;&nbsp;&nbsp;strlen
</UL>
<BR>[Address Reference Count : 1]<UL><LI> cmds.o(.data.cmdList)
</UL>
<P><STRONG><a name="[62]"></a>cli_showstate</STRONG> (Thumb, 1404 bytes, Stack size 64 bytes, cmds.o(.text.cli_showstate))
<BR><BR>[Stack]<UL><LI>Max Depth = 144<LI>Call Chain = cli_showstate &rArr; print_state_nvo &rArr; sprintf
</UL>
<BR>[Calls]<UL><LI><a href="#[cd]">&gt;&gt;</a>&nbsp;&nbsp;&nbsp;print_state_nvo
<LI><a href="#[cc]">&gt;&gt;</a>&nbsp;&nbsp;&nbsp;print_state
<LI><a href="#[99]">&gt;&gt;</a>&nbsp;&nbsp;&nbsp;printf
</UL>
<BR>[Address Reference Count : 1]<UL><LI> cmds.o(.data.cmdList)
</UL>
<P><STRONG><a name="[cc]"></a>print_state</STRONG> (Thumb, 224 bytes, Stack size 56 bytes, cmds.o(.text.print_state))
<BR><BR>[Stack]<UL><LI>Max Depth = 80<LI>Call Chain = print_state &rArr; sprintf
</UL>
<BR>[Calls]<UL><LI><a href="#[97]">&gt;&gt;</a>&nbsp;&nbsp;&nbsp;sprintf
<LI><a href="#[99]">&gt;&gt;</a>&nbsp;&nbsp;&nbsp;printf
</UL>
<BR>[Called By]<UL><LI><a href="#[62]">&gt;&gt;</a>&nbsp;&nbsp;&nbsp;cli_showstate
</UL>

<P><STRONG><a name="[cd]"></a>print_state_nvo</STRONG> (Thumb, 224 bytes, Stack size 56 bytes, cmds.o(.text.print_state_nvo))
<BR><BR>[Stack]<UL><LI>Max Depth = 80<LI>Call Chain = print_state_nvo &rArr; sprintf
</UL>
<BR>[Calls]<UL><LI><a href="#[97]">&gt;&gt;</a>&nbsp;&nbsp;&nbsp;sprintf
<LI><a href="#[99]">&gt;&gt;</a>&nbsp;&nbsp;&nbsp;printf
</UL>
<BR>[Called By]<UL><LI><a href="#[62]">&gt;&gt;</a>&nbsp;&nbsp;&nbsp;cli_showstate
</UL>

<P><STRONG><a name="[63]"></a>cli_showstate_json</STRONG> (Thumb, 896 bytes, Stack size 56 bytes, cmds.o(.text.cli_showstate_json))
<BR><BR>[Stack]<UL><LI>Max Depth = 144<LI>Call Chain = cli_showstate_json &rArr; print_state_json &rArr; sprintf
</UL>
<BR>[Calls]<UL><LI><a href="#[ce]">&gt;&gt;</a>&nbsp;&nbsp;&nbsp;print_state_json
<LI><a href="#[99]">&gt;&gt;</a>&nbsp;&nbsp;&nbsp;printf
</UL>
<BR>[Address Reference Count : 1]<UL><LI> cmds.o(.data.cmdList)
</UL>
<P><STRONG><a name="[ce]"></a>print_state_json</STRONG> (Thumb, 228 bytes, Stack size 64 bytes, cmds.o(.text.print_state_json))
<BR><BR>[Stack]<UL><LI>Max Depth = 88<LI>Call Chain = print_state_json &rArr; sprintf
</UL>
<BR>[Calls]<UL><LI><a href="#[97]">&gt;&gt;</a>&nbsp;&nbsp;&nbsp;sprintf
<LI><a href="#[99]">&gt;&gt;</a>&nbsp;&nbsp;&nbsp;printf
</UL>
<BR>[Called By]<UL><LI><a href="#[63]">&gt;&gt;</a>&nbsp;&nbsp;&nbsp;cli_showstate_json
</UL>

<P><STRONG><a name="[64]"></a>cli_showinterlock</STRONG> (Thumb, 84 bytes, Stack size 8 bytes, cmds.o(.text.cli_showinterlock))
<BR><BR>[Stack]<UL><LI>Max Depth = 32<LI>Call Chain = cli_showinterlock &rArr; printf
</UL>
<BR>[Calls]<UL><LI><a href="#[99]">&gt;&gt;</a>&nbsp;&nbsp;&nbsp;printf
</UL>
<BR>[Address Reference Count : 1]<UL><LI> cmds.o(.data.cmdList)
</UL>
<P><STRONG><a name="[65]"></a>cli_showdebug</STRONG> (Thumb, 8 bytes, Stack size 8 bytes, cmds.o(.text.cli_showdebug))
<BR><BR>[Stack]<UL><LI>Max Depth = 128<LI>Call Chain = cli_showdebug &rArr; showdebug &rArr; printf
</UL>
<BR>[Calls]<UL><LI><a href="#[cb]">&gt;&gt;</a>&nbsp;&nbsp;&nbsp;showdebug
</UL>
<BR>[Address Reference Count : 1]<UL><LI> cmds.o(.data.cmdList)
</UL>
<P><STRONG><a name="[cb]"></a>showdebug</STRONG> (Thumb, 584 bytes, Stack size 96 bytes, cmds.o(.text.showdebug))
<BR><BR>[Stack]<UL><LI>Max Depth = 120<LI>Call Chain = showdebug &rArr; printf
</UL>
<BR>[Calls]<UL><LI><a href="#[99]">&gt;&gt;</a>&nbsp;&nbsp;&nbsp;printf
</UL>
<BR>[Called By]<UL><LI><a href="#[65]">&gt;&gt;</a>&nbsp;&nbsp;&nbsp;cli_showdebug
</UL>

<P><STRONG><a name="[66]"></a>cli_settime</STRONG> (Thumb, 236 bytes, Stack size 56 bytes, cmds.o(.text.cli_settime))
<BR><BR>[Stack]<UL><LI>Max Depth = 168<LI>Call Chain = cli_settime &rArr; toint &rArr; atoi &rArr; strtol &rArr; _strtoul
</UL>
<BR>[Calls]<UL><LI><a href="#[93]">&gt;&gt;</a>&nbsp;&nbsp;&nbsp;toint
<LI><a href="#[b6]">&gt;&gt;</a>&nbsp;&nbsp;&nbsp;conv2seconds
<LI><a href="#[b4]">&gt;&gt;</a>&nbsp;&nbsp;&nbsp;my_strtok
<LI><a href="#[99]">&gt;&gt;</a>&nbsp;&nbsp;&nbsp;printf
</UL>
<BR>[Address Reference Count : 1]<UL><LI> cmds.o(.data.cmdList)
</UL>
<P><STRONG><a name="[67]"></a>cli_setdate</STRONG> (Thumb, 272 bytes, Stack size 48 bytes, cmds.o(.text.cli_setdate))
<BR><BR>[Stack]<UL><LI>Max Depth = 160<LI>Call Chain = cli_setdate &rArr; toint &rArr; atoi &rArr; strtol &rArr; _strtoul
</UL>
<BR>[Calls]<UL><LI><a href="#[93]">&gt;&gt;</a>&nbsp;&nbsp;&nbsp;toint
<LI><a href="#[b6]">&gt;&gt;</a>&nbsp;&nbsp;&nbsp;conv2seconds
<LI><a href="#[b4]">&gt;&gt;</a>&nbsp;&nbsp;&nbsp;my_strtok
<LI><a href="#[99]">&gt;&gt;</a>&nbsp;&nbsp;&nbsp;printf
</UL>
<BR>[Address Reference Count : 1]<UL><LI> cmds.o(.data.cmdList)
</UL>
<P><STRONG><a name="[68]"></a>cli_showdate</STRONG> (Thumb, 76 bytes, Stack size 40 bytes, cmds.o(.text.cli_showdate))
<BR><BR>[Stack]<UL><LI>Max Depth = 64<LI>Call Chain = cli_showdate &rArr; printf
</UL>
<BR>[Calls]<UL><LI><a href="#[98]">&gt;&gt;</a>&nbsp;&nbsp;&nbsp;conv2TOD
<LI><a href="#[b4]">&gt;&gt;</a>&nbsp;&nbsp;&nbsp;my_strtok
<LI><a href="#[99]">&gt;&gt;</a>&nbsp;&nbsp;&nbsp;printf
</UL>
<BR>[Address Reference Count : 1]<UL><LI> cmds.o(.data.cmdList)
</UL>
<P><STRONG><a name="[69]"></a>cli_showtime</STRONG> (Thumb, 84 bytes, Stack size 24 bytes, cmds.o(.text.cli_showtime))
<BR><BR>[Stack]<UL><LI>Max Depth = 48<LI>Call Chain = cli_showtime &rArr; printf
</UL>
<BR>[Calls]<UL><LI><a href="#[98]">&gt;&gt;</a>&nbsp;&nbsp;&nbsp;conv2TOD
<LI><a href="#[b4]">&gt;&gt;</a>&nbsp;&nbsp;&nbsp;my_strtok
<LI><a href="#[99]">&gt;&gt;</a>&nbsp;&nbsp;&nbsp;printf
</UL>
<BR>[Address Reference Count : 1]<UL><LI> cmds.o(.data.cmdList)
</UL>
<P><STRONG><a name="[6a]"></a>cli_hangcpu</STRONG> (Thumb, 140 bytes, Stack size 8 bytes, cmds.o(.text.cli_hangcpu))
<BR><BR>[Stack]<UL><LI>Max Depth = 32<LI>Call Chain = cli_hangcpu &rArr; printf
</UL>
<BR>[Calls]<UL><LI><a href="#[b4]">&gt;&gt;</a>&nbsp;&nbsp;&nbsp;my_strtok
<LI><a href="#[99]">&gt;&gt;</a>&nbsp;&nbsp;&nbsp;printf
<LI><a href="#[b5]">&gt;&gt;</a>&nbsp;&nbsp;&nbsp;strcmp
</UL>
<BR>[Address Reference Count : 1]<UL><LI> cmds.o(.data.cmdList)
</UL>
<P><STRONG><a name="[107]"></a>TIMER_EnableInt</STRONG> (Thumb, 20 bytes, Stack size 4 bytes, bsp.o(.text.TIMER_EnableInt))
<BR><BR>[Stack]<UL><LI>Max Depth = 4<LI>Call Chain = TIMER_EnableInt
</UL>
<BR>[Called By]<UL><LI><a href="#[be]">&gt;&gt;</a>&nbsp;&nbsp;&nbsp;sysTimer_Init
</UL>

<P><STRONG><a name="[108]"></a>TIMER_Start</STRONG> (Thumb, 20 bytes, Stack size 4 bytes, bsp.o(.text.TIMER_Start))
<BR><BR>[Stack]<UL><LI>Max Depth = 4<LI>Call Chain = TIMER_Start
</UL>
<BR>[Called By]<UL><LI><a href="#[be]">&gt;&gt;</a>&nbsp;&nbsp;&nbsp;sysTimer_Init
</UL>

<P><STRONG><a name="[109]"></a>__NVIC_EnableIRQ</STRONG> (Thumb, 40 bytes, Stack size 4 bytes, bsp.o(.text.__NVIC_EnableIRQ))
<BR><BR>[Stack]<UL><LI>Max Depth = 4<LI>Call Chain = __NVIC_EnableIRQ
</UL>
<BR>[Called By]<UL><LI><a href="#[be]">&gt;&gt;</a>&nbsp;&nbsp;&nbsp;sysTimer_Init
</UL>

<P><STRONG><a name="[ad]"></a>TIMER_ClearIntFlag</STRONG> (Thumb, 14 bytes, Stack size 4 bytes, bsp.o(.text.TIMER_ClearIntFlag))
<BR><BR>[Stack]<UL><LI>Max Depth = 4<LI>Call Chain = TIMER_ClearIntFlag
</UL>
<BR>[Called By]<UL><LI><a href="#[29]">&gt;&gt;</a>&nbsp;&nbsp;&nbsp;TMR3_IRQHandler
</UL>

<P><STRONG><a name="[f6]"></a>conv_byte2event</STRONG> (Thumb, 250 bytes, Stack size 40 bytes, event_log.o(.text.conv_byte2event))
<BR><BR>[Stack]<UL><LI>Max Depth = 40<LI>Call Chain = conv_byte2event
</UL>
<BR>[Called By]<UL><LI><a href="#[e2]">&gt;&gt;</a>&nbsp;&nbsp;&nbsp;send_el_pkt
</UL>

<P><STRONG><a name="[f7]"></a>conv_byte2event_nvo</STRONG> (Thumb, 138 bytes, Stack size 36 bytes, event_log.o(.text.conv_byte2event_nvo))
<BR><BR>[Stack]<UL><LI>Max Depth = 36<LI>Call Chain = conv_byte2event_nvo
</UL>
<BR>[Called By]<UL><LI><a href="#[e2]">&gt;&gt;</a>&nbsp;&nbsp;&nbsp;send_el_pkt
</UL>

<P><STRONG><a name="[ed]"></a>get_line_state_sl</STRONG> (Thumb, 240 bytes, Stack size 40 bytes, event_log.o(.text.get_line_state_sl))
<BR><BR>[Stack]<UL><LI>Max Depth = 40<LI>Call Chain = get_line_state_sl
</UL>
<BR>[Calls]<UL><LI><a href="#[ca]">&gt;&gt;</a>&nbsp;&nbsp;&nbsp;strcpy
</UL>
<BR>[Called By]<UL><LI><a href="#[e2]">&gt;&gt;</a>&nbsp;&nbsp;&nbsp;send_el_pkt
</UL>

<P><STRONG><a name="[ec]"></a>get_line_state_dl</STRONG> (Thumb, 444 bytes, Stack size 64 bytes, event_log.o(.text.get_line_state_dl))
<BR><BR>[Stack]<UL><LI>Max Depth = 64<LI>Call Chain = get_line_state_dl
</UL>
<BR>[Calls]<UL><LI><a href="#[ca]">&gt;&gt;</a>&nbsp;&nbsp;&nbsp;strcpy
</UL>
<BR>[Called By]<UL><LI><a href="#[e2]">&gt;&gt;</a>&nbsp;&nbsp;&nbsp;send_el_pkt
</UL>

<P><STRONG><a name="[f8]"></a>get_sys_error</STRONG> (Thumb, 760 bytes, Stack size 16 bytes, event_log.o(.text.get_sys_error))
<BR><BR>[Stack]<UL><LI>Max Depth = 16<LI>Call Chain = get_sys_error
</UL>
<BR>[Called By]<UL><LI><a href="#[e2]">&gt;&gt;</a>&nbsp;&nbsp;&nbsp;send_el_pkt
</UL>

<P><STRONG><a name="[f4]"></a>read_cpu_fpga</STRONG> (Thumb, 116 bytes, Stack size 64 bytes, read_cpu.o(.text.read_cpu_fpga))
<BR><BR>[Stack]<UL><LI>Max Depth = 108<LI>Call Chain = read_cpu_fpga &rArr; run_cmd
</UL>
<BR>[Calls]<UL><LI><a href="#[f5]">&gt;&gt;</a>&nbsp;&nbsp;&nbsp;run_cmd
</UL>
<BR>[Called By]<UL><LI><a href="#[e6]">&gt;&gt;</a>&nbsp;&nbsp;&nbsp;read_nvo
<LI><a href="#[e5]">&gt;&gt;</a>&nbsp;&nbsp;&nbsp;read_relay_fdbk
<LI><a href="#[d7]">&gt;&gt;</a>&nbsp;&nbsp;&nbsp;read_vi_unstable_err
<LI><a href="#[d6]">&gt;&gt;</a>&nbsp;&nbsp;&nbsp;read_oe_vo
<LI><a href="#[d5]">&gt;&gt;</a>&nbsp;&nbsp;&nbsp;read_oe_lo
<LI><a href="#[d4]">&gt;&gt;</a>&nbsp;&nbsp;&nbsp;read_oe_vi
<LI><a href="#[d3]">&gt;&gt;</a>&nbsp;&nbsp;&nbsp;read_lo
<LI><a href="#[d2]">&gt;&gt;</a>&nbsp;&nbsp;&nbsp;read_vo
<LI><a href="#[d1]">&gt;&gt;</a>&nbsp;&nbsp;&nbsp;read_vi
<LI><a href="#[c5]">&gt;&gt;</a>&nbsp;&nbsp;&nbsp;read_flash_checksum
<LI><a href="#[db]">&gt;&gt;</a>&nbsp;&nbsp;&nbsp;read_switch_settings
</UL>

<P><STRONG><a name="[f5]"></a>run_cmd</STRONG> (Thumb, 112 bytes, Stack size 44 bytes, read_cpu.o(.text.run_cmd))
<BR><BR>[Stack]<UL><LI>Max Depth = 44<LI>Call Chain = run_cmd
</UL>
<BR>[Called By]<UL><LI><a href="#[e7]">&gt;&gt;</a>&nbsp;&nbsp;&nbsp;write_oe_relay_state
<LI><a href="#[c3]">&gt;&gt;</a>&nbsp;&nbsp;&nbsp;write_cpu_ctrls
<LI><a href="#[f4]">&gt;&gt;</a>&nbsp;&nbsp;&nbsp;read_cpu_fpga
</UL>

<P><STRONG><a name="[100]"></a>__NVIC_EnableIRQ</STRONG> (Thumb, 40 bytes, Stack size 4 bytes, drvr_spi.o(.text.__NVIC_EnableIRQ))
<BR><BR>[Stack]<UL><LI>Max Depth = 4<LI>Call Chain = __NVIC_EnableIRQ
</UL>
<BR>[Called By]<UL><LI><a href="#[bb]">&gt;&gt;</a>&nbsp;&nbsp;&nbsp;spi_ctor
</UL>

<P><STRONG><a name="[101]"></a>__NVIC_DisableIRQ</STRONG> (Thumb, 48 bytes, Stack size 4 bytes, drvr_spi.o(.text.__NVIC_DisableIRQ))
<BR><BR>[Stack]<UL><LI>Max Depth = 4<LI>Call Chain = __NVIC_DisableIRQ
</UL>
<BR>[Called By]<UL><LI><a href="#[bb]">&gt;&gt;</a>&nbsp;&nbsp;&nbsp;spi_ctor
</UL>

<P><STRONG><a name="[10b]"></a>__NVIC_SetPriority</STRONG> (Thumb, 112 bytes, Stack size 24 bytes, drvr_uart.o(.text.__NVIC_SetPriority))
<BR><BR>[Stack]<UL><LI>Max Depth = 24<LI>Call Chain = __NVIC_SetPriority
</UL>
<BR>[Called By]<UL><LI><a href="#[ba]">&gt;&gt;</a>&nbsp;&nbsp;&nbsp;uart_ctor
</UL>

<P><STRONG><a name="[10c]"></a>__NVIC_EnableIRQ</STRONG> (Thumb, 40 bytes, Stack size 4 bytes, drvr_uart.o(.text.__NVIC_EnableIRQ))
<BR><BR>[Stack]<UL><LI>Max Depth = 4<LI>Call Chain = __NVIC_EnableIRQ
</UL>
<BR>[Called By]<UL><LI><a href="#[ba]">&gt;&gt;</a>&nbsp;&nbsp;&nbsp;uart_ctor
</UL>

<P><STRONG><a name="[10d]"></a>__NVIC_DisableIRQ</STRONG> (Thumb, 48 bytes, Stack size 4 bytes, drvr_uart.o(.text.__NVIC_DisableIRQ))
<BR><BR>[Stack]<UL><LI>Max Depth = 4<LI>Call Chain = __NVIC_DisableIRQ
</UL>
<BR>[Called By]<UL><LI><a href="#[ba]">&gt;&gt;</a>&nbsp;&nbsp;&nbsp;uart_ctor
</UL>

<P><STRONG><a name="[f0]"></a>__NVIC_EnableIRQ</STRONG> (Thumb, 40 bytes, Stack size 4 bytes, drvr_iic.o(.text.__NVIC_EnableIRQ))
<BR><BR>[Stack]<UL><LI>Max Depth = 4<LI>Call Chain = __NVIC_EnableIRQ
</UL>
<BR>[Called By]<UL><LI><a href="#[bc]">&gt;&gt;</a>&nbsp;&nbsp;&nbsp;i2c_ctor
</UL>

<P><STRONG><a name="[5c]"></a>i2c_isr_write</STRONG> (Thumb, 426 bytes, Stack size 12 bytes, drvr_iic.o(.text.i2c_isr_write))
<BR><BR>[Stack]<UL><LI>Max Depth = 12<LI>Call Chain = i2c_isr_write
</UL>
<BR>[Address Reference Count : 1]<UL><LI> drvr_iic.o(.text.i2c_write)
</UL>
<P><STRONG><a name="[113]"></a>_fp_digits</STRONG> (Thumb, 344 bytes, Stack size 64 bytes, printfa.o(i._fp_digits), UNUSED)
<BR><BR>[Calls]<UL><LI><a href="#[83]">&gt;&gt;</a>&nbsp;&nbsp;&nbsp;__aeabi_dmul
<LI><a href="#[84]">&gt;&gt;</a>&nbsp;&nbsp;&nbsp;__aeabi_ddiv
<LI><a href="#[7d]">&gt;&gt;</a>&nbsp;&nbsp;&nbsp;__aeabi_dadd
<LI><a href="#[85]">&gt;&gt;</a>&nbsp;&nbsp;&nbsp;__aeabi_d2ulz
<LI><a href="#[114]">&gt;&gt;</a>&nbsp;&nbsp;&nbsp;__aeabi_cdrcmple
<LI><a href="#[72]">&gt;&gt;</a>&nbsp;&nbsp;&nbsp;__aeabi_uldivmod
</UL>
<BR>[Called By]<UL><LI><a href="#[111]">&gt;&gt;</a>&nbsp;&nbsp;&nbsp;_printf_core
</UL>

<P><STRONG><a name="[111]"></a>_printf_core</STRONG> (Thumb, 1754 bytes, Stack size 128 bytes, printfa.o(i._printf_core), UNUSED)
<BR><BR>[Calls]<UL><LI><a href="#[117]">&gt;&gt;</a>&nbsp;&nbsp;&nbsp;__aeabi_uidivmod
<LI><a href="#[115]">&gt;&gt;</a>&nbsp;&nbsp;&nbsp;_printf_pre_padding
<LI><a href="#[116]">&gt;&gt;</a>&nbsp;&nbsp;&nbsp;_printf_post_padding
<LI><a href="#[113]">&gt;&gt;</a>&nbsp;&nbsp;&nbsp;_fp_digits
<LI><a href="#[72]">&gt;&gt;</a>&nbsp;&nbsp;&nbsp;__aeabi_uldivmod
</UL>
<BR>[Called By]<UL><LI><a href="#[112]">&gt;&gt;</a>&nbsp;&nbsp;&nbsp;__0sprintf
<LI><a href="#[110]">&gt;&gt;</a>&nbsp;&nbsp;&nbsp;__0printf
</UL>

<P><STRONG><a name="[116]"></a>_printf_post_padding</STRONG> (Thumb, 32 bytes, Stack size 24 bytes, printfa.o(i._printf_post_padding), UNUSED)
<BR><BR>[Called By]<UL><LI><a href="#[111]">&gt;&gt;</a>&nbsp;&nbsp;&nbsp;_printf_core
</UL>

<P><STRONG><a name="[115]"></a>_printf_pre_padding</STRONG> (Thumb, 44 bytes, Stack size 40 bytes, printfa.o(i._printf_pre_padding), UNUSED)
<BR><BR>[Called By]<UL><LI><a href="#[111]">&gt;&gt;</a>&nbsp;&nbsp;&nbsp;_printf_core
</UL>

<P><STRONG><a name="[5e]"></a>_sputc</STRONG> (Thumb, 10 bytes, Stack size 0 bytes, printfa.o(i._sputc))
<BR><BR>[Called By]<UL><LI><a href="#[112]">&gt;&gt;</a>&nbsp;&nbsp;&nbsp;__0sprintf
</UL>
<BR>[Address Reference Count : 1]<UL><LI> printfa.o(i.__0sprintf)
</UL><P>
<H3>
Undefined Global Symbols
</H3><HR></body></html>
