<html>
<body>
<pre>
<h1>µVision Build Log</h1>
<h2>Tool Versions:</h2>
IDE-Version: µVision V5.43.1.0
Copyright (C) 2025 ARM Ltd and ARM Germany GmbH. All rights reserved.
License Information: AnayaTech Systems
Anaya Tech Systems
User-based license: Keil MDK Nuvoton Edition - Full Cortex-M
Valid until: Sep 27 2034. Cached until: Jun 16 2026
 
Tool Versions:
Toolchain:       Keil MDK Nuvoton Edition - Full Cortex-M  Version: 5.43.0.0
Toolchain Path:  C:\Users\Anaya\AppData\Local\Keil_v5\ARM\ARMCLANG\Bin
C Compiler:      ArmClang.exe V6.24
Assembler:       Armasm.exe V6.24
Linker/Locator:  ArmLink.exe V6.24
Library Manager: ArmAr.exe V6.24
Hex Converter:   FromElf.exe V6.24
CPU DLL:         
Dialog DLL:      
Target DLL:      NULink\Nu_Link.dll V3.19
Dialog DLL:      TCM.DLL V1.56.6.0
 
<h2>Project:</h2>
D:\work\dheeraj\local\CEL\CCC\CCC_CPU123\Code\CPU123.uvprojx
Project File Date:  04/20/2026

<h2>Output:</h2>
*** Using Compiler 'V6.24', folder: 'C:\Users\Anaya\AppData\Local\Keil_v5\ARM\ARMCLANG\Bin'
Rebuild target 'Debug'
assembling startup_M261.s...
creating preprocessor file for system_M261.c...
compiling system_M261.c...
creating list file for system_M261.c...
creating preprocessor file for clk.c...
creating list file for clk.c...
creating preprocessor file for fmc.c...
compiling clk.c...
creating list file for fmc.c...
creating list file for gpio.c...
compiling fmc.c...
creating preprocessor file for gpio.c...
compiling gpio.c...
creating preprocessor file for i2c.c...
creating list file for retarget.c...
creating list file for i2c.c...
creating preprocessor file for retarget.c...
compiling i2c.c...
compiling retarget.c...
creating preprocessor file for spi.c...
creating preprocessor file for sys.c...
creating list file for sys.c...
creating list file for spi.c...
compiling spi.c...
compiling sys.c...
creating preprocessor file for timer.c...
compiling timer.c...
creating list file for timer.c...
creating list file for uart.c...
creating preprocessor file for uart.c...
creating preprocessor file for wdt.c...
compiling uart.c...
creating list file for wdt.c...
compiling wdt.c...
creating list file for main.c...
creating preprocessor file for main.c...
compiling main.c...
creating list file for fmc_user.c...
creating preprocessor file for fmc_user.c...
compiling fmc_user.c...
creating list file for targetdev.c...
creating preprocessor file for targetdev.c...
compiling targetdev.c...
creating list file for watchdog.c...
creating preprocessor file for watchdog.c...
compiling watchdog.c...
creating preprocessor file for app.c...
creating list file for fifo.c...
creating list file for app.c...
creating preprocessor file for fifo.c...
compiling app.c...
compiling fifo.c...
creating preprocessor file for bsp.c...
creating list file for bsp.c...
creating preprocessor file for isp_user.c...
compiling bsp.c...
creating list file for isp_user.c...
compiling isp_user.c...
creating list file for interlock.c...
creating preprocessor file for interlock.c...
compiling interlock.c...
creating preprocessor file for interlock_BYPASS.c...
creating list file for interlock_BYPASS.c...
compiling interlock_BYPASS.c...
creating preprocessor file for interlock_DL.c...
creating list file for interlock_DL.c...
creating preprocessor file for interlock_SL.c...
compiling interlock_DL.c...
creating list file for interlock_SL.c...
creating list file for drvr_spi.c...
compiling interlock_SL.c...
creating preprocessor file for drvr_spi.c...
compiling drvr_spi.c...
creating list file for drvr_uart.c...
creating preprocessor file for drvr_uart.c...
compiling drvr_uart.c...
linking...
Program Size: Code=29916 RO-data=680 RW-data=48 ZI-data=2688  
FromELF: creating hex file...
After Build - User command #1: fromelf --bin ".\obj\CPU123.axf" --output ".\Debug\CPU123.bin"
After Build - User command #2: fromelf --text -c ".\obj\CPU123.axf" --output ".\obj\CPU123.txt"
".\obj\CPU123.axf" - 0 Error(s), 0 Warning(s).

<h2>Software Packages used:</h2>

Package Vendor: Nuvoton
                https://github.com/OpenNuvoton/cmsis-packs/raw/master/Nuvoton_DFP/Nuvoton.NuMicroM23_DFP.1.0.4.pack
                Nuvoton::NuMicroM23_DFP@1.0.4
                Nuvoton ARM Cortex-M23 NuMicro Family Device Support

<h2>Collection of Component include folders:</h2>
  C:/Users/Anaya/AppData/Local/Arm/Packs/Nuvoton/NuMicroM23_DFP/1.0.4/Device/M261/Include

<h2>Collection of Component Files used:</h2>
Build Time Elapsed:  00:00:11
</pre>
</body>
</html>
