Component: Arm Compiler for Embedded 6.24 Tool: armlink [5f371500]

==============================================================================

Small function inlining results

Inlined function __aeabi_idiv0 from idiv0.o at offset 0x160 in aeabi_sdiv.o(.text).
Inlined Instruction: BX       lr
Inlined function __aeabi_idiv0 from idiv0.o at offset 0xc in aeabi_sdiv_div0.o(.text).
Inlined Instruction: BX       lr
Inlined function __aeabi_idiv0 from idiv0.o at offset 0x176 in aeabi_sdiv_div0.o(.text).
Inlined Instruction: BX       lr
Inlined function __aeabi_idiv0 from idiv0.o at offset 0x18 in uidiv_div0.o(.text).
Inlined Instruction: BX       lr
Inlined function __aeabi_idiv0 from idiv0.o at offset 0x42 in idiv_div0.o(.text).
Inlined Instruction: BX       lr
Inlined total of 5 calls.

==============================================================================

Image Symbol Table

    Local Symbols

    Symbol Name                              Value     Ov Type        Size  Object(Section)

    ../clib/division.s                       0x00000000   Number         0  aeabi_sdiv.o ABSOLUTE
    ../clib/division.s                       0x00000000   Number         0  aeabi_sdiv_div0.o ABSOLUTE
    ../clib/microlib/division.c              0x00000000   Number         0  uidiv.o ABSOLUTE
    ../clib/microlib/division.c              0x00000000   Number         0  uldiv.o ABSOLUTE
    ../clib/microlib/division.c              0x00000000   Number         0  uidiv_div0.o ABSOLUTE
    ../clib/microlib/division.c              0x00000000   Number         0  idiv_div0.o ABSOLUTE
    ../clib/microlib/division.c              0x00000000   Number         0  idiv0.o ABSOLUTE
    ../clib/microlib/init/entry.s            0x00000000   Number         0  entry.o ABSOLUTE
    ../clib/microlib/init/entry.s            0x00000000   Number         0  entry2.o ABSOLUTE
    ../clib/microlib/init/entry.s            0x00000000   Number         0  entry5.o ABSOLUTE
    ../clib/microlib/init/entry.s            0x00000000   Number         0  entry7a.o ABSOLUTE
    ../clib/microlib/init/entry.s            0x00000000   Number         0  entry7b.o ABSOLUTE
    ../clib/microlib/init/entry.s            0x00000000   Number         0  entry8a.o ABSOLUTE
    ../clib/microlib/init/entry.s            0x00000000   Number         0  entry8b.o ABSOLUTE
    ../clib/microlib/init/entry.s            0x00000000   Number         0  entry9a.o ABSOLUTE
    ../clib/microlib/init/entry.s            0x00000000   Number         0  entry9b.o ABSOLUTE
    ../clib/microlib/init/entry.s            0x00000000   Number         0  entry10a.o ABSOLUTE
    ../clib/microlib/init/entry.s            0x00000000   Number         0  entry10b.o ABSOLUTE
    ../clib/microlib/init/entry.s            0x00000000   Number         0  entry11a.o ABSOLUTE
    ../clib/microlib/init/entry.s            0x00000000   Number         0  entry11b.o ABSOLUTE
    ../clib/microlib/longlong.c              0x00000000   Number         0  llshl.o ABSOLUTE
    ../clib/microlib/longlong.c              0x00000000   Number         0  llushr.o ABSOLUTE
    ../clib/microlib/longlong.c              0x00000000   Number         0  llsshr.o ABSOLUTE
    ../clib/microlib/printf/printf.c         0x00000000   Number         0  printfa.o ABSOLUTE
    ../clib/microlib/string/memset.c         0x00000000   Number         0  memseta.o ABSOLUTE
    ../clib/microlib/stubs.s                 0x00000000   Number         0  iusefp.o ABSOLUTE
    ../fplib/microlib/fpadd.c                0x00000000   Number         0  dadd.o ABSOLUTE
    ../fplib/microlib/fpdiv.c                0x00000000   Number         0  ddiv.o ABSOLUTE
    ../fplib/microlib/fpepilogue.c           0x00000000   Number         0  depilogue.o ABSOLUTE
    ../fplib/microlib/fpfix.c                0x00000000   Number         0  dfixul.o ABSOLUTE
    ../fplib/microlib/fpmul.c                0x00000000   Number         0  dmul.o ABSOLUTE
    ..\..\CCC_common\Library\Device\Nuvoton\M261\Source\ARM\startup_M261.s 0x00000000   Number         0  startup_m261.o ABSOLUTE
    app.c                                    0x00000000   Number         0  app.o ABSOLUTE
    bsp.c                                    0x00000000   Number         0  bsp.o ABSOLUTE
    cdrcmple.s                               0x00000000   Number         0  cdrcmple.o ABSOLUTE
    clk.c                                    0x00000000   Number         0  clk.o ABSOLUTE
    drvr_spi.c                               0x00000000   Number         0  drvr_spi.o ABSOLUTE
    drvr_uart.c                              0x00000000   Number         0  drvr_uart.o ABSOLUTE
    fifo.c                                   0x00000000   Number         0  fifo.o ABSOLUTE
    fmc.c                                    0x00000000   Number         0  fmc.o ABSOLUTE
    fmc_user.c                               0x00000000   Number         0  fmc_user.o ABSOLUTE
[...]
    __arm_cp.13_3                            0x00000ba0   Number         4  clk.o(.text.CLK_SetHCLK)
    [Anonymous Symbol]                       0x00000ba4   Section        0  clk.o(.text.CLK_SetModuleClock)
    __arm_cp.14_0                            0x00000c40   Number         4  clk.o(.text.CLK_SetModuleClock)
    __arm_cp.14_1                            0x00000c44   Number         4  clk.o(.text.CLK_SetModuleClock)
    [Anonymous Symbol]                       0x00000c48   Section        0  clk.o(.text.CLK_WaitClockReady)
    __arm_cp.11_0                            0x00000c80   Number         4  clk.o(.text.CLK_WaitClockReady)
    __arm_cp.11_1                            0x00000c84   Number         4  clk.o(.text.CLK_WaitClockReady)
    [Anonymous Symbol]                       0x00000c88   Section        0  fmc.o(.text.FMC_Close)
    [Anonymous Symbol]                       0x00000c94   Section        0  fmc.o(.text.FMC_GetChkSum)
    __arm_cp.9_0                             0x00000d60   Number         4  fmc.o(.text.FMC_GetChkSum)
    __arm_cp.9_1                             0x00000d64   Number         4  fmc.o(.text.FMC_GetChkSum)
    __arm_cp.9_2                             0x00000d68   Number         4  fmc.o(.text.FMC_GetChkSum)
    __arm_cp.9_3                             0x00000d6c   Number         4  fmc.o(.text.FMC_GetChkSum)
    __arm_cp.9_4                             0x00000d70   Number         4  fmc.o(.text.FMC_GetChkSum)
    __arm_cp.9_5                             0x00000d74   Number         4  fmc.o(.text.FMC_GetChkSum)
    __arm_cp.9_6                             0x00000d78   Number         4  fmc.o(.text.FMC_GetChkSum)
    [Anonymous Symbol]                       0x00000d7c   Section        0  fmc.o(.text.FMC_Open)
    __arm_cp.12_0                            0x00000d88   Number         4  fmc.o(.text.FMC_Open)
    [Anonymous Symbol]                       0x00000d8c   Section        0  gpio.o(.text.GPIO_SetMode)
    [Anonymous Symbol]                       0x00000dd8   Section        0  retarget.o(.text.ProcessHardFault)
    __arm_cp.0_0                             0x00000e74   Number         4  retarget.o(.text.ProcessHardFault)
    __arm_cp.0_1                             0x00000e78   Number         4  retarget.o(.text.ProcessHardFault)
    __arm_cp.0_2                             0x00000e7c   Number         4  retarget.o(.text.ProcessHardFault)
    __arm_cp.0_3                             0x00000e80   Number         4  retarget.o(.text.ProcessHardFault)
    __arm_cp.0_4                             0x00000e84   Number         4  retarget.o(.text.ProcessHardFault)
    __arm_cp.0_5                             0x00000e88   Number         4  retarget.o(.text.ProcessHardFault)
    __arm_cp.0_6                             0x00000e8c   Number         4  retarget.o(.text.ProcessHardFault)
    __arm_cp.0_7                             0x00000e90   Number         4  retarget.o(.text.ProcessHardFault)
    __arm_cp.0_8                             0x00000e94   Number         4  retarget.o(.text.ProcessHardFault)
    [Anonymous Symbol]                       0x00000e98   Section        0  retarget.o(.text.SH_Return)
    [Anonymous Symbol]                       0x00000ea6   Section        0  spi.o(.text.SPI_DisableAutoSS)
    [Anonymous Symbol]                       0x00000eb8   Section        0  spi.o(.text.SPI_Open)
    __arm_cp.0_0                             0x00001224   Number         4  spi.o(.text.SPI_Open)
    __arm_cp.0_1                             0x00001228   Number         4  spi.o(.text.SPI_Open)
    __arm_cp.0_2                             0x0000122c   Number         4  spi.o(.text.SPI_Open)
    __arm_cp.0_3                             0x00001230   Number         4  spi.o(.text.SPI_Open)
    __arm_cp.0_4                             0x00001234   Number         4  spi.o(.text.SPI_Open)
    __arm_cp.0_6                             0x00001238   Number         4  spi.o(.text.SPI_Open)
    __arm_cp.0_7                             0x0000123c   Number         4  spi.o(.text.SPI_Open)
    __arm_cp.0_8                             0x00001240   Number         4  spi.o(.text.SPI_Open)
    __arm_cp.0_9                             0x00001244   Number         4  spi.o(.text.SPI_Open)
    __arm_cp.0_10                            0x00001248   Number         4  spi.o(.text.SPI_Open)
    [Anonymous Symbol]                       0x0000124c   Section        0  spi.o(.text.SPI_SetFIFO)
    SYS_UnlockReg                            0x00001275   Thumb Code    52  main.o(.text.SYS_UnlockReg)
    [Anonymous Symbol]                       0x00001274   Section        0  main.o(.text.SYS_UnlockReg)
    __arm_cp.1_0                             0x000012a8   Number         4  main.o(.text.SYS_UnlockReg)
    __arm_cp.1_1                             0x000012ac   Number         4  main.o(.text.SYS_UnlockReg)
    [Anonymous Symbol]                       0x000012b0   Section        0  retarget.o(.text.SendChar)
    [Anonymous Symbol]                       0x000012c0   Section        0  retarget.o(.text.SendChar_ToUART)
    __arm_cp.2_0                             0x00001300   Number         4  retarget.o(.text.SendChar_ToUART)
    __arm_cp.2_1                             0x00001304   Number         4  retarget.o(.text.SendChar_ToUART)
    [Anonymous Symbol]                       0x00001308   Section        0  system_m261.o(.text.SystemCoreClockUpdate)
    __arm_cp.0_0                             0x00001330   Number         4  system_m261.o(.text.SystemCoreClockUpdate)
    __arm_cp.0_1                             0x00001334   Number         4  system_m261.o(.text.SystemCoreClockUpdate)
    __arm_cp.0_2                             0x00001338   Number         4  system_m261.o(.text.SystemCoreClockUpdate)
    __arm_cp.0_3                             0x0000133c   Number         4  system_m261.o(.text.SystemCoreClockUpdate)
    __arm_cp.0_4                             0x00001340   Number         4  system_m261.o(.text.SystemCoreClockUpdate)
    [Anonymous Symbol]                       0x00001344   Section        0  system_m261.o(.text.SystemInit)
    __arm_cp.1_0                             0x0000134c   Number         4  system_m261.o(.text.SystemInit)
    __arm_cp.1_1                             0x00001350   Number         4  system_m261.o(.text.SystemInit)
    TIMER_ClearIntFlag                       0x00001355   Thumb Code    14  bsp.o(.text.TIMER_ClearIntFlag)
    [Anonymous Symbol]                       0x00001354   Section        0  bsp.o(.text.TIMER_ClearIntFlag)
    TIMER_EnableInt                          0x00001363   Thumb Code    20  bsp.o(.text.TIMER_EnableInt)
    [Anonymous Symbol]                       0x00001362   Section        0  bsp.o(.text.TIMER_EnableInt)
    [Anonymous Symbol]                       0x00001378   Section        0  timer.o(.text.TIMER_GetModuleClock)
    __arm_cp.1_0                             0x00001434   Number         4  timer.o(.text.TIMER_GetModuleClock)
    __arm_cp.1_1                             0x00001438   Number         4  timer.o(.text.TIMER_GetModuleClock)
    __arm_cp.1_2                             0x0000143c   Number         4  timer.o(.text.TIMER_GetModuleClock)
    __arm_cp.1_3                             0x00001440   Number         4  timer.o(.text.TIMER_GetModuleClock)
    __arm_cp.1_4                             0x00001444   Number         4  timer.o(.text.TIMER_GetModuleClock)
    __arm_cp.1_6                             0x00001448   Number         4  timer.o(.text.TIMER_GetModuleClock)
    __arm_cp.1_7                             0x0000144c   Number         4  timer.o(.text.TIMER_GetModuleClock)
    __arm_cp.1_8                             0x00001450   Number         4  timer.o(.text.TIMER_GetModuleClock)
    __arm_cp.1_9                             0x00001454   Number         4  timer.o(.text.TIMER_GetModuleClock)
    [Anonymous Symbol]                       0x00001458   Section        0  timer.o(.text.TIMER_Open)
    TIMER_Start                              0x000014cb   Thumb Code    20  bsp.o(.text.TIMER_Start)
    [Anonymous Symbol]                       0x000014ca   Section        0  bsp.o(.text.TIMER_Start)
    [Anonymous Symbol]                       0x000014e0   Section        0  bsp.o(.text.TMR3_IRQHandler)
    __arm_cp.4_0                             0x00001600   Number         4  bsp.o(.text.TMR3_IRQHandler)
    __arm_cp.4_2                             0x00001604   Number         4  bsp.o(.text.TMR3_IRQHandler)
    __arm_cp.4_3                             0x00001608   Number         4  bsp.o(.text.TMR3_IRQHandler)
    __arm_cp.4_4                             0x0000160c   Number         4  bsp.o(.text.TMR3_IRQHandler)
    __arm_cp.4_5                             0x00001610   Number         4  bsp.o(.text.TMR3_IRQHandler)
    __arm_cp.4_6                             0x00001614   Number         4  bsp.o(.text.TMR3_IRQHandler)
    __arm_cp.4_7                             0x00001618   Number         4  bsp.o(.text.TMR3_IRQHandler)
    __arm_cp.4_8                             0x0000161c   Number         4  bsp.o(.text.TMR3_IRQHandler)
    __arm_cp.4_9                             0x00001620   Number         4  bsp.o(.text.TMR3_IRQHandler)
    __arm_cp.4_10                            0x00001624   Number         4  bsp.o(.text.TMR3_IRQHandler)
    __arm_cp.4_11                            0x00001628   Number         4  bsp.o(.text.TMR3_IRQHandler)
    __arm_cp.4_12                            0x0000162c   Number         4  bsp.o(.text.TMR3_IRQHandler)
    __arm_cp.4_13                            0x00001630   Number         4  bsp.o(.text.TMR3_IRQHandler)
    __arm_cp.4_14                            0x00001634   Number         4  bsp.o(.text.TMR3_IRQHandler)
    __arm_cp.4_15                            0x00001638   Number         4  bsp.o(.text.TMR3_IRQHandler)
    __arm_cp.4_16                            0x0000163c   Number         4  bsp.o(.text.TMR3_IRQHandler)
    __arm_cp.4_17                            0x00001640   Number         4  bsp.o(.text.TMR3_IRQHandler)
    __NVIC_DisableIRQ                        0x00001645   Thumb Code    48  drvr_spi.o(.text.__NVIC_DisableIRQ)
    [Anonymous Symbol]                       0x00001644   Section        0  drvr_spi.o(.text.__NVIC_DisableIRQ)
    __arm_cp.2_0                             0x00001674   Number         4  drvr_spi.o(.text.__NVIC_DisableIRQ)
    __NVIC_EnableIRQ                         0x00001679   Thumb Code    40  bsp.o(.text.__NVIC_EnableIRQ)
    [Anonymous Symbol]                       0x00001678   Section        0  bsp.o(.text.__NVIC_EnableIRQ)
    __NVIC_EnableIRQ                         0x000016a1   Thumb Code    40  drvr_spi.o(.text.__NVIC_EnableIRQ)
    [Anonymous Symbol]                       0x000016a0   Section        0  drvr_spi.o(.text.__NVIC_EnableIRQ)
    __arm_cp.1_0                             0x000016c8   Number         4  drvr_spi.o(.text.__NVIC_EnableIRQ)
    [Anonymous Symbol]                       0x000016cc   Section        0  bsp.o(.text.bsp_ctor)
    __arm_cp.1_0                             0x000017d0   Number         4  bsp.o(.text.bsp_ctor)
    __arm_cp.1_1                             0x000017d4   Number         4  bsp.o(.text.bsp_ctor)
    __arm_cp.1_2                             0x000017d8   Number         4  bsp.o(.text.bsp_ctor)
    __arm_cp.1_3                             0x000017dc   Number         4  bsp.o(.text.bsp_ctor)
    __arm_cp.1_4                             0x000017e0   Number         4  bsp.o(.text.bsp_ctor)
    __arm_cp.1_5                             0x000017e4   Number         4  bsp.o(.text.bsp_ctor)
    __arm_cp.1_6                             0x000017e8   Number         4  bsp.o(.text.bsp_ctor)
    __arm_cp.1_7                             0x000017ec   Number         4  bsp.o(.text.bsp_ctor)
    __arm_cp.1_8                             0x000017f0   Number         4  bsp.o(.text.bsp_ctor)
    __arm_cp.1_9                             0x000017f4   Number         4  bsp.o(.text.bsp_ctor)
    __arm_cp.1_10                            0x000017f8   Number         4  bsp.o(.text.bsp_ctor)
    __arm_cp.1_11                            0x000017fc   Number         4  bsp.o(.text.bsp_ctor)
    __arm_cp.1_12                            0x00001800   Number         4  bsp.o(.text.bsp_ctor)
    __arm_cp.1_13                            0x00001804   Number         4  bsp.o(.text.bsp_ctor)
    __arm_cp.1_14                            0x00001808   Number         4  bsp.o(.text.bsp_ctor)
    __arm_cp.1_15                            0x0000180c   Number         4  bsp.o(.text.bsp_ctor)
    __arm_cp.1_16                            0x00001810   Number         4  bsp.o(.text.bsp_ctor)
    [Anonymous Symbol]                       0x00001814   Section        0  app.o(.text.cpu_fpga_xfer)
    __arm_cp.3_0                             0x00001bb0   Number         4  app.o(.text.cpu_fpga_xfer)
    __arm_cp.3_1                             0x00001bb4   Number         4  app.o(.text.cpu_fpga_xfer)
    __arm_cp.3_2                             0x00001bb8   Number         4  app.o(.text.cpu_fpga_xfer)
    __arm_cp.3_3                             0x00001bbc   Number         4  app.o(.text.cpu_fpga_xfer)
    __arm_cp.3_4                             0x00001bc0   Number         4  app.o(.text.cpu_fpga_xfer)
    __arm_cp.3_5                             0x00001bc4   Number         4  app.o(.text.cpu_fpga_xfer)
    __arm_cp.3_6                             0x00001bc8   Number         4  app.o(.text.cpu_fpga_xfer)
    __arm_cp.3_7                             0x00001bcc   Number         4  app.o(.text.cpu_fpga_xfer)
    __arm_cp.3_8                             0x00001bd0   Number         4  app.o(.text.cpu_fpga_xfer)
    __arm_cp.3_9                             0x00001bd4   Number         4  app.o(.text.cpu_fpga_xfer)
    __arm_cp.3_10                            0x00001bd8   Number         4  app.o(.text.cpu_fpga_xfer)
    __arm_cp.3_11                            0x00001bdc   Number         4  app.o(.text.cpu_fpga_xfer)
    __arm_cp.3_12                            0x00001be0   Number         4  app.o(.text.cpu_fpga_xfer)
    __arm_cp.3_13                            0x00001be4   Number         4  app.o(.text.cpu_fpga_xfer)
    __arm_cp.3_14                            0x00001be8   Number         4  app.o(.text.cpu_fpga_xfer)
    __arm_cp.3_15                            0x00001bec   Number         4  app.o(.text.cpu_fpga_xfer)
    __arm_cp.3_16                            0x00001bf0   Number         4  app.o(.text.cpu_fpga_xfer)
    [Anonymous Symbol]                       0x00001bf4   Section        0  app.o(.text.cpu_sm)
    __arm_cp.0_0                             0x00001dd4   Number         4  app.o(.text.cpu_sm)
    __arm_cp.0_1                             0x00001dd8   Number         4  app.o(.text.cpu_sm)
    __arm_cp.0_2                             0x00001ddc   Number         4  app.o(.text.cpu_sm)
    __arm_cp.0_3                             0x00001de0   Number         4  app.o(.text.cpu_sm)
    __arm_cp.0_4                             0x00001de4   Number         4  app.o(.text.cpu_sm)
    __arm_cp.0_5                             0x00001de8   Number         4  app.o(.text.cpu_sm)
    __arm_cp.0_6                             0x00001dec   Number         4  app.o(.text.cpu_sm)
    __arm_cp.0_7                             0x00001df0   Number         4  app.o(.text.cpu_sm)
    __arm_cp.0_8                             0x00001df4   Number         4  app.o(.text.cpu_sm)
    __arm_cp.0_9                             0x00001df8   Number         4  app.o(.text.cpu_sm)
    __arm_cp.0_10                            0x00001dfc   Number         4  app.o(.text.cpu_sm)
    [Anonymous Symbol]                       0x00001e00   Section        0  fifo.o(.text.fifo_init)
    [Anonymous Symbol]                       0x00001e3a   Section        0  fifo.o(.text.fifo_read)
    [Anonymous Symbol]                       0x00001e9c   Section        0  fifo.o(.text.fifo_reset)
    [Anonymous Symbol]                       0x00001ec4   Section        0  fifo.o(.text.fifo_write)
    [Anonymous Symbol]                       0x00001f2a   Section        0  retarget.o(.text.fputc)
    get_flash_checksum                       0x00001f41   Thumb Code    76  app.o(.text.get_flash_checksum)
    [Anonymous Symbol]                       0x00001f40   Section        0  app.o(.text.get_flash_checksum)
    __arm_cp.2_0                             0x00001f8c   Number         4  app.o(.text.get_flash_checksum)
    __arm_cp.2_1                             0x00001f90   Number         4  app.o(.text.get_flash_checksum)
    [Anonymous Symbol]                       0x00001f94   Section        0  interlock.o(.text.interlock)
    __arm_cp.0_14                            0x0000237c   Number         4  interlock.o(.text.interlock)
    __arm_cp.0_0                             0x000023c8   Number         4  interlock.o(.text.interlock)
    __arm_cp.0_2                             0x000023cc   Number         4  interlock.o(.text.interlock)
    __arm_cp.0_3                             0x000023d0   Number         4  interlock.o(.text.interlock)
    __arm_cp.0_4                             0x000023d4   Number         4  interlock.o(.text.interlock)
    __arm_cp.0_5                             0x000023d8   Number         4  interlock.o(.text.interlock)
    __arm_cp.0_6                             0x000023dc   Number         4  interlock.o(.text.interlock)
    __arm_cp.0_7                             0x000023e0   Number         4  interlock.o(.text.interlock)
    __arm_cp.0_8                             0x000023e4   Number         4  interlock.o(.text.interlock)
    __arm_cp.0_9                             0x000023e8   Number         4  interlock.o(.text.interlock)
    __arm_cp.0_10                            0x000023ec   Number         4  interlock.o(.text.interlock)
    __arm_cp.0_11                            0x000023f0   Number         4  interlock.o(.text.interlock)
    __arm_cp.0_12                            0x000023f4   Number         4  interlock.o(.text.interlock)
    [Anonymous Symbol]                       0x000023f8   Section        0  interlock_sl.o(.text.interlock_Buzzer_SM)
    __arm_cp.3_3                             0x00002504   Number         4  interlock_sl.o(.text.interlock_Buzzer_SM)
    [Anonymous Symbol]                       0x00002508   Section        0  interlock_dl.o(.text.interlock_Buzzer_SM_TCF_DL)
    __arm_cp.4_6                             0x00002648   Number         4  interlock_dl.o(.text.interlock_Buzzer_SM_TCF_DL)
    __arm_cp.4_7                             0x0000264c   Number         4  interlock_dl.o(.text.interlock_Buzzer_SM_TCF_DL)
    [Anonymous Symbol]                       0x00002650   Section        0  interlock_dl.o(.text.interlock_Buzzer_SM_TGT_DL)
    __arm_cp.3_1                             0x00002790   Number         4  interlock_dl.o(.text.interlock_Buzzer_SM_TGT_DL)
    __arm_cp.3_2                             0x00002794   Number         4  interlock_dl.o(.text.interlock_Buzzer_SM_TGT_DL)
    __arm_cp.3_3                             0x00002798   Number         4  interlock_dl.o(.text.interlock_Buzzer_SM_TGT_DL)
    __arm_cp.3_4                             0x0000279c   Number         4  interlock_dl.o(.text.interlock_Buzzer_SM_TGT_DL)
    __arm_cp.3_5                             0x000027a0   Number         4  interlock_dl.o(.text.interlock_Buzzer_SM_TGT_DL)
    __arm_cp.3_6                             0x000027a4   Number         4  interlock_dl.o(.text.interlock_Buzzer_SM_TGT_DL)
    __arm_cp.3_7                             0x000027a8   Number         4  interlock_dl.o(.text.interlock_Buzzer_SM_TGT_DL)
    [Anonymous Symbol]                       0x000027ac   Section        0  interlock_bypass.o(.text.interlock_Bypass)
    __arm_cp.0_0                             0x00002860   Number         4  interlock_bypass.o(.text.interlock_Bypass)
    __arm_cp.0_1                             0x00002864   Number         4  interlock_bypass.o(.text.interlock_Bypass)
    [Anonymous Symbol]                       0x00002868   Section        0  interlock_dl.o(.text.interlock_DL)
    __arm_cp.0_20                            0x00002c54   Number         4  interlock_dl.o(.text.interlock_DL)
    __arm_cp.0_21                            0x00002c58   Number         4  interlock_dl.o(.text.interlock_DL)
    __arm_cp.0_22                            0x00002c5c   Number         4  interlock_dl.o(.text.interlock_DL)
    __arm_cp.0_23                            0x00002c60   Number         4  interlock_dl.o(.text.interlock_DL)
    __arm_cp.0_24                            0x00002c64   Number         4  interlock_dl.o(.text.interlock_DL)
    __arm_cp.0_25                            0x00002c68   Number         4  interlock_dl.o(.text.interlock_DL)
    __arm_cp.0_26                            0x00002c6c   Number         4  interlock_dl.o(.text.interlock_DL)
    __arm_cp.0_27                            0x00002c70   Number         4  interlock_dl.o(.text.interlock_DL)
    __arm_cp.0_28                            0x00002c74   Number         4  interlock_dl.o(.text.interlock_DL)
    __arm_cp.0_30                            0x00002c7c   Number         4  interlock_dl.o(.text.interlock_DL)
    __arm_cp.0_31                            0x00003080   Number         4  interlock_dl.o(.text.interlock_DL)
    __arm_cp.0_32                            0x00003084   Number         4  interlock_dl.o(.text.interlock_DL)
    __arm_cp.0_33                            0x00003088   Number         4  interlock_dl.o(.text.interlock_DL)
    __arm_cp.0_34                            0x0000308c   Number         4  interlock_dl.o(.text.interlock_DL)
    __arm_cp.0_35                            0x00003090   Number         4  interlock_dl.o(.text.interlock_DL)
    __arm_cp.0_36                            0x00003094   Number         4  interlock_dl.o(.text.interlock_DL)
    __arm_cp.0_37                            0x00003098   Number         4  interlock_dl.o(.text.interlock_DL)
    __arm_cp.0_38                            0x0000399c   Number         4  interlock_dl.o(.text.interlock_DL)
    __arm_cp.0_39                            0x000039a0   Number         4  interlock_dl.o(.text.interlock_DL)
    __arm_cp.0_9                             0x00003a90   Number         4  interlock_dl.o(.text.interlock_DL)
    [Anonymous Symbol]                       0x00003a94   Section        0  interlock_sl.o(.text.interlock_SL)
    __arm_cp.0_18                            0x00003e68   Number         4  interlock_sl.o(.text.interlock_SL)
    __arm_cp.0_19                            0x00003e6c   Number         4  interlock_sl.o(.text.interlock_SL)
    __arm_cp.0_20                            0x00003e70   Number         4  interlock_sl.o(.text.interlock_SL)
    __arm_cp.0_21                            0x00003e74   Number         4  interlock_sl.o(.text.interlock_SL)
    __arm_cp.0_22                            0x00003e78   Number         4  interlock_sl.o(.text.interlock_SL)
    __arm_cp.0_23                            0x00003e7c   Number         4  interlock_sl.o(.text.interlock_SL)
    __arm_cp.0_24                            0x00003e80   Number         4  interlock_sl.o(.text.interlock_SL)
    __arm_cp.0_25                            0x00003e84   Number         4  interlock_sl.o(.text.interlock_SL)
    __arm_cp.0_26                            0x00003e88   Number         4  interlock_sl.o(.text.interlock_SL)
    __arm_cp.0_28                            0x000042a0   Number         4  interlock_sl.o(.text.interlock_SL)
    __arm_cp.0_29                            0x000042a4   Number         4  interlock_sl.o(.text.interlock_SL)
    __arm_cp.0_30                            0x000042a8   Number         4  interlock_sl.o(.text.interlock_SL)
    __arm_cp.0_31                            0x000042ac   Number         4  interlock_sl.o(.text.interlock_SL)
    __arm_cp.0_32                            0x000042b0   Number         4  interlock_sl.o(.text.interlock_SL)
    __arm_cp.0_33                            0x00004768   Number         4  interlock_sl.o(.text.interlock_SL)
    __arm_cp.0_34                            0x0000476c   Number         4  interlock_sl.o(.text.interlock_SL)
    __arm_cp.0_35                            0x00004770   Number         4  interlock_sl.o(.text.interlock_SL)
    __arm_cp.0_9                             0x00004f9c   Number         4  interlock_sl.o(.text.interlock_SL)
    [Anonymous Symbol]                       0x00004fa0   Section        0  interlock_sl.o(.text.interlock_TCF_SM)
    __arm_cp.2_0                             0x00005240   Number         4  interlock_sl.o(.text.interlock_TCF_SM)
    __arm_cp.2_1                             0x00005244   Number         4  interlock_sl.o(.text.interlock_TCF_SM)
    __arm_cp.2_2                             0x00005248   Number         4  interlock_sl.o(.text.interlock_TCF_SM)
    __arm_cp.2_3                             0x0000524c   Number         4  interlock_sl.o(.text.interlock_TCF_SM)
    __arm_cp.2_4                             0x00005250   Number         4  interlock_sl.o(.text.interlock_TCF_SM)
    __arm_cp.2_5                             0x00005254   Number         4  interlock_sl.o(.text.interlock_TCF_SM)
    __arm_cp.2_6                             0x00005258   Number         4  interlock_sl.o(.text.interlock_TCF_SM)
    __arm_cp.2_7                             0x0000525c   Number         4  interlock_sl.o(.text.interlock_TCF_SM)
    [Anonymous Symbol]                       0x00005260   Section        0  interlock_dl.o(.text.interlock_TCF_SM_DL)
    __arm_cp.2_0                             0x0000552c   Number         4  interlock_dl.o(.text.interlock_TCF_SM_DL)
    __arm_cp.2_1                             0x00005530   Number         4  interlock_dl.o(.text.interlock_TCF_SM_DL)
    __arm_cp.2_2                             0x00005534   Number         4  interlock_dl.o(.text.interlock_TCF_SM_DL)
    __arm_cp.2_3                             0x00005538   Number         4  interlock_dl.o(.text.interlock_TCF_SM_DL)
    __arm_cp.2_4                             0x0000553c   Number         4  interlock_dl.o(.text.interlock_TCF_SM_DL)
    __arm_cp.2_5                             0x00005540   Number         4  interlock_dl.o(.text.interlock_TCF_SM_DL)
    __arm_cp.2_6                             0x00005544   Number         4  interlock_dl.o(.text.interlock_TCF_SM_DL)
    __arm_cp.2_7                             0x00005548   Number         4  interlock_dl.o(.text.interlock_TCF_SM_DL)
    __arm_cp.2_8                             0x0000554c   Number         4  interlock_dl.o(.text.interlock_TCF_SM_DL)
    __arm_cp.2_9                             0x00005550   Number         4  interlock_dl.o(.text.interlock_TCF_SM_DL)
    __arm_cp.2_10                            0x00005554   Number         4  interlock_dl.o(.text.interlock_TCF_SM_DL)
    [Anonymous Symbol]                       0x00005558   Section        0  interlock_sl.o(.text.interlock_TGT_SM)
    __arm_cp.1_0                             0x0000592c   Number         4  interlock_sl.o(.text.interlock_TGT_SM)
    __arm_cp.1_1                             0x00005930   Number         4  interlock_sl.o(.text.interlock_TGT_SM)
    __arm_cp.1_2                             0x00005934   Number         4  interlock_sl.o(.text.interlock_TGT_SM)
    __arm_cp.1_3                             0x00005938   Number         4  interlock_sl.o(.text.interlock_TGT_SM)
    __arm_cp.1_4                             0x0000593c   Number         4  interlock_sl.o(.text.interlock_TGT_SM)
    __arm_cp.1_5                             0x00005940   Number         4  interlock_sl.o(.text.interlock_TGT_SM)
    __arm_cp.1_6                             0x00005944   Number         4  interlock_sl.o(.text.interlock_TGT_SM)
    __arm_cp.1_7                             0x00005948   Number         4  interlock_sl.o(.text.interlock_TGT_SM)
    [Anonymous Symbol]                       0x0000594c   Section        0  interlock_dl.o(.text.interlock_TGT_SM_DL)
    __arm_cp.1_0                             0x00005c30   Number         4  interlock_dl.o(.text.interlock_TGT_SM_DL)
    __arm_cp.1_1                             0x00005c34   Number         4  interlock_dl.o(.text.interlock_TGT_SM_DL)
    __arm_cp.1_2                             0x00005c38   Number         4  interlock_dl.o(.text.interlock_TGT_SM_DL)
    __arm_cp.1_3                             0x00005c3c   Number         4  interlock_dl.o(.text.interlock_TGT_SM_DL)
    __arm_cp.1_4                             0x00005c40   Number         4  interlock_dl.o(.text.interlock_TGT_SM_DL)
    __arm_cp.1_5                             0x00005c44   Number         4  interlock_dl.o(.text.interlock_TGT_SM_DL)
    __arm_cp.1_6                             0x00005c48   Number         4  interlock_dl.o(.text.interlock_TGT_SM_DL)
    __arm_cp.1_7                             0x00005c4c   Number         4  interlock_dl.o(.text.interlock_TGT_SM_DL)
    __arm_cp.1_8                             0x00005c50   Number         4  interlock_dl.o(.text.interlock_TGT_SM_DL)
    __arm_cp.1_9                             0x00005c54   Number         4  interlock_dl.o(.text.interlock_TGT_SM_DL)
    __arm_cp.1_10                            0x00005c58   Number         4  interlock_dl.o(.text.interlock_TGT_SM_DL)
    [Anonymous Symbol]                       0x00005c5c   Section        0  interlock.o(.text.interlock_set_defaults)
    __arm_cp.1_0                             0x00005f3c   Number         4  interlock.o(.text.interlock_set_defaults)
    __arm_cp.1_1                             0x00005f40   Number         4  interlock.o(.text.interlock_set_defaults)
    __arm_cp.1_2                             0x00005f44   Number         4  interlock.o(.text.interlock_set_defaults)
    [Anonymous Symbol]                       0x00005f48   Section        0  main.o(.text.main)
    set_ctrl_defaults                        0x00005f61   Thumb Code    84  app.o(.text.set_ctrl_defaults)
    [Anonymous Symbol]                       0x00005f60   Section        0  app.o(.text.set_ctrl_defaults)
    __arm_cp.1_0                             0x00005fb4   Number         4  app.o(.text.set_ctrl_defaults)
    [Anonymous Symbol]                       0x00005fb8   Section        0  drvr_spi.o(.text.spi_agent_sm)
    [Anonymous Symbol]                       0x000060b8   Section        0  drvr_spi.o(.text.spi_ctor)
    __arm_cp.0_0                             0x00006210   Number         4  drvr_spi.o(.text.spi_ctor)
    __arm_cp.0_1                             0x00006214   Number         4  drvr_spi.o(.text.spi_ctor)
    __arm_cp.0_2                             0x00006218   Number         4  drvr_spi.o(.text.spi_ctor)
    __arm_cp.0_3                             0x0000621c   Number         4  drvr_spi.o(.text.spi_ctor)
    __arm_cp.0_4                             0x00006220   Number         4  drvr_spi.o(.text.spi_ctor)
    __arm_cp.0_5                             0x00006224   Number         4  drvr_spi.o(.text.spi_ctor)
    __arm_cp.0_6                             0x00006228   Number         4  drvr_spi.o(.text.spi_ctor)
    __arm_cp.0_7                             0x0000622c   Number         4  drvr_spi.o(.text.spi_ctor)
    __arm_cp.0_8                             0x00006230   Number         4  drvr_spi.o(.text.spi_ctor)
    __arm_cp.0_9                             0x00006234   Number         4  drvr_spi.o(.text.spi_ctor)
    __arm_cp.0_10                            0x00006238   Number         4  drvr_spi.o(.text.spi_ctor)
    __arm_cp.0_11                            0x0000623c   Number         4  drvr_spi.o(.text.spi_ctor)
    __arm_cp.0_12                            0x00006240   Number         4  drvr_spi.o(.text.spi_ctor)
    __arm_cp.0_13                            0x00006244   Number         4  drvr_spi.o(.text.spi_ctor)
    [Anonymous Symbol]                       0x00006248   Section        0  app.o(.text.spi_read_cb)
    __arm_cp.5_6                             0x00006648   Number         4  app.o(.text.spi_read_cb)
    __arm_cp.5_7                             0x0000664c   Number         4  app.o(.text.spi_read_cb)
    __arm_cp.5_9                             0x00006654   Number         4  app.o(.text.spi_read_cb)
    __arm_cp.5_10                            0x00006658   Number         4  app.o(.text.spi_read_cb)
    __arm_cp.5_1                             0x00006a8c   Number         4  app.o(.text.spi_read_cb)
    __arm_cp.5_2                             0x00006a90   Number         4  app.o(.text.spi_read_cb)
    sysClock_Init                            0x00006a95   Thumb Code    28  bsp.o(.text.sysClock_Init)
    [Anonymous Symbol]                       0x00006a94   Section        0  bsp.o(.text.sysClock_Init)
    sysTimer_Init                            0x00006ab1   Thumb Code    64  bsp.o(.text.sysTimer_Init)
    [Anonymous Symbol]                       0x00006ab0   Section        0  bsp.o(.text.sysTimer_Init)
    __arm_cp.3_0                             0x00006af0   Number         4  bsp.o(.text.sysTimer_Init)
    __arm_cp.3_1                             0x00006af4   Number         4  bsp.o(.text.sysTimer_Init)
    __arm_cp.3_2                             0x00006af8   Number         4  bsp.o(.text.sysTimer_Init)
    [Anonymous Symbol]                       0x00006afc   Section        0  app.o(.text.vi_process)
    __arm_cp.4_0                             0x00006d58   Number         4  app.o(.text.vi_process)
    __arm_cp.4_1                             0x00006d5c   Number         4  app.o(.text.vi_process)
    __arm_cp.4_2                             0x00006d60   Number         4  app.o(.text.vi_process)
    __arm_cp.4_3                             0x00006d64   Number         4  app.o(.text.vi_process)
    __arm_cp.4_4                             0x00006d68   Number         4  app.o(.text.vi_process)
    __arm_cp.4_5                             0x00006d6c   Number         4  app.o(.text.vi_process)
    __arm_cp.4_6                             0x00006d70   Number         4  app.o(.text.vi_process)
    [Anonymous Symbol]                       0x00006d74   Section        0  bsp.o(.text.wait_ms)
    __arm_cp.0_0                             0x00006d98   Number         4  bsp.o(.text.wait_ms)
    i.__0printf                              0x00006d9c   Section        0  printfa.o(i.__0printf)
    i.__ARM_clz                              0x00006dbc   Section        0  depilogue.o(i.__ARM_clz)
    i.__scatterload_copy                     0x00006dea   Section       14  handlers.o(i.__scatterload_copy)
    i.__scatterload_null                     0x00006df8   Section        2  handlers.o(i.__scatterload_null)
    i.__scatterload_zeroinit                 0x00006dfa   Section       14  handlers.o(i.__scatterload_zeroinit)
    _fp_digits                               0x00006e09   Thumb Code   344  printfa.o(i._fp_digits)
    i._fp_digits                             0x00006e08   Section        0  printfa.o(i._fp_digits)
    _printf_core                             0x00006f7d   Thumb Code  1754  printfa.o(i._printf_core)
    i._printf_core                           0x00006f7c   Section        0  printfa.o(i._printf_core)
    _printf_post_padding                     0x00007669   Thumb Code    32  printfa.o(i._printf_post_padding)
    i._printf_post_padding                   0x00007668   Section        0  printfa.o(i._printf_post_padding)
    _printf_pre_padding                      0x00007689   Thumb Code    44  printfa.o(i._printf_pre_padding)
    i._printf_pre_padding                    0x00007688   Section        0  printfa.o(i._printf_pre_padding)
    [Anonymous Symbol]                       0x000076b4   Section        0  clk.o(.rodata.cst32)
    [Anonymous Symbol]                       0x000076d4   Section        0  timer.o(.rodata.cst32)
    [Anonymous Symbol]                       0x000076f4   Section        0  retarget.o(.rodata.str1.1)
    vi_process.read_gap                      0x2000002c   Data           2  app.o(.data.vi_process.read_gap)
    [Anonymous Symbol]                       0x2000002c   Section        0  app.o(.data.vi_process.read_gap)
    buf_rx_cpux                              0x2000008c   Data         100  bsp.o(.bss.buf_rx_cpux)
    [Anonymous Symbol]                       0x2000008c   Section        0  bsp.o(.bss.buf_rx_cpux)
    buf_tx_cpux                              0x200000f0   Data         100  bsp.o(.bss.buf_tx_cpux)
    [Anonymous Symbol]                       0x200000f0   Section        0  bsp.o(.bss.buf_tx_cpux)
    cpu_fpga_xfer.clk_last                   0x20000154   Data           1  app.o(.bss.cpu_fpga_xfer.clk_last)
    [Anonymous Symbol]                       0x20000154   Section        0  app.o(.bss.cpu_fpga_xfer.clk_last)
    cpu_fpga_xfer.clks                       0x20000155   Data           1  app.o(.bss.cpu_fpga_xfer.clks)
    [Anonymous Symbol]                       0x20000155   Section        0  app.o(.bss.cpu_fpga_xfer.clks)
    cpu_fpga_xfer.data_1                     0x20000156   Data           1  app.o(.bss.cpu_fpga_xfer.data_1)
    [Anonymous Symbol]                       0x20000156   Section        0  app.o(.bss.cpu_fpga_xfer.data_1)
    cpu_fpga_xfer.i_1                        0x20000157   Data           1  app.o(.bss.cpu_fpga_xfer.i_1)
    [Anonymous Symbol]                       0x20000157   Section        0  app.o(.bss.cpu_fpga_xfer.i_1)
    cpu_fpga_xfer.k_1                        0x20000158   Data           1  app.o(.bss.cpu_fpga_xfer.k_1)
    [Anonymous Symbol]                       0x20000158   Section        0  app.o(.bss.cpu_fpga_xfer.k_1)
    cpu_fpga_xfer.sm_state                   0x20000159   Data           1  app.o(.bss.cpu_fpga_xfer.sm_state)
    [Anonymous Symbol]                       0x20000159   Section        0  app.o(.bss.cpu_fpga_xfer.sm_state)
    cpu_fpga_xfer.sm_state_1                 0x2000015a   Data           1  app.o(.bss.cpu_fpga_xfer.sm_state_1)
    [Anonymous Symbol]                       0x2000015a   Section        0  app.o(.bss.cpu_fpga_xfer.sm_state_1)
    cpu_fpga_xfer.st_i                       0x2000015b   Data           1  app.o(.bss.cpu_fpga_xfer.st_i)
    [Anonymous Symbol]                       0x2000015b   Section        0  app.o(.bss.cpu_fpga_xfer.st_i)
    cpu_fpga_xfer.st_k                       0x2000015c   Data           1  app.o(.bss.cpu_fpga_xfer.st_k)
    [Anonymous Symbol]                       0x2000015c   Section        0  app.o(.bss.cpu_fpga_xfer.st_k)
    cpu_state                                0x20000160   Data           4  app.o(.bss.cpu_state)
    [Anonymous Symbol]                       0x20000160   Section        0  app.o(.bss.cpu_state)
    db                                       0x20000168   Data         212  app.o(.bss.db)
    [Anonymous Symbol]                       0x20000168   Section        0  app.o(.bss.db)
    fifo_rx_cpux                             0x2000023c   Data          16  bsp.o(.bss.fifo_rx_cpux)
    [Anonymous Symbol]                       0x2000023c   Section        0  bsp.o(.bss.fifo_rx_cpux)
    fifo_tx_cpux                             0x2000024c   Data          16  bsp.o(.bss.fifo_tx_cpux)
    [Anonymous Symbol]                       0x2000024c   Section        0  bsp.o(.bss.fifo_tx_cpux)
    g_tcf_120jpr_state                       0x2000026e   Data           1  interlock_dl.o(.bss.g_tcf_120jpr_state)
    [Anonymous Symbol]                       0x2000026e   Section        0  interlock_dl.o(.bss.g_tcf_120jpr_state)
    interlock_Buzzer_SM.lstate_Buzzer_SM     0x2000026f   Data           1  interlock_sl.o(.bss.interlock_Buzzer_SM.lstate_Buzzer_SM)
    [Anonymous Symbol]                       0x2000026f   Section        0  interlock_sl.o(.bss.interlock_Buzzer_SM.lstate_Buzzer_SM)
    interlock_Buzzer_SM_TCF_DL.lstate_Buzzer_SM_TCF_DL 0x20000270   Data           1  interlock_dl.o(.bss.interlock_Buzzer_SM_TCF_DL.lstate_Buzzer_SM_TCF_DL)
    [Anonymous Symbol]                       0x20000270   Section        0  interlock_dl.o(.bss.interlock_Buzzer_SM_TCF_DL.lstate_Buzzer_SM_TCF_DL)
    interlock_Buzzer_SM_TGT_DL.lstate_Buzzer_SM_TGT_DL 0x20000271   Data           1  interlock_dl.o(.bss.interlock_Buzzer_SM_TGT_DL.lstate_Buzzer_SM_TGT_DL)
    [Anonymous Symbol]                       0x20000271   Section        0  interlock_dl.o(.bss.interlock_Buzzer_SM_TGT_DL.lstate_Buzzer_SM_TGT_DL)
    interlock_DL.lstate_DL                   0x20000272   Data           1  interlock_dl.o(.bss.interlock_DL.lstate_DL)
    [Anonymous Symbol]                       0x20000272   Section        0  interlock_dl.o(.bss.interlock_DL.lstate_DL)
    interlock_SL.lstate_SL                   0x20000273   Data           1  interlock_sl.o(.bss.interlock_SL.lstate_SL)
    [Anonymous Symbol]                       0x20000273   Section        0  interlock_sl.o(.bss.interlock_SL.lstate_SL)
    interlock_TCF_SM.cancel_req_TCF_SM       0x20000274   Data           1  interlock_sl.o(.bss.interlock_TCF_SM.cancel_req_TCF_SM)
    [Anonymous Symbol]                       0x20000274   Section        0  interlock_sl.o(.bss.interlock_TCF_SM.cancel_req_TCF_SM)
    interlock_TCF_SM.lstate_TCF_SM           0x20000275   Data           1  interlock_sl.o(.bss.interlock_TCF_SM.lstate_TCF_SM)
    [Anonymous Symbol]                       0x20000275   Section        0  interlock_sl.o(.bss.interlock_TCF_SM.lstate_TCF_SM)
    interlock_TCF_SM_DL.cancel_req           0x20000276   Data           1  interlock_dl.o(.bss.interlock_TCF_SM_DL.cancel_req)
    [Anonymous Symbol]                       0x20000276   Section        0  interlock_dl.o(.bss.interlock_TCF_SM_DL.cancel_req)
    interlock_TCF_SM_DL.lstate_TCF_SM_DL     0x20000277   Data           1  interlock_dl.o(.bss.interlock_TCF_SM_DL.lstate_TCF_SM_DL)
    [Anonymous Symbol]                       0x20000277   Section        0  interlock_dl.o(.bss.interlock_TCF_SM_DL.lstate_TCF_SM_DL)
    interlock_TGT_SM.lstate_TGT_SM           0x20000278   Data           1  interlock_sl.o(.bss.interlock_TGT_SM.lstate_TGT_SM)
    [Anonymous Symbol]                       0x20000278   Section        0  interlock_sl.o(.bss.interlock_TGT_SM.lstate_TGT_SM)
    interlock_TGT_SM.shkr_state_SL           0x20000279   Data           1  interlock_sl.o(.bss.interlock_TGT_SM.shkr_state_SL)
    [Anonymous Symbol]                       0x20000279   Section        0  interlock_sl.o(.bss.interlock_TGT_SM.shkr_state_SL)
    interlock_TGT_SM_DL.lstate_TGT_SM_DL     0x2000027a   Data           1  interlock_dl.o(.bss.interlock_TGT_SM_DL.lstate_TGT_SM_DL)
    [Anonymous Symbol]                       0x2000027a   Section        0  interlock_dl.o(.bss.interlock_TGT_SM_DL.lstate_TGT_SM_DL)
    interlock_TGT_SM_DL.shkr_state           0x2000027b   Data           1  interlock_dl.o(.bss.interlock_TGT_SM_DL.shkr_state)
    [Anonymous Symbol]                       0x2000027b   Section        0  interlock_dl.o(.bss.interlock_TGT_SM_DL.shkr_state)
    ticks                                    0x20000294   Data           4  bsp.o(.bss.ticks)
    [Anonymous Symbol]                       0x20000294   Section        0  bsp.o(.bss.ticks)
    vi_process.lstate                        0x2000029d   Data           1  app.o(.bss.vi_process.lstate)
    [Anonymous Symbol]                       0x2000029d   Section        0  app.o(.bss.vi_process.lstate)
    vi_process.relayidx                      0x2000029e   Data           1  app.o(.bss.vi_process.relayidx)
    [Anonymous Symbol]                       0x2000029e   Section        0  app.o(.bss.vi_process.relayidx)
    wait_time                                0x200002ac   Data           4  bsp.o(.bss.wait_time)
    [Anonymous Symbol]                       0x200002ac   Section        0  bsp.o(.bss.wait_time)
    STACK                                    0x200002b0   Section     2048  startup_m261.o(STACK)

    Global Symbols

    Symbol Name                              Value     Ov Type        Size  Object(Section)

    BuildAttributes$$THM_ISAv3M$S$8M$PE$A:L22$X:L11$S22$IEEE1$IW$~IW$USESV6$~STKCKD$USESV7$WCHAR32$ENUMINT$~SHL$OSPACE$ROPI$EBA8$MICROLIB$REQ8$PRES8$EABIv2 0x00000000   Number         0  anon$$obj.o ABSOLUTE
    __Vectors                                0x00000000   Data           4  startup_m261.o(RESET)
    __cpp_initialize__aeabi_                  - Undefined Weak Reference
    __cxa_finalize                            - Undefined Weak Reference
    __decompress                              - Undefined Weak Reference
    _clock_init                               - Undefined Weak Reference
    _microlib_exit                            - Undefined Weak Reference
    __Vectors_End                            0x000001d8   Data           0  startup_m261.o(RESET)
    __Vectors_Size                           0x000001d8   Number         0  startup_m261.o ABSOLUTE
    __main                                   0x000001d9   Thumb Code     0  entry.o(.ARM.Collect$$$$00000000)
    _main_stk                                0x000001d9   Thumb Code     0  entry2.o(.ARM.Collect$$$$00000001)
    _main_scatterload                        0x000001dd   Thumb Code     0  entry5.o(.ARM.Collect$$$$00000004)
    __main_after_scatterload                 0x000001e1   Thumb Code     0  entry5.o(.ARM.Collect$$$$00000004)
    _main_clock                              0x000001e1   Thumb Code     0  entry7b.o(.ARM.Collect$$$$00000008)
    _main_cpp_init                           0x000001e1   Thumb Code     0  entry8b.o(.ARM.Collect$$$$0000000A)
    _main_init                               0x000001e1   Thumb Code     0  entry9a.o(.ARM.Collect$$$$0000000B)
    __rt_final_cpp                           0x000001e9   Thumb Code     0  entry10a.o(.ARM.Collect$$$$0000000D)
    __rt_final_exit                          0x000001e9   Thumb Code     0  entry11a.o(.ARM.Collect$$$$0000000F)
    Reset_Handler                            0x000001ed   Thumb Code     8  startup_m261.o(.text)
    NMI_Handler                              0x000001f5   Thumb Code     2  startup_m261.o(.text)
    HardFault_Handler                        0x000001f7   Thumb Code    16  startup_m261.o(.text)
    SVC_Handler                              0x00000207   Thumb Code     2  startup_m261.o(.text)
    PendSV_Handler                           0x00000209   Thumb Code     2  startup_m261.o(.text)
    SysTick_Handler                          0x0000020b   Thumb Code     2  startup_m261.o(.text)
    ACMP01_IRQHandler                        0x0000020d   Thumb Code     0  startup_m261.o(.text)
    BOD_IRQHandler                           0x0000020d   Thumb Code     0  startup_m261.o(.text)
    BPWM0_IRQHandler                         0x0000020d   Thumb Code     0  startup_m261.o(.text)
    BPWM1_IRQHandler                         0x0000020d   Thumb Code     0  startup_m261.o(.text)
    BRAKE0_IRQHandler                        0x0000020d   Thumb Code     0  startup_m261.o(.text)
    BRAKE1_IRQHandler                        0x0000020d   Thumb Code     0  startup_m261.o(.text)
    CAN0_IRQHandler                          0x0000020d   Thumb Code     0  startup_m261.o(.text)
    CAN1_IRQHandler                          0x0000020d   Thumb Code     0  startup_m261.o(.text)
    CLKFAIL_IRQHandler                       0x0000020d   Thumb Code     0  startup_m261.o(.text)
    CRPT_IRQHandler                          0x0000020d   Thumb Code     0  startup_m261.o(.text)
    DAC_IRQHandler                           0x0000020d   Thumb Code     0  startup_m261.o(.text)
    DEFAULT_IRQHandler                       0x0000020d   Thumb Code     0  startup_m261.o(.text)
    EADC0_IRQHandler                         0x0000020d   Thumb Code     0  startup_m261.o(.text)
    EADC1_IRQHandler                         0x0000020d   Thumb Code     0  startup_m261.o(.text)
    EADC2_IRQHandler                         0x0000020d   Thumb Code     0  startup_m261.o(.text)
    EADC3_IRQHandler                         0x0000020d   Thumb Code     0  startup_m261.o(.text)
    ECAP0_IRQHandler                         0x0000020d   Thumb Code     0  startup_m261.o(.text)
    ECAP1_IRQHandler                         0x0000020d   Thumb Code     0  startup_m261.o(.text)
    EINT0_IRQHandler                         0x0000020d   Thumb Code     0  startup_m261.o(.text)
    EINT1_IRQHandler                         0x0000020d   Thumb Code     0  startup_m261.o(.text)
    EINT2_IRQHandler                         0x0000020d   Thumb Code     0  startup_m261.o(.text)
    EINT3_IRQHandler                         0x0000020d   Thumb Code     0  startup_m261.o(.text)
    EINT4_IRQHandler                         0x0000020d   Thumb Code     0  startup_m261.o(.text)
    EINT5_IRQHandler                         0x0000020d   Thumb Code     0  startup_m261.o(.text)
    EINT6_IRQHandler                         0x0000020d   Thumb Code     0  startup_m261.o(.text)
    EINT7_IRQHandler                         0x0000020d   Thumb Code     0  startup_m261.o(.text)
    EPWM0_P0_IRQHandler                      0x0000020d   Thumb Code     0  startup_m261.o(.text)
    EPWM0_P1_IRQHandler                      0x0000020d   Thumb Code     0  startup_m261.o(.text)
    EPWM0_P2_IRQHandler                      0x0000020d   Thumb Code     0  startup_m261.o(.text)
    EPWM1_P0_IRQHandler                      0x0000020d   Thumb Code     0  startup_m261.o(.text)
    EPWM1_P1_IRQHandler                      0x0000020d   Thumb Code     0  startup_m261.o(.text)
    EPWM1_P2_IRQHandler                      0x0000020d   Thumb Code     0  startup_m261.o(.text)
    GPA_IRQHandler                           0x0000020d   Thumb Code     0  startup_m261.o(.text)
    GPB_IRQHandler                           0x0000020d   Thumb Code     0  startup_m261.o(.text)
    GPC_IRQHandler                           0x0000020d   Thumb Code     0  startup_m261.o(.text)
    GPD_IRQHandler                           0x0000020d   Thumb Code     0  startup_m261.o(.text)
    GPE_IRQHandler                           0x0000020d   Thumb Code     0  startup_m261.o(.text)
    GPF_IRQHandler                           0x0000020d   Thumb Code     0  startup_m261.o(.text)
    GPG_IRQHandler                           0x0000020d   Thumb Code     0  startup_m261.o(.text)
    GPH_IRQHandler                           0x0000020d   Thumb Code     0  startup_m261.o(.text)
    I2C0_IRQHandler                          0x0000020d   Thumb Code     0  startup_m261.o(.text)
    I2C1_IRQHandler                          0x0000020d   Thumb Code     0  startup_m261.o(.text)
    I2C2_IRQHandler                          0x0000020d   Thumb Code     0  startup_m261.o(.text)
    I2S0_IRQHandler                          0x0000020d   Thumb Code     0  startup_m261.o(.text)
    IRC_IRQHandler                           0x0000020d   Thumb Code     0  startup_m261.o(.text)
    OPA0_IRQHandler                          0x0000020d   Thumb Code     0  startup_m261.o(.text)
    PDMA0_IRQHandler                         0x0000020d   Thumb Code     0  startup_m261.o(.text)
    PDMA1_IRQHandler                         0x0000020d   Thumb Code     0  startup_m261.o(.text)
    PWRWU_IRQHandler                         0x0000020d   Thumb Code     0  startup_m261.o(.text)
    QEI0_IRQHandler                          0x0000020d   Thumb Code     0  startup_m261.o(.text)
    QEI1_IRQHandler                          0x0000020d   Thumb Code     0  startup_m261.o(.text)
    QSPI0_IRQHandler                         0x0000020d   Thumb Code     0  startup_m261.o(.text)
    RTC_IRQHandler                           0x0000020d   Thumb Code     0  startup_m261.o(.text)
    SC0_IRQHandler                           0x0000020d   Thumb Code     0  startup_m261.o(.text)
    SC1_IRQHandler                           0x0000020d   Thumb Code     0  startup_m261.o(.text)
    SC2_IRQHandler                           0x0000020d   Thumb Code     0  startup_m261.o(.text)
    SC3_IRQHandler                           0x0000020d   Thumb Code     0  startup_m261.o(.text)
    SCU_IRQHandler                           0x0000020d   Thumb Code     0  startup_m261.o(.text)
    SDH0_IRQHandler                          0x0000020d   Thumb Code     0  startup_m261.o(.text)
    SDH1_IRQHandler                          0x0000020d   Thumb Code     0  startup_m261.o(.text)
    SPI0_IRQHandler                          0x0000020d   Thumb Code     0  startup_m261.o(.text)
    SPI1_IRQHandler                          0x0000020d   Thumb Code     0  startup_m261.o(.text)
    SPI2_IRQHandler                          0x0000020d   Thumb Code     0  startup_m261.o(.text)
    SPI3_IRQHandler                          0x0000020d   Thumb Code     0  startup_m261.o(.text)
    SRAM_IRQHandler                          0x0000020d   Thumb Code     0  startup_m261.o(.text)
    TAMPER_IRQHandler                        0x0000020d   Thumb Code     0  startup_m261.o(.text)
    TMR0_IRQHandler                          0x0000020d   Thumb Code     0  startup_m261.o(.text)
    TMR1_IRQHandler                          0x0000020d   Thumb Code     0  startup_m261.o(.text)
    TMR2_IRQHandler                          0x0000020d   Thumb Code     0  startup_m261.o(.text)
    TRNG_IRQHandler                          0x0000020d   Thumb Code     0  startup_m261.o(.text)
    UART0_IRQHandler                         0x0000020d   Thumb Code     0  startup_m261.o(.text)
    UART1_IRQHandler                         0x0000020d   Thumb Code     0  startup_m261.o(.text)
    UART2_IRQHandler                         0x0000020d   Thumb Code     0  startup_m261.o(.text)
    UART3_IRQHandler                         0x0000020d   Thumb Code     0  startup_m261.o(.text)
    UART4_IRQHandler                         0x0000020d   Thumb Code     0  startup_m261.o(.text)
    UART5_IRQHandler                         0x0000020d   Thumb Code     0  startup_m261.o(.text)
    USBD_IRQHandler                          0x0000020d   Thumb Code     0  startup_m261.o(.text)
    USBH_IRQHandler                          0x0000020d   Thumb Code     0  startup_m261.o(.text)
    USBOTG_IRQHandler                        0x0000020d   Thumb Code     0  startup_m261.o(.text)
    USCI0_IRQHandler                         0x0000020d   Thumb Code     0  startup_m261.o(.text)
    USCI1_IRQHandler                         0x0000020d   Thumb Code     0  startup_m261.o(.text)
    WDT_IRQHandler                           0x0000020d   Thumb Code     0  startup_m261.o(.text)
    WWDT_IRQHandler                          0x0000020d   Thumb Code     0  startup_m261.o(.text)
    SH_DoCommand                             0x00000211   Thumb Code    10  startup_m261.o(.text)
    __PC                                     0x0000021b   Thumb Code     6  startup_m261.o(.text)
    __aeabi_uldivmod                         0x00000231   Thumb Code    96  uldiv.o(.text)
    __I$use$fp                               0x00000291   Thumb Code     0  iusefp.o(.text)
    __aeabi_dadd                             0x00000291   Thumb Code   328  dadd.o(.text)
    __aeabi_dsub                             0x000003d9   Thumb Code    12  dadd.o(.text)
    __aeabi_drsub                            0x000003e5   Thumb Code    12  dadd.o(.text)
    __aeabi_dmul                             0x000003f5   Thumb Code   202  dmul.o(.text)
    __aeabi_ddiv                             0x000004c5   Thumb Code   234  ddiv.o(.text)
    __aeabi_d2ulz                            0x000005b5   Thumb Code    54  dfixul.o(.text)
    __aeabi_cdrcmple                         0x000005f5   Thumb Code    38  cdrcmple.o(.text)
    __scatterload                            0x0000061d   Thumb Code    38  init.o(.text)
    __scatterload_rt2                        0x0000061d   Thumb Code     0  init.o(.text)
    __aeabi_uidiv$div0                       0x0000064d   Thumb Code     0  uidiv_div0.o(.text)
    __aeabi_uidivmod                         0x0000064d   Thumb Code    62  uidiv_div0.o(.text)
    __aeabi_llsl                             0x0000068b   Thumb Code    32  llshl.o(.text)
    _ll_shift_l                              0x0000068b   Thumb Code     0  llshl.o(.text)
    __aeabi_llsr                             0x000006ab   Thumb Code    34  llushr.o(.text)
    _ll_ushift_r                             0x000006ab   Thumb Code     0  llushr.o(.text)
    __aeabi_lasr                             0x000006cd   Thumb Code    38  llsshr.o(.text)
    _ll_sshift_r                             0x000006cd   Thumb Code     0  llsshr.o(.text)
    _double_round                            0x000006f3   Thumb Code    26  depilogue.o(.text)
    _double_epilogue                         0x0000070d   Thumb Code   164  depilogue.o(.text)
    CLK_EnableModuleClock                    0x000007b1   Thumb Code    52  clk.o(.text.CLK_EnableModuleClock)
    CLK_EnableXtalRC                         0x000007e9   Thumb Code    20  clk.o(.text.CLK_EnableXtalRC)
    CLK_GetCPUFreq                           0x000007fd   Thumb Code   328  clk.o(.text.CLK_GetCPUFreq)
    CLK_GetHCLKFreq                          0x00000961   Thumb Code    12  clk.o(.text.CLK_GetHCLKFreq)
    CLK_GetModuleClockSource                 0x0000096d   Thumb Code   188  clk.o(.text.CLK_GetModuleClockSource)
    CLK_GetPCLK0Freq                         0x00000a3d   Thumb Code    24  clk.o(.text.CLK_GetPCLK0Freq)
    CLK_GetPCLK1Freq                         0x00000a55   Thumb Code    24  clk.o(.text.CLK_GetPCLK1Freq)
    CLK_GetPLLClockFreq                      0x00000a71   Thumb Code   148  clk.o(.text.CLK_GetPLLClockFreq)
    CLK_SetHCLK                              0x00000b15   Thumb Code   136  clk.o(.text.CLK_SetHCLK)
    CLK_SetModuleClock                       0x00000ba5   Thumb Code   156  clk.o(.text.CLK_SetModuleClock)
    CLK_WaitClockReady                       0x00000c49   Thumb Code    56  clk.o(.text.CLK_WaitClockReady)
    FMC_Close                                0x00000c89   Thumb Code    12  fmc.o(.text.FMC_Close)
    FMC_GetChkSum                            0x00000c95   Thumb Code   204  fmc.o(.text.FMC_GetChkSum)
    FMC_Open                                 0x00000d7d   Thumb Code    12  fmc.o(.text.FMC_Open)
    GPIO_SetMode                             0x00000d8d   Thumb Code    74  gpio.o(.text.GPIO_SetMode)
    ProcessHardFault                         0x00000dd9   Thumb Code   156  retarget.o(.text.ProcessHardFault)
    SH_Return                                0x00000e99   Thumb Code    14  retarget.o(.text.SH_Return)
    SPI_DisableAutoSS                        0x00000ea7   Thumb Code    18  spi.o(.text.SPI_DisableAutoSS)
    SPI_Open                                 0x00000eb9   Thumb Code   876  spi.o(.text.SPI_Open)
    SPI_SetFIFO                              0x0000124d   Thumb Code    38  spi.o(.text.SPI_SetFIFO)
    SendChar                                 0x000012b1   Thumb Code    16  retarget.o(.text.SendChar)
    SendChar_ToUART                          0x000012c1   Thumb Code    64  retarget.o(.text.SendChar_ToUART)
    SystemCoreClockUpdate                    0x00001309   Thumb Code    40  system_m261.o(.text.SystemCoreClockUpdate)
    SystemInit                               0x00001345   Thumb Code     8  system_m261.o(.text.SystemInit)
    TIMER_GetModuleClock                     0x00001379   Thumb Code   188  timer.o(.text.TIMER_GetModuleClock)
    TIMER_Open                               0x00001459   Thumb Code   114  timer.o(.text.TIMER_Open)
    TMR3_IRQHandler                          0x000014e1   Thumb Code   288  bsp.o(.text.TMR3_IRQHandler)
    bsp_ctor                                 0x000016cd   Thumb Code   260  bsp.o(.text.bsp_ctor)
    cpu_fpga_xfer                            0x00001815   Thumb Code   924  app.o(.text.cpu_fpga_xfer)
    cpu_sm                                   0x00001bf5   Thumb Code   480  app.o(.text.cpu_sm)
    fifo_init                                0x00001e01   Thumb Code    58  fifo.o(.text.fifo_init)
    fifo_read                                0x00001e3b   Thumb Code    98  fifo.o(.text.fifo_read)
    fifo_reset                               0x00001e9d   Thumb Code    40  fifo.o(.text.fifo_reset)
    fifo_write                               0x00001ec5   Thumb Code   102  fifo.o(.text.fifo_write)
    fputc                                    0x00001f2b   Thumb Code    20  retarget.o(.text.fputc)
    interlock                                0x00001f95   Thumb Code  1076  interlock.o(.text.interlock)
    interlock_Buzzer_SM                      0x000023f9   Thumb Code   268  interlock_sl.o(.text.interlock_Buzzer_SM)
    interlock_Buzzer_SM_TCF_DL               0x00002509   Thumb Code   320  interlock_dl.o(.text.interlock_Buzzer_SM_TCF_DL)
    interlock_Buzzer_SM_TGT_DL               0x00002651   Thumb Code   320  interlock_dl.o(.text.interlock_Buzzer_SM_TGT_DL)
    interlock_Bypass                         0x000027ad   Thumb Code   180  interlock_bypass.o(.text.interlock_Bypass)
    interlock_DL                             0x00002869   Thumb Code  4648  interlock_dl.o(.text.interlock_DL)
    interlock_SL                             0x00003a95   Thumb Code  5384  interlock_sl.o(.text.interlock_SL)
    interlock_TCF_SM                         0x00004fa1   Thumb Code   672  interlock_sl.o(.text.interlock_TCF_SM)
    interlock_TCF_SM_DL                      0x00005261   Thumb Code   716  interlock_dl.o(.text.interlock_TCF_SM_DL)
    interlock_TGT_SM                         0x00005559   Thumb Code   980  interlock_sl.o(.text.interlock_TGT_SM)
    interlock_TGT_SM_DL                      0x0000594d   Thumb Code   740  interlock_dl.o(.text.interlock_TGT_SM_DL)
    interlock_set_defaults                   0x00005c5d   Thumb Code   736  interlock.o(.text.interlock_set_defaults)
    main                                     0x00005f49   Thumb Code    24  main.o(.text.main)
    spi_agent_sm                             0x00005fb9   Thumb Code   256  drvr_spi.o(.text.spi_agent_sm)
    spi_ctor                                 0x000060b9   Thumb Code   344  drvr_spi.o(.text.spi_ctor)
    spi_read_cb                              0x00006249   Thumb Code  2116  app.o(.text.spi_read_cb)
    vi_process                               0x00006afd   Thumb Code   604  app.o(.text.vi_process)
    wait_ms                                  0x00006d75   Thumb Code    36  bsp.o(.text.wait_ms)
    __0printf                                0x00006d9d   Thumb Code    24  printfa.o(i.__0printf)
    __1printf                                0x00006d9d   Thumb Code     0  printfa.o(i.__0printf)
    __2printf                                0x00006d9d   Thumb Code     0  printfa.o(i.__0printf)
    __c89printf                              0x00006d9d   Thumb Code     0  printfa.o(i.__0printf)
    printf                                   0x00006d9d   Thumb Code     0  printfa.o(i.__0printf)
    __ARM_clz                                0x00006dbd   Thumb Code    46  depilogue.o(i.__ARM_clz)
    __scatterload_copy                       0x00006deb   Thumb Code    14  handlers.o(i.__scatterload_copy)
    __scatterload_null                       0x00006df9   Thumb Code     2  handlers.o(i.__scatterload_null)
    __scatterload_zeroinit                   0x00006dfb   Thumb Code    14  handlers.o(i.__scatterload_zeroinit)
    Region$$Table$$Base                      0x00007764   Number         0  anon$$obj.o(Region$$Table)
    Region$$Table$$Limit                     0x00007784   Number         0  anon$$obj.o(Region$$Table)
    RESERVED01                               0x00807e01   Thumb Code     8  mkromlib_nsc.o ABSOLUTE
    BL_CheckFlashAllOne                      0x00807e09   Thumb Code     8  mkromlib_nsc.o ABSOLUTE
    BL_DisableFMC                            0x00807e11   Thumb Code     8  mkromlib_nsc.o ABSOLUTE
    BL_EnableFMC                             0x00807e19   Thumb Code     8  mkromlib_nsc.o ABSOLUTE
    BL_EraseXOMRegion                        0x00807e21   Thumb Code     8  mkromlib_nsc.o ABSOLUTE
    BL_FlashChecksum                         0x00807e29   Thumb Code     8  mkromlib_nsc.o ABSOLUTE
    BL_FlashMultiRead                        0x00807e31   Thumb Code     8  mkromlib_nsc.o ABSOLUTE
    BL_FlashMultiWrite                       0x00807e39   Thumb Code     8  mkromlib_nsc.o ABSOLUTE
    BL_FlashPageErase                        0x00807e41   Thumb Code     8  mkromlib_nsc.o ABSOLUTE
    BL_FlashRead                             0x00807e49   Thumb Code     8  mkromlib_nsc.o ABSOLUTE
    BL_FlashWrite                            0x00807e51   Thumb Code     8  mkromlib_nsc.o ABSOLUTE
    BL_GetIDECCSignature                     0x00807e59   Thumb Code     8  mkromlib_nsc.o ABSOLUTE
    BL_GetISPStatus                          0x00807e61   Thumb Code     8  mkromlib_nsc.o ABSOLUTE
    BL_GetKPROMCounter                       0x00807e69   Thumb Code     8  mkromlib_nsc.o ABSOLUTE
    BL_GetKPROMPowerOnCounter                0x00807e71   Thumb Code     8  mkromlib_nsc.o ABSOLUTE
    BL_GetKPROMStatus                        0x00807e79   Thumb Code     8  mkromlib_nsc.o ABSOLUTE
    BL_GetNSBoundary                         0x00807e81   Thumb Code     8  mkromlib_nsc.o ABSOLUTE
    BL_GetVersion                            0x00807e89   Thumb Code     8  mkromlib_nsc.o ABSOLUTE
    BL_GetXOMActiveStatus                    0x00807e91   Thumb Code     8  mkromlib_nsc.o ABSOLUTE
    BL_GetXOMEraseStatus                     0x00807e99   Thumb Code     8  mkromlib_nsc.o ABSOLUTE
    RESERVED02                               0x00807ea1   Thumb Code     8  mkromlib_nsc.o ABSOLUTE
    RESERVED03                               0x00807ea9   Thumb Code     8  mkromlib_nsc.o ABSOLUTE
    RESERVED04                               0x00807eb1   Thumb Code     8  mkromlib_nsc.o ABSOLUTE
    RESERVED05                               0x00807eb9   Thumb Code     8  mkromlib_nsc.o ABSOLUTE
    RESERVED06                               0x00807ec1   Thumb Code     8  mkromlib_nsc.o ABSOLUTE
    RESERVED07                               0x00807ec9   Thumb Code     8  mkromlib_nsc.o ABSOLUTE
    RESERVED08                               0x00807ed1   Thumb Code     8  mkromlib_nsc.o ABSOLUTE
    BL_ReadCID                               0x00807ed9   Thumb Code     8  mkromlib_nsc.o ABSOLUTE
    BL_ReadDID                               0x00807ee1   Thumb Code     8  mkromlib_nsc.o ABSOLUTE
    RESERVED09                               0x00807ee9   Thumb Code     8  mkromlib_nsc.o ABSOLUTE
    BL_ReadPID                               0x00807ef1   Thumb Code     8  mkromlib_nsc.o ABSOLUTE
    BL_ReadUCID                              0x00807ef9   Thumb Code     8  mkromlib_nsc.o ABSOLUTE
    BL_ReadUID                               0x00807f01   Thumb Code     8  mkromlib_nsc.o ABSOLUTE
    BL_ReadXOMRegion                         0x00807f09   Thumb Code     8  mkromlib_nsc.o ABSOLUTE
    BL_ResetChip                             0x00807f11   Thumb Code     8  mkromlib_nsc.o ABSOLUTE
    BL_SetFlashAllLock                       0x00807f19   Thumb Code     8  mkromlib_nsc.o ABSOLUTE
    RESERVED10                               0x00807f21   Thumb Code     8  mkromlib_nsc.o ABSOLUTE
    BL_SetXOMRegion                          0x00807f29   Thumb Code     8  mkromlib_nsc.o ABSOLUTE
    BL_TrgKPROMCompare                       0x00807f31   Thumb Code     8  mkromlib_nsc.o ABSOLUTE
    BL_XFlashBlockErase                      0x00807f39   Thumb Code     8  mkromlib_nsc.o ABSOLUTE
    CyclesPerUs                              0x20000000   Data           4  system_m261.o(.data.CyclesPerUs)
    PllClock                                 0x20000004   Data           4  system_m261.o(.data.PllClock)
    SystemCoreClock                          0x20000008   Data           4  system_m261.o(.data.SystemCoreClock)
    spi_cpux                                 0x2000000c   Data          32  bsp.o(.data.spi_cpux)
    ASCR_1                                   0x20000030   Data           1  interlock.o(.bss.ASCR_1)
    ASCR_2                                   0x20000031   Data           1  interlock.o(.bss.ASCR_2)
    TCFR_1                                   0x20000032   Data           1  interlock.o(.bss.TCFR_1)
    TCFR_2                                   0x20000033   Data           1  interlock.o(.bss.TCFR_2)
    TCFR_3                                   0x20000034   Data           1  interlock.o(.bss.TCFR_3)
    TGTR_1                                   0x20000035   Data           1  interlock.o(.bss.TGTR_1)
    TGTR_2                                   0x20000036   Data           1  interlock.o(.bss.TGTR_2)
    TGTR_3                                   0x20000037   Data           1  interlock.o(.bss.TGTR_3)
    __stdout                                 0x20000038   Data          84  retarget.o(.bss.__stdout)
    ctrls_u                                  0x20000164   Data           2  app.o(.bss.ctrls_u)
    g_120s_ticks                             0x2000025c   Data           2  bsp.o(.bss.g_120s_ticks)
    g_ACKN_D_ticks                           0x2000025e   Data           2  bsp.o(.bss.g_ACKN_D_ticks)
    g_ACKN_R_ticks                           0x20000260   Data           2  bsp.o(.bss.g_ACKN_R_ticks)
    g_FMC_i32ErrCode                         0x20000264   Data           4  fmc.o(.bss.g_FMC_i32ErrCode)
    g_SSBPAC_FAIL_ticks                      0x20000268   Data           2  bsp.o(.bss.g_SSBPAC_FAIL_ticks)
    g_TCF_ticks                              0x2000026a   Data           2  bsp.o(.bss.g_TCF_ticks)
    g_TGT_ticks                              0x2000026c   Data           2  bsp.o(.bss.g_TGT_ticks)
    lo_in_s                                  0x2000027c   Data           6  interlock.o(.bss.lo_in_s)
    lo_oe_u                                  0x20000282   Data           6  interlock.o(.bss.lo_oe_u)
    lo_u                                     0x20000288   Data           6  interlock.o(.bss.lo_u)
    nvo_u                                    0x2000028e   Data           5  interlock.o(.bss.nvo_u)
    onesec_pulse                             0x20000293   Data           1  bsp.o(.bss.onesec_pulse)
    vi_oe_u                                  0x20000298   Data           5  interlock.o(.bss.vi_oe_u)
    vi_u                                     0x2000029f   Data           5  interlock.o(.bss.vi_u)
    vo_in_u                                  0x200002a4   Data           2  interlock.o(.bss.vo_in_u)
    vo_oe_u                                  0x200002a6   Data           2  interlock.o(.bss.vo_oe_u)
    vo_u                                     0x200002a8   Data           2  interlock.o(.bss.vo_u)
    __initial_sp                             0x20000ab0   Data           0  startup_m261.o(STACK)



==============================================================================

Memory Map of the image

  Image Entry point : 0x000001ed

  Load Region LR_1 (Base: 0x00000000, Size: 0x000077b4, Max: 0xffffffff, ABSOLUTE)

    Execution Region ER_RO (Exec base: 0x00000000, Load base: 0x00000000, Size: 0x00007784, Max: 0xffffffff, ABSOLUTE)

    Exec Addr    Load Addr    Size         Type   Attr      Idx    E Section Name        Object

    0x00000000   0x00000000   0x000001d8   Data   RO           18    RESET               startup_m261.o
    0x000001d8   0x000001d8   0x00000000   Code   RO          751  * .ARM.Collect$$$$00000000  mc_p.l(entry.o)
    0x000001d8   0x000001d8   0x00000004   Code   RO          782    .ARM.Collect$$$$00000001  mc_p.l(entry2.o)
    0x000001dc   0x000001dc   0x00000004   Code   RO          785    .ARM.Collect$$$$00000004  mc_p.l(entry5.o)
    0x000001e0   0x000001e0   0x00000000   Code   RO          787    .ARM.Collect$$$$00000008  mc_p.l(entry7b.o)
    0x000001e0   0x000001e0   0x00000000   Code   RO          789    .ARM.Collect$$$$0000000A  mc_p.l(entry8b.o)
    0x000001e0   0x000001e0   0x00000008   Code   RO          790    .ARM.Collect$$$$0000000B  mc_p.l(entry9a.o)
    0x000001e8   0x000001e8   0x00000000   Code   RO          792    .ARM.Collect$$$$0000000D  mc_p.l(entry10a.o)
    0x000001e8   0x000001e8   0x00000000   Code   RO          794    .ARM.Collect$$$$0000000F  mc_p.l(entry11a.o)
    0x000001e8   0x000001e8   0x00000004   Code   RO          783    .ARM.Collect$$$$00002712  mc_p.l(entry2.o)
    0x000001ec   0x000001ec   0x00000044   Code   RO           19  * .text               startup_m261.o
    0x00000230   0x00000230   0x00000060   Code   RO          800    .text               mc_p.l(uldiv.o)
    0x00000290   0x00000290   0x00000000   Code   RO          802    .text               mc_p.l(iusefp.o)
    0x00000290   0x00000290   0x00000164   Code   RO          803    .text               mf_p.l(dadd.o)
    0x000003f4   0x000003f4   0x000000d0   Code   RO          805    .text               mf_p.l(dmul.o)
    0x000004c4   0x000004c4   0x000000f0   Code   RO          807    .text               mf_p.l(ddiv.o)
    0x000005b4   0x000005b4   0x00000040   Code   RO          809    .text               mf_p.l(dfixul.o)
    0x000005f4   0x000005f4   0x00000028   Code   RO          811    .text               mf_p.l(cdrcmple.o)
    0x0000061c   0x0000061c   0x00000030   Code   RO          813    .text               mc_p.l(init.o)
    0x0000064c   0x0000064c   0x0000003e   Code   RO          817    .text               mc_p.l(uidiv_div0.o)
    0x0000068a   0x0000068a   0x00000020   Code   RO          823    .text               mc_p.l(llshl.o)
    0x000006aa   0x000006aa   0x00000022   Code   RO          825    .text               mc_p.l(llushr.o)
    0x000006cc   0x000006cc   0x00000026   Code   RO          827    .text               mc_p.l(llsshr.o)
    0x000006f2   0x000006f2   0x000000be   Code   RO          829    .text               mf_p.l(depilogue.o)
    0x000007b0   0x000007b0   0x00000038   Code   RO           62    .text.CLK_EnableModuleClock  clk.o
    0x000007e8   0x000007e8   0x00000014   Code   RO           58    .text.CLK_EnableXtalRC  clk.o
    0x000007fc   0x000007fc   0x00000164   Code   RO           44    .text.CLK_GetCPUFreq  clk.o
    0x00000960   0x00000960   0x0000000c   Code   RO           38    .text.CLK_GetHCLKFreq  clk.o
    0x0000096c   0x0000096c   0x000000d0   Code   RO           82    .text.CLK_GetModuleClockSource  clk.o
    0x00000a3c   0x00000a3c   0x00000018   Code   RO           40    .text.CLK_GetPCLK0Freq  clk.o
    0x00000a54   0x00000a54   0x0000001c   Code   RO           42    .text.CLK_GetPCLK1Freq  clk.o
    0x00000a70   0x00000a70   0x000000a4   Code   RO           80    .text.CLK_GetPLLClockFreq  clk.o
    0x00000b14   0x00000b14   0x00000090   Code   RO           52    .text.CLK_SetHCLK   clk.o
    0x00000ba4   0x00000ba4   0x000000a4   Code   RO           54    .text.CLK_SetModuleClock  clk.o
    0x00000c48   0x00000c48   0x00000040   Code   RO           48    .text.CLK_WaitClockReady  clk.o
    0x00000c88   0x00000c88   0x0000000c   Code   RO           98    .text.FMC_Close     fmc.o
    0x00000c94   0x00000c94   0x000000e8   Code   RO          114    .text.FMC_GetChkSum  fmc.o
    0x00000d7c   0x00000d7c   0x00000010   Code   RO          120    .text.FMC_Open      fmc.o
    0x00000d8c   0x00000d8c   0x0000004a   Code   RO          154    .text.GPIO_SetMode  gpio.o
    0x00000dd6   0x00000dd6   0x00000002   PAD
    0x00000dd8   0x00000dd8   0x000000c0   Code   RO          259    .text.ProcessHardFault  retarget.o
    0x00000e98   0x00000e98   0x0000000e   Code   RO          261    .text.SH_Return     retarget.o
    0x00000ea6   0x00000ea6   0x00000012   Code   RO          299    .text.SPI_DisableAutoSS  spi.o
    0x00000eb8   0x00000eb8   0x00000394   Code   RO          291    .text.SPI_Open      spi.o
    0x0000124c   0x0000124c   0x00000026   Code   RO          305    .text.SPI_SetFIFO   spi.o
    0x00001272   0x00001272   0x00000002   PAD
    0x00001274   0x00001274   0x0000003c   Code   RO          463    .text.SYS_UnlockReg  main.o
    0x000012b0   0x000012b0   0x00000010   Code   RO          265    .text.SendChar      retarget.o
    0x000012c0   0x000012c0   0x00000048   Code   RO          263    .text.SendChar_ToUART  retarget.o
    0x00001308   0x00001308   0x0000003c   Code   RO            2    .text.SystemCoreClockUpdate  system_m261.o
    0x00001344   0x00001344   0x00000010   Code   RO            4    .text.SystemInit    system_m261.o
    0x00001354   0x00001354   0x0000000e   Code   RO          580    .text.TIMER_ClearIntFlag  bsp.o
    0x00001362   0x00001362   0x00000014   Code   RO          582    .text.TIMER_EnableInt  bsp.o
    0x00001376   0x00001376   0x00000002   PAD
    0x00001378   0x00001378   0x000000e0   Code   RO          381    .text.TIMER_GetModuleClock  timer.o
    0x00001458   0x00001458   0x00000072   Code   RO          379    .text.TIMER_Open    timer.o
    0x000014ca   0x000014ca   0x00000014   Code   RO          584    .text.TIMER_Start   bsp.o
    0x000014de   0x000014de   0x00000002   PAD
    0x000014e0   0x000014e0   0x00000164   Code   RO          578    .text.TMR3_IRQHandler  bsp.o
    0x00001644   0x00001644   0x00000034   Code   RO          722    .text.__NVIC_DisableIRQ  drvr_spi.o
    0x00001678   0x00001678   0x00000028   Code   RO          586    .text.__NVIC_EnableIRQ  bsp.o
    0x000016a0   0x000016a0   0x0000002c   Code   RO          720    .text.__NVIC_EnableIRQ  drvr_spi.o
    0x000016cc   0x000016cc   0x00000148   Code   RO          572    .text.bsp_ctor      bsp.o
    0x00001814   0x00001814   0x000003e0   Code   RO          526    .text.cpu_fpga_xfer  app.o
    0x00001bf4   0x00001bf4   0x0000020c   Code   RO          520    .text.cpu_sm        app.o
    0x00001e00   0x00001e00   0x0000003a   Code   RO          555    .text.fifo_init     fifo.o
    0x00001e3a   0x00001e3a   0x00000062   Code   RO          559    .text.fifo_read     fifo.o
    0x00001e9c   0x00001e9c   0x00000028   Code   RO          557    .text.fifo_reset    fifo.o
    0x00001ec4   0x00001ec4   0x00000066   Code   RO          561    .text.fifo_write    fifo.o
    0x00001f2a   0x00001f2a   0x00000014   Code   RO          275    .text.fputc         retarget.o
    0x00001f3e   0x00001f3e   0x00000002   PAD
    0x00001f40   0x00001f40   0x00000054   Code   RO          524    .text.get_flash_checksum  app.o
    0x00001f94   0x00001f94   0x00000464   Code   RO          636    .text.interlock     interlock.o
    0x000023f8   0x000023f8   0x00000110   Code   RO          703    .text.interlock_Buzzer_SM  interlock_sl.o
    0x00002508   0x00002508   0x00000148   Code   RO          680    .text.interlock_Buzzer_SM_TCF_DL  interlock_dl.o
    0x00002650   0x00002650   0x0000015c   Code   RO          678    .text.interlock_Buzzer_SM_TGT_DL  interlock_dl.o
    0x000027ac   0x000027ac   0x000000bc   Code   RO          664    .text.interlock_Bypass  interlock_bypass.o
    0x00002868   0x00002868   0x0000122c   Code   RO          672    .text.interlock_DL  interlock_dl.o
    0x00003a94   0x00003a94   0x0000150c   Code   RO          697    .text.interlock_SL  interlock_sl.o
    0x00004fa0   0x00004fa0   0x000002c0   Code   RO          701    .text.interlock_TCF_SM  interlock_sl.o
    0x00005260   0x00005260   0x000002f8   Code   RO          676    .text.interlock_TCF_SM_DL  interlock_dl.o
    0x00005558   0x00005558   0x000003f4   Code   RO          699    .text.interlock_TGT_SM  interlock_sl.o
    0x0000594c   0x0000594c   0x00000310   Code   RO          674    .text.interlock_TGT_SM_DL  interlock_dl.o
    0x00005c5c   0x00005c5c   0x000002ec   Code   RO          638    .text.interlock_set_defaults  interlock.o
    0x00005f48   0x00005f48   0x00000018   Code   RO          461    .text.main          main.o
    0x00005f60   0x00005f60   0x00000058   Code   RO          522    .text.set_ctrl_defaults  app.o
    0x00005fb8   0x00005fb8   0x00000100   Code   RO          724    .text.spi_agent_sm  drvr_spi.o
    0x000060b8   0x000060b8   0x00000190   Code   RO          718    .text.spi_ctor      drvr_spi.o
    0x00006248   0x00006248   0x0000084c   Code   RO          530    .text.spi_read_cb   app.o
    0x00006a94   0x00006a94   0x0000001c   Code   RO          574    .text.sysClock_Init  bsp.o
    0x00006ab0   0x00006ab0   0x0000004c   Code   RO          576    .text.sysTimer_Init  bsp.o
    0x00006afc   0x00006afc   0x00000278   Code   RO          528    .text.vi_process    app.o
    0x00006d74   0x00006d74   0x00000028   Code   RO          570    .text.wait_ms       bsp.o
    0x00006d9c   0x00006d9c   0x00000020   Code   RO          755    i.__0printf         mc_p.l(printfa.o)
    0x00006dbc   0x00006dbc   0x0000002e   Code   RO          831    i.__ARM_clz         mf_p.l(depilogue.o)
    0x00006dea   0x00006dea   0x0000000e   Code   RO          835    i.__scatterload_copy  mc_p.l(handlers.o)
    0x00006df8   0x00006df8   0x00000002   Code   RO          836    i.__scatterload_null  mc_p.l(handlers.o)
    0x00006dfa   0x00006dfa   0x0000000e   Code   RO          837    i.__scatterload_zeroinit  mc_p.l(handlers.o)
    0x00006e08   0x00006e08   0x00000174   Code   RO          762    i._fp_digits        mc_p.l(printfa.o)
    0x00006f7c   0x00006f7c   0x000006ec   Code   RO          763    i._printf_core      mc_p.l(printfa.o)
    0x00007668   0x00007668   0x00000020   Code   RO          764    i._printf_post_padding  mc_p.l(printfa.o)
    0x00007688   0x00007688   0x0000002c   Code   RO          765    i._printf_pre_padding  mc_p.l(printfa.o)
    0x000076b4   0x000076b4   0x00000020   Data   RO           86    .rodata.cst32       clk.o
    0x000076d4   0x000076d4   0x00000020   Data   RO          405    .rodata.cst32       timer.o
    0x000076f4   0x000076f4   0x0000006f   Data   RO          281    .rodata.str1.1      retarget.o
    0x00007763   0x00007763   0x00000001   PAD
    0x00007764   0x00007764   0x00000020   Data   RO          834    Region$$Table       anon$$obj.o


    Execution Region ER_RW (Exec base: 0x20000000, Load base: 0x00007784, Size: 0x00000030, Max: 0xffffffff, ABSOLUTE)

    Exec Addr    Load Addr    Size         Type   Attr      Idx    E Section Name        Object

    0x20000000   0x00007784   0x00000004   Data   RW            7    .data.CyclesPerUs   system_m261.o
    0x20000004   0x00007788   0x00000004   Data   RW            8    .data.PllClock      system_m261.o
    0x20000008   0x0000778c   0x00000004   Data   RW            6    .data.SystemCoreClock  system_m261.o
    0x2000000c   0x00007790   0x00000020   Data   RW          588    .data.spi_cpux      bsp.o
    0x2000002c   0x000077b0   0x00000002   Data   RW          546    .data.vi_process.read_gap  app.o


    Execution Region ER_ZI (Exec base: 0x20000030, Load base: 0x000077b4, Size: 0x00000a80, Max: 0xffffffff, ABSOLUTE)

    Exec Addr    Load Addr    Size         Type   Attr      Idx    E Section Name        Object

    0x20000030        -       0x00000001   Zero   RW          648    .bss.ASCR_1         interlock.o
    0x20000031        -       0x00000001   Zero   RW          649    .bss.ASCR_2         interlock.o
    0x20000032        -       0x00000001   Zero   RW          645    .bss.TCFR_1         interlock.o
    0x20000033        -       0x00000001   Zero   RW          646    .bss.TCFR_2         interlock.o
    0x20000034        -       0x00000001   Zero   RW          647    .bss.TCFR_3         interlock.o
    0x20000035        -       0x00000001   Zero   RW          642    .bss.TGTR_1         interlock.o
    0x20000036        -       0x00000001   Zero   RW          643    .bss.TGTR_2         interlock.o
    0x20000037        -       0x00000001   Zero   RW          644    .bss.TGTR_3         interlock.o
    0x20000038        -       0x00000054   Zero   RW          282    .bss.__stdout       retarget.o
    0x2000008c        -       0x00000064   Zero   RW          593    .bss.buf_rx_cpux    bsp.o
    0x200000f0        -       0x00000064   Zero   RW          591    .bss.buf_tx_cpux    bsp.o
    0x20000154        -       0x00000001   Zero   RW          536    .bss.cpu_fpga_xfer.clk_last  app.o
    0x20000155        -       0x00000001   Zero   RW          543    .bss.cpu_fpga_xfer.clks  app.o
    0x20000156        -       0x00000001   Zero   RW          542    .bss.cpu_fpga_xfer.data_1  app.o
    0x20000157        -       0x00000001   Zero   RW          539    .bss.cpu_fpga_xfer.i_1  app.o
    0x20000158        -       0x00000001   Zero   RW          541    .bss.cpu_fpga_xfer.k_1  app.o
    0x20000159        -       0x00000001   Zero   RW          537    .bss.cpu_fpga_xfer.sm_state  app.o
    0x2000015a        -       0x00000001   Zero   RW          540    .bss.cpu_fpga_xfer.sm_state_1  app.o
    0x2000015b        -       0x00000001   Zero   RW          535    .bss.cpu_fpga_xfer.st_i  app.o
    0x2000015c        -       0x00000001   Zero   RW          538    .bss.cpu_fpga_xfer.st_k  app.o
    0x2000015d   0x000077b4   0x00000003   PAD
    0x20000160        -       0x00000004   Zero   RW          532    .bss.cpu_state      app.o
    0x20000164        -       0x00000002   Zero   RW          534    .bss.ctrls_u        app.o
    0x20000166   0x000077b4   0x00000002   PAD
    0x20000168        -       0x000000d4   Zero   RW          533    .bss.db             app.o
    0x2000023c        -       0x00000010   Zero   RW          592    .bss.fifo_rx_cpux   bsp.o
    0x2000024c        -       0x00000010   Zero   RW          590    .bss.fifo_tx_cpux   bsp.o
    0x2000025c        -       0x00000002   Zero   RW          597    .bss.g_120s_ticks   bsp.o
    0x2000025e        -       0x00000002   Zero   RW          598    .bss.g_ACKN_D_ticks  bsp.o
    0x20000260        -       0x00000002   Zero   RW          599    .bss.g_ACKN_R_ticks  bsp.o
    0x20000262   0x000077b4   0x00000002   PAD
    0x20000264        -       0x00000004   Zero   RW          146    .bss.g_FMC_i32ErrCode  fmc.o
    0x20000268        -       0x00000002   Zero   RW          600    .bss.g_SSBPAC_FAIL_ticks  bsp.o
    0x2000026a        -       0x00000002   Zero   RW          596    .bss.g_TCF_ticks    bsp.o
    0x2000026c        -       0x00000002   Zero   RW          595    .bss.g_TGT_ticks    bsp.o
    0x2000026e        -       0x00000001   Zero   RW          683    .bss.g_tcf_120jpr_state  interlock_dl.o
    0x2000026f        -       0x00000001   Zero   RW          710    .bss.interlock_Buzzer_SM.lstate_Buzzer_SM  interlock_sl.o
    0x20000270        -       0x00000001   Zero   RW          689    .bss.interlock_Buzzer_SM_TCF_DL.lstate_Buzzer_SM_TCF_DL  interlock_dl.o
    0x20000271        -       0x00000001   Zero   RW          688    .bss.interlock_Buzzer_SM_TGT_DL.lstate_Buzzer_SM_TGT_DL  interlock_dl.o
    0x20000272        -       0x00000001   Zero   RW          682    .bss.interlock_DL.lstate_DL  interlock_dl.o
    0x20000273        -       0x00000001   Zero   RW          705    .bss.interlock_SL.lstate_SL  interlock_sl.o
    0x20000274        -       0x00000001   Zero   RW          708    .bss.interlock_TCF_SM.cancel_req_TCF_SM  interlock_sl.o
    0x20000275        -       0x00000001   Zero   RW          709    .bss.interlock_TCF_SM.lstate_TCF_SM  interlock_sl.o
    0x20000276        -       0x00000001   Zero   RW          686    .bss.interlock_TCF_SM_DL.cancel_req  interlock_dl.o
    0x20000277        -       0x00000001   Zero   RW          687    .bss.interlock_TCF_SM_DL.lstate_TCF_SM_DL  interlock_dl.o
    0x20000278        -       0x00000001   Zero   RW          706    .bss.interlock_TGT_SM.lstate_TGT_SM  interlock_sl.o
    0x20000279        -       0x00000001   Zero   RW          707    .bss.interlock_TGT_SM.shkr_state_SL  interlock_sl.o
    0x2000027a        -       0x00000001   Zero   RW          684    .bss.interlock_TGT_SM_DL.lstate_TGT_SM_DL  interlock_dl.o
    0x2000027b        -       0x00000001   Zero   RW          685    .bss.interlock_TGT_SM_DL.shkr_state  interlock_dl.o
    0x2000027c        -       0x00000006   Zero   RW          654    .bss.lo_in_s        interlock.o
    0x20000282        -       0x00000006   Zero   RW          653    .bss.lo_oe_u        interlock.o
    0x20000288        -       0x00000006   Zero   RW          650    .bss.lo_u           interlock.o
    0x2000028e        -       0x00000005   Zero   RW          641    .bss.nvo_u          interlock.o
    0x20000293        -       0x00000001   Zero   RW          594    .bss.onesec_pulse   bsp.o
    0x20000294        -       0x00000004   Zero   RW          601    .bss.ticks          bsp.o
    0x20000298        -       0x00000005   Zero   RW          652    .bss.vi_oe_u        interlock.o
    0x2000029d        -       0x00000001   Zero   RW          544    .bss.vi_process.lstate  app.o
    0x2000029e        -       0x00000001   Zero   RW          545    .bss.vi_process.relayidx  app.o
    0x2000029f        -       0x00000005   Zero   RW          651    .bss.vi_u           interlock.o
    0x200002a4        -       0x00000002   Zero   RW          656    .bss.vo_in_u        interlock.o
    0x200002a6        -       0x00000002   Zero   RW          655    .bss.vo_oe_u        interlock.o
    0x200002a8        -       0x00000002   Zero   RW          640    .bss.vo_u           interlock.o
    0x200002aa   0x000077b4   0x00000002   PAD
    0x200002ac        -       0x00000004   Zero   RW          589    .bss.wait_time      bsp.o
    0x200002b0        -       0x00000800   Zero   RW           16    STACK               startup_m261.o


==============================================================================

Image component sizes


      Code (inc. data)   RO Data    RW Data    ZI Data      Debug   Object Name

      4444        184          0          2        229       7666   app.o
       922        152          0         32        253       9312   bsp.o
      1240         96         32          0          0      11680   clk.o
       752         64          0          0          0       6521   drvr_spi.o
       298          0          0          0          0       1559   fifo.o
       260         32          0          0          4      10423   fmc.o
        74          0          0          0          0       2052   gpio.o
      1872         72          0          0         47       5043   interlock.o
       188          8          0          0          0       1282   interlock_bypass.o
      6872        208          0          0          8       8471   interlock_dl.o
      7376        144          0          0          6       8438   interlock_sl.o
        84          8          0          0          0       2386   main.o
       314         44        111          0         84       3119   retarget.o
       972         40          0          0          0      11827   spi.o
        68         20        472          0       2048        808   startup_m261.o
        76         28          0         12          0       1281   system_m261.o
       338         36         32          0          0       4727   timer.o

    ----------------------------------------------------------------------
     26160       1136        680         48       2688      96595   Object Totals
         0          0         32          0          0          0   (incl. Generated)
        10          0          1          2          9          0   (incl. Padding)

    ----------------------------------------------------------------------

      Code (inc. data)   RO Data    RW Data    ZI Data      Debug   Library Member Name

         0          0          0          0          0          0   entry.o
         0          0          0          0          0          0   entry10a.o
         0          0          0          0          0          0   entry11a.o
         8          4          0          0          0          0   entry2.o
         4          0          0          0          0          0   entry5.o
         0          0          0          0          0          0   entry7b.o
         0          0          0          0          0          0   entry8b.o
         8          4          0          0          0          0   entry9a.o
        30          0          0          0          0          0   handlers.o
        48         10          0          0          0         68   init.o
         0          0          0          0          0          0   iusefp.o
        32          0          0          0          0         68   llshl.o
        38          0          0          0          0         68   llsshr.o
        34          0          0          0          0         68   llushr.o
      2252         98          0          0          0        412   printfa.o
        62          0          0          0          0         72   uidiv_div0.o
        96          0          0          0          0         84   uldiv.o
        40          2          0          0          0         68   cdrcmple.o
       356          4          0          0          0        140   dadd.o
       240          6          0          0          0         84   ddiv.o
       236          0          0          0          0        216   depilogue.o
        64         10          0          0          0         68   dfixul.o
       208          6          0          0          0         88   dmul.o

    ----------------------------------------------------------------------
      3756        144          0          0          0       1504   Library Totals
         0          0          0          0          0          0   (incl. Padding)

    ----------------------------------------------------------------------

      Code (inc. data)   RO Data    RW Data    ZI Data      Debug   Library Name

      2612        116          0          0          0        840   mc_p.l
      1144         28          0          0          0        664   mf_p.l

    ----------------------------------------------------------------------
      3756        144          0          0          0       1504   Library Totals

    ----------------------------------------------------------------------

==============================================================================


      Code (inc. data)   RO Data    RW Data    ZI Data      Debug   

     29916       1280        680         48       2688      97239   Grand Totals
     29916       1280        680         48       2688      97239   ELF Image Totals
     29916       1280        680         48          0          0   ROM Totals

==============================================================================

    Total RO  Size (Code + RO Data)                30596 (  29.88kB)
    Total RW  Size (RW Data + ZI Data)              2736 (   2.67kB)
    Total ROM Size (Code + RO Data + RW Data)      30644 (  29.93kB)

==============================================================================

