	.text
	.syntax unified
	.eabi_attribute	67, "2.09"	@ Tag_conformance
	.cpu	cortex-m23
	.eabi_attribute	6, 16	@ Tag_CPU_arch
	.eabi_attribute	7, 77	@ Tag_CPU_arch_profile
	.eabi_attribute	8, 0	@ Tag_ARM_ISA_use
	.eabi_attribute	9, 3	@ Tag_THUMB_ISA_use
	.eabi_attribute	34, 0	@ Tag_CPU_unaligned_access
	.eabi_attribute	17, 1	@ Tag_ABI_PCS_GOT_use
	.eabi_attribute	20, 2	@ Tag_ABI_FP_denormal
	.eabi_attribute	21, 0	@ Tag_ABI_FP_exceptions
	.eabi_attribute	23, 1	@ Tag_ABI_FP_number_model
	.eabi_attribute	24, 1	@ Tag_ABI_align_needed
	.eabi_attribute	25, 1	@ Tag_ABI_align_preserved
	.eabi_attribute	38, 1	@ Tag_ABI_FP_16bit_format
	.eabi_attribute	18, 4	@ Tag_ABI_PCS_wchar_t
	.eabi_attribute	26, 2	@ Tag_ABI_enum_size
	.eabi_attribute	14, 0	@ Tag_ABI_PCS_R9_use
	.file	"fmc_user.c"
	.file	1 "C:\\Users\\Anaya\\AppData\\Local\\Keil_v5\\ARM\\ARMCLANG\\bin\\..\\include" "stdint.h"
	.file	2 "D:\\work\\dheeraj\\local\\CEL\\CCC\\CCC_CPU123\\Code" "../../CCC_common/Library/Device/Nuvoton/M261/Include\\fmc_reg.h"
	.section	.text.FMC_Proc,"ax",%progbits
	.hidden	FMC_Proc                        @ -- Begin function FMC_Proc
	.globl	FMC_Proc
	.p2align	2
	.type	FMC_Proc,%function
	.code	16                              @ @FMC_Proc
	.thumb_func
FMC_Proc:
.Lfunc_begin0:
	.file	3 "D:\\work\\dheeraj\\local\\CEL\\CCC\\CCC_CPU123\\Code" "source/fmc_user.c"
	.loc	3 14 0                          @ source/fmc_user.c:14:0
	.fnstart
	.cfi_sections .debug_frame
	.cfi_startproc
@ %bb.0:
	.pad	#32
	sub	sp, #32
	.cfi_def_cfa_offset 32
	str	r0, [sp, #24]
	str	r1, [sp, #20]
	str	r2, [sp, #16]
	str	r3, [sp, #12]
.Ltmp0:
	.loc	3 18 19 prologue_end            @ source/fmc_user.c:18:19
	ldr	r0, [sp, #20]
	.loc	3 18 17 is_stmt 0               @ source/fmc_user.c:18:17
	str	r0, [sp, #8]
	.loc	3 18 9                          @ source/fmc_user.c:18:9
	b	.LBB0_1
.LBB0_1:                                @ =>This Loop Header: Depth=1
                                        @     Child Loop BB0_5 Depth 2
.Ltmp1:
	.loc	3 18 31                         @ source/fmc_user.c:18:31
	ldr	r0, [sp, #8]
	.loc	3 18 41                         @ source/fmc_user.c:18:41
	ldr	r1, [sp, #16]
.Ltmp2:
	.loc	3 18 5                          @ source/fmc_user.c:18:5
	cmp	r0, r1
	bhs	.LBB0_18
	b	.LBB0_2
.LBB0_2:                                @   in Loop: Header=BB0_1 Depth=1
.Ltmp3:
	.loc	3 20 23 is_stmt 1               @ source/fmc_user.c:20:23
	ldr	r0, [sp, #24]
	ldr	r1, __arm_cp.0_0
	.loc	3 20 21 is_stmt 0               @ source/fmc_user.c:20:21
	str	r0, [r1]
	.loc	3 21 24 is_stmt 1               @ source/fmc_user.c:21:24
	ldr	r0, [sp, #8]
	ldr	r1, __arm_cp.0_1
	.loc	3 21 22 is_stmt 0               @ source/fmc_user.c:21:22
	str	r0, [r1]
.Ltmp4:
	.loc	3 23 12 is_stmt 1               @ source/fmc_user.c:23:12
	ldr	r0, [sp, #24]
.Ltmp5:
	.loc	3 23 12 is_stmt 0               @ source/fmc_user.c:23:12
	cmp	r0, #33
	bne	.LBB0_4
	b	.LBB0_3
.LBB0_3:                                @   in Loop: Header=BB0_1 Depth=1
.Ltmp6:
	.loc	3 25 28 is_stmt 1               @ source/fmc_user.c:25:28
	ldr	r0, [sp, #12]
	.loc	3 25 27 is_stmt 0               @ source/fmc_user.c:25:27
	ldr	r0, [r0]
	ldr	r1, __arm_cp.0_2
	.loc	3 25 25                         @ source/fmc_user.c:25:25
	str	r0, [r1]
	.loc	3 26 9 is_stmt 1                @ source/fmc_user.c:26:9
	b	.LBB0_4
.Ltmp7:
.LBB0_4:                                @   in Loop: Header=BB0_1 Depth=1
	.loc	3 0 9 is_stmt 0                 @ source/fmc_user.c:0:9
	ldr	r1, __arm_cp.0_3
	movs	r0, #1
	.loc	3 28 21 is_stmt 1               @ source/fmc_user.c:28:21
	str	r0, [r1]
	.loc	3 29 9                          @ source/fmc_user.c:29:9
	isb	sy
	.loc	3 32 25                         @ source/fmc_user.c:32:25
	ldr	r0, __arm_cp.0_4
	ldr	r0, [r0]
	lsrs	r0, r0, #3
	.loc	3 32 23 is_stmt 0               @ source/fmc_user.c:32:23
	str	r0, [sp]
	.loc	3 33 9 is_stmt 1                @ source/fmc_user.c:33:9
	b	.LBB0_5
.LBB0_5:                                @   Parent Loop BB0_1 Depth=1
                                        @ =>  This Inner Loop Header: Depth=2
	.loc	3 0 9 is_stmt 0                 @ source/fmc_user.c:0:9
	ldr	r0, __arm_cp.0_3
	.loc	3 33 20                         @ source/fmc_user.c:33:20
	ldr	r0, [r0]
	.loc	3 33 9                          @ source/fmc_user.c:33:9
	cbz	r0, .LBB0_9
	b	.LBB0_6
.LBB0_6:                                @   in Loop: Header=BB0_5 Depth=2
.Ltmp8:
	.loc	3 35 16 is_stmt 1               @ source/fmc_user.c:35:16
	ldr	r0, [sp]
	subs	r0, r0, #1
	str	r0, [sp]
.Ltmp9:
	.loc	3 35 16 is_stmt 0               @ source/fmc_user.c:35:16
	cbnz	r0, .LBB0_8
	b	.LBB0_7
.LBB0_7:
	.loc	3 0 16                          @ source/fmc_user.c:0:16
	movs	r0, #0
	mvns	r0, r0
.Ltmp10:
	.loc	3 36 17 is_stmt 1               @ source/fmc_user.c:36:17
	str	r0, [sp, #28]
	b	.LBB0_19
.Ltmp11:
.LBB0_8:                                @   in Loop: Header=BB0_5 Depth=2
	.loc	3 33 9                          @ source/fmc_user.c:33:9
	b	.LBB0_5
.LBB0_9:                                @   in Loop: Header=BB0_1 Depth=1
	.loc	3 0 9 is_stmt 0                 @ source/fmc_user.c:0:9
	ldr	r0, __arm_cp.0_5
	.loc	3 39 20 is_stmt 1               @ source/fmc_user.c:39:20
	ldr	r0, [r0]
	.loc	3 39 13 is_stmt 0               @ source/fmc_user.c:39:13
	str	r0, [sp, #4]
	add	r0, sp, #4
	.loc	3 41 12 is_stmt 1               @ source/fmc_user.c:41:12
	ldrb	r0, [r0]
	lsls	r0, r0, #25
	cmp	r0, #0
	bpl	.LBB0_11
	b	.LBB0_10
.LBB0_10:
.Ltmp12:
	.loc	3 43 27                         @ source/fmc_user.c:43:27
	ldr	r0, [sp, #4]
	ldr	r1, __arm_cp.0_5
	.loc	3 43 25 is_stmt 0               @ source/fmc_user.c:43:25
	str	r0, [r1]
	movs	r0, #0
	mvns	r0, r0
	.loc	3 44 13 is_stmt 1               @ source/fmc_user.c:44:13
	str	r0, [sp, #28]
	b	.LBB0_19
.Ltmp13:
.LBB0_11:                               @   in Loop: Header=BB0_1 Depth=1
	.loc	3 47 12                         @ source/fmc_user.c:47:12
	ldr	r0, [sp, #24]
.Ltmp14:
	.loc	3 47 12 is_stmt 0               @ source/fmc_user.c:47:12
	cbnz	r0, .LBB0_13
	b	.LBB0_12
.LBB0_12:                               @   in Loop: Header=BB0_1 Depth=1
	.loc	3 0 12                          @ source/fmc_user.c:0:12
	ldr	r0, __arm_cp.0_2
.Ltmp15:
	.loc	3 49 26 is_stmt 1               @ source/fmc_user.c:49:26
	ldr	r0, [r0]
	.loc	3 49 14 is_stmt 0               @ source/fmc_user.c:49:14
	ldr	r1, [sp, #12]
	.loc	3 49 19                         @ source/fmc_user.c:49:19
	str	r0, [r1]
	.loc	3 50 9 is_stmt 1                @ source/fmc_user.c:50:9
	b	.LBB0_13
.Ltmp16:
.LBB0_13:                               @   in Loop: Header=BB0_1 Depth=1
	.loc	3 52 12                         @ source/fmc_user.c:52:12
	ldr	r0, [sp, #24]
.Ltmp17:
	.loc	3 52 12 is_stmt 0               @ source/fmc_user.c:52:12
	cmp	r0, #34
	bne	.LBB0_15
	b	.LBB0_14
.LBB0_14:                               @   in Loop: Header=BB0_1 Depth=1
.Ltmp18:
	.loc	3 54 21 is_stmt 1               @ source/fmc_user.c:54:21
	ldr	r0, [sp, #8]
	movw	r1, #2048
	adds	r0, r0, r1
	str	r0, [sp, #8]
	.loc	3 55 9                          @ source/fmc_user.c:55:9
	b	.LBB0_16
.Ltmp19:
.LBB0_15:                               @   in Loop: Header=BB0_1 Depth=1
	.loc	3 58 21                         @ source/fmc_user.c:58:21
	ldr	r0, [sp, #8]
	adds	r0, r0, #4
	str	r0, [sp, #8]
	b	.LBB0_16
.Ltmp20:
.LBB0_16:                               @   in Loop: Header=BB0_1 Depth=1
	.loc	3 60 5                          @ source/fmc_user.c:60:5
	b	.LBB0_17
.Ltmp21:
.LBB0_17:                               @   in Loop: Header=BB0_1 Depth=1
	.loc	3 18 55                         @ source/fmc_user.c:18:55
	ldr	r0, [sp, #12]
	adds	r0, r0, #4
	str	r0, [sp, #12]
	.loc	3 18 5 is_stmt 0                @ source/fmc_user.c:18:5
	b	.LBB0_1
.Ltmp22:
.LBB0_18:
	.loc	3 0 5                           @ source/fmc_user.c:0:5
	movs	r0, #0
	.loc	3 62 5 is_stmt 1                @ source/fmc_user.c:62:5
	str	r0, [sp, #28]
	b	.LBB0_19
.LBB0_19:
	.loc	3 63 1                          @ source/fmc_user.c:63:1
	ldr	r0, [sp, #28]
	.loc	3 63 1 epilogue_begin is_stmt 0 @ source/fmc_user.c:63:1
	add	sp, #32
	bx	lr
.Ltmp23:
	.loc	3 0 1                           @ :0:1
.Ltmp24:
	.p2align	2
@ %bb.20:
__arm_cp.0_0:
	.long	1073790988                      @ 0x4000c00c
.Lcpi_end0:
	.size	__arm_cp.0_0, .Lcpi_end0-__arm_cp.0_0
__arm_cp.0_1:
	.long	1073790980                      @ 0x4000c004
.Lcpi_end1:
	.size	__arm_cp.0_1, .Lcpi_end1-__arm_cp.0_1
__arm_cp.0_2:
	.long	1073790984                      @ 0x4000c008
.Lcpi_end2:
	.size	__arm_cp.0_2, .Lcpi_end2-__arm_cp.0_2
__arm_cp.0_3:
	.long	1073790992                      @ 0x4000c010
.Lcpi_end3:
	.size	__arm_cp.0_3, .Lcpi_end3-__arm_cp.0_3
__arm_cp.0_4:
	.long	SystemCoreClock
.Lcpi_end4:
	.size	__arm_cp.0_4, .Lcpi_end4-__arm_cp.0_4
__arm_cp.0_5:
	.long	1073790976                      @ 0x4000c000
.Lcpi_end5:
	.size	__arm_cp.0_5, .Lcpi_end5-__arm_cp.0_5
.Lfunc_end0:
	.size	FMC_Proc, .Lfunc_end0-FMC_Proc
	.cfi_endproc
	.cantunwind
	.fnend
                                        @ -- End function
	.section	.text.FMC_Write_User,"ax",%progbits
	.hidden	FMC_Write_User                  @ -- Begin function FMC_Write_User
	.globl	FMC_Write_User
	.p2align	1
	.type	FMC_Write_User,%function
	.code	16                              @ @FMC_Write_User
	.thumb_func
FMC_Write_User:
.Lfunc_begin1:
	.loc	3 81 0 is_stmt 1                @ source/fmc_user.c:81:0
	.fnstart
	.cfi_startproc
@ %bb.0:
	.save	{r7, lr}
	push	{r7, lr}
	.cfi_def_cfa_offset 8
	.cfi_offset lr, -4
	.cfi_offset r7, -8
	.pad	#8
	sub	sp, #8
	.cfi_def_cfa_offset 16
	str	r0, [sp, #4]
	str	r1, [sp]
.Ltmp25:
	.loc	3 82 41 prologue_end            @ source/fmc_user.c:82:41
	ldr	r1, [sp, #4]
	.loc	3 82 58 is_stmt 0               @ source/fmc_user.c:82:58
	adds	r2, r1, #4
	movs	r0, #33
	mov	r3, sp
	.loc	3 82 12                         @ source/fmc_user.c:82:12
	bl	FMC_Proc
	.loc	3 82 5 epilogue_begin           @ source/fmc_user.c:82:5
	add	sp, #8
	pop	{r7, pc}
.Ltmp26:
.Lfunc_end1:
	.size	FMC_Write_User, .Lfunc_end1-FMC_Write_User
	.cfi_endproc
	.cantunwind
	.fnend
                                        @ -- End function
	.section	.text.FMC_Read_User,"ax",%progbits
	.hidden	FMC_Read_User                   @ -- Begin function FMC_Read_User
	.globl	FMC_Read_User
	.p2align	1
	.type	FMC_Read_User,%function
	.code	16                              @ @FMC_Read_User
	.thumb_func
FMC_Read_User:
.Lfunc_begin2:
	.loc	3 101 0 is_stmt 1               @ source/fmc_user.c:101:0
	.fnstart
	.cfi_startproc
@ %bb.0:
	.save	{r7, lr}
	push	{r7, lr}
	.cfi_def_cfa_offset 8
	.cfi_offset lr, -4
	.cfi_offset r7, -8
	.pad	#8
	sub	sp, #8
	.cfi_def_cfa_offset 16
	str	r0, [sp, #4]
	str	r1, [sp]
.Ltmp27:
	.loc	3 102 38 prologue_end           @ source/fmc_user.c:102:38
	ldr	r1, [sp, #4]
	.loc	3 102 55 is_stmt 0              @ source/fmc_user.c:102:55
	adds	r2, r1, #4
	.loc	3 102 60                        @ source/fmc_user.c:102:60
	ldr	r3, [sp]
	movs	r0, #0
	.loc	3 102 12                        @ source/fmc_user.c:102:12
	bl	FMC_Proc
	.loc	3 102 5 epilogue_begin          @ source/fmc_user.c:102:5
	add	sp, #8
	pop	{r7, pc}
.Ltmp28:
.Lfunc_end2:
	.size	FMC_Read_User, .Lfunc_end2-FMC_Read_User
	.cfi_endproc
	.cantunwind
	.fnend
                                        @ -- End function
	.section	.text.FMC_Erase_User,"ax",%progbits
	.hidden	FMC_Erase_User                  @ -- Begin function FMC_Erase_User
	.globl	FMC_Erase_User
	.p2align	1
	.type	FMC_Erase_User,%function
	.code	16                              @ @FMC_Erase_User
	.thumb_func
FMC_Erase_User:
.Lfunc_begin3:
	.loc	3 119 0 is_stmt 1               @ source/fmc_user.c:119:0
	.fnstart
	.cfi_startproc
@ %bb.0:
	.save	{r7, lr}
	push	{r7, lr}
	.cfi_def_cfa_offset 8
	.cfi_offset lr, -4
	.cfi_offset r7, -8
	.pad	#8
	sub	sp, #8
	.cfi_def_cfa_offset 16
	str	r0, [sp, #4]
.Ltmp29:
	.loc	3 120 44 prologue_end           @ source/fmc_user.c:120:44
	ldr	r1, [sp, #4]
	.loc	3 120 61 is_stmt 0              @ source/fmc_user.c:120:61
	adds	r2, r1, #4
	movs	r0, #34
	movs	r3, #0
	.loc	3 120 12                        @ source/fmc_user.c:120:12
	bl	FMC_Proc
	.loc	3 120 5 epilogue_begin          @ source/fmc_user.c:120:5
	add	sp, #8
	pop	{r7, pc}
.Ltmp30:
.Lfunc_end3:
	.size	FMC_Erase_User, .Lfunc_end3-FMC_Erase_User
	.cfi_endproc
	.cantunwind
	.fnend
                                        @ -- End function
	.section	.text.ReadData,"ax",%progbits
	.hidden	ReadData                        @ -- Begin function ReadData
	.globl	ReadData
	.p2align	1
	.type	ReadData,%function
	.code	16                              @ @ReadData
	.thumb_func
ReadData:
.Lfunc_begin4:
	.loc	3 131 0 is_stmt 1               @ source/fmc_user.c:131:0
	.fnstart
	.cfi_startproc
@ %bb.0:
	.save	{r7, lr}
	push	{r7, lr}
	.cfi_def_cfa_offset 8
	.cfi_offset lr, -4
	.cfi_offset r7, -8
	.pad	#16
	sub	sp, #16
	.cfi_def_cfa_offset 24
	str	r0, [sp, #12]
	str	r1, [sp, #8]
	str	r2, [sp, #4]
.Ltmp31:
	.loc	3 132 31 prologue_end           @ source/fmc_user.c:132:31
	ldr	r1, [sp, #12]
	.loc	3 132 43 is_stmt 0              @ source/fmc_user.c:132:43
	ldr	r2, [sp, #8]
	.loc	3 132 53                        @ source/fmc_user.c:132:53
	ldr	r3, [sp, #4]
	movs	r0, #0
	.loc	3 132 5                         @ source/fmc_user.c:132:5
	bl	FMC_Proc
	.loc	3 133 5 epilogue_begin is_stmt 1 @ source/fmc_user.c:133:5
	add	sp, #16
	pop	{r7, pc}
.Ltmp32:
.Lfunc_end4:
	.size	ReadData, .Lfunc_end4-ReadData
	.cfi_endproc
	.cantunwind
	.fnend
                                        @ -- End function
	.section	.text.WriteData,"ax",%progbits
	.hidden	WriteData                       @ -- Begin function WriteData
	.globl	WriteData
	.p2align	1
	.type	WriteData,%function
	.code	16                              @ @WriteData
	.thumb_func
WriteData:
.Lfunc_begin5:
	.loc	3 144 0                         @ source/fmc_user.c:144:0
	.fnstart
	.cfi_startproc
@ %bb.0:
	.save	{r7, lr}
	push	{r7, lr}
	.cfi_def_cfa_offset 8
	.cfi_offset lr, -4
	.cfi_offset r7, -8
	.pad	#16
	sub	sp, #16
	.cfi_def_cfa_offset 24
	str	r0, [sp, #12]
	str	r1, [sp, #8]
	str	r2, [sp, #4]
.Ltmp33:
	.loc	3 145 34 prologue_end           @ source/fmc_user.c:145:34
	ldr	r1, [sp, #12]
	.loc	3 145 46 is_stmt 0              @ source/fmc_user.c:145:46
	ldr	r2, [sp, #8]
	.loc	3 145 56                        @ source/fmc_user.c:145:56
	ldr	r3, [sp, #4]
	movs	r0, #33
	.loc	3 145 5                         @ source/fmc_user.c:145:5
	bl	FMC_Proc
	.loc	3 146 5 epilogue_begin is_stmt 1 @ source/fmc_user.c:146:5
	add	sp, #16
	pop	{r7, pc}
.Ltmp34:
.Lfunc_end5:
	.size	WriteData, .Lfunc_end5-WriteData
	.cfi_endproc
	.cantunwind
	.fnend
                                        @ -- End function
	.section	.text.EraseAP,"ax",%progbits
	.hidden	EraseAP                         @ -- Begin function EraseAP
	.globl	EraseAP
	.p2align	2
	.type	EraseAP,%function
	.code	16                              @ @EraseAP
	.thumb_func
EraseAP:
.Lfunc_begin6:
	.loc	3 152 0                         @ source/fmc_user.c:152:0
	.fnstart
	.cfi_startproc
@ %bb.0:
	.pad	#28
	sub	sp, #28
	.cfi_def_cfa_offset 28
	str	r0, [sp, #20]
	str	r1, [sp, #16]
.Ltmp35:
	.loc	3 156 15 prologue_end           @ source/fmc_user.c:156:15
	ldr	r0, [sp, #20]
	.loc	3 156 13 is_stmt 0              @ source/fmc_user.c:156:13
	str	r0, [sp, #12]
	.loc	3 158 5 is_stmt 1               @ source/fmc_user.c:158:5
	b	.LBB6_1
.LBB6_1:                                @ =>This Loop Header: Depth=1
                                        @     Child Loop BB6_11 Depth 2
	.loc	3 158 11 is_stmt 0              @ source/fmc_user.c:158:11
	ldr	r0, [sp, #16]
	.loc	3 158 5                         @ source/fmc_user.c:158:5
	cmp	r0, #0
	beq	.LBB6_18
	b	.LBB6_2
.LBB6_2:                                @   in Loop: Header=BB6_1 Depth=1
.Ltmp36:
	.loc	3 160 13 is_stmt 1              @ source/fmc_user.c:160:13
	ldr	r0, [sp, #16]
	.loc	3 160 36 is_stmt 0              @ source/fmc_user.c:160:36
	lsrs	r0, r0, #18
	cbz	r0, .LBB6_5
	b	.LBB6_3
.LBB6_3:                                @   in Loop: Header=BB6_1 Depth=1
	.loc	3 160 41                        @ source/fmc_user.c:160:41
	ldr	r0, [sp, #12]
.Ltmp37:
	.loc	3 160 12                        @ source/fmc_user.c:160:12
	lsls	r0, r0, #14
	cbnz	r0, .LBB6_5
	b	.LBB6_4
.LBB6_4:                                @   in Loop: Header=BB6_1 Depth=1
	.loc	3 0 12                          @ source/fmc_user.c:0:12
	movs	r0, #35
.Ltmp38:
	.loc	3 162 20 is_stmt 1              @ source/fmc_user.c:162:20
	str	r0, [sp, #8]
	movs	r0, #1
	lsls	r0, r0, #18
	.loc	3 163 21                        @ source/fmc_user.c:163:21
	str	r0, [sp, #4]
	.loc	3 164 9                         @ source/fmc_user.c:164:9
	b	.LBB6_10
.Ltmp39:
.LBB6_5:                                @   in Loop: Header=BB6_1 Depth=1
	.loc	3 165 18                        @ source/fmc_user.c:165:18
	ldr	r0, [sp, #16]
	.loc	3 165 42 is_stmt 0              @ source/fmc_user.c:165:42
	lsrs	r0, r0, #13
	cbz	r0, .LBB6_8
	b	.LBB6_6
.Ltmp40:
.LBB6_6:                                @   in Loop: Header=BB6_1 Depth=1
	.loc	3 0 42                          @ source/fmc_user.c:0:42
	add	r0, sp, #12
	.loc	3 165 17                        @ source/fmc_user.c:165:17
	ldrh	r0, [r0]
	lsls	r0, r0, #19
	cbnz	r0, .LBB6_8
	b	.LBB6_7
.LBB6_7:                                @   in Loop: Header=BB6_1 Depth=1
	.loc	3 0 17                          @ source/fmc_user.c:0:17
	movs	r0, #37
.Ltmp41:
	.loc	3 167 20 is_stmt 1              @ source/fmc_user.c:167:20
	str	r0, [sp, #8]
	movw	r0, #8192
	.loc	3 168 21                        @ source/fmc_user.c:168:21
	str	r0, [sp, #4]
	.loc	3 169 9                         @ source/fmc_user.c:169:9
	b	.LBB6_9
.Ltmp42:
.LBB6_8:                                @   in Loop: Header=BB6_1 Depth=1
	.loc	3 0 9 is_stmt 0                 @ source/fmc_user.c:0:9
	movs	r0, #34
.Ltmp43:
	.loc	3 172 20 is_stmt 1              @ source/fmc_user.c:172:20
	str	r0, [sp, #8]
	movw	r0, #2048
	.loc	3 173 21                        @ source/fmc_user.c:173:21
	str	r0, [sp, #4]
	b	.LBB6_9
.Ltmp44:
.LBB6_9:                                @   in Loop: Header=BB6_1 Depth=1
	.loc	3 0 21 is_stmt 0                @ source/fmc_user.c:0:21
	b	.LBB6_10
.LBB6_10:                               @   in Loop: Header=BB6_1 Depth=1
	.loc	3 176 23 is_stmt 1              @ source/fmc_user.c:176:23
	ldr	r0, [sp, #8]
	ldr	r1, __arm_cp.6_0
	.loc	3 176 21 is_stmt 0              @ source/fmc_user.c:176:21
	str	r0, [r1]
	.loc	3 177 24 is_stmt 1              @ source/fmc_user.c:177:24
	ldr	r0, [sp, #12]
	ldr	r1, __arm_cp.6_1
	.loc	3 177 22 is_stmt 0              @ source/fmc_user.c:177:22
	str	r0, [r1]
	ldr	r1, __arm_cp.6_2
	movs	r0, #1
	.loc	3 178 21 is_stmt 1              @ source/fmc_user.c:178:21
	str	r0, [r1]
	.loc	3 179 9                         @ source/fmc_user.c:179:9
	isb	sy
	.loc	3 181 25                        @ source/fmc_user.c:181:25
	ldr	r0, __arm_cp.6_3
	ldr	r0, [r0]
	lsrs	r0, r0, #2
	.loc	3 181 23 is_stmt 0              @ source/fmc_user.c:181:23
	str	r0, [sp]
	.loc	3 182 9 is_stmt 1               @ source/fmc_user.c:182:9
	b	.LBB6_11
.LBB6_11:                               @   Parent Loop BB6_1 Depth=1
                                        @ =>  This Inner Loop Header: Depth=2
	.loc	3 0 9 is_stmt 0                 @ source/fmc_user.c:0:9
	ldr	r0, __arm_cp.6_2
	.loc	3 182 20                        @ source/fmc_user.c:182:20
	ldr	r0, [r0]
	.loc	3 182 9                         @ source/fmc_user.c:182:9
	lsls	r0, r0, #31
	cbz	r0, .LBB6_15
	b	.LBB6_12
.LBB6_12:                               @   in Loop: Header=BB6_11 Depth=2
.Ltmp45:
	.loc	3 184 16 is_stmt 1              @ source/fmc_user.c:184:16
	ldr	r0, [sp]
	subs	r0, r0, #1
	str	r0, [sp]
.Ltmp46:
	.loc	3 184 16 is_stmt 0              @ source/fmc_user.c:184:16
	cbnz	r0, .LBB6_14
	b	.LBB6_13
.LBB6_13:
	.loc	3 0 16                          @ source/fmc_user.c:0:16
	movs	r0, #0
	mvns	r0, r0
.Ltmp47:
	.loc	3 185 17 is_stmt 1              @ source/fmc_user.c:185:17
	str	r0, [sp, #24]
	b	.LBB6_19
.Ltmp48:
.LBB6_14:                               @   in Loop: Header=BB6_11 Depth=2
	.loc	3 182 9                         @ source/fmc_user.c:182:9
	b	.LBB6_11
.LBB6_15:                               @   in Loop: Header=BB6_1 Depth=1
	.loc	3 0 9 is_stmt 0                 @ source/fmc_user.c:0:9
	ldr	r0, __arm_cp.6_4
.Ltmp49:
	.loc	3 188 17 is_stmt 1              @ source/fmc_user.c:188:17
	ldr	r0, [r0]
.Ltmp50:
	.loc	3 188 12 is_stmt 0              @ source/fmc_user.c:188:12
	lsls	r0, r0, #25
	cmp	r0, #0
	bpl	.LBB6_17
	b	.LBB6_16
.LBB6_16:
	.loc	3 0 12                          @ source/fmc_user.c:0:12
	ldr	r1, __arm_cp.6_4
.Ltmp51:
	.loc	3 190 25 is_stmt 1              @ source/fmc_user.c:190:25
	ldr	r0, [r1]
	movs	r2, #64
	orrs	r0, r2
	str	r0, [r1]
	movs	r0, #0
	mvns	r0, r0
	.loc	3 191 13                        @ source/fmc_user.c:191:13
	str	r0, [sp, #24]
	b	.LBB6_19
.Ltmp52:
.LBB6_17:                               @   in Loop: Header=BB6_1 Depth=1
	.loc	3 194 20                        @ source/fmc_user.c:194:20
	ldr	r1, [sp, #4]
	.loc	3 194 17 is_stmt 0              @ source/fmc_user.c:194:17
	ldr	r0, [sp, #12]
	adds	r0, r0, r1
	str	r0, [sp, #12]
	.loc	3 195 17 is_stmt 1              @ source/fmc_user.c:195:17
	ldr	r1, [sp, #4]
	.loc	3 195 14 is_stmt 0              @ source/fmc_user.c:195:14
	ldr	r0, [sp, #16]
	subs	r0, r0, r1
	str	r0, [sp, #16]
.Ltmp53:
	.loc	3 158 5 is_stmt 1               @ source/fmc_user.c:158:5
	b	.LBB6_1
.LBB6_18:
	.loc	3 0 5 is_stmt 0                 @ source/fmc_user.c:0:5
	movs	r0, #0
	.loc	3 198 5 is_stmt 1               @ source/fmc_user.c:198:5
	str	r0, [sp, #24]
	b	.LBB6_19
.LBB6_19:
	.loc	3 199 1                         @ source/fmc_user.c:199:1
	ldr	r0, [sp, #24]
	.loc	3 199 1 epilogue_begin is_stmt 0 @ source/fmc_user.c:199:1
	add	sp, #28
	bx	lr
.Ltmp54:
	.loc	3 0 1                           @ :0:1
.Ltmp55:
	.p2align	2
@ %bb.20:
__arm_cp.6_0:
	.long	1073790988                      @ 0x4000c00c
.Lcpi_end6:
	.size	__arm_cp.6_0, .Lcpi_end6-__arm_cp.6_0
__arm_cp.6_1:
	.long	1073790980                      @ 0x4000c004
.Lcpi_end7:
	.size	__arm_cp.6_1, .Lcpi_end7-__arm_cp.6_1
__arm_cp.6_2:
	.long	1073790992                      @ 0x4000c010
.Lcpi_end8:
	.size	__arm_cp.6_2, .Lcpi_end8-__arm_cp.6_2
__arm_cp.6_3:
	.long	SystemCoreClock
.Lcpi_end9:
	.size	__arm_cp.6_3, .Lcpi_end9-__arm_cp.6_3
__arm_cp.6_4:
	.long	1073790976                      @ 0x4000c000
.Lcpi_end10:
	.size	__arm_cp.6_4, .Lcpi_end10-__arm_cp.6_4
.Lfunc_end6:
	.size	EraseAP, .Lfunc_end6-EraseAP
	.cfi_endproc
	.cantunwind
	.fnend
                                        @ -- End function
	.section	.text.UpdateConfig,"ax",%progbits
	.hidden	UpdateConfig                    @ -- Begin function UpdateConfig
	.globl	UpdateConfig
	.p2align	2
	.type	UpdateConfig,%function
	.code	16                              @ @UpdateConfig
	.thumb_func
UpdateConfig:
.Lfunc_begin7:
	.loc	3 205 0 is_stmt 1               @ source/fmc_user.c:205:0
	.fnstart
	.cfi_startproc
@ %bb.0:
	.save	{r7, lr}
	push	{r7, lr}
	.cfi_def_cfa_offset 8
	.cfi_offset lr, -4
	.cfi_offset r7, -8
	.pad	#16
	sub	sp, #16
	.cfi_def_cfa_offset 24
	str	r0, [sp, #12]
	str	r1, [sp, #8]
	ldr	r1, __arm_cp.7_0
.Ltmp56:
	.loc	3 206 5 prologue_end            @ source/fmc_user.c:206:5
	ldr	r0, [r1]
	movs	r2, #16
	orrs	r0, r2
	str	r0, [r1]
	movs	r0, #3
	lsls	r1, r0, #20
	str	r1, [sp]                        @ 4-byte Spill
	movs	r0, #34
	ldr	r2, __arm_cp.7_1
	str	r2, [sp, #4]                    @ 4-byte Spill
	movs	r3, #0
	.loc	3 207 5                         @ source/fmc_user.c:207:5
	bl	FMC_Proc
	ldr	r1, [sp]                        @ 4-byte Reload
	ldr	r2, [sp, #4]                    @ 4-byte Reload
	.loc	3 208 57                        @ source/fmc_user.c:208:57
	ldr	r3, [sp, #12]
	movs	r0, #33
	.loc	3 208 5 is_stmt 0               @ source/fmc_user.c:208:5
	bl	FMC_Proc
.Ltmp57:
	.loc	3 210 8 is_stmt 1               @ source/fmc_user.c:210:8
	ldr	r0, [sp, #8]
.Ltmp58:
	.loc	3 210 8 is_stmt 0               @ source/fmc_user.c:210:8
	cbz	r0, .LBB7_2
	b	.LBB7_1
.LBB7_1:
.Ltmp59:
	.loc	3 212 58 is_stmt 1              @ source/fmc_user.c:212:58
	ldr	r3, [sp, #8]
	movs	r0, #3
	lsls	r1, r0, #20
	movs	r0, #0
	ldr	r2, __arm_cp.7_1
	.loc	3 212 9 is_stmt 0               @ source/fmc_user.c:212:9
	bl	FMC_Proc
	.loc	3 213 5 is_stmt 1               @ source/fmc_user.c:213:5
	b	.LBB7_2
.Ltmp60:
.LBB7_2:
	.loc	3 0 5 is_stmt 0                 @ source/fmc_user.c:0:5
	ldr	r1, __arm_cp.7_0
	.loc	3 215 5 is_stmt 1               @ source/fmc_user.c:215:5
	ldr	r0, [r1]
	movs	r2, #16
	bics	r0, r2
	str	r0, [r1]
	.loc	3 216 1 epilogue_begin          @ source/fmc_user.c:216:1
	add	sp, #16
	pop	{r7, pc}
.Ltmp61:
	.loc	3 0 1 is_stmt 0                 @ :0:1
.Ltmp62:
	.p2align	2
@ %bb.3:
__arm_cp.7_0:
	.long	1073790976                      @ 0x4000c000
.Lcpi_end11:
	.size	__arm_cp.7_0, .Lcpi_end11-__arm_cp.7_0
__arm_cp.7_1:
	.long	3145744                         @ 0x300010
.Lcpi_end12:
	.size	__arm_cp.7_1, .Lcpi_end12-__arm_cp.7_1
.Lfunc_end7:
	.size	UpdateConfig, .Lfunc_end7-UpdateConfig
	.cfi_endproc
	.cantunwind
	.fnend
                                        @ -- End function
	.section	.debug_abbrev,"",%progbits
	.byte	1                               @ Abbreviation Code
	.byte	17                              @ DW_TAG_compile_unit
	.byte	1                               @ DW_CHILDREN_yes
	.byte	37                              @ DW_AT_producer
	.byte	14                              @ DW_FORM_strp
	.byte	19                              @ DW_AT_language
	.byte	5                               @ DW_FORM_data2
	.byte	3                               @ DW_AT_name
	.byte	14                              @ DW_FORM_strp
	.byte	16                              @ DW_AT_stmt_list
	.byte	23                              @ DW_FORM_sec_offset
	.byte	27                              @ DW_AT_comp_dir
	.byte	14                              @ DW_FORM_strp
	.byte	17                              @ DW_AT_low_pc
	.byte	1                               @ DW_FORM_addr
	.byte	85                              @ DW_AT_ranges
	.byte	23                              @ DW_FORM_sec_offset
	.byte	0                               @ EOM(1)
	.byte	0                               @ EOM(2)
	.byte	2                               @ Abbreviation Code
	.byte	15                              @ DW_TAG_pointer_type
	.byte	0                               @ DW_CHILDREN_no
	.byte	73                              @ DW_AT_type
	.byte	19                              @ DW_FORM_ref4
	.byte	0                               @ EOM(1)
	.byte	0                               @ EOM(2)
	.byte	3                               @ Abbreviation Code
	.byte	22                              @ DW_TAG_typedef
	.byte	0                               @ DW_CHILDREN_no
	.byte	73                              @ DW_AT_type
	.byte	19                              @ DW_FORM_ref4
	.byte	3                               @ DW_AT_name
	.byte	14                              @ DW_FORM_strp
	.byte	58                              @ DW_AT_decl_file
	.byte	11                              @ DW_FORM_data1
	.byte	59                              @ DW_AT_decl_line
	.byte	5                               @ DW_FORM_data2
	.byte	0                               @ EOM(1)
	.byte	0                               @ EOM(2)
	.byte	4                               @ Abbreviation Code
	.byte	19                              @ DW_TAG_structure_type
	.byte	1                               @ DW_CHILDREN_yes
	.byte	11                              @ DW_AT_byte_size
	.byte	11                              @ DW_FORM_data1
	.byte	58                              @ DW_AT_decl_file
	.byte	11                              @ DW_FORM_data1
	.byte	59                              @ DW_AT_decl_line
	.byte	11                              @ DW_FORM_data1
	.byte	0                               @ EOM(1)
	.byte	0                               @ EOM(2)
	.byte	5                               @ Abbreviation Code
	.byte	13                              @ DW_TAG_member
	.byte	0                               @ DW_CHILDREN_no
	.byte	3                               @ DW_AT_name
	.byte	14                              @ DW_FORM_strp
	.byte	73                              @ DW_AT_type
	.byte	19                              @ DW_FORM_ref4
	.byte	58                              @ DW_AT_decl_file
	.byte	11                              @ DW_FORM_data1
	.byte	59                              @ DW_AT_decl_line
	.byte	5                               @ DW_FORM_data2
	.byte	56                              @ DW_AT_data_member_location
	.byte	11                              @ DW_FORM_data1
	.byte	0                               @ EOM(1)
	.byte	0                               @ EOM(2)
	.byte	6                               @ Abbreviation Code
	.byte	53                              @ DW_TAG_volatile_type
	.byte	0                               @ DW_CHILDREN_no
	.byte	73                              @ DW_AT_type
	.byte	19                              @ DW_FORM_ref4
	.byte	0                               @ EOM(1)
	.byte	0                               @ EOM(2)
	.byte	7                               @ Abbreviation Code
	.byte	22                              @ DW_TAG_typedef
	.byte	0                               @ DW_CHILDREN_no
	.byte	73                              @ DW_AT_type
	.byte	19                              @ DW_FORM_ref4
	.byte	3                               @ DW_AT_name
	.byte	14                              @ DW_FORM_strp
	.byte	58                              @ DW_AT_decl_file
	.byte	11                              @ DW_FORM_data1
	.byte	59                              @ DW_AT_decl_line
	.byte	11                              @ DW_FORM_data1
	.byte	0                               @ EOM(1)
	.byte	0                               @ EOM(2)
	.byte	8                               @ Abbreviation Code
	.byte	36                              @ DW_TAG_base_type
	.byte	0                               @ DW_CHILDREN_no
	.byte	3                               @ DW_AT_name
	.byte	14                              @ DW_FORM_strp
	.byte	62                              @ DW_AT_encoding
	.byte	11                              @ DW_FORM_data1
	.byte	11                              @ DW_AT_byte_size
	.byte	11                              @ DW_FORM_data1
	.byte	0                               @ EOM(1)
	.byte	0                               @ EOM(2)
	.byte	9                               @ Abbreviation Code
	.byte	1                               @ DW_TAG_array_type
	.byte	1                               @ DW_CHILDREN_yes
	.byte	73                              @ DW_AT_type
	.byte	19                              @ DW_FORM_ref4
	.byte	0                               @ EOM(1)
	.byte	0                               @ EOM(2)
	.byte	10                              @ Abbreviation Code
	.byte	33                              @ DW_TAG_subrange_type
	.byte	0                               @ DW_CHILDREN_no
	.byte	73                              @ DW_AT_type
	.byte	19                              @ DW_FORM_ref4
	.byte	55                              @ DW_AT_count
	.byte	11                              @ DW_FORM_data1
	.byte	0                               @ EOM(1)
	.byte	0                               @ EOM(2)
	.byte	11                              @ Abbreviation Code
	.byte	38                              @ DW_TAG_const_type
	.byte	0                               @ DW_CHILDREN_no
	.byte	73                              @ DW_AT_type
	.byte	19                              @ DW_FORM_ref4
	.byte	0                               @ EOM(1)
	.byte	0                               @ EOM(2)
	.byte	12                              @ Abbreviation Code
	.byte	36                              @ DW_TAG_base_type
	.byte	0                               @ DW_CHILDREN_no
	.byte	3                               @ DW_AT_name
	.byte	14                              @ DW_FORM_strp
	.byte	11                              @ DW_AT_byte_size
	.byte	11                              @ DW_FORM_data1
	.byte	62                              @ DW_AT_encoding
	.byte	11                              @ DW_FORM_data1
	.byte	0                               @ EOM(1)
	.byte	0                               @ EOM(2)
	.byte	13                              @ Abbreviation Code
	.byte	46                              @ DW_TAG_subprogram
	.byte	1                               @ DW_CHILDREN_yes
	.byte	17                              @ DW_AT_low_pc
	.byte	1                               @ DW_FORM_addr
	.byte	18                              @ DW_AT_high_pc
	.byte	6                               @ DW_FORM_data4
	.byte	64                              @ DW_AT_frame_base
	.byte	24                              @ DW_FORM_exprloc
	.byte	3                               @ DW_AT_name
	.byte	14                              @ DW_FORM_strp
	.byte	58                              @ DW_AT_decl_file
	.byte	11                              @ DW_FORM_data1
	.byte	59                              @ DW_AT_decl_line
	.byte	11                              @ DW_FORM_data1
	.byte	39                              @ DW_AT_prototyped
	.byte	25                              @ DW_FORM_flag_present
	.byte	73                              @ DW_AT_type
	.byte	19                              @ DW_FORM_ref4
	.byte	63                              @ DW_AT_external
	.byte	25                              @ DW_FORM_flag_present
	.byte	0                               @ EOM(1)
	.byte	0                               @ EOM(2)
	.byte	14                              @ Abbreviation Code
	.byte	5                               @ DW_TAG_formal_parameter
	.byte	0                               @ DW_CHILDREN_no
	.byte	2                               @ DW_AT_location
	.byte	24                              @ DW_FORM_exprloc
	.byte	3                               @ DW_AT_name
	.byte	14                              @ DW_FORM_strp
	.byte	58                              @ DW_AT_decl_file
	.byte	11                              @ DW_FORM_data1
	.byte	59                              @ DW_AT_decl_line
	.byte	11                              @ DW_FORM_data1
	.byte	73                              @ DW_AT_type
	.byte	19                              @ DW_FORM_ref4
	.byte	0                               @ EOM(1)
	.byte	0                               @ EOM(2)
	.byte	15                              @ Abbreviation Code
	.byte	52                              @ DW_TAG_variable
	.byte	0                               @ DW_CHILDREN_no
	.byte	2                               @ DW_AT_location
	.byte	24                              @ DW_FORM_exprloc
	.byte	3                               @ DW_AT_name
	.byte	14                              @ DW_FORM_strp
	.byte	58                              @ DW_AT_decl_file
	.byte	11                              @ DW_FORM_data1
	.byte	59                              @ DW_AT_decl_line
	.byte	11                              @ DW_FORM_data1
	.byte	73                              @ DW_AT_type
	.byte	19                              @ DW_FORM_ref4
	.byte	0                               @ EOM(1)
	.byte	0                               @ EOM(2)
	.byte	16                              @ Abbreviation Code
	.byte	46                              @ DW_TAG_subprogram
	.byte	1                               @ DW_CHILDREN_yes
	.byte	17                              @ DW_AT_low_pc
	.byte	1                               @ DW_FORM_addr
	.byte	18                              @ DW_AT_high_pc
	.byte	6                               @ DW_FORM_data4
	.byte	64                              @ DW_AT_frame_base
	.byte	24                              @ DW_FORM_exprloc
	.byte	3                               @ DW_AT_name
	.byte	14                              @ DW_FORM_strp
	.byte	58                              @ DW_AT_decl_file
	.byte	11                              @ DW_FORM_data1
	.byte	59                              @ DW_AT_decl_line
	.byte	11                              @ DW_FORM_data1
	.byte	39                              @ DW_AT_prototyped
	.byte	25                              @ DW_FORM_flag_present
	.byte	63                              @ DW_AT_external
	.byte	25                              @ DW_FORM_flag_present
	.byte	0                               @ EOM(1)
	.byte	0                               @ EOM(2)
	.byte	0                               @ EOM(3)
	.section	.debug_info,"",%progbits
.Lcu_begin0:
	.long	.Ldebug_info_end0-.Ldebug_info_start0 @ Length of Unit
.Ldebug_info_start0:
	.short	4                               @ DWARF version number
	.long	.debug_abbrev                   @ Offset Into Abbrev. Section
	.byte	4                               @ Address Size (in bytes)
	.byte	1                               @ Abbrev [1] 0xb:0x427 DW_TAG_compile_unit
	.long	.Linfo_string0                  @ DW_AT_producer
	.short	29                              @ DW_AT_language
	.long	.Linfo_string1                  @ DW_AT_name
	.long	.Lline_table_start0             @ DW_AT_stmt_list
	.long	.Linfo_string2                  @ DW_AT_comp_dir
	.long	0                               @ DW_AT_low_pc
	.long	.Ldebug_ranges0                 @ DW_AT_ranges
	.byte	2                               @ Abbrev [2] 0x26:0x5 DW_TAG_pointer_type
	.long	43                              @ DW_AT_type
	.byte	3                               @ Abbrev [3] 0x2b:0xc DW_TAG_typedef
	.long	55                              @ DW_AT_type
	.long	.Linfo_string36                 @ DW_AT_name
	.byte	2                               @ DW_AT_decl_file
	.short	524                             @ DW_AT_decl_line
	.byte	4                               @ Abbrev [4] 0x37:0x18b DW_TAG_structure_type
	.byte	228                             @ DW_AT_byte_size
	.byte	2                               @ DW_AT_decl_file
	.byte	26                              @ DW_AT_decl_line
	.byte	5                               @ Abbrev [5] 0x3b:0xd DW_TAG_member
	.long	.Linfo_string3                  @ DW_AT_name
	.long	450                             @ DW_AT_type
	.byte	2                               @ DW_AT_decl_file
	.short	493                             @ DW_AT_decl_line
	.byte	0                               @ DW_AT_data_member_location
	.byte	5                               @ Abbrev [5] 0x48:0xd DW_TAG_member
	.long	.Linfo_string6                  @ DW_AT_name
	.long	450                             @ DW_AT_type
	.byte	2                               @ DW_AT_decl_file
	.short	494                             @ DW_AT_decl_line
	.byte	4                               @ DW_AT_data_member_location
	.byte	5                               @ Abbrev [5] 0x55:0xd DW_TAG_member
	.long	.Linfo_string7                  @ DW_AT_name
	.long	450                             @ DW_AT_type
	.byte	2                               @ DW_AT_decl_file
	.short	495                             @ DW_AT_decl_line
	.byte	8                               @ DW_AT_data_member_location
	.byte	5                               @ Abbrev [5] 0x62:0xd DW_TAG_member
	.long	.Linfo_string8                  @ DW_AT_name
	.long	450                             @ DW_AT_type
	.byte	2                               @ DW_AT_decl_file
	.short	496                             @ DW_AT_decl_line
	.byte	12                              @ DW_AT_data_member_location
	.byte	5                               @ Abbrev [5] 0x6f:0xd DW_TAG_member
	.long	.Linfo_string9                  @ DW_AT_name
	.long	450                             @ DW_AT_type
	.byte	2                               @ DW_AT_decl_file
	.short	497                             @ DW_AT_decl_line
	.byte	16                              @ DW_AT_data_member_location
	.byte	5                               @ Abbrev [5] 0x7c:0xd DW_TAG_member
	.long	.Linfo_string10                 @ DW_AT_name
	.long	473                             @ DW_AT_type
	.byte	2                               @ DW_AT_decl_file
	.short	498                             @ DW_AT_decl_line
	.byte	20                              @ DW_AT_data_member_location
	.byte	5                               @ Abbrev [5] 0x89:0xd DW_TAG_member
	.long	.Linfo_string12                 @ DW_AT_name
	.long	450                             @ DW_AT_type
	.byte	2                               @ DW_AT_decl_file
	.short	499                             @ DW_AT_decl_line
	.byte	64                              @ DW_AT_data_member_location
	.byte	5                               @ Abbrev [5] 0x96:0xd DW_TAG_member
	.long	.Linfo_string13                 @ DW_AT_name
	.long	497                             @ DW_AT_type
	.byte	2                               @ DW_AT_decl_file
	.short	500                             @ DW_AT_decl_line
	.byte	68                              @ DW_AT_data_member_location
	.byte	5                               @ Abbrev [5] 0xa3:0xd DW_TAG_member
	.long	.Linfo_string14                 @ DW_AT_name
	.long	450                             @ DW_AT_type
	.byte	2                               @ DW_AT_decl_file
	.short	501                             @ DW_AT_decl_line
	.byte	76                              @ DW_AT_data_member_location
	.byte	5                               @ Abbrev [5] 0xb0:0xd DW_TAG_member
	.long	.Linfo_string15                 @ DW_AT_name
	.long	450                             @ DW_AT_type
	.byte	2                               @ DW_AT_decl_file
	.short	502                             @ DW_AT_decl_line
	.byte	80                              @ DW_AT_data_member_location
	.byte	5                               @ Abbrev [5] 0xbd:0xd DW_TAG_member
	.long	.Linfo_string16                 @ DW_AT_name
	.long	450                             @ DW_AT_type
	.byte	2                               @ DW_AT_decl_file
	.short	503                             @ DW_AT_decl_line
	.byte	84                              @ DW_AT_data_member_location
	.byte	5                               @ Abbrev [5] 0xca:0xd DW_TAG_member
	.long	.Linfo_string17                 @ DW_AT_name
	.long	450                             @ DW_AT_type
	.byte	2                               @ DW_AT_decl_file
	.short	504                             @ DW_AT_decl_line
	.byte	88                              @ DW_AT_data_member_location
	.byte	5                               @ Abbrev [5] 0xd7:0xd DW_TAG_member
	.long	.Linfo_string18                 @ DW_AT_name
	.long	450                             @ DW_AT_type
	.byte	2                               @ DW_AT_decl_file
	.short	505                             @ DW_AT_decl_line
	.byte	92                              @ DW_AT_data_member_location
	.byte	5                               @ Abbrev [5] 0xe4:0xd DW_TAG_member
	.long	.Linfo_string19                 @ DW_AT_name
	.long	450                             @ DW_AT_type
	.byte	2                               @ DW_AT_decl_file
	.short	506                             @ DW_AT_decl_line
	.byte	96                              @ DW_AT_data_member_location
	.byte	5                               @ Abbrev [5] 0xf1:0xd DW_TAG_member
	.long	.Linfo_string20                 @ DW_AT_name
	.long	485                             @ DW_AT_type
	.byte	2                               @ DW_AT_decl_file
	.short	507                             @ DW_AT_decl_line
	.byte	100                             @ DW_AT_data_member_location
	.byte	5                               @ Abbrev [5] 0xfe:0xd DW_TAG_member
	.long	.Linfo_string21                 @ DW_AT_name
	.long	485                             @ DW_AT_type
	.byte	2                               @ DW_AT_decl_file
	.short	508                             @ DW_AT_decl_line
	.byte	104                             @ DW_AT_data_member_location
	.byte	5                               @ Abbrev [5] 0x10b:0xd DW_TAG_member
	.long	.Linfo_string22                 @ DW_AT_name
	.long	509                             @ DW_AT_type
	.byte	2                               @ DW_AT_decl_file
	.short	509                             @ DW_AT_decl_line
	.byte	108                             @ DW_AT_data_member_location
	.byte	5                               @ Abbrev [5] 0x118:0xd DW_TAG_member
	.long	.Linfo_string23                 @ DW_AT_name
	.long	450                             @ DW_AT_type
	.byte	2                               @ DW_AT_decl_file
	.short	510                             @ DW_AT_decl_line
	.byte	128                             @ DW_AT_data_member_location
	.byte	5                               @ Abbrev [5] 0x125:0xd DW_TAG_member
	.long	.Linfo_string24                 @ DW_AT_name
	.long	450                             @ DW_AT_type
	.byte	2                               @ DW_AT_decl_file
	.short	511                             @ DW_AT_decl_line
	.byte	132                             @ DW_AT_data_member_location
	.byte	5                               @ Abbrev [5] 0x132:0xd DW_TAG_member
	.long	.Linfo_string25                 @ DW_AT_name
	.long	450                             @ DW_AT_type
	.byte	2                               @ DW_AT_decl_file
	.short	512                             @ DW_AT_decl_line
	.byte	136                             @ DW_AT_data_member_location
	.byte	5                               @ Abbrev [5] 0x13f:0xd DW_TAG_member
	.long	.Linfo_string26                 @ DW_AT_name
	.long	450                             @ DW_AT_type
	.byte	2                               @ DW_AT_decl_file
	.short	513                             @ DW_AT_decl_line
	.byte	140                             @ DW_AT_data_member_location
	.byte	5                               @ Abbrev [5] 0x14c:0xd DW_TAG_member
	.long	.Linfo_string27                 @ DW_AT_name
	.long	521                             @ DW_AT_type
	.byte	2                               @ DW_AT_decl_file
	.short	514                             @ DW_AT_decl_line
	.byte	144                             @ DW_AT_data_member_location
	.byte	5                               @ Abbrev [5] 0x159:0xd DW_TAG_member
	.long	.Linfo_string28                 @ DW_AT_name
	.long	485                             @ DW_AT_type
	.byte	2                               @ DW_AT_decl_file
	.short	515                             @ DW_AT_decl_line
	.byte	192                             @ DW_AT_data_member_location
	.byte	5                               @ Abbrev [5] 0x166:0xd DW_TAG_member
	.long	.Linfo_string29                 @ DW_AT_name
	.long	485                             @ DW_AT_type
	.byte	2                               @ DW_AT_decl_file
	.short	516                             @ DW_AT_decl_line
	.byte	196                             @ DW_AT_data_member_location
	.byte	5                               @ Abbrev [5] 0x173:0xd DW_TAG_member
	.long	.Linfo_string30                 @ DW_AT_name
	.long	497                             @ DW_AT_type
	.byte	2                               @ DW_AT_decl_file
	.short	517                             @ DW_AT_decl_line
	.byte	200                             @ DW_AT_data_member_location
	.byte	5                               @ Abbrev [5] 0x180:0xd DW_TAG_member
	.long	.Linfo_string31                 @ DW_AT_name
	.long	485                             @ DW_AT_type
	.byte	2                               @ DW_AT_decl_file
	.short	518                             @ DW_AT_decl_line
	.byte	208                             @ DW_AT_data_member_location
	.byte	5                               @ Abbrev [5] 0x18d:0xd DW_TAG_member
	.long	.Linfo_string32                 @ DW_AT_name
	.long	485                             @ DW_AT_type
	.byte	2                               @ DW_AT_decl_file
	.short	519                             @ DW_AT_decl_line
	.byte	212                             @ DW_AT_data_member_location
	.byte	5                               @ Abbrev [5] 0x19a:0xd DW_TAG_member
	.long	.Linfo_string33                 @ DW_AT_name
	.long	485                             @ DW_AT_type
	.byte	2                               @ DW_AT_decl_file
	.short	520                             @ DW_AT_decl_line
	.byte	216                             @ DW_AT_data_member_location
	.byte	5                               @ Abbrev [5] 0x1a7:0xd DW_TAG_member
	.long	.Linfo_string34                 @ DW_AT_name
	.long	485                             @ DW_AT_type
	.byte	2                               @ DW_AT_decl_file
	.short	521                             @ DW_AT_decl_line
	.byte	220                             @ DW_AT_data_member_location
	.byte	5                               @ Abbrev [5] 0x1b4:0xd DW_TAG_member
	.long	.Linfo_string35                 @ DW_AT_name
	.long	485                             @ DW_AT_type
	.byte	2                               @ DW_AT_decl_file
	.short	522                             @ DW_AT_decl_line
	.byte	224                             @ DW_AT_data_member_location
	.byte	0                               @ End Of Children Mark
	.byte	6                               @ Abbrev [6] 0x1c2:0x5 DW_TAG_volatile_type
	.long	455                             @ DW_AT_type
	.byte	7                               @ Abbrev [7] 0x1c7:0xb DW_TAG_typedef
	.long	466                             @ DW_AT_type
	.long	.Linfo_string5                  @ DW_AT_name
	.byte	1                               @ DW_AT_decl_file
	.byte	64                              @ DW_AT_decl_line
	.byte	8                               @ Abbrev [8] 0x1d2:0x7 DW_TAG_base_type
	.long	.Linfo_string4                  @ DW_AT_name
	.byte	7                               @ DW_AT_encoding
	.byte	4                               @ DW_AT_byte_size
	.byte	9                               @ Abbrev [9] 0x1d9:0xc DW_TAG_array_type
	.long	485                             @ DW_AT_type
	.byte	10                              @ Abbrev [10] 0x1de:0x6 DW_TAG_subrange_type
	.long	490                             @ DW_AT_type
	.byte	11                              @ DW_AT_count
	.byte	0                               @ End Of Children Mark
	.byte	11                              @ Abbrev [11] 0x1e5:0x5 DW_TAG_const_type
	.long	450                             @ DW_AT_type
	.byte	12                              @ Abbrev [12] 0x1ea:0x7 DW_TAG_base_type
	.long	.Linfo_string11                 @ DW_AT_name
	.byte	8                               @ DW_AT_byte_size
	.byte	7                               @ DW_AT_encoding
	.byte	9                               @ Abbrev [9] 0x1f1:0xc DW_TAG_array_type
	.long	485                             @ DW_AT_type
	.byte	10                              @ Abbrev [10] 0x1f6:0x6 DW_TAG_subrange_type
	.long	490                             @ DW_AT_type
	.byte	2                               @ DW_AT_count
	.byte	0                               @ End Of Children Mark
	.byte	9                               @ Abbrev [9] 0x1fd:0xc DW_TAG_array_type
	.long	485                             @ DW_AT_type
	.byte	10                              @ Abbrev [10] 0x202:0x6 DW_TAG_subrange_type
	.long	490                             @ DW_AT_type
	.byte	5                               @ DW_AT_count
	.byte	0                               @ End Of Children Mark
	.byte	9                               @ Abbrev [9] 0x209:0xc DW_TAG_array_type
	.long	485                             @ DW_AT_type
	.byte	10                              @ Abbrev [10] 0x20e:0x6 DW_TAG_subrange_type
	.long	490                             @ DW_AT_type
	.byte	12                              @ DW_AT_count
	.byte	0                               @ End Of Children Mark
	.byte	13                              @ Abbrev [13] 0x215:0x78 DW_TAG_subprogram
	.long	.Lfunc_begin0                   @ DW_AT_low_pc
	.long	.Lfunc_end0-.Lfunc_begin0       @ DW_AT_high_pc
	.byte	1                               @ DW_AT_frame_base
	.byte	93
	.long	.Linfo_string37                 @ DW_AT_name
	.byte	3                               @ DW_AT_decl_file
	.byte	13                              @ DW_AT_decl_line
                                        @ DW_AT_prototyped
	.long	1061                            @ DW_AT_type
                                        @ DW_AT_external
	.byte	14                              @ Abbrev [14] 0x22a:0xe DW_TAG_formal_parameter
	.byte	2                               @ DW_AT_location
	.byte	145
	.byte	24
	.long	.Linfo_string46                 @ DW_AT_name
	.byte	3                               @ DW_AT_decl_file
	.byte	13                              @ DW_AT_decl_line
	.long	466                             @ DW_AT_type
	.byte	14                              @ Abbrev [14] 0x238:0xe DW_TAG_formal_parameter
	.byte	2                               @ DW_AT_location
	.byte	145
	.byte	20
	.long	.Linfo_string47                 @ DW_AT_name
	.byte	3                               @ DW_AT_decl_file
	.byte	13                              @ DW_AT_decl_line
	.long	466                             @ DW_AT_type
	.byte	14                              @ Abbrev [14] 0x246:0xe DW_TAG_formal_parameter
	.byte	2                               @ DW_AT_location
	.byte	145
	.byte	16
	.long	.Linfo_string48                 @ DW_AT_name
	.byte	3                               @ DW_AT_decl_file
	.byte	13                              @ DW_AT_decl_line
	.long	466                             @ DW_AT_type
	.byte	14                              @ Abbrev [14] 0x254:0xe DW_TAG_formal_parameter
	.byte	2                               @ DW_AT_location
	.byte	145
	.byte	12
	.long	.Linfo_string49                 @ DW_AT_name
	.byte	3                               @ DW_AT_decl_file
	.byte	13                              @ DW_AT_decl_line
	.long	1068                            @ DW_AT_type
	.byte	15                              @ Abbrev [15] 0x262:0xe DW_TAG_variable
	.byte	2                               @ DW_AT_location
	.byte	145
	.byte	8
	.long	.Linfo_string50                 @ DW_AT_name
	.byte	3                               @ DW_AT_decl_file
	.byte	15                              @ DW_AT_decl_line
	.long	466                             @ DW_AT_type
	.byte	15                              @ Abbrev [15] 0x270:0xe DW_TAG_variable
	.byte	2                               @ DW_AT_location
	.byte	145
	.byte	4
	.long	.Linfo_string51                 @ DW_AT_name
	.byte	3                               @ DW_AT_decl_file
	.byte	15                              @ DW_AT_decl_line
	.long	466                             @ DW_AT_type
	.byte	15                              @ Abbrev [15] 0x27e:0xe DW_TAG_variable
	.byte	2                               @ DW_AT_location
	.byte	145
	.byte	0
	.long	.Linfo_string52                 @ DW_AT_name
	.byte	3                               @ DW_AT_decl_file
	.byte	16                              @ DW_AT_decl_line
	.long	455                             @ DW_AT_type
	.byte	0                               @ End Of Children Mark
	.byte	13                              @ Abbrev [13] 0x28d:0x32 DW_TAG_subprogram
	.long	.Lfunc_begin1                   @ DW_AT_low_pc
	.long	.Lfunc_end1-.Lfunc_begin1       @ DW_AT_high_pc
	.byte	1                               @ DW_AT_frame_base
	.byte	93
	.long	.Linfo_string39                 @ DW_AT_name
	.byte	3                               @ DW_AT_decl_file
	.byte	80                              @ DW_AT_decl_line
                                        @ DW_AT_prototyped
	.long	1061                            @ DW_AT_type
                                        @ DW_AT_external
	.byte	14                              @ Abbrev [14] 0x2a2:0xe DW_TAG_formal_parameter
	.byte	2                               @ DW_AT_location
	.byte	145
	.byte	4
	.long	.Linfo_string50                 @ DW_AT_name
	.byte	3                               @ DW_AT_decl_file
	.byte	80                              @ DW_AT_decl_line
	.long	466                             @ DW_AT_type
	.byte	14                              @ Abbrev [14] 0x2b0:0xe DW_TAG_formal_parameter
	.byte	2                               @ DW_AT_location
	.byte	145
	.byte	0
	.long	.Linfo_string53                 @ DW_AT_name
	.byte	3                               @ DW_AT_decl_file
	.byte	80                              @ DW_AT_decl_line
	.long	466                             @ DW_AT_type
	.byte	0                               @ End Of Children Mark
	.byte	13                              @ Abbrev [13] 0x2bf:0x32 DW_TAG_subprogram
	.long	.Lfunc_begin2                   @ DW_AT_low_pc
	.long	.Lfunc_end2-.Lfunc_begin2       @ DW_AT_high_pc
	.byte	1                               @ DW_AT_frame_base
	.byte	93
	.long	.Linfo_string40                 @ DW_AT_name
	.byte	3                               @ DW_AT_decl_file
	.byte	100                             @ DW_AT_decl_line
                                        @ DW_AT_prototyped
	.long	1061                            @ DW_AT_type
                                        @ DW_AT_external
	.byte	14                              @ Abbrev [14] 0x2d4:0xe DW_TAG_formal_parameter
	.byte	2                               @ DW_AT_location
	.byte	145
	.byte	4
	.long	.Linfo_string50                 @ DW_AT_name
	.byte	3                               @ DW_AT_decl_file
	.byte	100                             @ DW_AT_decl_line
	.long	466                             @ DW_AT_type
	.byte	14                              @ Abbrev [14] 0x2e2:0xe DW_TAG_formal_parameter
	.byte	2                               @ DW_AT_location
	.byte	145
	.byte	0
	.long	.Linfo_string49                 @ DW_AT_name
	.byte	3                               @ DW_AT_decl_file
	.byte	100                             @ DW_AT_decl_line
	.long	1068                            @ DW_AT_type
	.byte	0                               @ End Of Children Mark
	.byte	13                              @ Abbrev [13] 0x2f1:0x24 DW_TAG_subprogram
	.long	.Lfunc_begin3                   @ DW_AT_low_pc
	.long	.Lfunc_end3-.Lfunc_begin3       @ DW_AT_high_pc
	.byte	1                               @ DW_AT_frame_base
	.byte	93
	.long	.Linfo_string41                 @ DW_AT_name
	.byte	3                               @ DW_AT_decl_file
	.byte	118                             @ DW_AT_decl_line
                                        @ DW_AT_prototyped
	.long	1061                            @ DW_AT_type
                                        @ DW_AT_external
	.byte	14                              @ Abbrev [14] 0x306:0xe DW_TAG_formal_parameter
	.byte	2                               @ DW_AT_location
	.byte	145
	.byte	4
	.long	.Linfo_string50                 @ DW_AT_name
	.byte	3                               @ DW_AT_decl_file
	.byte	118                             @ DW_AT_decl_line
	.long	466                             @ DW_AT_type
	.byte	0                               @ End Of Children Mark
	.byte	16                              @ Abbrev [16] 0x315:0x3c DW_TAG_subprogram
	.long	.Lfunc_begin4                   @ DW_AT_low_pc
	.long	.Lfunc_end4-.Lfunc_begin4       @ DW_AT_high_pc
	.byte	1                               @ DW_AT_frame_base
	.byte	93
	.long	.Linfo_string42                 @ DW_AT_name
	.byte	3                               @ DW_AT_decl_file
	.byte	130                             @ DW_AT_decl_line
                                        @ DW_AT_prototyped
                                        @ DW_AT_external
	.byte	14                              @ Abbrev [14] 0x326:0xe DW_TAG_formal_parameter
	.byte	2                               @ DW_AT_location
	.byte	145
	.byte	12
	.long	.Linfo_string47                 @ DW_AT_name
	.byte	3                               @ DW_AT_decl_file
	.byte	130                             @ DW_AT_decl_line
	.long	466                             @ DW_AT_type
	.byte	14                              @ Abbrev [14] 0x334:0xe DW_TAG_formal_parameter
	.byte	2                               @ DW_AT_location
	.byte	145
	.byte	8
	.long	.Linfo_string48                 @ DW_AT_name
	.byte	3                               @ DW_AT_decl_file
	.byte	130                             @ DW_AT_decl_line
	.long	466                             @ DW_AT_type
	.byte	14                              @ Abbrev [14] 0x342:0xe DW_TAG_formal_parameter
	.byte	2                               @ DW_AT_location
	.byte	145
	.byte	4
	.long	.Linfo_string49                 @ DW_AT_name
	.byte	3                               @ DW_AT_decl_file
	.byte	130                             @ DW_AT_decl_line
	.long	1068                            @ DW_AT_type
	.byte	0                               @ End Of Children Mark
	.byte	16                              @ Abbrev [16] 0x351:0x3c DW_TAG_subprogram
	.long	.Lfunc_begin5                   @ DW_AT_low_pc
	.long	.Lfunc_end5-.Lfunc_begin5       @ DW_AT_high_pc
	.byte	1                               @ DW_AT_frame_base
	.byte	93
	.long	.Linfo_string43                 @ DW_AT_name
	.byte	3                               @ DW_AT_decl_file
	.byte	143                             @ DW_AT_decl_line
                                        @ DW_AT_prototyped
                                        @ DW_AT_external
	.byte	14                              @ Abbrev [14] 0x362:0xe DW_TAG_formal_parameter
	.byte	2                               @ DW_AT_location
	.byte	145
	.byte	12
	.long	.Linfo_string47                 @ DW_AT_name
	.byte	3                               @ DW_AT_decl_file
	.byte	143                             @ DW_AT_decl_line
	.long	466                             @ DW_AT_type
	.byte	14                              @ Abbrev [14] 0x370:0xe DW_TAG_formal_parameter
	.byte	2                               @ DW_AT_location
	.byte	145
	.byte	8
	.long	.Linfo_string48                 @ DW_AT_name
	.byte	3                               @ DW_AT_decl_file
	.byte	143                             @ DW_AT_decl_line
	.long	466                             @ DW_AT_type
	.byte	14                              @ Abbrev [14] 0x37e:0xe DW_TAG_formal_parameter
	.byte	2                               @ DW_AT_location
	.byte	145
	.byte	4
	.long	.Linfo_string49                 @ DW_AT_name
	.byte	3                               @ DW_AT_decl_file
	.byte	143                             @ DW_AT_decl_line
	.long	1068                            @ DW_AT_type
	.byte	0                               @ End Of Children Mark
	.byte	13                              @ Abbrev [13] 0x38d:0x6a DW_TAG_subprogram
	.long	.Lfunc_begin6                   @ DW_AT_low_pc
	.long	.Lfunc_end6-.Lfunc_begin6       @ DW_AT_high_pc
	.byte	1                               @ DW_AT_frame_base
	.byte	93
	.long	.Linfo_string44                 @ DW_AT_name
	.byte	3                               @ DW_AT_decl_file
	.byte	151                             @ DW_AT_decl_line
                                        @ DW_AT_prototyped
	.long	1061                            @ DW_AT_type
                                        @ DW_AT_external
	.byte	14                              @ Abbrev [14] 0x3a2:0xe DW_TAG_formal_parameter
	.byte	2                               @ DW_AT_location
	.byte	145
	.byte	20
	.long	.Linfo_string47                 @ DW_AT_name
	.byte	3                               @ DW_AT_decl_file
	.byte	151                             @ DW_AT_decl_line
	.long	466                             @ DW_AT_type
	.byte	14                              @ Abbrev [14] 0x3b0:0xe DW_TAG_formal_parameter
	.byte	2                               @ DW_AT_location
	.byte	145
	.byte	16
	.long	.Linfo_string54                 @ DW_AT_name
	.byte	3                               @ DW_AT_decl_file
	.byte	151                             @ DW_AT_decl_line
	.long	466                             @ DW_AT_type
	.byte	15                              @ Abbrev [15] 0x3be:0xe DW_TAG_variable
	.byte	2                               @ DW_AT_location
	.byte	145
	.byte	12
	.long	.Linfo_string50                 @ DW_AT_name
	.byte	3                               @ DW_AT_decl_file
	.byte	153                             @ DW_AT_decl_line
	.long	466                             @ DW_AT_type
	.byte	15                              @ Abbrev [15] 0x3cc:0xe DW_TAG_variable
	.byte	2                               @ DW_AT_location
	.byte	145
	.byte	8
	.long	.Linfo_string46                 @ DW_AT_name
	.byte	3                               @ DW_AT_decl_file
	.byte	153                             @ DW_AT_decl_line
	.long	466                             @ DW_AT_type
	.byte	15                              @ Abbrev [15] 0x3da:0xe DW_TAG_variable
	.byte	2                               @ DW_AT_location
	.byte	145
	.byte	4
	.long	.Linfo_string55                 @ DW_AT_name
	.byte	3                               @ DW_AT_decl_file
	.byte	153                             @ DW_AT_decl_line
	.long	466                             @ DW_AT_type
	.byte	15                              @ Abbrev [15] 0x3e8:0xe DW_TAG_variable
	.byte	2                               @ DW_AT_location
	.byte	145
	.byte	0
	.long	.Linfo_string52                 @ DW_AT_name
	.byte	3                               @ DW_AT_decl_file
	.byte	154                             @ DW_AT_decl_line
	.long	455                             @ DW_AT_type
	.byte	0                               @ End Of Children Mark
	.byte	16                              @ Abbrev [16] 0x3f7:0x2e DW_TAG_subprogram
	.long	.Lfunc_begin7                   @ DW_AT_low_pc
	.long	.Lfunc_end7-.Lfunc_begin7       @ DW_AT_high_pc
	.byte	1                               @ DW_AT_frame_base
	.byte	93
	.long	.Linfo_string45                 @ DW_AT_name
	.byte	3                               @ DW_AT_decl_file
	.byte	204                             @ DW_AT_decl_line
                                        @ DW_AT_prototyped
                                        @ DW_AT_external
	.byte	14                              @ Abbrev [14] 0x408:0xe DW_TAG_formal_parameter
	.byte	2                               @ DW_AT_location
	.byte	145
	.byte	12
	.long	.Linfo_string49                 @ DW_AT_name
	.byte	3                               @ DW_AT_decl_file
	.byte	204                             @ DW_AT_decl_line
	.long	1068                            @ DW_AT_type
	.byte	14                              @ Abbrev [14] 0x416:0xe DW_TAG_formal_parameter
	.byte	2                               @ DW_AT_location
	.byte	145
	.byte	8
	.long	.Linfo_string56                 @ DW_AT_name
	.byte	3                               @ DW_AT_decl_file
	.byte	204                             @ DW_AT_decl_line
	.long	1068                            @ DW_AT_type
	.byte	0                               @ End Of Children Mark
	.byte	8                               @ Abbrev [8] 0x425:0x7 DW_TAG_base_type
	.long	.Linfo_string38                 @ DW_AT_name
	.byte	5                               @ DW_AT_encoding
	.byte	4                               @ DW_AT_byte_size
	.byte	2                               @ Abbrev [2] 0x42c:0x5 DW_TAG_pointer_type
	.long	466                             @ DW_AT_type
	.byte	0                               @ End Of Children Mark
.Ldebug_info_end0:
	.section	.debug_ranges,"",%progbits
.Ldebug_ranges0:
	.long	.Lfunc_begin0
	.long	.Lfunc_end0
	.long	.Lfunc_begin1
	.long	.Lfunc_end1
	.long	.Lfunc_begin2
	.long	.Lfunc_end2
	.long	.Lfunc_begin3
	.long	.Lfunc_end3
	.long	.Lfunc_begin4
	.long	.Lfunc_end4
	.long	.Lfunc_begin5
	.long	.Lfunc_end5
	.long	.Lfunc_begin6
	.long	.Lfunc_end6
	.long	.Lfunc_begin7
	.long	.Lfunc_end7
	.long	0
	.long	0
	.section	.debug_str,"MS",%progbits,1
.Linfo_string0:
	.asciz	"Component: Arm Compiler for Embedded 6.24 Tool: armclang [5f371800]" @ string offset=0
.Linfo_string1:
	.asciz	"source\\fmc_user.c"            @ string offset=68
.Linfo_string2:
	.asciz	"D:\\work\\dheeraj\\local\\CEL\\CCC\\CCC_CPU123\\Code" @ string offset=86
.Linfo_string3:
	.asciz	"ISPCTL"                        @ string offset=132
.Linfo_string4:
	.asciz	"unsigned int"                  @ string offset=139
.Linfo_string5:
	.asciz	"uint32_t"                      @ string offset=152
.Linfo_string6:
	.asciz	"ISPADDR"                       @ string offset=161
.Linfo_string7:
	.asciz	"ISPDAT"                        @ string offset=169
.Linfo_string8:
	.asciz	"ISPCMD"                        @ string offset=176
.Linfo_string9:
	.asciz	"ISPTRG"                        @ string offset=183
.Linfo_string10:
	.asciz	"RESERVE0"                      @ string offset=190
.Linfo_string11:
	.asciz	"__ARRAY_SIZE_TYPE__"           @ string offset=199
.Linfo_string12:
	.asciz	"ISPSTS"                        @ string offset=219
.Linfo_string13:
	.asciz	"RESERVE1"                      @ string offset=226
.Linfo_string14:
	.asciz	"CYCCTL"                        @ string offset=235
.Linfo_string15:
	.asciz	"KPKEY0"                        @ string offset=242
.Linfo_string16:
	.asciz	"KPKEY1"                        @ string offset=249
.Linfo_string17:
	.asciz	"KPKEY2"                        @ string offset=256
.Linfo_string18:
	.asciz	"KPKEYTRG"                      @ string offset=263
.Linfo_string19:
	.asciz	"KPKEYSTS"                      @ string offset=272
.Linfo_string20:
	.asciz	"KPKEYCNT"                      @ string offset=281
.Linfo_string21:
	.asciz	"KPCNT"                         @ string offset=290
.Linfo_string22:
	.asciz	"RESERVE2"                      @ string offset=296
.Linfo_string23:
	.asciz	"MPDAT0"                        @ string offset=305
.Linfo_string24:
	.asciz	"MPDAT1"                        @ string offset=312
.Linfo_string25:
	.asciz	"MPDAT2"                        @ string offset=319
.Linfo_string26:
	.asciz	"MPDAT3"                        @ string offset=326
.Linfo_string27:
	.asciz	"RESERVE3"                      @ string offset=333
.Linfo_string28:
	.asciz	"MPSTS"                         @ string offset=342
.Linfo_string29:
	.asciz	"MPADDR"                        @ string offset=348
.Linfo_string30:
	.asciz	"RESERVE4"                      @ string offset=355
.Linfo_string31:
	.asciz	"XOMR0STS"                      @ string offset=364
.Linfo_string32:
	.asciz	"XOMR1STS"                      @ string offset=373
.Linfo_string33:
	.asciz	"XOMR2STS"                      @ string offset=382
.Linfo_string34:
	.asciz	"XOMR3STS"                      @ string offset=391
.Linfo_string35:
	.asciz	"XOMSTS"                        @ string offset=400
.Linfo_string36:
	.asciz	"FMC_T"                         @ string offset=407
.Linfo_string37:
	.asciz	"FMC_Proc"                      @ string offset=413
.Linfo_string38:
	.asciz	"int"                           @ string offset=422
.Linfo_string39:
	.asciz	"FMC_Write_User"                @ string offset=426
.Linfo_string40:
	.asciz	"FMC_Read_User"                 @ string offset=441
.Linfo_string41:
	.asciz	"FMC_Erase_User"                @ string offset=455
.Linfo_string42:
	.asciz	"ReadData"                      @ string offset=470
.Linfo_string43:
	.asciz	"WriteData"                     @ string offset=479
.Linfo_string44:
	.asciz	"EraseAP"                       @ string offset=489
.Linfo_string45:
	.asciz	"UpdateConfig"                  @ string offset=497
.Linfo_string46:
	.asciz	"u32Cmd"                        @ string offset=510
.Linfo_string47:
	.asciz	"addr_start"                    @ string offset=517
.Linfo_string48:
	.asciz	"addr_end"                      @ string offset=528
.Linfo_string49:
	.asciz	"data"                          @ string offset=537
.Linfo_string50:
	.asciz	"u32Addr"                       @ string offset=542
.Linfo_string51:
	.asciz	"Reg"                           @ string offset=550
.Linfo_string52:
	.asciz	"u32TimeOutCnt"                 @ string offset=554
.Linfo_string53:
	.asciz	"u32Data"                       @ string offset=568
.Linfo_string54:
	.asciz	"size"                          @ string offset=576
.Linfo_string55:
	.asciz	"u32Size"                       @ string offset=581
.Linfo_string56:
	.asciz	"res"                           @ string offset=589
	.ident	"Component: Arm Compiler for Embedded 6.24 Tool: armclang [5f371800]"
	.section	".note.GNU-stack","",%progbits
	.eabi_attribute	30, 6	@ Tag_ABI_optimization_goals
	.ARM_attribute	16, 1	@ Tag_AV_eba
	.section	.debug_line,"",%progbits
.Lline_table_start0:
