	.text
	.syntax unified
	.eabi_attribute	67, "2.09"	@ Tag_conformance
	.cpu	cortex-m23
	.eabi_attribute	6, 16	@ Tag_CPU_arch
	.eabi_attribute	7, 77	@ Tag_CPU_arch_profile
	.eabi_attribute	8, 0	@ Tag_ARM_ISA_use
	.eabi_attribute	9, 3	@ Tag_THUMB_ISA_use
	.eabi_attribute	34, 0	@ Tag_CPU_unaligned_access
	.eabi_attribute	17, 1	@ Tag_ABI_PCS_GOT_use
	.eabi_attribute	20, 2	@ Tag_ABI_FP_denormal
	.eabi_attribute	21, 0	@ Tag_ABI_FP_exceptions
	.eabi_attribute	23, 1	@ Tag_ABI_FP_number_model
	.eabi_attribute	24, 1	@ Tag_ABI_align_needed
	.eabi_attribute	25, 1	@ Tag_ABI_align_preserved
	.eabi_attribute	38, 1	@ Tag_ABI_FP_16bit_format
	.eabi_attribute	18, 4	@ Tag_ABI_PCS_wchar_t
	.eabi_attribute	26, 2	@ Tag_ABI_enum_size
	.eabi_attribute	14, 0	@ Tag_ABI_PCS_R9_use
	.file	"interlock_BYPASS.c"
	.section	.text.interlock_Bypass,"ax",%progbits
	.hidden	interlock_Bypass                @ -- Begin function interlock_Bypass
	.globl	interlock_Bypass
	.p2align	2
	.type	interlock_Bypass,%function
	.code	16                              @ @interlock_Bypass
	.thumb_func
interlock_Bypass:
.Lfunc_begin0:
	.file	1 "D:\\work\\dheeraj\\local\\CEL\\CCC\\CCC_CPU123\\Code" "source/interlock_BYPASS.c"
	.loc	1 70 0                          @ source/interlock_BYPASS.c:70:0
	.fnstart
	.cfi_sections .debug_frame
	.cfi_startproc
@ %bb.0:
	.save	{r4, r5, r6, r7, lr}
	push	{r4, r5, r6, r7, lr}
	.cfi_def_cfa_offset 20
	.cfi_offset lr, -4
	.cfi_offset r7, -8
	.cfi_offset r6, -12
	.cfi_offset r5, -16
	.cfi_offset r4, -20
	.pad	#28
	sub	sp, #28
	.cfi_def_cfa_offset 48
.Ltmp0:
	.loc	1 71 15 prologue_end            @ source/interlock_BYPASS.c:71:15
	ldr	r0, __arm_cp.0_0
	str	r0, [sp, #24]
	.loc	1 72 18                         @ source/interlock_BYPASS.c:72:18
	ldr	r0, __arm_cp.0_1
	str	r0, [sp, #20]
	.loc	1 74 13                         @ source/interlock_BYPASS.c:74:13
	ldr	r0, [sp, #20]
	.loc	1 74 20 is_stmt 0               @ source/interlock_BYPASS.c:74:20
	ldrb	r3, [r0]
	movs	r0, #3
	str	r0, [sp, #4]                    @ 4-byte Spill
	ands	r3, r0
	.loc	1 74 2                          @ source/interlock_BYPASS.c:74:2
	ldr	r2, [sp, #24]
	.loc	1 74 11                         @ source/interlock_BYPASS.c:74:11
	ldrb	r0, [r2]
	movs	r1, #252
	ands	r0, r1
	adds	r0, r0, r3
	strb	r0, [r2]
	.loc	1 75 15 is_stmt 1               @ source/interlock_BYPASS.c:75:15
	ldr	r0, [sp, #20]
	.loc	1 75 22 is_stmt 0               @ source/interlock_BYPASS.c:75:22
	ldrb	r3, [r0]
	.loc	1 75 2                          @ source/interlock_BYPASS.c:75:2
	ldr	r2, [sp, #24]
	.loc	1 75 13                         @ source/interlock_BYPASS.c:75:13
	ldrb	r0, [r2]
	movs	r4, #12
	str	r4, [sp, #12]                   @ 4-byte Spill
	ands	r3, r4
	movs	r7, #243
	ands	r0, r7
	adds	r0, r0, r3
	strb	r0, [r2]
	.loc	1 76 13 is_stmt 1               @ source/interlock_BYPASS.c:76:13
	ldr	r0, [sp, #20]
	.loc	1 76 20 is_stmt 0               @ source/interlock_BYPASS.c:76:20
	ldrb	r3, [r0]
	.loc	1 76 2                          @ source/interlock_BYPASS.c:76:2
	ldr	r2, [sp, #24]
	.loc	1 76 11                         @ source/interlock_BYPASS.c:76:11
	ldrb	r0, [r2]
	movs	r6, #48
	ands	r3, r6
	movs	r5, #207
	ands	r0, r5
	adds	r0, r0, r3
	strb	r0, [r2]
	.loc	1 77 15 is_stmt 1               @ source/interlock_BYPASS.c:77:15
	ldr	r0, [sp, #20]
	.loc	1 77 22 is_stmt 0               @ source/interlock_BYPASS.c:77:22
	ldrb	r0, [r0]
	.loc	1 77 2                          @ source/interlock_BYPASS.c:77:2
	ldr	r2, [sp, #24]
	.loc	1 77 13                         @ source/interlock_BYPASS.c:77:13
	str	r2, [sp]                        @ 4-byte Spill
	ldrb	r2, [r2]
	movs	r4, #192
	ands	r0, r4
	movs	r3, #63
	ands	r2, r3
	adds	r2, r2, r0
	ldr	r0, [sp]                        @ 4-byte Reload
	strb	r2, [r0]
	.loc	1 78 13 is_stmt 1               @ source/interlock_BYPASS.c:78:13
	ldr	r0, [sp, #4]                    @ 4-byte Reload
	ldr	r2, [sp, #20]
	.loc	1 78 20 is_stmt 0               @ source/interlock_BYPASS.c:78:20
	ldrb	r2, [r2, #1]
	ands	r2, r0
	.loc	1 78 2                          @ source/interlock_BYPASS.c:78:2
	ldr	r0, [sp, #24]
	.loc	1 78 11                         @ source/interlock_BYPASS.c:78:11
	str	r0, [sp, #8]                    @ 4-byte Spill
	ldrb	r0, [r0, #1]
	ands	r0, r1
	ldr	r1, [sp, #8]                    @ 4-byte Reload
	adds	r0, r0, r2
	strb	r0, [r1, #1]
	.loc	1 79 15 is_stmt 1               @ source/interlock_BYPASS.c:79:15
	ldr	r0, [sp, #20]
	.loc	1 79 22 is_stmt 0               @ source/interlock_BYPASS.c:79:22
	ldrb	r2, [r0, #1]
	.loc	1 79 2                          @ source/interlock_BYPASS.c:79:2
	ldr	r1, [sp, #24]
	.loc	1 79 13                         @ source/interlock_BYPASS.c:79:13
	ldrb	r0, [r1, #1]
	str	r0, [sp, #16]                   @ 4-byte Spill
	ldr	r0, [sp, #12]                   @ 4-byte Reload
	ands	r2, r0
	ldr	r0, [sp, #16]                   @ 4-byte Reload
	ands	r0, r7
	adds	r0, r0, r2
	strb	r0, [r1, #1]
	.loc	1 80 15 is_stmt 1               @ source/interlock_BYPASS.c:80:15
	ldr	r0, [sp, #20]
	.loc	1 80 22 is_stmt 0               @ source/interlock_BYPASS.c:80:22
	ldrb	r2, [r0, #1]
	.loc	1 80 2                          @ source/interlock_BYPASS.c:80:2
	ldr	r1, [sp, #24]
	.loc	1 80 13                         @ source/interlock_BYPASS.c:80:13
	ldrb	r0, [r1, #1]
	ands	r2, r6
	ands	r0, r5
	adds	r0, r0, r2
	strb	r0, [r1, #1]
	.loc	1 81 15 is_stmt 1               @ source/interlock_BYPASS.c:81:15
	ldr	r0, [sp, #20]
	.loc	1 81 22 is_stmt 0               @ source/interlock_BYPASS.c:81:22
	ldrb	r2, [r0, #1]
	.loc	1 81 2                          @ source/interlock_BYPASS.c:81:2
	ldr	r1, [sp, #24]
	.loc	1 81 13                         @ source/interlock_BYPASS.c:81:13
	ldrb	r0, [r1, #1]
	ands	r2, r4
	ands	r0, r3
	adds	r0, r0, r2
	strb	r0, [r1, #1]
	.loc	1 82 1 epilogue_begin is_stmt 1 @ source/interlock_BYPASS.c:82:1
	add	sp, #28
	pop	{r4, r5, r6, r7, pc}
.Ltmp1:
	.loc	1 0 1 is_stmt 0                 @ :0:1
.Ltmp2:
	.p2align	2
@ %bb.1:
__arm_cp.0_0:
	.long	vo_u
.Lcpi_end0:
	.size	__arm_cp.0_0, .Lcpi_end0-__arm_cp.0_0
__arm_cp.0_1:
	.long	vi_oe_u
.Lcpi_end1:
	.size	__arm_cp.0_1, .Lcpi_end1-__arm_cp.0_1
.Lfunc_end0:
	.size	interlock_Bypass, .Lfunc_end0-interlock_Bypass
	.cfi_endproc
	.cantunwind
	.fnend
                                        @ -- End function
	.file	2 "D:\\work\\dheeraj\\local\\CEL\\CCC\\CCC_CPU123\\Code" "source/Include\\interlock.h"
	.section	.debug_abbrev,"",%progbits
	.byte	1                               @ Abbreviation Code
	.byte	17                              @ DW_TAG_compile_unit
	.byte	1                               @ DW_CHILDREN_yes
	.byte	37                              @ DW_AT_producer
	.byte	14                              @ DW_FORM_strp
	.byte	19                              @ DW_AT_language
	.byte	5                               @ DW_FORM_data2
	.byte	3                               @ DW_AT_name
	.byte	14                              @ DW_FORM_strp
	.byte	16                              @ DW_AT_stmt_list
	.byte	23                              @ DW_FORM_sec_offset
	.byte	27                              @ DW_AT_comp_dir
	.byte	14                              @ DW_FORM_strp
	.byte	17                              @ DW_AT_low_pc
	.byte	1                               @ DW_FORM_addr
	.byte	18                              @ DW_AT_high_pc
	.byte	6                               @ DW_FORM_data4
	.byte	0                               @ EOM(1)
	.byte	0                               @ EOM(2)
	.byte	2                               @ Abbreviation Code
	.byte	46                              @ DW_TAG_subprogram
	.byte	1                               @ DW_CHILDREN_yes
	.byte	17                              @ DW_AT_low_pc
	.byte	1                               @ DW_FORM_addr
	.byte	18                              @ DW_AT_high_pc
	.byte	6                               @ DW_FORM_data4
	.byte	64                              @ DW_AT_frame_base
	.byte	24                              @ DW_FORM_exprloc
	.byte	3                               @ DW_AT_name
	.byte	14                              @ DW_FORM_strp
	.byte	58                              @ DW_AT_decl_file
	.byte	11                              @ DW_FORM_data1
	.byte	59                              @ DW_AT_decl_line
	.byte	11                              @ DW_FORM_data1
	.byte	39                              @ DW_AT_prototyped
	.byte	25                              @ DW_FORM_flag_present
	.byte	63                              @ DW_AT_external
	.byte	25                              @ DW_FORM_flag_present
	.byte	0                               @ EOM(1)
	.byte	0                               @ EOM(2)
	.byte	3                               @ Abbreviation Code
	.byte	52                              @ DW_TAG_variable
	.byte	0                               @ DW_CHILDREN_no
	.byte	2                               @ DW_AT_location
	.byte	24                              @ DW_FORM_exprloc
	.byte	3                               @ DW_AT_name
	.byte	14                              @ DW_FORM_strp
	.byte	58                              @ DW_AT_decl_file
	.byte	11                              @ DW_FORM_data1
	.byte	59                              @ DW_AT_decl_line
	.byte	11                              @ DW_FORM_data1
	.byte	73                              @ DW_AT_type
	.byte	19                              @ DW_FORM_ref4
	.byte	0                               @ EOM(1)
	.byte	0                               @ EOM(2)
	.byte	4                               @ Abbreviation Code
	.byte	15                              @ DW_TAG_pointer_type
	.byte	0                               @ DW_CHILDREN_no
	.byte	73                              @ DW_AT_type
	.byte	19                              @ DW_FORM_ref4
	.byte	0                               @ EOM(1)
	.byte	0                               @ EOM(2)
	.byte	5                               @ Abbreviation Code
	.byte	22                              @ DW_TAG_typedef
	.byte	0                               @ DW_CHILDREN_no
	.byte	73                              @ DW_AT_type
	.byte	19                              @ DW_FORM_ref4
	.byte	3                               @ DW_AT_name
	.byte	14                              @ DW_FORM_strp
	.byte	58                              @ DW_AT_decl_file
	.byte	11                              @ DW_FORM_data1
	.byte	59                              @ DW_AT_decl_line
	.byte	11                              @ DW_FORM_data1
	.byte	0                               @ EOM(1)
	.byte	0                               @ EOM(2)
	.byte	6                               @ Abbreviation Code
	.byte	19                              @ DW_TAG_structure_type
	.byte	1                               @ DW_CHILDREN_yes
	.byte	11                              @ DW_AT_byte_size
	.byte	11                              @ DW_FORM_data1
	.byte	58                              @ DW_AT_decl_file
	.byte	11                              @ DW_FORM_data1
	.byte	59                              @ DW_AT_decl_line
	.byte	11                              @ DW_FORM_data1
	.byte	0                               @ EOM(1)
	.byte	0                               @ EOM(2)
	.byte	7                               @ Abbreviation Code
	.byte	13                              @ DW_TAG_member
	.byte	0                               @ DW_CHILDREN_no
	.byte	3                               @ DW_AT_name
	.byte	14                              @ DW_FORM_strp
	.byte	73                              @ DW_AT_type
	.byte	19                              @ DW_FORM_ref4
	.byte	58                              @ DW_AT_decl_file
	.byte	11                              @ DW_FORM_data1
	.byte	59                              @ DW_AT_decl_line
	.byte	11                              @ DW_FORM_data1
	.byte	13                              @ DW_AT_bit_size
	.byte	11                              @ DW_FORM_data1
	.byte	107                             @ DW_AT_data_bit_offset
	.byte	11                              @ DW_FORM_data1
	.byte	0                               @ EOM(1)
	.byte	0                               @ EOM(2)
	.byte	8                               @ Abbreviation Code
	.byte	36                              @ DW_TAG_base_type
	.byte	0                               @ DW_CHILDREN_no
	.byte	3                               @ DW_AT_name
	.byte	14                              @ DW_FORM_strp
	.byte	62                              @ DW_AT_encoding
	.byte	11                              @ DW_FORM_data1
	.byte	11                              @ DW_AT_byte_size
	.byte	11                              @ DW_FORM_data1
	.byte	0                               @ EOM(1)
	.byte	0                               @ EOM(2)
	.byte	0                               @ EOM(3)
	.section	.debug_info,"",%progbits
.Lcu_begin0:
	.long	.Ldebug_info_end0-.Ldebug_info_start0 @ Length of Unit
.Ldebug_info_start0:
	.short	4                               @ DWARF version number
	.long	.debug_abbrev                   @ Offset Into Abbrev. Section
	.byte	4                               @ Address Size (in bytes)
	.byte	1                               @ Abbrev [1] 0xb:0x1e7 DW_TAG_compile_unit
	.long	.Linfo_string0                  @ DW_AT_producer
	.short	29                              @ DW_AT_language
	.long	.Linfo_string1                  @ DW_AT_name
	.long	.Lline_table_start0             @ DW_AT_stmt_list
	.long	.Linfo_string2                  @ DW_AT_comp_dir
	.long	.Lfunc_begin0                   @ DW_AT_low_pc
	.long	.Lfunc_end0-.Lfunc_begin0       @ DW_AT_high_pc
	.byte	2                               @ Abbrev [2] 0x26:0x2e DW_TAG_subprogram
	.long	.Lfunc_begin0                   @ DW_AT_low_pc
	.long	.Lfunc_end0-.Lfunc_begin0       @ DW_AT_high_pc
	.byte	1                               @ DW_AT_frame_base
	.byte	93
	.long	.Linfo_string3                  @ DW_AT_name
	.byte	1                               @ DW_AT_decl_file
	.byte	70                              @ DW_AT_decl_line
                                        @ DW_AT_prototyped
                                        @ DW_AT_external
	.byte	3                               @ Abbrev [3] 0x37:0xe DW_TAG_variable
	.byte	2                               @ DW_AT_location
	.byte	145
	.byte	24
	.long	.Linfo_string4                  @ DW_AT_name
	.byte	1                               @ DW_AT_decl_file
	.byte	71                              @ DW_AT_decl_line
	.long	84                              @ DW_AT_type
	.byte	3                               @ Abbrev [3] 0x45:0xe DW_TAG_variable
	.byte	2                               @ DW_AT_location
	.byte	145
	.byte	20
	.long	.Linfo_string15                 @ DW_AT_name
	.byte	1                               @ DW_AT_decl_file
	.byte	72                              @ DW_AT_decl_line
	.long	216                             @ DW_AT_type
	.byte	0                               @ End Of Children Mark
	.byte	4                               @ Abbrev [4] 0x54:0x5 DW_TAG_pointer_type
	.long	89                              @ DW_AT_type
	.byte	5                               @ Abbrev [5] 0x59:0xb DW_TAG_typedef
	.long	100                             @ DW_AT_type
	.long	.Linfo_string14                 @ DW_AT_name
	.byte	2                               @ DW_AT_decl_file
	.byte	98                              @ DW_AT_decl_line
	.byte	6                               @ Abbrev [6] 0x64:0x6d DW_TAG_structure_type
	.byte	2                               @ DW_AT_byte_size
	.byte	2                               @ DW_AT_decl_file
	.byte	89                              @ DW_AT_decl_line
	.byte	7                               @ Abbrev [7] 0x68:0xd DW_TAG_member
	.long	.Linfo_string5                  @ DW_AT_name
	.long	209                             @ DW_AT_type
	.byte	2                               @ DW_AT_decl_file
	.byte	90                              @ DW_AT_decl_line
	.byte	2                               @ DW_AT_bit_size
	.byte	0                               @ DW_AT_data_bit_offset
	.byte	7                               @ Abbrev [7] 0x75:0xd DW_TAG_member
	.long	.Linfo_string7                  @ DW_AT_name
	.long	209                             @ DW_AT_type
	.byte	2                               @ DW_AT_decl_file
	.byte	91                              @ DW_AT_decl_line
	.byte	2                               @ DW_AT_bit_size
	.byte	2                               @ DW_AT_data_bit_offset
	.byte	7                               @ Abbrev [7] 0x82:0xd DW_TAG_member
	.long	.Linfo_string8                  @ DW_AT_name
	.long	209                             @ DW_AT_type
	.byte	2                               @ DW_AT_decl_file
	.byte	92                              @ DW_AT_decl_line
	.byte	2                               @ DW_AT_bit_size
	.byte	4                               @ DW_AT_data_bit_offset
	.byte	7                               @ Abbrev [7] 0x8f:0xd DW_TAG_member
	.long	.Linfo_string9                  @ DW_AT_name
	.long	209                             @ DW_AT_type
	.byte	2                               @ DW_AT_decl_file
	.byte	93                              @ DW_AT_decl_line
	.byte	2                               @ DW_AT_bit_size
	.byte	6                               @ DW_AT_data_bit_offset
	.byte	7                               @ Abbrev [7] 0x9c:0xd DW_TAG_member
	.long	.Linfo_string10                 @ DW_AT_name
	.long	209                             @ DW_AT_type
	.byte	2                               @ DW_AT_decl_file
	.byte	94                              @ DW_AT_decl_line
	.byte	2                               @ DW_AT_bit_size
	.byte	8                               @ DW_AT_data_bit_offset
	.byte	7                               @ Abbrev [7] 0xa9:0xd DW_TAG_member
	.long	.Linfo_string11                 @ DW_AT_name
	.long	209                             @ DW_AT_type
	.byte	2                               @ DW_AT_decl_file
	.byte	95                              @ DW_AT_decl_line
	.byte	2                               @ DW_AT_bit_size
	.byte	10                              @ DW_AT_data_bit_offset
	.byte	7                               @ Abbrev [7] 0xb6:0xd DW_TAG_member
	.long	.Linfo_string12                 @ DW_AT_name
	.long	209                             @ DW_AT_type
	.byte	2                               @ DW_AT_decl_file
	.byte	96                              @ DW_AT_decl_line
	.byte	2                               @ DW_AT_bit_size
	.byte	12                              @ DW_AT_data_bit_offset
	.byte	7                               @ Abbrev [7] 0xc3:0xd DW_TAG_member
	.long	.Linfo_string13                 @ DW_AT_name
	.long	209                             @ DW_AT_type
	.byte	2                               @ DW_AT_decl_file
	.byte	97                              @ DW_AT_decl_line
	.byte	2                               @ DW_AT_bit_size
	.byte	14                              @ DW_AT_data_bit_offset
	.byte	0                               @ End Of Children Mark
	.byte	8                               @ Abbrev [8] 0xd1:0x7 DW_TAG_base_type
	.long	.Linfo_string6                  @ DW_AT_name
	.byte	8                               @ DW_AT_encoding
	.byte	1                               @ DW_AT_byte_size
	.byte	4                               @ Abbrev [4] 0xd8:0x5 DW_TAG_pointer_type
	.long	221                             @ DW_AT_type
	.byte	5                               @ Abbrev [5] 0xdd:0xb DW_TAG_typedef
	.long	232                             @ DW_AT_type
	.long	.Linfo_string35                 @ DW_AT_name
	.byte	2                               @ DW_AT_decl_file
	.byte	80                              @ DW_AT_decl_line
	.byte	6                               @ Abbrev [6] 0xe8:0x109 DW_TAG_structure_type
	.byte	5                               @ DW_AT_byte_size
	.byte	2                               @ DW_AT_decl_file
	.byte	57                              @ DW_AT_decl_line
	.byte	7                               @ Abbrev [7] 0xec:0xd DW_TAG_member
	.long	.Linfo_string16                 @ DW_AT_name
	.long	209                             @ DW_AT_type
	.byte	2                               @ DW_AT_decl_file
	.byte	59                              @ DW_AT_decl_line
	.byte	2                               @ DW_AT_bit_size
	.byte	0                               @ DW_AT_data_bit_offset
	.byte	7                               @ Abbrev [7] 0xf9:0xd DW_TAG_member
	.long	.Linfo_string17                 @ DW_AT_name
	.long	209                             @ DW_AT_type
	.byte	2                               @ DW_AT_decl_file
	.byte	60                              @ DW_AT_decl_line
	.byte	2                               @ DW_AT_bit_size
	.byte	2                               @ DW_AT_data_bit_offset
	.byte	7                               @ Abbrev [7] 0x106:0xd DW_TAG_member
	.long	.Linfo_string18                 @ DW_AT_name
	.long	209                             @ DW_AT_type
	.byte	2                               @ DW_AT_decl_file
	.byte	61                              @ DW_AT_decl_line
	.byte	2                               @ DW_AT_bit_size
	.byte	4                               @ DW_AT_data_bit_offset
	.byte	7                               @ Abbrev [7] 0x113:0xd DW_TAG_member
	.long	.Linfo_string19                 @ DW_AT_name
	.long	209                             @ DW_AT_type
	.byte	2                               @ DW_AT_decl_file
	.byte	62                              @ DW_AT_decl_line
	.byte	2                               @ DW_AT_bit_size
	.byte	6                               @ DW_AT_data_bit_offset
	.byte	7                               @ Abbrev [7] 0x120:0xd DW_TAG_member
	.long	.Linfo_string10                 @ DW_AT_name
	.long	209                             @ DW_AT_type
	.byte	2                               @ DW_AT_decl_file
	.byte	63                              @ DW_AT_decl_line
	.byte	2                               @ DW_AT_bit_size
	.byte	8                               @ DW_AT_data_bit_offset
	.byte	7                               @ Abbrev [7] 0x12d:0xd DW_TAG_member
	.long	.Linfo_string20                 @ DW_AT_name
	.long	209                             @ DW_AT_type
	.byte	2                               @ DW_AT_decl_file
	.byte	64                              @ DW_AT_decl_line
	.byte	2                               @ DW_AT_bit_size
	.byte	10                              @ DW_AT_data_bit_offset
	.byte	7                               @ Abbrev [7] 0x13a:0xd DW_TAG_member
	.long	.Linfo_string21                 @ DW_AT_name
	.long	209                             @ DW_AT_type
	.byte	2                               @ DW_AT_decl_file
	.byte	65                              @ DW_AT_decl_line
	.byte	2                               @ DW_AT_bit_size
	.byte	12                              @ DW_AT_data_bit_offset
	.byte	7                               @ Abbrev [7] 0x147:0xd DW_TAG_member
	.long	.Linfo_string22                 @ DW_AT_name
	.long	209                             @ DW_AT_type
	.byte	2                               @ DW_AT_decl_file
	.byte	66                              @ DW_AT_decl_line
	.byte	2                               @ DW_AT_bit_size
	.byte	14                              @ DW_AT_data_bit_offset
	.byte	7                               @ Abbrev [7] 0x154:0xd DW_TAG_member
	.long	.Linfo_string23                 @ DW_AT_name
	.long	209                             @ DW_AT_type
	.byte	2                               @ DW_AT_decl_file
	.byte	67                              @ DW_AT_decl_line
	.byte	2                               @ DW_AT_bit_size
	.byte	16                              @ DW_AT_data_bit_offset
	.byte	7                               @ Abbrev [7] 0x161:0xd DW_TAG_member
	.long	.Linfo_string24                 @ DW_AT_name
	.long	209                             @ DW_AT_type
	.byte	2                               @ DW_AT_decl_file
	.byte	68                              @ DW_AT_decl_line
	.byte	2                               @ DW_AT_bit_size
	.byte	18                              @ DW_AT_data_bit_offset
	.byte	7                               @ Abbrev [7] 0x16e:0xd DW_TAG_member
	.long	.Linfo_string25                 @ DW_AT_name
	.long	209                             @ DW_AT_type
	.byte	2                               @ DW_AT_decl_file
	.byte	70                              @ DW_AT_decl_line
	.byte	2                               @ DW_AT_bit_size
	.byte	20                              @ DW_AT_data_bit_offset
	.byte	7                               @ Abbrev [7] 0x17b:0xd DW_TAG_member
	.long	.Linfo_string26                 @ DW_AT_name
	.long	209                             @ DW_AT_type
	.byte	2                               @ DW_AT_decl_file
	.byte	71                              @ DW_AT_decl_line
	.byte	2                               @ DW_AT_bit_size
	.byte	22                              @ DW_AT_data_bit_offset
	.byte	7                               @ Abbrev [7] 0x188:0xd DW_TAG_member
	.long	.Linfo_string27                 @ DW_AT_name
	.long	209                             @ DW_AT_type
	.byte	2                               @ DW_AT_decl_file
	.byte	72                              @ DW_AT_decl_line
	.byte	2                               @ DW_AT_bit_size
	.byte	24                              @ DW_AT_data_bit_offset
	.byte	7                               @ Abbrev [7] 0x195:0xd DW_TAG_member
	.long	.Linfo_string28                 @ DW_AT_name
	.long	209                             @ DW_AT_type
	.byte	2                               @ DW_AT_decl_file
	.byte	73                              @ DW_AT_decl_line
	.byte	2                               @ DW_AT_bit_size
	.byte	26                              @ DW_AT_data_bit_offset
	.byte	7                               @ Abbrev [7] 0x1a2:0xd DW_TAG_member
	.long	.Linfo_string29                 @ DW_AT_name
	.long	209                             @ DW_AT_type
	.byte	2                               @ DW_AT_decl_file
	.byte	74                              @ DW_AT_decl_line
	.byte	2                               @ DW_AT_bit_size
	.byte	28                              @ DW_AT_data_bit_offset
	.byte	7                               @ Abbrev [7] 0x1af:0xd DW_TAG_member
	.long	.Linfo_string30                 @ DW_AT_name
	.long	209                             @ DW_AT_type
	.byte	2                               @ DW_AT_decl_file
	.byte	75                              @ DW_AT_decl_line
	.byte	2                               @ DW_AT_bit_size
	.byte	30                              @ DW_AT_data_bit_offset
	.byte	7                               @ Abbrev [7] 0x1bc:0xd DW_TAG_member
	.long	.Linfo_string31                 @ DW_AT_name
	.long	209                             @ DW_AT_type
	.byte	2                               @ DW_AT_decl_file
	.byte	76                              @ DW_AT_decl_line
	.byte	2                               @ DW_AT_bit_size
	.byte	32                              @ DW_AT_data_bit_offset
	.byte	7                               @ Abbrev [7] 0x1c9:0xd DW_TAG_member
	.long	.Linfo_string32                 @ DW_AT_name
	.long	209                             @ DW_AT_type
	.byte	2                               @ DW_AT_decl_file
	.byte	77                              @ DW_AT_decl_line
	.byte	2                               @ DW_AT_bit_size
	.byte	34                              @ DW_AT_data_bit_offset
	.byte	7                               @ Abbrev [7] 0x1d6:0xd DW_TAG_member
	.long	.Linfo_string33                 @ DW_AT_name
	.long	209                             @ DW_AT_type
	.byte	2                               @ DW_AT_decl_file
	.byte	78                              @ DW_AT_decl_line
	.byte	2                               @ DW_AT_bit_size
	.byte	36                              @ DW_AT_data_bit_offset
	.byte	7                               @ Abbrev [7] 0x1e3:0xd DW_TAG_member
	.long	.Linfo_string34                 @ DW_AT_name
	.long	209                             @ DW_AT_type
	.byte	2                               @ DW_AT_decl_file
	.byte	79                              @ DW_AT_decl_line
	.byte	2                               @ DW_AT_bit_size
	.byte	38                              @ DW_AT_data_bit_offset
	.byte	0                               @ End Of Children Mark
	.byte	0                               @ End Of Children Mark
.Ldebug_info_end0:
	.section	.debug_str,"MS",%progbits,1
.Linfo_string0:
	.asciz	"Component: Arm Compiler for Embedded 6.24 Tool: armclang [5f371800]" @ string offset=0
.Linfo_string1:
	.asciz	"source\\interlock_BYPASS.c"    @ string offset=68
.Linfo_string2:
	.asciz	"D:\\work\\dheeraj\\local\\CEL\\CCC\\CCC_CPU123\\Code" @ string offset=94
.Linfo_string3:
	.asciz	"interlock_Bypass"              @ string offset=140
.Linfo_string4:
	.asciz	"vo"                            @ string offset=157
.Linfo_string5:
	.asciz	"TGTR"                          @ string offset=160
.Linfo_string6:
	.asciz	"unsigned char"                 @ string offset=165
.Linfo_string7:
	.asciz	"TGTR_D"                        @ string offset=179
.Linfo_string8:
	.asciz	"TCFR"                          @ string offset=186
.Linfo_string9:
	.asciz	"TCFR_D"                        @ string offset=191
.Linfo_string10:
	.asciz	"ASCR"                          @ string offset=198
.Linfo_string11:
	.asciz	"SPARE0"                        @ string offset=203
.Linfo_string12:
	.asciz	"SPARE1"                        @ string offset=210
.Linfo_string13:
	.asciz	"SPARE2"                        @ string offset=217
.Linfo_string14:
	.asciz	"vo_struct_t"                   @ string offset=224
.Linfo_string15:
	.asciz	"vi_oe"                         @ string offset=236
.Linfo_string16:
	.asciz	"AZTR_R"                        @ string offset=242
.Linfo_string17:
	.asciz	"SHKR"                          @ string offset=249
.Linfo_string18:
	.asciz	"ASGNCR"                        @ string offset=254
.Linfo_string19:
	.asciz	"HSGNCR"                        @ string offset=261
.Linfo_string20:
	.asciz	"TGTR_FDBK"                     @ string offset=268
.Linfo_string21:
	.asciz	"TCFR_FDBK"                     @ string offset=278
.Linfo_string22:
	.asciz	"HSATPR"                        @ string offset=288
.Linfo_string23:
	.asciz	"HSBTPR"                        @ string offset=295
.Linfo_string24:
	.asciz	"HSRR"                          @ string offset=302
.Linfo_string25:
	.asciz	"TGTN"                          @ string offset=307
.Linfo_string26:
	.asciz	"BPN"                           @ string offset=312
.Linfo_string27:
	.asciz	"ACKN"                          @ string offset=316
.Linfo_string28:
	.asciz	"CNR"                           @ string offset=321
.Linfo_string29:
	.asciz	"CNL_COOP"                      @ string offset=325
.Linfo_string30:
	.asciz	"SM_KEY"                        @ string offset=334
.Linfo_string31:
	.asciz	"SR_KEY"                        @ string offset=341
.Linfo_string32:
	.asciz	"RST_BTN"                       @ string offset=348
.Linfo_string33:
	.asciz	"EKT_KEY"                       @ string offset=356
.Linfo_string34:
	.asciz	"ASCR_FDBK"                     @ string offset=364
.Linfo_string35:
	.asciz	"vi_sl_struct_t"                @ string offset=374
	.ident	"Component: Arm Compiler for Embedded 6.24 Tool: armclang [5f371800]"
	.section	".note.GNU-stack","",%progbits
	.eabi_attribute	30, 6	@ Tag_ABI_optimization_goals
	.ARM_attribute	16, 1	@ Tag_AV_eba
	.section	.debug_line,"",%progbits
.Lline_table_start0:
